BL51 BANKED LINKER/LOCATER V6.22.2.0                                                    01/22/2019  16:46:00  PAGE 1


BL51 BANKED LINKER/LOCATER V6.22.2.0, INVOKED BY:
C:\KEIL_V5\C51\BIN\BL51.EXE .\Objects\delay.obj, .\Objects\i2c0.obj, .\Objects\eprom.obj, .\Objects\dac8568_0.obj, .\Obj
>> ects\dac8568_1.obj, .\Objects\dac8568_2.obj, .\Objects\dac8568_3.obj, .\Objects\Modbus.obj, .\Objects\ModbusPort.obj,
>>  .\Objects\MainApp.obj, .\Objects\InitDeviceF020.obj, .\Objects\sPlc.obj, .\Objects\sPlcUart.obj, .\Objects\sPlcChipA
>> dc.obj, .\Objects\sPlcDac.obj, .\Objects\sPlcFun.obj TO .\Objects\dwLaser_F020 REGFILE (.\Objects\dwLaser_F020.ORC) P
>> RINT (.\Listings\dwLaser_F020.m51) IXREF RAMSIZE (256) CODE (0X0000-0XFFFF) XDATA (0X0000-0X0FFF)


MEMORY MODEL: SMALL WITH FLOATING POINT ARITHMETIC


INPUT MODULES INCLUDED:
  .\Objects\delay.obj (DELAY)
  .\Objects\i2c0.obj (I2C0)
  .\Objects\eprom.obj (EPROM)
  .\Objects\dac8568_0.obj (DAC8568_0)
  .\Objects\dac8568_1.obj (DAC8568_1)
  .\Objects\dac8568_2.obj (DAC8568_2)
  .\Objects\dac8568_3.obj (DAC8568_3)
  .\Objects\Modbus.obj (MODBUS)
  .\Objects\ModbusPort.obj (MODBUSPORT)
  .\Objects\MainApp.obj (MAINAPP)
  .\Objects\InitDeviceF020.obj (INITDEVICEF020)
  .\Objects\sPlc.obj (SPLC)
  .\Objects\sPlcUart.obj (SPLCUART)
  .\Objects\sPlcChipAdc.obj (SPLCCHIPADC)
  .\Objects\sPlcDac.obj (SPLCDAC)
  .\Objects\sPlcFun.obj (SPLCFUN)
  C:\KEIL_V5\C51\LIB\C51FPS.LIB (?C?FPADD)
  C:\KEIL_V5\C51\LIB\C51FPS.LIB (?C?FPMUL)
  C:\KEIL_V5\C51\LIB\C51FPS.LIB (?C?FPDIV)
  C:\KEIL_V5\C51\LIB\C51FPS.LIB (?C?FPCMP)
  C:\KEIL_V5\C51\LIB\C51FPS.LIB (?C?FCAST)
  C:\KEIL_V5\C51\LIB\C51FPS.LIB (?C?CASTF)
  C:\KEIL_V5\C51\LIB\C51FPS.LIB (LOG)
  C:\KEIL_V5\C51\LIB\C51FPS.LIB (?C?FPGETOPN)
  C:\KEIL_V5\C51\LIB\C51FPS.LIB (?C?FPSERIES)
  C:\KEIL_V5\C51\LIB\C51S.LIB (?C_STARTUP)
  C:\KEIL_V5\C51\LIB\C51S.LIB (?C?COPY)
  C:\KEIL_V5\C51\LIB\C51S.LIB (?C?CLDPTR)
  C:\KEIL_V5\C51\LIB\C51S.LIB (?C?CLDOPTR)
  C:\KEIL_V5\C51\LIB\C51S.LIB (?C?CILDOPTR)
  C:\KEIL_V5\C51\LIB\C51S.LIB (?C?CSTPTR)
  C:\KEIL_V5\C51\LIB\C51S.LIB (?C?CSTOPTR)
  C:\KEIL_V5\C51\LIB\C51S.LIB (?C?UIDIV)
  C:\KEIL_V5\C51\LIB\C51S.LIB (?C?IILDX)
  C:\KEIL_V5\C51\LIB\C51S.LIB (?C?ILDIX)
  C:\KEIL_V5\C51\LIB\C51S.LIB (?C?ILDPTR)
  C:\KEIL_V5\C51\LIB\C51S.LIB (?C?ILDOPTR)
  C:\KEIL_V5\C51\LIB\C51S.LIB (?C?ISTPTR)
  C:\KEIL_V5\C51\LIB\C51S.LIB (?C?ISTOPTR)
  C:\KEIL_V5\C51\LIB\C51S.LIB (?C?LMUL)
  C:\KEIL_V5\C51\LIB\C51S.LIB (?C?ULDIV)
  C:\KEIL_V5\C51\LIB\C51S.LIB (?C?SLDIV)
  C:\KEIL_V5\C51\LIB\C51S.LIB (?C?LNEG)
  C:\KEIL_V5\C51\LIB\C51S.LIB (?C?SLCMP)
  C:\KEIL_V5\C51\LIB\C51S.LIB (?C?ULCMP)
  C:\KEIL_V5\C51\LIB\C51S.LIB (?C?ULSHR)
BL51 BANKED LINKER/LOCATER V6.22.2.0                                                  01/22/2019  16:46:00  PAGE 2


  C:\KEIL_V5\C51\LIB\C51S.LIB (?C?LSHL)
  C:\KEIL_V5\C51\LIB\C51S.LIB (?C?LLDPTR)
  C:\KEIL_V5\C51\LIB\C51S.LIB (?C?LSTPTR)
  C:\KEIL_V5\C51\LIB\C51S.LIB (?C?LLDIDATA)
  C:\KEIL_V5\C51\LIB\C51S.LIB (?C?LLDCODE)
  C:\KEIL_V5\C51\LIB\C51S.LIB (?C?LLDIDATA0)
  C:\KEIL_V5\C51\LIB\C51S.LIB (?C?LLDCODE0)
  C:\KEIL_V5\C51\LIB\C51S.LIB (?C?LLDPTR0)
  C:\KEIL_V5\C51\LIB\C51S.LIB (?C?LLDIIDATA)
  C:\KEIL_V5\C51\LIB\C51S.LIB (?C?LSTIDATA)
  C:\KEIL_V5\C51\LIB\C51S.LIB (?C?LSTKIDATA)
  C:\KEIL_V5\C51\LIB\C51S.LIB (?C_IBP)
  C:\KEIL_V5\C51\LIB\C51S.LIB (?C?MEMSET)
  C:\KEIL_V5\C51\LIB\C51S.LIB (?C_INIT)
  C:\KEIL_V5\C51\LIB\C51S.LIB (?C?LLDXDATA)
  C:\KEIL_V5\C51\LIB\C51S.LIB (?C?LLDPDATA)
  C:\KEIL_V5\C51\LIB\C51S.LIB (?C?LLDXDATA0)
  C:\KEIL_V5\C51\LIB\C51S.LIB (?C?LLDPDATA0)
  C:\KEIL_V5\C51\LIB\C51S.LIB (?C?LSTXDATA)
  C:\KEIL_V5\C51\LIB\C51S.LIB (?C?LSTPDATA)


LINK MAP OF MODULE:  .\Objects\dwLaser_F020 (DELAY)


            TYPE    BASE      LENGTH    RELOCATION   SEGMENT NAME
            -----------------------------------------------------

            * * * * * * *   D A T A   M E M O R Y   * * * * * * *
            REG     0000H     0008H     ABSOLUTE     "REG BANK 0"
            DATA    0008H     000BH     UNIT         _DATA_GROUP_
            DATA    0013H     0008H     UNIT         ?DT?_EPROMWRITELENBYTE?EPROM
            DATA    001BH     0004H     UNIT         ?DT?_DAC8568_0_UPDATE?DAC8568_0
            DATA    001FH     0001H     UNIT         ?C?LIB_DATA
            BIT     0020H.0   0000H.1   UNIT         ?BI?LOG?LOG
                    0020H.1   0000H.7                *** GAP ***
            DATA    0021H     0007H     UNIT         ?DT?_EPROMREADLENBYTE?EPROM
            DATA    0028H     0007H     UNIT         ?DT?_EPROMWRITE?EPROM
            DATA    002FH     0004H     UNIT         ?DT?_DAC8568_0_WRITEINPUTREGISTER?DAC8568_0
            DATA    0033H     0004H     UNIT         ?DT?_DAC8568_1_UPDATE?DAC8568_1
            DATA    0037H     0004H     UNIT         ?DT?_DAC8568_1_WRITEINPUTREGISTER?DAC8568_1
            DATA    003BH     0004H     UNIT         ?DT?_DAC8568_2_UPDATE?DAC8568_2
            DATA    003FH     0004H     UNIT         ?DT?_DAC8568_2_WRITEINPUTREGISTER?DAC8568_2
            DATA    0043H     0004H     UNIT         ?DT?_DAC8568_3_UPDATE?DAC8568_3
            DATA    0047H     0004H     UNIT         ?DT?_DAC8568_3_WRITEINPUTREGISTER?DAC8568_3
            DATA    004BH     0004H     UNIT         ?DT?LOG?LOG
            DATA    004FH     0002H     UNIT         ?DT?MODBUSPORT
            DATA    0051H     0002H     UNIT         ?DT?_USSTP?SPLCUART
            DATA    0053H     0002H     UNIT         ?DT?_URSTP?SPLCUART
            IDATA   0055H     001CH     UNIT         _IDATA_GROUP_
            IDATA   0071H     0017H     UNIT         ?ID?MODBUS
            IDATA   0088H     0015H     UNIT         ?ID?SPLC
            IDATA   009DH     0001H     UNIT         ?ID?SPLCCHIPADC
            IDATA   009EH     0001H     UNIT         ?STACK

            * * * * * * *  X D A T A   M E M O R Y  * * * * * * *
            XDATA   0000H     07C0H     UNIT         ?XD?SPLCCHIPADC
BL51 BANKED LINKER/LOCATER V6.22.2.0                                                  01/22/2019  16:46:00  PAGE 3


            XDATA   07C0H     0408H     UNIT         ?XD?MODBUS
            XDATA   0BC8H     03C8H     UNIT         ?XD?SPLC
            XDATA   0F90H     0002H     UNIT         _XDATA_GROUP_

            * * * * * * *   C O D E   M E M O R Y   * * * * * * *
            CODE    0000H     0003H     ABSOLUTE     
            CODE    0003H     0008H     UNIT         ?PR?GETLEDEPROM?SPLC
            CODE    000BH     0003H     ABSOLUTE     
            CODE    000EH     000CH     UNIT         ?PR?DAC8568_0_CLEAR?DAC8568_0
            CODE    001AH     0001H     UNIT         ?PR?IIC0INIT?I2C0
            CODE    001BH     0003H     ABSOLUTE     
            CODE    001EH     0005H     UNIT         ?PR?_USSTP?SPLCUART
            CODE    0023H     0003H     ABSOLUTE     
            CODE    0026H     0078H     UNIT         ?PR?_?TENV?SPLCFUN
            CODE    009EH     0005H     UNIT         ?PR?_URSTP?SPLCUART
            CODE    00A3H     0003H     ABSOLUTE     
            CODE    00A6H     0B7AH     UNIT         ?PR?CHIPADCPROCESS?SPLCCHIPADC
            CODE    0C20H     09BBH     UNIT         ?C?LIB_CODE
            CODE    15DBH     05C1H     UNIT         ?PR?REFRESHDAC?SPLCDAC
            CODE    1B9CH     0253H     UNIT         ?PR?TIMER0ISR?SPLC
            CODE    1DEFH     0217H     UNIT         ?PR?INITCHIPDAC?SPLCDAC
            CODE    2006H     01C1H     UNIT         ?PR?HANDLEMODBUSWRITEMULTIPLECOILS?MODBUS
            CODE    21C7H     01AEH     UNIT         ?PR?SPLCBOXLEDREFRESH?MAINAPP
            CODE    2375H     015BH     UNIT         ?PR?HANDLEMODBUSREADCOILS?MODBUS
            CODE    24D0H     0143H     UNIT         ?PR?_?TNTC?SPLCFUN
            CODE    2613H     013CH     UNIT         ?PR?RXRTU?MODBUS
            CODE    274FH     0135H     UNIT         ?PR?LOG?LOG
            CODE    2884H     0125H     UNIT         ?PR?HANDLEMODBUSWRITESINGLECOIL?MODBUS
            CODE    29A9H     0121H     UNIT         ?PR?SELFTESTDAC?SPLCDAC
            CODE    2ACAH     0120H     UNIT         ?PR?_?T1MS?SPLCFUN
            CODE    2BEAH     0120H     UNIT         ?PR?_?T10MS?SPLCFUN
            CODE    2D0AH     0120H     UNIT         ?PR?_?T100MS?SPLCFUN
            CODE    2E2AH     00EAH     UNIT         ?PR?UPDATANVRAM?SPLC
            CODE    2F14H     00E6H     UNIT         ?PR?UART1ISR?SPLCUART
            CODE    2FFAH     00DFH     UNIT         ?PR?HANDLEMODBUSWRITEMULTIPLEREGISTERS?MODBUS
            CODE    30D9H     00DAH     UNIT         ?PR?HANDLEMODBUSREADHOLDINGREGISTERS?MODBUS
            CODE    31B3H     00D1H     UNIT         ?PR?_REFRESHADCDATA?SPLCCHIPADC
            CODE    3284H     00CCH     UNIT         ?PR?TXRTU?MODBUS
            CODE    3350H     00CCH     UNIT         ?PR?_?LDN?SPLCFUN
            CODE    341CH     00C8H     UNIT         ?PR?EPROMTEST?EPROM
            CODE    34E4H     00BEH     UNIT         ?PR?_?SUBS?SPLCFUN
            CODE    35A2H     00B1H     UNIT         ?PR?_?MULT?SPLCFUN
            CODE    3653H     00A4H     UNIT         ?PR?HANDLEMODBUSWRITESINGLEREGISTER?MODBUS
            CODE    36F7H     00A2H     UNIT         ?PR?_MODBUSCRC16?MODBUS
            CODE    3799H     009DH     UNIT         ?PR?_?ADDS?SPLCFUN
            CODE    3836H     0098H     UNIT         ?PR?_?LDP?SPLCFUN
            CODE    38CEH     0097H     UNIT         ?PR?CLEART?SPLC
            CODE    3965H     0097H     UNIT         ?PR?CLEARTD?SPLC
            CODE    39FCH     0093H     UNIT         ?PR?CHECKMODBUSBUFFERCOMPLETE?MODBUS
            CODE    3A8FH     0091H     UNIT         ?PR?INPUTREFRESH?SPLC
            CODE    3B20H     0090H     UNIT         ?PR?_?MAX?SPLCFUN
            CODE    3BB0H     0090H     UNIT         ?PR?_?MIN?SPLCFUN
            CODE    3C40H     008CH     UNIT         ?C_C51STARTUP
            CODE    3CCCH     008BH     UNIT         ?PR?_?FLIP?SPLCFUN
            CODE    3D57H     0075H     UNIT         ?PR?SPLCPROCESSSTART?SPLC
            CODE    3DCCH     006DH     UNIT         ?PR?_EPROMREADLENBYTE?EPROM
            CODE    3E39H     006CH     UNIT         ?PR?_?RES?SPLCFUN
BL51 BANKED LINKER/LOCATER V6.22.2.0                                                  01/22/2019  16:46:00  PAGE 4


            CODE    3EA5H     006AH     UNIT         ?PR?_?SET?SPLCFUN
            CODE    3F0FH     0069H     UNIT         ?PR?_?MULTS?SPLCFUN
            CODE    3F78H     0061H     UNIT         ?PR?SPLCINIT?SPLC
            CODE    3FD9H     0061H     UNIT         ?PR?_?DSUB?SPLCFUN
            CODE    403AH     005DH     UNIT         ?PR?_?LDB?SPLCFUN
            CODE    4097H     005CH     UNIT         ?PR?INITCHIPADC?SPLCCHIPADC
            CODE    40F3H     005BH     UNIT         ?PR?_DAC8568_0_WRITEDACREGISTER?DAC8568_0
            CODE    414EH     005BH     UNIT         ?PR?_DAC8568_1_WRITEDACREGISTER?DAC8568_1
            CODE    41A9H     005BH     UNIT         ?PR?_DAC8568_2_WRITEDACREGISTER?DAC8568_2
            CODE    4204H     005BH     UNIT         ?PR?_DAC8568_3_WRITEDACREGISTER?DAC8568_3
            CODE    425FH     0059H     UNIT         ?PR?MAIN?MAINAPP
            CODE    42B8H     0058H     UNIT         ?PR?_SPI0WRITE?DAC8568_0
            CODE    4310H     0058H     UNIT         ?PR?_SPI1WRITE?DAC8568_1
            CODE    4368H     0058H     UNIT         ?PR?_SPI2WRITE?DAC8568_2
            CODE    43C0H     0058H     UNIT         ?PR?_SPI3WRITE?DAC8568_3
            CODE    4418H     0058H     UNIT         ?PR?LOADNVRAM?SPLC
            CODE    4470H     0057H     UNIT         ?PR?_?LD?SPLCFUN
            CODE    44C7H     0055H     UNIT         ?PR?_DAC8568_0_WRITEINPUTREGISTER?DAC8568_0
            CODE    451CH     0055H     UNIT         ?PR?_DAC8568_1_WRITEINPUTREGISTER?DAC8568_1
            CODE    4571H     0055H     UNIT         ?PR?_DAC8568_2_WRITEINPUTREGISTER?DAC8568_2
            CODE    45C6H     0055H     UNIT         ?PR?_DAC8568_3_WRITEINPUTREGISTER?DAC8568_3
            CODE    461BH     0050H     UNIT         ?PR?_?DADD?SPLCFUN
            CODE    466BH     0050H     UNIT         ?PR?_?SUB?SPLCFUN
            CODE    46BBH     004FH     UNIT         ?PR?_?ADD?SPLCFUN
            CODE    470AH     004EH     UNIT         ?PR?_INITADCDATA?SPLCCHIPADC
            CODE    4758H     004DH     UNIT         ?PR?_INITMODBUSSERIAL?MODBUSPORT
            CODE    47A5H     004DH     UNIT         ?PR?_INITUART1?SPLCUART
            CODE    47F2H     004AH     UNIT         ?PR?MODBUSPORCESS?MODBUS
            CODE    483CH     0049H     UNIT         ?PR?CLEARNVRAM?SPLC
            CODE    4885H     0044H     UNIT         ?C?LDIV
            CODE    48C9H     0042H     UNIT         ?PR?_IIC0SENDBYTE?I2C0
            CODE    490BH     003EH     UNIT         ?PR?_EPROMWRITELENBYTE?EPROM
            CODE    4949H     003EH     UNIT         ?PR?_EPROMWRITE?EPROM
            CODE    4987H     003CH     UNIT         ?PR?_IIC0READBYTE?I2C0
            CODE    49C3H     003CH     UNIT         ?PR?_EPROMREAD?EPROM
            CODE    49FFH     0039H     UNIT         ?PR?_EPROMREADONEBYTE?EPROM
            CODE    4A38H     0038H     UNIT         ?PR?_DAC8568_0_UPDATE?DAC8568_0
            CODE    4A70H     0038H     UNIT         ?PR?_DAC8568_1_UPDATE?DAC8568_1
            CODE    4AA8H     0038H     UNIT         ?PR?_DAC8568_2_UPDATE?DAC8568_2
            CODE    4AE0H     0038H     UNIT         ?PR?_DAC8568_3_UPDATE?DAC8568_3
            CODE    4B18H     0035H     UNIT         ?C_INITSEG
            CODE    4B4DH     0033H     UNIT         ?PR?CLEAREM?SPLC
            CODE    4B80H     0033H     UNIT         ?PR?CLEARR?SPLC
            CODE    4BB3H     0033H     UNIT         ?PR?CLEARC?SPLC
            CODE    4BE6H     0033H     UNIT         ?PR?CLEARX?SPLC
            CODE    4C19H     0033H     UNIT         ?PR?CLEARY?SPLC
            CODE    4C4CH     0033H     UNIT         ?PR?CLEARSPREG?SPLC
            CODE    4C7FH     0033H     UNIT         ?PR?CLEARSPCOIL?SPLC
            CODE    4CB2H     0032H     UNIT         ?PR?CLEARDM?SPLC
            CODE    4CE4H     0032H     UNIT         ?PR?CLEARMR?SPLC
            CODE    4D16H     0031H     UNIT         ?PR?_EPROMWRITEONEBYTE?EPROM
            CODE    4D47H     0031H     UNIT         ?PR?_MODBUSUARTSTRING?MODBUSPORT
            CODE    4D78H     002FH     UNIT         ?PR?TIMER0INIT?SPLC
            CODE    4DA7H     002FH     UNIT         ?PR?_USEND?SPLCUART
            CODE    4DD6H     002FH     UNIT         ?PR?_URECV?SPLCUART
            CODE    4E05H     002EH     UNIT         ?PR?DAC8568_0_INIT?DAC8568_0
            CODE    4E33H     002EH     UNIT         ?PR?DAC8568_1_INIT?DAC8568_1
BL51 BANKED LINKER/LOCATER V6.22.2.0                                                  01/22/2019  16:46:00  PAGE 5


            CODE    4E61H     002EH     UNIT         ?PR?DAC8568_2_INIT?DAC8568_2
            CODE    4E8FH     002EH     UNIT         ?PR?DAC8568_3_INIT?DAC8568_3
            CODE    4EBDH     002DH     UNIT         ?PR?IIC0WAITACK?I2C0
            CODE    4EEAH     002CH     UNIT         ?PR?INITMODBUSTIMER?MODBUSPORT
            CODE    4F16H     002BH     UNIT         ?PR?UART0ISR?MODBUSPORT
            CODE    4F41H     0024H     UNIT         ?PR?_HANDLEMODBUSERROR?MODBUS
            CODE    4F65H     0024H     UNIT         ?PR?MODBUSHANDLE?MODBUSPORT
            CODE    4F89H     0024H     UNIT         ?PR?OUTPUTREFRESH?SPLC
            CODE    4FADH     0022H     UNIT         ?PR?_RECEIVEINTERRUPT?MODBUSPORT
            CODE    4FCFH     0020H     UNIT         ?PR?SAVENVRAM?SPLC
            CODE    4FEFH     001FH     UNIT         ?PR?_?ASSERTCOILADDRESS?SPLC
            CODE    500EH     001FH     UNIT         ?PR?_?ASSERTREGISTERADDRESS?SPLC
            CODE    502DH     001EH     UNIT         ?PR?DOSLAVETX?MODBUS
            CODE    504BH     001BH     UNIT         ?PR?OSCILLATOR_INIT?INITDEVICEF020
            CODE    5066H     0019H     UNIT         ?PR?_?WDTDISABLE?SPLC
            CODE    507FH     0018H     UNIT         ?PR?SENDMESSAGE?MODBUS
            CODE    5097H     0017H     UNIT         ?PR?IIC0START?I2C0
            CODE    50AEH     0016H     UNIT         ?PR?_?DELAYUS?DELAY
            CODE    50C4H     0016H     UNIT         ?PR?_?DELAYMS?DELAY
            CODE    50DAH     0016H     UNIT         ?PR?IIC0NACK?I2C0
            CODE    50F0H     0016H     UNIT         ?PR?_MODBUSSERIALSENDBYTE?MODBUSPORT
            CODE    5106H     0016H     UNIT         ?PR?PORT_IO_INIT?INITDEVICEF020
            CODE    511CH     0016H     UNIT         ?PR?SPLCPROCESSEND?SPLC
            CODE    5132H     0014H     UNIT         ?PR?CHECKRXTIMEOUT?MODBUS
            CODE    5146H     0012H     UNIT         ?PR?_INITMODBUS?MODBUS
            CODE    5158H     0012H     UNIT         ?PR?INITDEVICEF020?INITDEVICEF020
            CODE    516AH     0011H     UNIT         ?PR?IIC0ACK?I2C0
            CODE    517BH     0010H     UNIT         ?PR?_SETSDA0?I2C0
            CODE    518BH     0010H     UNIT         ?PR?IIC0STOP?I2C0
            CODE    519BH     000FH     UNIT         ?PR?INPUTINIT?SPLC
            CODE    51AAH     000CH     UNIT         ?PR?DAC8568_1_CLEAR?DAC8568_1
            CODE    51B6H     000CH     UNIT         ?PR?DAC8568_2_CLEAR?DAC8568_2
            CODE    51C2H     000CH     UNIT         ?PR?DAC8568_3_CLEAR?DAC8568_3
            CODE    51CEH     000CH     UNIT         ?PR?RXDATAAVAILABLE?MODBUS
            CODE    51DAH     000BH     UNIT         ?PR?_SETSCL0?I2C0
            CODE    51E5H     000BH     UNIT         ?PR?_SETSYNC0?DAC8568_0
            CODE    51F0H     000BH     UNIT         ?PR?_SETCLK0?DAC8568_0
            CODE    51FBH     000BH     UNIT         ?PR?_SETDIN0?DAC8568_0
            CODE    5206H     000BH     UNIT         ?PR?_SETCLR0?DAC8568_0
            CODE    5211H     000BH     UNIT         ?PR?_SETLDAC0?DAC8568_0
            CODE    521CH     000BH     UNIT         ?PR?DAC8568_0_RESET?DAC8568_0
            CODE    5227H     000BH     UNIT         ?PR?_SETSYNC1?DAC8568_1
            CODE    5232H     000BH     UNIT         ?PR?_SETCLK1?DAC8568_1
            CODE    523DH     000BH     UNIT         ?PR?_SETDIN1?DAC8568_1
            CODE    5248H     000BH     UNIT         ?PR?_SETCLR1?DAC8568_1
            CODE    5253H     000BH     UNIT         ?PR?_SETLDAC1?DAC8568_1
            CODE    525EH     000BH     UNIT         ?PR?DAC8568_1_RESET?DAC8568_1
            CODE    5269H     000BH     UNIT         ?PR?_SETSYNC2?DAC8568_2
            CODE    5274H     000BH     UNIT         ?PR?_SETCLK2?DAC8568_2
            CODE    527FH     000BH     UNIT         ?PR?_SETDIN2?DAC8568_2
            CODE    528AH     000BH     UNIT         ?PR?_SETCLR2?DAC8568_2
            CODE    5295H     000BH     UNIT         ?PR?_SETLDAC2?DAC8568_2
            CODE    52A0H     000BH     UNIT         ?PR?DAC8568_2_RESET?DAC8568_2
            CODE    52ABH     000BH     UNIT         ?PR?_SETSYNC3?DAC8568_3
            CODE    52B6H     000BH     UNIT         ?PR?_SETCLK3?DAC8568_3
            CODE    52C1H     000BH     UNIT         ?PR?_SETDIN3?DAC8568_3
            CODE    52CCH     000BH     UNIT         ?PR?_SETCLR3?DAC8568_3
BL51 BANKED LINKER/LOCATER V6.22.2.0                                                  01/22/2019  16:46:00  PAGE 6


            CODE    52D7H     000BH     UNIT         ?PR?_SETLDAC3?DAC8568_3
            CODE    52E2H     000BH     UNIT         ?PR?DAC8568_3_RESET?DAC8568_3
            CODE    52EDH     000BH     UNIT         ?PR?_MODBUSUARTPUTCH?MODBUSPORT
            CODE    52F8H     000BH     UNIT         ?PR?_SETLEDRUN?SPLC
            CODE    5303H     000BH     UNIT         ?PR?_SETLEDEPROM?SPLC
            CODE    530EH     000BH     UNIT         ?PR?_SETLEDDAC?SPLC
            CODE    5319H     000BH     UNIT         ?PR?_SETLEDERROR?SPLC
            CODE    5324H     000AH     UNIT         ?PR?GETSCL0?I2C0
            CODE    532EH     0009H     UNIT         ?PR?GETSDA0?I2C0
            CODE    5337H     0009H     UNIT         ?PR?GETLEDERROR?SPLC
            CODE    5340H     0008H     UNIT         ?PR?GETLEDDAC?SPLC
            CODE    5348H     0007H     UNIT         ?PR?RESET_SOURCES_INIT?INITDEVICEF020
            CODE    534FH     0006H     UNIT         ?PR?GETGLOBALINTERRUPT?SPLC
            CODE    5355H     0006H     UNIT         ?PR?GETLEDRUN?SPLC
            CODE    535BH     0004H     UNIT         ?PR?DAC_INIT?INITDEVICEF020
            CODE    535FH     0004H     UNIT         ?PR?VOLTAGE_REFERENCE_INIT?INITDEVICEF020
            CODE    5363H     0004H     UNIT         ?PR?WDTINIT?SPLC
            CODE    5367H     0004H     UNIT         ?PR?_?WDTENABLE?SPLC
            CODE    536BH     0004H     UNIT         ?PR?_?WDTFEED?SPLC
            CODE    536FH     0004H     UNIT         ?PR?_?REBOOT?SPLCFUN
            CODE    5373H     0003H     UNIT         ?PR?EPROMINIT?EPROM
            CODE    5376H     0003H     UNIT         ?PR?_MODBUSUARTINITIALISE?MODBUSPORT
            CODE    5379H     0003H     UNIT         ?PR?MODBUSTIMERINITIALISE?MODBUSPORT
            CODE    537CH     0001H     UNIT         ?PR?HANDLEMODBUSREADINPUTCOIL?MODBUS
            CODE    537DH     0001H     UNIT         ?PR?INTERRUPTS_INIT?INITDEVICEF020
            CODE    537EH     0001H     UNIT         ?PR?PCAINIT?SPLC
            CODE    537FH     0001H     UNIT         ?PR?OUTPUTINIT?SPLC



OVERLAY MAP OF MODULE:   .\Objects\dwLaser_F020 (DELAY)


SEGMENT                                            DATA_GROUP          IDATA_GROUP         XDATA_GROUP
  +--> CALLED SEGMENT                            START    LENGTH     START    LENGTH     START    LENGTH
--------------------------------------------------------------------------------------------------------
?PR?UART0ISR?MODBUSPORT                          -----    -----      -----    -----      -----    -----
  +--> ?PR?_RECEIVEINTERRUPT?MODBUSPORT

*** NEW ROOT ***************************************************

?PR?TIMER0ISR?SPLC                               -----    -----      0055H    0006H      -----    -----
  +--> ?PR?_?LD?SPLCFUN
  +--> ?PR?_?RES?SPLCFUN
  +--> ?PR?_?SET?SPLCFUN
  +--> ?PR?_SETLEDRUN?SPLC
  +--> ?PR?CHIPADCPROCESS?SPLCCHIPADC

?PR?_?LD?SPLCFUN                                 -----    -----      -----    -----      -----    -----
  +--> ?PR?_?ASSERTCOILADDRESS?SPLC

?PR?_?RES?SPLCFUN                                -----    -----      -----    -----      -----    -----
  +--> ?PR?_?ASSERTCOILADDRESS?SPLC

?PR?_?SET?SPLCFUN                                -----    -----      -----    -----      -----    -----
  +--> ?PR?_?ASSERTCOILADDRESS?SPLC

BL51 BANKED LINKER/LOCATER V6.22.2.0                                                  01/22/2019  16:46:00  PAGE 7


?PR?CHIPADCPROCESS?SPLCCHIPADC                   -----    -----      005BH    0002H      -----    -----
  +--> ?PR?_REFRESHADCDATA?SPLCCHIPADC

?PR?_REFRESHADCDATA?SPLCCHIPADC                  0008H    0003H      005DH    0007H      -----    -----

*** NEW ROOT ***************************************************

?PR?UART1ISR?SPLCUART                            -----    -----      -----    -----      -----    -----
  +--> ?PR?_?SET?SPLCFUN
  +--> ?PR?_?RES?SPLCFUN

*** NEW ROOT ***************************************************

?C_C51STARTUP                                    -----    -----      -----    -----      -----    -----
  +--> ?PR?MAIN?MAINAPP
  +--> ?C_INITSEG

?PR?MAIN?MAINAPP                                 -----    -----      -----    -----      -----    -----
  +--> ?PR?INITDEVICEF020?INITDEVICEF020
  +--> ?PR?SPLCINIT?SPLC
  +--> ?PR?_INITMODBUS?MODBUS
  +--> ?PR?SPLCPROCESSSTART?SPLC
  +--> ?PR?_?LD?SPLCFUN
  +--> ?PR?_?RES?SPLCFUN
  +--> ?PR?SPLCBOXLEDREFRESH?MAINAPP
  +--> ?PR?_?T100MS?SPLCFUN
  +--> ?PR?SPLCPROCESSEND?SPLC

?PR?INITDEVICEF020?INITDEVICEF020                -----    -----      -----    -----      -----    -----
  +--> ?PR?RESET_SOURCES_INIT?INITDEVICEF020
  +--> ?PR?DAC_INIT?INITDEVICEF020
  +--> ?PR?VOLTAGE_REFERENCE_INIT?INITDEVICE...
  +--> ?PR?PORT_IO_INIT?INITDEVICEF020
  +--> ?PR?OSCILLATOR_INIT?INITDEVICEF020
  +--> ?PR?INTERRUPTS_INIT?INITDEVICEF020

?PR?SPLCINIT?SPLC                                -----    -----      -----    -----      -----    -----
  +--> ?PR?_SETLEDERROR?SPLC
  +--> ?PR?_SETLEDRUN?SPLC
  +--> ?PR?_SETLEDDAC?SPLC
  +--> ?PR?_SETLEDEPROM?SPLC
  +--> ?PR?WDTINIT?SPLC
  +--> ?PR?_?WDTDISABLE?SPLC
  +--> ?PR?_INITUART1?SPLCUART
  +--> ?PR?LOADNVRAM?SPLC
  +--> ?PR?INITCHIPADC?SPLCCHIPADC
  +--> ?PR?INITCHIPDAC?SPLCDAC
  +--> ?PR?_INITMODBUS?MODBUS
  +--> ?PR?TIMER0INIT?SPLC
  +--> ?PR?_?SET?SPLCFUN

?PR?LOADNVRAM?SPLC                               -----    -----      -----    -----      -----    -----
  +--> ?PR?_SETLEDEPROM?SPLC
  +--> ?PR?_EPROMREAD?EPROM
  +--> ?PR?CLEAREM?SPLC
  +--> ?PR?CLEARR?SPLC
  +--> ?PR?CLEART?SPLC
BL51 BANKED LINKER/LOCATER V6.22.2.0                                                  01/22/2019  16:46:00  PAGE 8


  +--> ?PR?CLEARTD?SPLC
  +--> ?PR?CLEARC?SPLC
  +--> ?PR?CLEARX?SPLC
  +--> ?PR?CLEARY?SPLC
  +--> ?PR?CLEARSPREG?SPLC
  +--> ?PR?CLEARSPCOIL?SPLC

?PR?_EPROMREAD?EPROM                             000BH    0007H      -----    -----      -----    -----
  +--> ?PR?_EPROMREADONEBYTE?EPROM

?PR?_EPROMREADONEBYTE?EPROM                      -----    -----      -----    -----      -----    -----
  +--> ?PR?IIC0START?I2C0
  +--> ?PR?_IIC0SENDBYTE?I2C0
  +--> ?PR?IIC0WAITACK?I2C0
  +--> ?PR?_IIC0READBYTE?I2C0
  +--> ?PR?IIC0STOP?I2C0

?PR?IIC0START?I2C0                               -----    -----      -----    -----      -----    -----
  +--> ?PR?_SETSDA0?I2C0
  +--> ?PR?_SETSCL0?I2C0
  +--> ?PR?_?DELAYUS?DELAY

?PR?_SETSDA0?I2C0                                -----    -----      -----    -----      -----    -----
  +--> ?PR?_SETSCL0?I2C0

?PR?_?DELAYUS?DELAY                              -----    -----      -----    -----      -----    -----
  +--> ?PR?_?WDTFEED?SPLC

?PR?_IIC0SENDBYTE?I2C0                           -----    -----      -----    -----      -----    -----
  +--> ?PR?_SETSCL0?I2C0
  +--> ?PR?_SETSDA0?I2C0
  +--> ?PR?_?DELAYUS?DELAY

?PR?IIC0WAITACK?I2C0                             -----    -----      -----    -----      -----    -----
  +--> ?PR?_SETSDA0?I2C0
  +--> ?PR?_?DELAYUS?DELAY
  +--> ?PR?_SETSCL0?I2C0
  +--> ?PR?GETSDA0?I2C0
  +--> ?PR?IIC0STOP?I2C0

?PR?IIC0STOP?I2C0                                -----    -----      -----    -----      -----    -----
  +--> ?PR?_SETSDA0?I2C0
  +--> ?PR?_?DELAYUS?DELAY
  +--> ?PR?_SETSCL0?I2C0

?PR?_IIC0READBYTE?I2C0                           -----    -----      -----    -----      -----    -----
  +--> ?PR?_SETSCL0?I2C0
  +--> ?PR?_?DELAYUS?DELAY
  +--> ?PR?GETSDA0?I2C0
  +--> ?PR?IIC0NACK?I2C0
  +--> ?PR?IIC0ACK?I2C0

?PR?IIC0NACK?I2C0                                -----    -----      -----    -----      -----    -----
  +--> ?PR?_SETSCL0?I2C0
  +--> ?PR?_SETSDA0?I2C0
  +--> ?PR?_?DELAYUS?DELAY

BL51 BANKED LINKER/LOCATER V6.22.2.0                                                  01/22/2019  16:46:00  PAGE 9


?PR?IIC0ACK?I2C0                                 -----    -----      -----    -----      -----    -----
  +--> ?PR?_SETSDA0?I2C0
  +--> ?PR?_?DELAYUS?DELAY
  +--> ?PR?_SETSCL0?I2C0

?PR?INITCHIPADC?SPLCCHIPADC                      -----    -----      0064H    0001H      -----    -----
  +--> ?PR?_INITADCDATA?SPLCCHIPADC

?PR?_INITADCDATA?SPLCCHIPADC                     000BH    0003H      0065H    0001H      -----    -----

?PR?INITCHIPDAC?SPLCDAC                          -----    -----      -----    -----      -----    -----
  +--> ?PR?_SETLEDDAC?SPLC
  +--> ?PR?DAC8568_0_INIT?DAC8568_0
  +--> ?PR?DAC8568_1_INIT?DAC8568_1
  +--> ?PR?DAC8568_2_INIT?DAC8568_2
  +--> ?PR?DAC8568_3_INIT?DAC8568_3
  +--> ?PR?_DAC8568_0_WRITEDACREGISTER?DAC85...
  +--> ?PR?_DAC8568_1_WRITEDACREGISTER?DAC85...
  +--> ?PR?_DAC8568_2_WRITEDACREGISTER?DAC85...
  +--> ?PR?_DAC8568_3_WRITEDACREGISTER?DAC85...

?PR?DAC8568_0_INIT?DAC8568_0                     -----    -----      -----    -----      -----    -----
  +--> ?PR?_SETCLR0?DAC8568_0
  +--> ?PR?_?DELAYUS?DELAY
  +--> ?PR?_SETLDAC0?DAC8568_0
  +--> ?PR?_SPI0WRITE?DAC8568_0

?PR?_SPI0WRITE?DAC8568_0                         000FH    0004H      -----    -----      -----    -----
  +--> ?PR?_SETSYNC0?DAC8568_0
  +--> ?PR?_SETCLK0?DAC8568_0
  +--> ?PR?_SETDIN0?DAC8568_0

?PR?DAC8568_1_INIT?DAC8568_1                     -----    -----      -----    -----      -----    -----
  +--> ?PR?_SETCLR1?DAC8568_1
  +--> ?PR?_?DELAYUS?DELAY
  +--> ?PR?_SETLDAC1?DAC8568_1
  +--> ?PR?_SPI1WRITE?DAC8568_1

?PR?_SPI1WRITE?DAC8568_1                         000FH    0004H      -----    -----      -----    -----
  +--> ?PR?_SETSYNC1?DAC8568_1
  +--> ?PR?_SETCLK1?DAC8568_1
  +--> ?PR?_SETDIN1?DAC8568_1

?PR?DAC8568_2_INIT?DAC8568_2                     -----    -----      -----    -----      -----    -----
  +--> ?PR?_SETCLR2?DAC8568_2
  +--> ?PR?_?DELAYUS?DELAY
  +--> ?PR?_SETLDAC2?DAC8568_2
  +--> ?PR?_SPI2WRITE?DAC8568_2

?PR?_SPI2WRITE?DAC8568_2                         000FH    0004H      -----    -----      -----    -----
  +--> ?PR?_SETSYNC2?DAC8568_2
  +--> ?PR?_SETCLK2?DAC8568_2
  +--> ?PR?_SETDIN2?DAC8568_2

?PR?DAC8568_3_INIT?DAC8568_3                     -----    -----      -----    -----      -----    -----
  +--> ?PR?_SETCLR3?DAC8568_3
  +--> ?PR?_?DELAYUS?DELAY
BL51 BANKED LINKER/LOCATER V6.22.2.0                                                  01/22/2019  16:46:00  PAGE 10


  +--> ?PR?_SETLDAC3?DAC8568_3
  +--> ?PR?_SPI3WRITE?DAC8568_3

?PR?_SPI3WRITE?DAC8568_3                         000FH    0004H      -----    -----      -----    -----
  +--> ?PR?_SETSYNC3?DAC8568_3
  +--> ?PR?_SETCLK3?DAC8568_3
  +--> ?PR?_SETDIN3?DAC8568_3

?PR?_DAC8568_0_WRITEDACREGISTER?DAC85...         000BH    0004H      -----    -----      -----    -----
  +--> ?PR?_SPI0WRITE?DAC8568_0

?PR?_DAC8568_1_WRITEDACREGISTER?DAC85...         000BH    0004H      -----    -----      -----    -----
  +--> ?PR?_SPI1WRITE?DAC8568_1

?PR?_DAC8568_2_WRITEDACREGISTER?DAC85...         000BH    0004H      -----    -----      -----    -----
  +--> ?PR?_SPI2WRITE?DAC8568_2

?PR?_DAC8568_3_WRITEDACREGISTER?DAC85...         000BH    0004H      -----    -----      -----    -----
  +--> ?PR?_SPI3WRITE?DAC8568_3

?PR?_INITMODBUS?MODBUS                           000BH    0005H      -----    -----      -----    -----
  +--> ?PR?_MODBUSUARTINITIALISE?MODBUSPORT
  +--> ?PR?MODBUSTIMERINITIALISE?MODBUSPORT

?PR?_MODBUSUARTINITIALISE?MODBUSPORT             -----    -----      -----    -----      -----    -----
  +--> ?PR?_INITMODBUSSERIAL?MODBUSPORT

?PR?MODBUSTIMERINITIALISE?MODBUSPORT             -----    -----      -----    -----      -----    -----
  +--> ?PR?INITMODBUSTIMER?MODBUSPORT

?PR?INITMODBUSTIMER?MODBUSPORT                   -----    -----      -----    -----      0F90H    0002H

?PR?TIMER0INIT?SPLC                              -----    -----      0064H    0002H      -----    -----

?PR?SPLCPROCESSSTART?SPLC                        -----    -----      -----    -----      -----    -----
  +--> ?PR?_SETLEDRUN?SPLC
  +--> ?PR?_SETLEDEPROM?SPLC
  +--> ?PR?EPROMTEST?EPROM
  +--> ?PR?_SETLEDERROR?SPLC
  +--> ?PR?_?DELAYMS?DELAY
  +--> ?PR?CLEARNVRAM?SPLC
  +--> ?PR?_?REBOOT?SPLCFUN
  +--> ?PR?_?WDTFEED?SPLC
  +--> ?PR?MODBUSPORCESS?MODBUS
  +--> ?PR?INPUTREFRESH?SPLC

?PR?EPROMTEST?EPROM                              -----    -----      0064H    0005H      -----    -----
  +--> ?PR?_SETLEDEPROM?SPLC
  +--> ?PR?_EPROMWRITEONEBYTE?EPROM
  +--> ?PR?_EPROMREADONEBYTE?EPROM

?PR?_EPROMWRITEONEBYTE?EPROM                     -----    -----      -----    -----      -----    -----
  +--> ?PR?IIC0START?I2C0
  +--> ?PR?_IIC0SENDBYTE?I2C0
  +--> ?PR?IIC0WAITACK?I2C0
  +--> ?PR?IIC0STOP?I2C0
  +--> ?PR?_?DELAYMS?DELAY
BL51 BANKED LINKER/LOCATER V6.22.2.0                                                  01/22/2019  16:46:00  PAGE 11



?PR?_?DELAYMS?DELAY                              -----    -----      -----    -----      -----    -----
  +--> ?PR?_?DELAYUS?DELAY

?PR?CLEARNVRAM?SPLC                              -----    -----      0064H    0003H      -----    -----
  +--> ?PR?_?WDTDISABLE?SPLC
  +--> ?PR?GETLEDEPROM?SPLC
  +--> ?PR?_SETLEDEPROM?SPLC
  +--> ?PR?_EPROMWRITEONEBYTE?EPROM

?PR?MODBUSPORCESS?MODBUS                         -----    -----      -----    -----      -----    -----
  +--> ?PR?TXRTU?MODBUS
  +--> ?PR?RXRTU?MODBUS
  +--> ?PR?RXDATAAVAILABLE?MODBUS
  +--> ?PR?HANDLEMODBUSREADCOILS?MODBUS
  +--> ?PR?HANDLEMODBUSREADHOLDINGREGISTERS?...
  +--> ?PR?HANDLEMODBUSWRITESINGLECOIL?MODBUS
  +--> ?PR?HANDLEMODBUSWRITESINGLEREGISTER?M...
  +--> ?PR?HANDLEMODBUSWRITEMULTIPLECOILS?MO...
  +--> ?PR?HANDLEMODBUSWRITEMULTIPLEREGISTER...
  +--> ?PR?_HANDLEMODBUSERROR?MODBUS

?PR?TXRTU?MODBUS                                 -----    -----      -----    -----      -----    -----
  +--> ?PR?_MODBUSCRC16?MODBUS
  +--> ?PR?DOSLAVETX?MODBUS

?PR?_MODBUSCRC16?MODBUS                          000BH    0003H      0066H    0004H      -----    -----

?PR?DOSLAVETX?MODBUS                             -----    -----      -----    -----      -----    -----
  +--> ?PR?_MODBUSUARTSTRING?MODBUSPORT

?PR?_MODBUSUARTSTRING?MODBUSPORT                 000BH    0005H      -----    -----      -----    -----
  +--> ?PR?_MODBUSUARTPUTCH?MODBUSPORT

?PR?_MODBUSUARTPUTCH?MODBUSPORT                  0010H    0001H      -----    -----      -----    -----
  +--> ?PR?_MODBUSSERIALSENDBYTE?MODBUSPORT

?PR?_MODBUSSERIALSENDBYTE?MODBUSPORT             -----    -----      -----    -----      -----    -----
  +--> ?PR?_?WDTFEED?SPLC

?PR?RXRTU?MODBUS                                 -----    -----      0064H    0002H      -----    -----
  +--> ?PR?CHECKMODBUSBUFFERCOMPLETE?MODBUS
  +--> ?PR?_MODBUSCRC16?MODBUS
  +--> ?PR?CHECKRXTIMEOUT?MODBUS

?PR?CHECKMODBUSBUFFERCOMPLETE?MODBUS             -----    -----      0066H    0004H      -----    -----

?PR?RXDATAAVAILABLE?MODBUS                       -----    -----      0064H    0001H      -----    -----

?PR?HANDLEMODBUSREADCOILS?MODBUS                 -----    -----      0064H    000DH      -----    -----
  +--> ?PR?_HANDLEMODBUSERROR?MODBUS
  +--> ?PR?SENDMESSAGE?MODBUS

?PR?_HANDLEMODBUSERROR?MODBUS                    -----    -----      -----    -----      -----    -----
  +--> ?PR?_SETLEDERROR?SPLC
  +--> ?PR?SENDMESSAGE?MODBUS

BL51 BANKED LINKER/LOCATER V6.22.2.0                                                  01/22/2019  16:46:00  PAGE 12


?PR?HANDLEMODBUSREADHOLDINGREGISTERS?...         -----    -----      0064H    0008H      -----    -----
  +--> ?PR?_HANDLEMODBUSERROR?MODBUS
  +--> ?PR?SENDMESSAGE?MODBUS

?PR?HANDLEMODBUSWRITESINGLECOIL?MODBUS           -----    -----      0064H    0004H      -----    -----
  +--> ?PR?_HANDLEMODBUSERROR?MODBUS
  +--> ?PR?SENDMESSAGE?MODBUS

?PR?HANDLEMODBUSWRITESINGLEREGISTER?M...         -----    -----      0064H    0006H      -----    -----
  +--> ?PR?_HANDLEMODBUSERROR?MODBUS
  +--> ?PR?SENDMESSAGE?MODBUS

?PR?HANDLEMODBUSWRITEMULTIPLECOILS?MO...         -----    -----      0064H    000DH      -----    -----
  +--> ?PR?_HANDLEMODBUSERROR?MODBUS
  +--> ?PR?SENDMESSAGE?MODBUS

?PR?HANDLEMODBUSWRITEMULTIPLEREGISTER...         -----    -----      0064H    0008H      -----    -----
  +--> ?PR?_HANDLEMODBUSERROR?MODBUS
  +--> ?PR?SENDMESSAGE?MODBUS

?PR?INPUTREFRESH?SPLC                            -----    -----      0064H    0001H      -----    -----

?PR?SPLCBOXLEDREFRESH?MAINAPP                    -----    -----      0064H    0001H      -----    -----
  +--> ?PR?_?SET?SPLCFUN
  +--> ?PR?_?RES?SPLCFUN
  +--> ?PR?_?LDB?SPLCFUN
  +--> ?PR?_?LD?SPLCFUN
  +--> ?PR?_USEND?SPLCUART

?PR?_?LDB?SPLCFUN                                -----    -----      -----    -----      -----    -----
  +--> ?PR?_?ASSERTCOILADDRESS?SPLC

?PR?_USEND?SPLCUART                              -----    -----      -----    -----      -----    -----
  +--> ?PR?_?SET?SPLCFUN
  +--> ?PR?_?RES?SPLCFUN

?PR?SPLCPROCESSEND?SPLC                          -----    -----      -----    -----      -----    -----
  +--> ?PR?_?WDTFEED?SPLC
  +--> ?PR?OUTPUTREFRESH?SPLC
  +--> ?PR?REFRESHDAC?SPLCDAC
  +--> ?PR?UPDATANVRAM?SPLC
  +--> ?PR?_?RES?SPLCFUN

?PR?REFRESHDAC?SPLCDAC                           -----    -----      -----    -----      -----    -----
  +--> ?PR?_SETLEDDAC?SPLC
  +--> ?PR?_DAC8568_0_WRITEDACREGISTER?DAC85...
  +--> ?PR?_DAC8568_1_WRITEDACREGISTER?DAC85...
  +--> ?PR?_DAC8568_2_WRITEDACREGISTER?DAC85...
  +--> ?PR?_DAC8568_3_WRITEDACREGISTER?DAC85...

?PR?UPDATANVRAM?SPLC                             000BH    0008H      -----    -----      -----    -----
  +--> ?PR?_SETLEDEPROM?SPLC
  +--> ?PR?_EPROMWRITEONEBYTE?EPROM



SYMBOL TABLE OF MODULE:  .\Objects\dwLaser_F020 (DELAY)
BL51 BANKED LINKER/LOCATER V6.22.2.0                                                  01/22/2019  16:46:00  PAGE 13



  VALUE           TYPE          NAME
  ----------------------------------

  -------         MODULE        DELAY
  C:0000H         SYMBOL        _ICE_DUMMY_
  C:50C4H         PUBLIC        _?delayMs
  C:50AEH         PUBLIC        _?delayUs
  -------         PROC          _?DELAYUS
  i:0000H         SYMBOL        us
  C:50AEH         LINE#         5
  C:50B4H         LINE#         7
  C:50B9H         LINE#         8
  C:50B9H         LINE#         10
  C:50BCH         LINE#         12
  C:50BFH         LINE#         13
  C:50C1H         LINE#         14
  -------         ENDPROC       _?DELAYUS
  -------         PROC          _?DELAYMS
  i:0000H         SYMBOL        ms
  C:50C4H         LINE#         15
  C:50CAH         LINE#         17
  C:50D0H         LINE#         18
  C:50D0H         LINE#         19
  C:50D5H         LINE#         20
  C:50D7H         LINE#         21
  -------         ENDPROC       _?DELAYMS
  -------         ENDMOD        DELAY

  -------         MODULE        I2C0
  C:0000H         SYMBOL        _ICE_DUMMY_
  D:0096H         PUBLIC        P7
  C:001AH         PUBLIC        iic0Init
  C:5097H         PUBLIC        iic0Start
  C:518BH         PUBLIC        iic0Stop
  C:4EBDH         PUBLIC        iic0WaitAck
  C:516AH         PUBLIC        iic0Ack
  C:50DAH         PUBLIC        iic0NAck
  C:48C9H         PUBLIC        _iic0SendByte
  C:4987H         PUBLIC        _iic0ReadByte
  C:51DAH         SYMBOL        _setSCL0
  C:5180H         SYMBOL        _setSDA0
  C:5324H         SYMBOL        getSCL0
  C:532EH         SYMBOL        getSDA0
  -------         PROC          IIC0INIT
  C:001AH         LINE#         4
  C:001AH         LINE#         6
  -------         ENDPROC       IIC0INIT
  -------         PROC          _SETSCL0
  D:0007H         SYMBOL        s
  C:51DAH         LINE#         7
  C:51DAH         LINE#         8
  C:51DDH         LINE#         9
  C:51E1H         LINE#         11
  C:51E4H         LINE#         12
  -------         ENDPROC       _SETSCL0
  -------         PROC          L?0032
BL51 BANKED LINKER/LOCATER V6.22.2.0                                                  01/22/2019  16:46:00  PAGE 14


  -------         ENDPROC       L?0032
  -------         PROC          _SETSDA0
  D:0007H         SYMBOL        s
  C:5180H         LINE#         13
  C:5180H         LINE#         14
  C:5183H         LINE#         15
  C:5187H         LINE#         17
  C:518AH         LINE#         18
  -------         ENDPROC       _SETSDA0
  -------         PROC          GETSCL0
  C:5324H         LINE#         19
  C:5324H         LINE#         20
  C:532DH         LINE#         21
  -------         ENDPROC       GETSCL0
  -------         PROC          GETSDA0
  C:532EH         LINE#         22
  C:532EH         LINE#         23
  C:5336H         LINE#         24
  -------         ENDPROC       GETSDA0
  -------         PROC          IIC0START
  C:5097H         LINE#         25
  C:5097H         LINE#         26
  C:509CH         LINE#         27
  C:509FH         LINE#         28
  C:50A2H         LINE#         29
  C:50A6H         LINE#         30
  C:50AAH         LINE#         31
  -------         ENDPROC       IIC0START
  -------         PROC          IIC0STOP
  C:518BH         LINE#         33
  C:518BH         LINE#         34
  C:518BH         LINE#         35
  C:518EH         LINE#         36
  C:5192H         LINE#         37
  C:5195H         LINE#         38
  C:5198H         LINE#         39
  -------         ENDPROC       IIC0STOP
  -------         PROC          IIC0WAITACK
  -------         DO            
  D:0006H         SYMBOL        ucErrTime
  -------         ENDDO         
  C:4EBDH         LINE#         42
  C:4EBDH         LINE#         46
  C:4EBFH         LINE#         47
  C:4EC4H         LINE#         48
  C:4EC7H         LINE#         49
  C:4ECAH         LINE#         50
  C:4ECDH         LINE#         51
  C:4ED3H         LINE#         52
  C:4ED4H         LINE#         53
  C:4EDEH         LINE#         54
  C:4EE1H         LINE#         55
  C:4EE4H         LINE#         56
  C:4EE4H         LINE#         57
  C:4EE4H         LINE#         58
  C:4EE9H         LINE#         59
  C:4EE9H         LINE#         60
BL51 BANKED LINKER/LOCATER V6.22.2.0                                                  01/22/2019  16:46:00  PAGE 15


  -------         ENDPROC       IIC0WAITACK
  -------         PROC          IIC0ACK
  C:516AH         LINE#         61
  C:516AH         LINE#         62
  C:516AH         LINE#         63
  C:516DH         LINE#         64
  C:5171H         LINE#         65
  C:5174H         LINE#         66
  C:5177H         LINE#         67
  -------         ENDPROC       IIC0ACK
  -------         PROC          IIC0NACK
  C:50DAH         LINE#         70
  C:50DAH         LINE#         71
  C:50DFH         LINE#         72
  C:50E3H         LINE#         73
  C:50E6H         LINE#         74
  C:50E9H         LINE#         75
  C:50ECH         LINE#         76
  -------         ENDPROC       IIC0NACK
  -------         PROC          _IIC0SENDBYTE
  D:0006H         SYMBOL        txd
  -------         DO            
  D:0005H         SYMBOL        t
  -------         ENDDO         
  C:48C9H         LINE#         78
  C:48CBH         LINE#         83
  C:48D0H         LINE#         84
  C:48DCH         LINE#         85
  C:48DCH         LINE#         87
  C:48E7H         LINE#         88
  C:48EBH         LINE#         90
  C:48F0H         LINE#         91
  C:48F4H         LINE#         92
  C:48F9H         LINE#         93
  C:48FCH         LINE#         94
  C:48FFH         LINE#         95
  C:4903H         LINE#         96
  C:4907H         LINE#         97
  C:490AH         LINE#         98
  -------         ENDPROC       _IIC0SENDBYTE
  -------         PROC          _IIC0READBYTE
  D:0006H         SYMBOL        ack
  -------         DO            
  D:0004H         SYMBOL        i
  D:0005H         SYMBOL        receive
  -------         ENDDO         
  C:4987H         LINE#         100
  C:4989H         LINE#         101
  C:498BH         LINE#         102
  C:4996H         LINE#         103
  C:499BH         LINE#         104
  C:499FH         LINE#         105
  C:49A2H         LINE#         106
  C:49A6H         LINE#         107
  C:49ACH         LINE#         108
  C:49ADH         LINE#         109
  C:49B2H         LINE#         110
BL51 BANKED LINKER/LOCATER V6.22.2.0                                                  01/22/2019  16:46:00  PAGE 16


  C:49B5H         LINE#         111
  C:49B8H         LINE#         112
  C:49BDH         LINE#         114
  C:49C0H         LINE#         115
  C:49C2H         LINE#         116
  -------         ENDPROC       _IIC0READBYTE
  -------         ENDMOD        I2C0

  -------         MODULE        EPROM
  C:0000H         SYMBOL        _ICE_DUMMY_
  C:5373H         PUBLIC        epromInit
  C:49FFH         PUBLIC        _epromReadOneByte
  C:4D16H         PUBLIC        _epromWriteOneByte
  C:490BH         PUBLIC        _epromWriteLenByte
  C:3DCCH         PUBLIC        _epromReadLenByte
  C:49C3H         PUBLIC        _epromRead
  C:4949H         PUBLIC        _epromWrite
  C:341CH         PUBLIC        epromTest
  -------         PROC          EPROMINIT
  C:5373H         LINE#         4
  C:5373H         LINE#         5
  -------         ENDPROC       EPROMINIT
  -------         PROC          _EPROMREADONEBYTE
  D:0002H         SYMBOL        ReadAddr
  -------         DO            
  D:0006H         SYMBOL        temp
  -------         ENDDO         
  C:49FFH         LINE#         8
  C:4A03H         LINE#         11
  C:4A05H         LINE#         12
  C:4A08H         LINE#         15
  C:4A0DH         LINE#         16
  C:4A10H         LINE#         17
  C:4A15H         LINE#         21
  C:4A18H         LINE#         22
  C:4A1DH         LINE#         23
  C:4A20H         LINE#         24
  C:4A23H         LINE#         25
  C:4A28H         LINE#         26
  C:4A2BH         LINE#         27
  C:4A32H         LINE#         28
  C:4A35H         LINE#         29
  C:4A37H         LINE#         30
  -------         ENDPROC       _EPROMREADONEBYTE
  -------         PROC          _EPROMWRITEONEBYTE
  D:0002H         SYMBOL        WriteAddr
  D:0004H         SYMBOL        DataToWrite
  C:4D16H         LINE#         32
  C:4D1CH         LINE#         35
  C:4D1FH         LINE#         37
  C:4D24H         LINE#         38
  C:4D27H         LINE#         39
  C:4D2CH         LINE#         43
  C:4D2FH         LINE#         44
  C:4D34H         LINE#         45
  C:4D37H         LINE#         46
  C:4D3CH         LINE#         47
BL51 BANKED LINKER/LOCATER V6.22.2.0                                                  01/22/2019  16:46:00  PAGE 17


  C:4D3FH         LINE#         48
  C:4D42H         LINE#         50
  -------         ENDPROC       _EPROMWRITEONEBYTE
  -------         PROC          _EPROMWRITELENBYTE
  D:0013H         SYMBOL        WriteAddr
  D:0015H         SYMBOL        DataToWrite
  D:0019H         SYMBOL        Len
  -------         DO            
  D:001AH         SYMBOL        t
  -------         ENDDO         
  C:490BH         LINE#         54
  C:490FH         LINE#         60
  C:4919H         LINE#         61
  C:4944H         LINE#         62
  C:4948H         LINE#         63
  -------         ENDPROC       _EPROMWRITELENBYTE
  -------         PROC          _EPROMREADLENBYTE
  D:0021H         SYMBOL        ReadAddr
  D:0023H         SYMBOL        Len
  -------         DO            
  D:0001H         SYMBOL        t
  D:0024H         SYMBOL        temp
  -------         ENDDO         
  C:3DCCH         LINE#         64
  C:3DD2H         LINE#         70
  C:3DDBH         LINE#         71
  C:3DE2H         LINE#         72
  C:3DF7H         LINE#         73
  C:3E2DH         LINE#         74
  C:3E30H         LINE#         75
  C:3E38H         LINE#         76
  -------         ENDPROC       _EPROMREADLENBYTE
  -------         PROC          _EPROMREAD
  D:000BH         SYMBOL        ReadAddr
  D:000DH         SYMBOL        pBuffer
  D:0010H         SYMBOL        NumToRead
  C:49C3H         LINE#         78
  C:49CDH         LINE#         82
  C:49D3H         LINE#         83
  C:49F4H         LINE#         84
  C:49FCH         LINE#         85
  C:49FEH         LINE#         86
  -------         ENDPROC       _EPROMREAD
  -------         PROC          _EPROMWRITE
  D:0028H         SYMBOL        WriteAddr
  D:002AH         SYMBOL        pBuffer
  D:002DH         SYMBOL        NumToWrite
  C:4949H         LINE#         87
  C:4953H         LINE#         91
  C:4960H         LINE#         92
  C:4971H         LINE#         93
  C:4979H         LINE#         94
  C:4984H         LINE#         95
  C:4986H         LINE#         96
  -------         ENDPROC       _EPROMWRITE
  -------         PROC          EPROMTEST
  -------         DO            
BL51 BANKED LINKER/LOCATER V6.22.2.0                                                  01/22/2019  16:46:00  PAGE 18


  I:0064H         SYMBOL        i
  I:0068H         SYMBOL        result
  -------         ENDDO         
  C:341CH         LINE#         102
  C:341CH         LINE#         105
  C:3436H         LINE#         106
  C:343BH         LINE#         107
  C:3452H         LINE#         108
  C:3457H         LINE#         109
  C:3470H         LINE#         110
  C:3474H         LINE#         111
  C:348EH         LINE#         112
  C:3493H         LINE#         113
  C:34C0H         LINE#         114
  C:34C3H         LINE#         115
  C:34C3H         LINE#         116
  C:34C8H         LINE#         117
  C:34E1H         LINE#         118
  C:34E3H         LINE#         119
  -------         ENDPROC       EPROMTEST
  -------         ENDMOD        EPROM

  -------         MODULE        DAC8568_0
  C:0000H         SYMBOL        _ICE_DUMMY_
  D:0085H         PUBLIC        P5
  D:0086H         PUBLIC        P6
  C:4E05H         PUBLIC        dac8568_0_Init
  C:4A38H         PUBLIC        _dac8568_0_Update
  C:44C7H         PUBLIC        _dac8568_0_WriteInputRegister
  C:40F3H         PUBLIC        _dac8568_0_WriteDacRegister
  C:000EH         PUBLIC        dac8568_0_Clear
  C:521CH         PUBLIC        dac8568_0_Reset
  C:51E5H         SYMBOL        _setSYNC0
  C:51F0H         SYMBOL        _setCLK0
  C:51FBH         SYMBOL        _setDIN0
  C:5206H         SYMBOL        _setCLR0
  C:5211H         SYMBOL        _setLDAC0
  C:42B8H         SYMBOL        _spi0Write
  -------         PROC          _SETSYNC0
  D:0007H         SYMBOL        dat
  C:51E5H         LINE#         5
  C:51E5H         LINE#         6
  C:51E8H         LINE#         7
  C:51EBH         LINE#         8
  C:51ECH         LINE#         9
  C:51ECH         LINE#         10
  C:51EFH         LINE#         11
  C:51EFH         LINE#         12
  -------         ENDPROC       _SETSYNC0
  -------         PROC          _SETCLK0
  D:0007H         SYMBOL        dat
  C:51F0H         LINE#         13
  C:51F0H         LINE#         14
  C:51F3H         LINE#         15
  C:51F6H         LINE#         16
  C:51F7H         LINE#         17
  C:51F7H         LINE#         18
BL51 BANKED LINKER/LOCATER V6.22.2.0                                                  01/22/2019  16:46:00  PAGE 19


  C:51FAH         LINE#         19
  C:51FAH         LINE#         20
  -------         ENDPROC       _SETCLK0
  -------         PROC          _SETDIN0
  D:0007H         SYMBOL        dat
  C:51FBH         LINE#         21
  C:51FBH         LINE#         22
  C:51FEH         LINE#         23
  C:5201H         LINE#         24
  C:5202H         LINE#         25
  C:5202H         LINE#         26
  C:5205H         LINE#         27
  C:5205H         LINE#         28
  -------         ENDPROC       _SETDIN0
  -------         PROC          _SETCLR0
  D:0007H         SYMBOL        dat
  C:5206H         LINE#         29
  C:5206H         LINE#         30
  C:5209H         LINE#         31
  C:520CH         LINE#         32
  C:520DH         LINE#         33
  C:520DH         LINE#         34
  C:5210H         LINE#         35
  C:5210H         LINE#         36
  -------         ENDPROC       _SETCLR0
  -------         PROC          _SETLDAC0
  D:0007H         SYMBOL        dat
  C:5211H         LINE#         37
  C:5211H         LINE#         38
  C:5214H         LINE#         39
  C:5217H         LINE#         40
  C:5218H         LINE#         41
  C:5218H         LINE#         42
  C:521BH         LINE#         43
  C:521BH         LINE#         44
  -------         ENDPROC       _SETLDAC0
  -------         PROC          _SPI0WRITE
  D:000FH         SYMBOL        dat
  -------         DO            
  D:0006H         SYMBOL        tmp
  D:0003H         SYMBOL        i
  -------         ENDDO         
  C:42B8H         LINE#         45
  C:42C0H         LINE#         47
  C:42C5H         LINE#         48
  C:42C8H         LINE#         49
  C:42CBH         LINE#         50
  C:42CEH         LINE#         51
  C:42D2H         LINE#         52
  C:42DEH         LINE#         53
  C:42F2H         LINE#         54
  C:42F6H         LINE#         55
  C:42F9H         LINE#         56
  C:42FEH         LINE#         57
  C:4301H         LINE#         58
  C:4305H         LINE#         59
  C:4308H         LINE#         60
BL51 BANKED LINKER/LOCATER V6.22.2.0                                                  01/22/2019  16:46:00  PAGE 20


  C:430BH         LINE#         61
  -------         ENDPROC       _SPI0WRITE
  -------         PROC          DAC8568_0_INIT
  -------         DO            
  D:0004H         SYMBOL        tmp
  -------         ENDDO         
  C:4E05H         LINE#         63
  C:4E05H         LINE#         64
  C:4E0DH         LINE#         65
  C:4E10H         LINE#         66
  C:4E14H         LINE#         67
  C:4E17H         LINE#         68
  C:4E1AH         LINE#         69
  C:4E1DH         LINE#         70
  C:4E20H         LINE#         71
  C:4E27H         LINE#         72
  C:4E2AH         LINE#         73
  C:4E30H         LINE#         74
  -------         ENDPROC       DAC8568_0_INIT
  -------         PROC          _DAC8568_0_UPDATE
  D:0003H         SYMBOL        ch
  -------         DO            
  D:001BH         SYMBOL        tmp
  -------         ENDDO         
  C:4A38H         LINE#         76
  C:4A3AH         LINE#         77
  C:4A43H         LINE#         78
  C:4A54H         LINE#         79
  C:4A66H         LINE#         80
  -------         ENDPROC       _DAC8568_0_UPDATE
  -------         PROC          _DAC8568_0_WRITEINPUTREGISTER
  D:0001H         SYMBOL        ch
  D:0002H         SYMBOL        dat
  -------         DO            
  D:002FH         SYMBOL        tmp
  -------         ENDDO         
  C:44C7H         LINE#         82
  C:44CDH         LINE#         83
  C:44D6H         LINE#         84
  C:44F2H         LINE#         85
  C:4512H         LINE#         86
  -------         ENDPROC       _DAC8568_0_WRITEINPUTREGISTER
  -------         PROC          _DAC8568_0_WRITEDACREGISTER
  D:0003H         SYMBOL        ch
  D:0082H         SYMBOL        dat
  -------         DO            
  D:000BH         SYMBOL        tmp
  -------         ENDDO         
  C:40F3H         LINE#         88
  C:40F9H         LINE#         90
  C:40FCH         LINE#         91
  C:4106H         LINE#         92
  C:4124H         LINE#         93
  C:4144H         LINE#         94
  -------         ENDPROC       _DAC8568_0_WRITEDACREGISTER
  -------         PROC          DAC8568_0_CLEAR
  C:000EH         LINE#         96
BL51 BANKED LINKER/LOCATER V6.22.2.0                                                  01/22/2019  16:46:00  PAGE 21


  C:000EH         LINE#         97
  C:0013H         LINE#         98
  C:0017H         LINE#         99
  -------         ENDPROC       DAC8568_0_CLEAR
  -------         PROC          DAC8568_0_RESET
  -------         DO            
  D:0004H         SYMBOL        tmp
  -------         ENDDO         
  C:521CH         LINE#         101
  C:521CH         LINE#         103
  C:5224H         LINE#         104
  -------         ENDPROC       DAC8568_0_RESET
  -------         ENDMOD        DAC8568_0

  -------         MODULE        DAC8568_1
  C:0000H         SYMBOL        _ICE_DUMMY_
  D:0085H         PUBLIC        P5
  C:4E33H         PUBLIC        dac8568_1_Init
  C:4A70H         PUBLIC        _dac8568_1_Update
  C:451CH         PUBLIC        _dac8568_1_WriteInputRegister
  C:414EH         PUBLIC        _dac8568_1_WriteDacRegister
  C:51AAH         PUBLIC        dac8568_1_Clear
  C:525EH         PUBLIC        dac8568_1_Reset
  C:5227H         SYMBOL        _setSYNC1
  C:5232H         SYMBOL        _setCLK1
  C:523DH         SYMBOL        _setDIN1
  C:5248H         SYMBOL        _setCLR1
  C:5253H         SYMBOL        _setLDAC1
  C:4310H         SYMBOL        _spi1Write
  -------         PROC          _SETSYNC1
  D:0007H         SYMBOL        dat
  C:5227H         LINE#         4
  C:5227H         LINE#         5
  C:522AH         LINE#         6
  C:522DH         LINE#         7
  C:522EH         LINE#         8
  C:522EH         LINE#         9
  C:5231H         LINE#         10
  C:5231H         LINE#         11
  -------         ENDPROC       _SETSYNC1
  -------         PROC          _SETCLK1
  D:0007H         SYMBOL        dat
  C:5232H         LINE#         12
  C:5232H         LINE#         13
  C:5235H         LINE#         14
  C:5238H         LINE#         15
  C:5239H         LINE#         16
  C:5239H         LINE#         17
  C:523CH         LINE#         18
  C:523CH         LINE#         19
  -------         ENDPROC       _SETCLK1
  -------         PROC          _SETDIN1
  D:0007H         SYMBOL        dat
  C:523DH         LINE#         20
  C:523DH         LINE#         21
  C:5240H         LINE#         22
  C:5243H         LINE#         23
BL51 BANKED LINKER/LOCATER V6.22.2.0                                                  01/22/2019  16:46:00  PAGE 22


  C:5244H         LINE#         24
  C:5244H         LINE#         25
  C:5247H         LINE#         26
  C:5247H         LINE#         27
  -------         ENDPROC       _SETDIN1
  -------         PROC          _SETCLR1
  D:0007H         SYMBOL        dat
  C:5248H         LINE#         28
  C:5248H         LINE#         29
  C:524BH         LINE#         30
  C:524EH         LINE#         31
  C:524FH         LINE#         32
  C:524FH         LINE#         33
  C:5252H         LINE#         34
  C:5252H         LINE#         35
  -------         ENDPROC       _SETCLR1
  -------         PROC          _SETLDAC1
  D:0007H         SYMBOL        dat
  C:5253H         LINE#         36
  C:5253H         LINE#         37
  C:5256H         LINE#         38
  C:5259H         LINE#         39
  C:525AH         LINE#         40
  C:525AH         LINE#         41
  C:525DH         LINE#         42
  C:525DH         LINE#         43
  -------         ENDPROC       _SETLDAC1
  -------         PROC          _SPI1WRITE
  D:000FH         SYMBOL        dat
  -------         DO            
  D:0006H         SYMBOL        tmp
  D:0003H         SYMBOL        i
  -------         ENDDO         
  C:4310H         LINE#         44
  C:4318H         LINE#         46
  C:431DH         LINE#         47
  C:4320H         LINE#         48
  C:4323H         LINE#         49
  C:4326H         LINE#         50
  C:432AH         LINE#         51
  C:4336H         LINE#         52
  C:434AH         LINE#         53
  C:434EH         LINE#         54
  C:4351H         LINE#         55
  C:4356H         LINE#         56
  C:4359H         LINE#         57
  C:435DH         LINE#         58
  C:4360H         LINE#         59
  C:4363H         LINE#         60
  -------         ENDPROC       _SPI1WRITE
  -------         PROC          DAC8568_1_INIT
  -------         DO            
  D:0004H         SYMBOL        tmp
  -------         ENDDO         
  C:4E33H         LINE#         62
  C:4E33H         LINE#         63
  C:4E3BH         LINE#         64
BL51 BANKED LINKER/LOCATER V6.22.2.0                                                  01/22/2019  16:46:00  PAGE 23


  C:4E3EH         LINE#         65
  C:4E42H         LINE#         66
  C:4E45H         LINE#         67
  C:4E48H         LINE#         68
  C:4E4BH         LINE#         69
  C:4E4EH         LINE#         70
  C:4E55H         LINE#         71
  C:4E58H         LINE#         72
  C:4E5EH         LINE#         73
  -------         ENDPROC       DAC8568_1_INIT
  -------         PROC          _DAC8568_1_UPDATE
  D:0003H         SYMBOL        ch
  -------         DO            
  D:0033H         SYMBOL        tmp
  -------         ENDDO         
  C:4A70H         LINE#         75
  C:4A72H         LINE#         76
  C:4A7BH         LINE#         77
  C:4A8CH         LINE#         78
  C:4A9EH         LINE#         79
  -------         ENDPROC       _DAC8568_1_UPDATE
  -------         PROC          _DAC8568_1_WRITEINPUTREGISTER
  D:0001H         SYMBOL        ch
  D:0002H         SYMBOL        dat
  -------         DO            
  D:0037H         SYMBOL        tmp
  -------         ENDDO         
  C:451CH         LINE#         81
  C:4522H         LINE#         82
  C:452BH         LINE#         83
  C:4547H         LINE#         84
  C:4567H         LINE#         85
  -------         ENDPROC       _DAC8568_1_WRITEINPUTREGISTER
  -------         PROC          _DAC8568_1_WRITEDACREGISTER
  D:0003H         SYMBOL        ch
  D:0082H         SYMBOL        dat
  -------         DO            
  D:000BH         SYMBOL        tmp
  -------         ENDDO         
  C:414EH         LINE#         87
  C:4154H         LINE#         89
  C:4157H         LINE#         90
  C:4161H         LINE#         91
  C:417FH         LINE#         92
  C:419FH         LINE#         93
  -------         ENDPROC       _DAC8568_1_WRITEDACREGISTER
  -------         PROC          DAC8568_1_CLEAR
  C:51AAH         LINE#         95
  C:51AAH         LINE#         96
  C:51AFH         LINE#         97
  C:51B3H         LINE#         98
  -------         ENDPROC       DAC8568_1_CLEAR
  -------         PROC          DAC8568_1_RESET
  -------         DO            
  D:0004H         SYMBOL        tmp
  -------         ENDDO         
  C:525EH         LINE#         100
BL51 BANKED LINKER/LOCATER V6.22.2.0                                                  01/22/2019  16:46:00  PAGE 24


  C:525EH         LINE#         102
  C:5266H         LINE#         103
  -------         ENDPROC       DAC8568_1_RESET
  -------         ENDMOD        DAC8568_1

  -------         MODULE        DAC8568_2
  C:0000H         SYMBOL        _ICE_DUMMY_
  D:0084H         PUBLIC        P4
  D:0085H         PUBLIC        P5
  C:4E61H         PUBLIC        dac8568_2_Init
  C:4AA8H         PUBLIC        _dac8568_2_Update
  C:4571H         PUBLIC        _dac8568_2_WriteInputRegister
  C:41A9H         PUBLIC        _dac8568_2_WriteDacRegister
  C:51B6H         PUBLIC        dac8568_2_Clear
  C:52A0H         PUBLIC        dac8568_2_Reset
  C:5269H         SYMBOL        _setSYNC2
  C:5274H         SYMBOL        _setCLK2
  C:527FH         SYMBOL        _setDIN2
  C:528AH         SYMBOL        _setCLR2
  C:5295H         SYMBOL        _setLDAC2
  C:4368H         SYMBOL        _spi2Write
  -------         PROC          _SETSYNC2
  D:0007H         SYMBOL        dat
  C:5269H         LINE#         4
  C:5269H         LINE#         5
  C:526CH         LINE#         6
  C:526FH         LINE#         7
  C:5270H         LINE#         8
  C:5270H         LINE#         9
  C:5273H         LINE#         10
  C:5273H         LINE#         11
  -------         ENDPROC       _SETSYNC2
  -------         PROC          _SETCLK2
  D:0007H         SYMBOL        dat
  C:5274H         LINE#         12
  C:5274H         LINE#         13
  C:5277H         LINE#         14
  C:527AH         LINE#         15
  C:527BH         LINE#         16
  C:527BH         LINE#         17
  C:527EH         LINE#         18
  C:527EH         LINE#         19
  -------         ENDPROC       _SETCLK2
  -------         PROC          _SETDIN2
  D:0007H         SYMBOL        dat
  C:527FH         LINE#         20
  C:527FH         LINE#         21
  C:5282H         LINE#         22
  C:5285H         LINE#         23
  C:5286H         LINE#         24
  C:5286H         LINE#         25
  C:5289H         LINE#         26
  C:5289H         LINE#         27
  -------         ENDPROC       _SETDIN2
  -------         PROC          _SETCLR2
  D:0007H         SYMBOL        dat
  C:528AH         LINE#         28
BL51 BANKED LINKER/LOCATER V6.22.2.0                                                  01/22/2019  16:46:00  PAGE 25


  C:528AH         LINE#         29
  C:528DH         LINE#         30
  C:5290H         LINE#         31
  C:5291H         LINE#         32
  C:5291H         LINE#         33
  C:5294H         LINE#         34
  C:5294H         LINE#         35
  -------         ENDPROC       _SETCLR2
  -------         PROC          _SETLDAC2
  D:0007H         SYMBOL        dat
  C:5295H         LINE#         36
  C:5295H         LINE#         37
  C:5298H         LINE#         38
  C:529BH         LINE#         39
  C:529CH         LINE#         40
  C:529CH         LINE#         41
  C:529FH         LINE#         42
  C:529FH         LINE#         43
  -------         ENDPROC       _SETLDAC2
  -------         PROC          _SPI2WRITE
  D:000FH         SYMBOL        dat
  -------         DO            
  D:0006H         SYMBOL        tmp
  D:0003H         SYMBOL        i
  -------         ENDDO         
  C:4368H         LINE#         44
  C:4370H         LINE#         46
  C:4375H         LINE#         47
  C:4378H         LINE#         48
  C:437BH         LINE#         49
  C:437EH         LINE#         50
  C:4382H         LINE#         51
  C:438EH         LINE#         52
  C:43A2H         LINE#         53
  C:43A6H         LINE#         54
  C:43A9H         LINE#         55
  C:43AEH         LINE#         56
  C:43B1H         LINE#         57
  C:43B5H         LINE#         58
  C:43B8H         LINE#         59
  C:43BBH         LINE#         60
  -------         ENDPROC       _SPI2WRITE
  -------         PROC          DAC8568_2_INIT
  -------         DO            
  D:0004H         SYMBOL        tmp
  -------         ENDDO         
  C:4E61H         LINE#         62
  C:4E61H         LINE#         63
  C:4E69H         LINE#         64
  C:4E6CH         LINE#         65
  C:4E70H         LINE#         66
  C:4E73H         LINE#         67
  C:4E76H         LINE#         68
  C:4E79H         LINE#         69
  C:4E7CH         LINE#         70
  C:4E83H         LINE#         71
  C:4E86H         LINE#         72
BL51 BANKED LINKER/LOCATER V6.22.2.0                                                  01/22/2019  16:46:00  PAGE 26


  C:4E8CH         LINE#         73
  -------         ENDPROC       DAC8568_2_INIT
  -------         PROC          _DAC8568_2_UPDATE
  D:0003H         SYMBOL        ch
  -------         DO            
  D:003BH         SYMBOL        tmp
  -------         ENDDO         
  C:4AA8H         LINE#         75
  C:4AAAH         LINE#         76
  C:4AB3H         LINE#         77
  C:4AC4H         LINE#         78
  C:4AD6H         LINE#         79
  -------         ENDPROC       _DAC8568_2_UPDATE
  -------         PROC          _DAC8568_2_WRITEINPUTREGISTER
  D:0001H         SYMBOL        ch
  D:0002H         SYMBOL        dat
  -------         DO            
  D:003FH         SYMBOL        tmp
  -------         ENDDO         
  C:4571H         LINE#         81
  C:4577H         LINE#         82
  C:4580H         LINE#         83
  C:459CH         LINE#         84
  C:45BCH         LINE#         85
  -------         ENDPROC       _DAC8568_2_WRITEINPUTREGISTER
  -------         PROC          _DAC8568_2_WRITEDACREGISTER
  D:0003H         SYMBOL        ch
  D:0082H         SYMBOL        dat
  -------         DO            
  D:000BH         SYMBOL        tmp
  -------         ENDDO         
  C:41A9H         LINE#         87
  C:41AFH         LINE#         89
  C:41B2H         LINE#         90
  C:41BCH         LINE#         91
  C:41DAH         LINE#         92
  C:41FAH         LINE#         93
  -------         ENDPROC       _DAC8568_2_WRITEDACREGISTER
  -------         PROC          DAC8568_2_CLEAR
  C:51B6H         LINE#         95
  C:51B6H         LINE#         96
  C:51BBH         LINE#         97
  C:51BFH         LINE#         98
  -------         ENDPROC       DAC8568_2_CLEAR
  -------         PROC          DAC8568_2_RESET
  -------         DO            
  D:0004H         SYMBOL        tmp
  -------         ENDDO         
  C:52A0H         LINE#         100
  C:52A0H         LINE#         102
  C:52A8H         LINE#         103
  -------         ENDPROC       DAC8568_2_RESET
  -------         ENDMOD        DAC8568_2

  -------         MODULE        DAC8568_3
  C:0000H         SYMBOL        _ICE_DUMMY_
  D:0084H         PUBLIC        P4
BL51 BANKED LINKER/LOCATER V6.22.2.0                                                  01/22/2019  16:46:00  PAGE 27


  C:4E8FH         PUBLIC        dac8568_3_Init
  C:4AE0H         PUBLIC        _dac8568_3_Update
  C:45C6H         PUBLIC        _dac8568_3_WriteInputRegister
  C:4204H         PUBLIC        _dac8568_3_WriteDacRegister
  C:51C2H         PUBLIC        dac8568_3_Clear
  C:52E2H         PUBLIC        dac8568_3_Reset
  C:52ABH         SYMBOL        _setSYNC3
  C:52B6H         SYMBOL        _setCLK3
  C:52C1H         SYMBOL        _setDIN3
  C:52CCH         SYMBOL        _setCLR3
  C:52D7H         SYMBOL        _setLDAC3
  C:43C0H         SYMBOL        _spi3Write
  -------         PROC          _SETSYNC3
  D:0007H         SYMBOL        dat
  C:52ABH         LINE#         4
  C:52ABH         LINE#         5
  C:52AEH         LINE#         6
  C:52B1H         LINE#         7
  C:52B2H         LINE#         8
  C:52B2H         LINE#         9
  C:52B5H         LINE#         10
  C:52B5H         LINE#         11
  -------         ENDPROC       _SETSYNC3
  -------         PROC          _SETCLK3
  D:0007H         SYMBOL        dat
  C:52B6H         LINE#         12
  C:52B6H         LINE#         13
  C:52B9H         LINE#         14
  C:52BCH         LINE#         15
  C:52BDH         LINE#         16
  C:52BDH         LINE#         17
  C:52C0H         LINE#         18
  C:52C0H         LINE#         19
  -------         ENDPROC       _SETCLK3
  -------         PROC          _SETDIN3
  D:0007H         SYMBOL        dat
  C:52C1H         LINE#         20
  C:52C1H         LINE#         21
  C:52C4H         LINE#         22
  C:52C7H         LINE#         23
  C:52C8H         LINE#         24
  C:52C8H         LINE#         25
  C:52CBH         LINE#         26
  C:52CBH         LINE#         27
  -------         ENDPROC       _SETDIN3
  -------         PROC          _SETCLR3
  D:0007H         SYMBOL        dat
  C:52CCH         LINE#         28
  C:52CCH         LINE#         29
  C:52CFH         LINE#         30
  C:52D2H         LINE#         31
  C:52D3H         LINE#         32
  C:52D3H         LINE#         33
  C:52D6H         LINE#         34
  C:52D6H         LINE#         35
  -------         ENDPROC       _SETCLR3
  -------         PROC          _SETLDAC3
BL51 BANKED LINKER/LOCATER V6.22.2.0                                                  01/22/2019  16:46:00  PAGE 28


  D:0007H         SYMBOL        dat
  C:52D7H         LINE#         36
  C:52D7H         LINE#         37
  C:52DAH         LINE#         38
  C:52DDH         LINE#         39
  C:52DEH         LINE#         40
  C:52DEH         LINE#         41
  C:52E1H         LINE#         42
  C:52E1H         LINE#         43
  -------         ENDPROC       _SETLDAC3
  -------         PROC          _SPI3WRITE
  D:000FH         SYMBOL        dat
  -------         DO            
  D:0006H         SYMBOL        tmp
  D:0003H         SYMBOL        i
  -------         ENDDO         
  C:43C0H         LINE#         44
  C:43C8H         LINE#         46
  C:43CDH         LINE#         47
  C:43D0H         LINE#         48
  C:43D3H         LINE#         49
  C:43D6H         LINE#         50
  C:43DAH         LINE#         51
  C:43E6H         LINE#         52
  C:43FAH         LINE#         53
  C:43FEH         LINE#         54
  C:4401H         LINE#         55
  C:4406H         LINE#         56
  C:4409H         LINE#         57
  C:440DH         LINE#         58
  C:4410H         LINE#         59
  C:4413H         LINE#         60
  -------         ENDPROC       _SPI3WRITE
  -------         PROC          DAC8568_3_INIT
  -------         DO            
  D:0004H         SYMBOL        tmp
  -------         ENDDO         
  C:4E8FH         LINE#         62
  C:4E8FH         LINE#         63
  C:4E97H         LINE#         64
  C:4E9AH         LINE#         65
  C:4E9EH         LINE#         66
  C:4EA1H         LINE#         67
  C:4EA4H         LINE#         68
  C:4EA7H         LINE#         69
  C:4EAAH         LINE#         70
  C:4EB1H         LINE#         71
  C:4EB4H         LINE#         72
  C:4EBAH         LINE#         73
  -------         ENDPROC       DAC8568_3_INIT
  -------         PROC          _DAC8568_3_UPDATE
  D:0003H         SYMBOL        ch
  -------         DO            
  D:0043H         SYMBOL        tmp
  -------         ENDDO         
  C:4AE0H         LINE#         75
  C:4AE2H         LINE#         76
BL51 BANKED LINKER/LOCATER V6.22.2.0                                                  01/22/2019  16:46:00  PAGE 29


  C:4AEBH         LINE#         77
  C:4AFCH         LINE#         78
  C:4B0EH         LINE#         79
  -------         ENDPROC       _DAC8568_3_UPDATE
  -------         PROC          _DAC8568_3_WRITEINPUTREGISTER
  D:0001H         SYMBOL        ch
  D:0002H         SYMBOL        dat
  -------         DO            
  D:0047H         SYMBOL        tmp
  -------         ENDDO         
  C:45C6H         LINE#         81
  C:45CCH         LINE#         82
  C:45D5H         LINE#         83
  C:45F1H         LINE#         84
  C:4611H         LINE#         85
  -------         ENDPROC       _DAC8568_3_WRITEINPUTREGISTER
  -------         PROC          _DAC8568_3_WRITEDACREGISTER
  D:0003H         SYMBOL        ch
  D:0082H         SYMBOL        dat
  -------         DO            
  D:000BH         SYMBOL        tmp
  -------         ENDDO         
  C:4204H         LINE#         87
  C:420AH         LINE#         89
  C:420DH         LINE#         90
  C:4217H         LINE#         91
  C:4235H         LINE#         92
  C:4255H         LINE#         93
  -------         ENDPROC       _DAC8568_3_WRITEDACREGISTER
  -------         PROC          DAC8568_3_CLEAR
  C:51C2H         LINE#         95
  C:51C2H         LINE#         96
  C:51C7H         LINE#         97
  C:51CBH         LINE#         98
  -------         ENDPROC       DAC8568_3_CLEAR
  -------         PROC          DAC8568_3_RESET
  -------         DO            
  D:0004H         SYMBOL        tmp
  -------         ENDDO         
  C:52E2H         LINE#         100
  C:52E2H         LINE#         102
  C:52EAH         LINE#         103
  -------         ENDPROC       DAC8568_3_RESET
  -------         ENDMOD        DAC8568_3

  -------         MODULE        MODBUS
  C:0000H         SYMBOL        _ICE_DUMMY_
  I:0071H         PUBLIC        modbusTimerValue
  I:0073H         PUBLIC        modbusReceiveCounter
  X:07C0H         PUBLIC        modbusReceiveBuffer
  C:47F2H         PUBLIC        modbusPorcess
  I:0074H         PUBLIC        ModbusSlaveAddress
  X:08C0H         PUBLIC        Tx_Data
  I:0075H         PUBLIC        Tx_Current
  I:0079H         PUBLIC        Tx_CRC16
  I:007DH         PUBLIC        Tx_State
  X:09C4H         PUBLIC        Tx_Buf
BL51 BANKED LINKER/LOCATER V6.22.2.0                                                  01/22/2019  16:46:00  PAGE 30


  I:007EH         PUBLIC        Tx_Buf_Size
  X:0AC4H         PUBLIC        Rx_Data
  I:0082H         PUBLIC        Rx_CRC16
  I:0086H         PUBLIC        Rx_State
  I:0087H         PUBLIC        Rx_Data_Available
  C:3712H         PUBLIC        _modbusCrc16
  C:502DH         PUBLIC        DoSlaveTX
  C:507FH         PUBLIC        SendMessage
  C:4F41H         PUBLIC        _HandleModbusError
  C:2375H         PUBLIC        HandleModbusReadCoils
  C:537CH         PUBLIC        HandleModbusReadInputCoil
  C:30D9H         PUBLIC        HandleModbusReadHoldingRegisters
  C:2884H         PUBLIC        HandleModbusWriteSingleCoil
  C:3653H         PUBLIC        HandleModbusWriteSingleRegister
  C:2006H         PUBLIC        HandleModbusWriteMultipleCoils
  C:2FFAH         PUBLIC        HandleModbusWriteMultipleRegisters
  C:51CEH         PUBLIC        RxDataAvailable
  C:5132H         PUBLIC        CheckRxTimeout
  C:39FCH         PUBLIC        checkModbusBufferComplete
  C:2613H         PUBLIC        RxRTU
  C:3284H         PUBLIC        TxRTU
  C:5146H         PUBLIC        _InitModbus
  C:370CH         SYMBOL        L?0134
  -------         PROC          L?0133
  -------         ENDPROC       L?0133
  C:370CH         SYMBOL        L?0134
  -------         PROC          _MODBUSCRC16
  D:0007H         SYMBOL        Data
  D:000BH         SYMBOL        CRC
  -------         DO            
  I:0066H         SYMBOL        i
  -------         ENDDO         
  C:3712H         LINE#         51
  C:3718H         LINE#         53
  C:3731H         LINE#         54
  C:374AH         LINE#         55
  C:375EH         LINE#         56
  C:3771H         LINE#         58
  C:377CH         LINE#         59
  C:3798H         LINE#         60
  -------         ENDPROC       _MODBUSCRC16
  -------         PROC          DOSLAVETX
  C:502DH         LINE#         61
  C:502DH         LINE#         62
  C:503FH         LINE#         63
  C:5048H         LINE#         64
  C:504AH         LINE#         65
  -------         ENDPROC       DOSLAVETX
  -------         PROC          SENDMESSAGE
  C:507FH         LINE#         66
  C:507FH         LINE#         67
  C:5084H         LINE#         68
  C:5087H         LINE#         69
  C:5087H         LINE#         70
  C:5090H         LINE#         71
  C:5094H         LINE#         72
  C:5096H         LINE#         73
BL51 BANKED LINKER/LOCATER V6.22.2.0                                                  01/22/2019  16:46:00  PAGE 31


  -------         ENDPROC       SENDMESSAGE
  -------         PROC          _HANDLEMODBUSERROR
  D:0006H         SYMBOL        ErrorCode
  C:4F41H         LINE#         74
  C:4F43H         LINE#         75
  C:4F48H         LINE#         76
  C:4F4FH         LINE#         77
  C:4F56H         LINE#         78
  C:4F5DH         LINE#         79
  C:4F60H         LINE#         80
  -------         ENDPROC       _HANDLEMODBUSERROR
  -------         PROC          HANDLEMODBUSREADCOILS
  -------         DO            
  I:0064H         SYMBOL        startAddress
  I:0066H         SYMBOL        numberOfCoil
  I:0068H         SYMBOL        byteCount
  I:006AH         SYMBOL        tempAddr
  I:006CH         SYMBOL        i
  I:006EH         SYMBOL        j
  I:0070H         SYMBOL        tempData
  -------         ENDDO         
  C:2375H         LINE#         83
  C:2375H         LINE#         85
  C:2379H         LINE#         87
  C:238BH         LINE#         88
  C:239CH         LINE#         89
  C:23ADH         LINE#         90
  C:23B2H         LINE#         91
  C:23B2H         LINE#         92
  C:23B2H         LINE#         93
  C:23CAH         LINE#         94
  C:23CFH         LINE#         95
  C:23D7H         LINE#         96
  C:23D7H         LINE#         97
  C:23DDH         LINE#         98
  C:23E4H         LINE#         99
  C:23ECH         LINE#         100
  C:23FAH         LINE#         101
  C:240FH         LINE#         102
  C:2421H         LINE#         103
  C:2435H         LINE#         104
  C:2475H         LINE#         105
  C:2496H         LINE#         106
  C:249EH         LINE#         111
  C:24A9H         LINE#         112
  C:24B7H         LINE#         113
  C:24C2H         LINE#         114
  C:24CCH         LINE#         115
  C:24CFH         LINE#         116
  C:24CFH         LINE#         117
  -------         ENDPROC       HANDLEMODBUSREADCOILS
  -------         PROC          HANDLEMODBUSREADINPUTCOIL
  C:537CH         LINE#         118
  C:537CH         LINE#         119
  -------         ENDPROC       HANDLEMODBUSREADINPUTCOIL
[...]

?C?CASTF . . . . . . . . . . . . . . CODE;    ?C?CASTF  SPLCFUN  
?C?CILDOPTR. . . . . . . . . . . . . CODE;    ?C?CILDOPTR  SPLCCHIPADC  
BL51 BANKED LINKER/LOCATER V6.22.2.0                                                  01/22/2019  16:46:00  PAGE 96


?C?CLDOPTR . . . . . . . . . . . . . CODE;    ?C?CLDOPTR  MODBUSPORT  SPLC  SPLCCHIPADC  
?C?CLDPTR. . . . . . . . . . . . . . CODE;    ?C?CLDPTR  EPROM  MODBUSPORT  
?C?COPY. . . . . . . . . . . . . . . CODE;    ?C?COPY  SPLC  
?C?CSTOPTR . . . . . . . . . . . . . CODE;    ?C?CSTOPTR  SPLCCHIPADC  
?C?CSTPTR. . . . . . . . . . . . . . CODE;    ?C?CSTPTR  EPROM  
?C?FCASTC. . . . . . . . . . . . . . CODE;    ?C?FCAST  
?C?FCASTI. . . . . . . . . . . . . . CODE;    ?C?FCAST  LOG  SPLCFUN  
?C?FCASTL. . . . . . . . . . . . . . CODE;    ?C?FCAST  
?C?FP2SERIES . . . . . . . . . . . . CODE;    ?C?FPSERIES  LOG  
?C?FPADD . . . . . . . . . . . . . . CODE;    ?C?FPADD  ?C?FPSERIES  LOG  SPLCFUN  
?C?FPCMP . . . . . . . . . . . . . . CODE;    ?C?FPCMP  
?C?FPCMP3. . . . . . . . . . . . . . CODE;    ?C?FPCMP  SPLCFUN  
?C?FPDIV . . . . . . . . . . . . . . CODE;    ?C?FPDIV  LOG  SPLCFUN  
?C?FPGETOPN2 . . . . . . . . . . . . CODE;    ?C?FPGETOPN  ?C?FPADD  ?C?FPDIV  ?C?FPMUL  
?C?FPMUL . . . . . . . . . . . . . . CODE;    ?C?FPMUL  ?C?FPSERIES  LOG  SPLCFUN  
?C?FPNANRESULT . . . . . . . . . . . CODE;    ?C?FPGETOPN  ?C?FPADD  ?C?FPDIV  ?C?FPMUL  LOG  
?C?FPOVERFLOW. . . . . . . . . . . . CODE;    ?C?FPGETOPN  ?C?FPADD  ?C?FPDIV  ?C?FPMUL  LOG  
?C?FPRESULT. . . . . . . . . . . . . CODE;    ?C?FPGETOPN  ?C?FPADD  ?C?FPDIV  ?C?FPMUL  
?C?FPRESULT2 . . . . . . . . . . . . CODE;    ?C?FPGETOPN  ?C?FPDIV  ?C?FPMUL  
?C?FPSERIES. . . . . . . . . . . . . CODE;    ?C?FPSERIES  
?C?FPSUB . . . . . . . . . . . . . . CODE;    ?C?FPADD  LOG  
?C?FPUNDERFLOW . . . . . . . . . . . CODE;    ?C?FPGETOPN  ?C?FPADD  ?C?FPDIV  ?C?FPMUL  LOG  
?C?IILDX . . . . . . . . . . . . . . CODE;    ?C?IILDX  SPLC  
?C?ILDIX . . . . . . . . . . . . . . CODE;    ?C?ILDIX  MODBUS  
?C?ILDOPTR . . . . . . . . . . . . . CODE;    ?C?ILDOPTR  SPLCCHIPADC  SPLCFUN  
?C?ILDPTR. . . . . . . . . . . . . . CODE;    ?C?ILDPTR  SPLCFUN  
?C?ISTOPTR . . . . . . . . . . . . . CODE;    ?C?ISTOPTR  SPLCCHIPADC  
?C?ISTPTR. . . . . . . . . . . . . . CODE;    ?C?ISTPTR  SPLCFUN  
?C?LLDCODE . . . . . . . . . . . . . CODE;    ?C?LLDCODE  ?C?FPSERIES  ?C?LLDPTR  LOG  
?C?LLDCODE0. . . . . . . . . . . . . CODE;    ?C?LLDCODE0  ?C?FPSERIES  ?C?LLDPTR0  LOG  
?C?LLDIDATA. . . . . . . . . . . . . CODE;    ?C?LLDIDATA  ?C?LLDPTR  EPROM  MODBUS  SPLC  SPLCCHIPADC  SPLCFUN  
?C?LLDIDATA0 . . . . . . . . . . . . CODE;    ?C?LLDIDATA0  ?C?LLDPTR0  EPROM  MODBUS  SPLCCHIPADC  SPLCFUN  
?C?LLDIIDATA . . . . . . . . . . . . CODE;    ?C?LLDIIDATA  
?C?LLDIIDATA1. . . . . . . . . . . . CODE;    ?C?LLDIIDATA  MODBUS  
?C?LLDIIDATA8. . . . . . . . . . . . CODE;    ?C?LLDIIDATA  
?C?LLDPDATA. . . . . . . . . . . . . CODE;    ?C?LLDPDATA  ?C?LLDPTR  
?C?LLDPDATA0 . . . . . . . . . . . . CODE;    ?C?LLDPDATA0  ?C?LLDPTR0  
?C?LLDPTR. . . . . . . . . . . . . . CODE;    ?C?LLDPTR  MODBUS  SPLCFUN  
?C?LLDPTR0 . . . . . . . . . . . . . CODE;    ?C?LLDPTR0  MODBUS  SPLCFUN  
?C?LLDXDATA. . . . . . . . . . . . . CODE;    ?C?LLDXDATA  ?C?LLDPTR  
?C?LLDXDATA0 . . . . . . . . . . . . CODE;    ?C?LLDXDATA0  ?C?LLDPTR0  
?C?LMUL. . . . . . . . . . . . . . . CODE;    ?C?LMUL  SPLC  SPLCFUN  
?C?LNEG. . . . . . . . . . . . . . . CODE;    ?C?LNEG  ?C?CASTF  ?C?FCAST  MODBUSPORT  SPLCUART  
?C?LSHL. . . . . . . . . . . . . . . CODE;    ?C?LSHL  DAC8568_0  DAC8568_1  DAC8568_2  DAC8568_3  EPROM  MODBUS  
?C?LSTIDATA. . . . . . . . . . . . . CODE;    ?C?LSTIDATA  ?C?LSTPTR  EPROM  MODBUS  SPLC  SPLCCHIPADC  SPLCFUN  
?C?LSTKIDATA . . . . . . . . . . . . CODE;    ?C?LSTKIDATA  EPROM  MODBUS  SPLC  SPLCCHIPADC  SPLCFUN  
?C?LSTPDATA. . . . . . . . . . . . . CODE;    ?C?LSTPDATA  ?C?LSTPTR  
?C?LSTPTR. . . . . . . . . . . . . . CODE;    ?C?LSTPTR  MODBUS  SPLCFUN  
?C?LSTXDATA. . . . . . . . . . . . . CODE;    ?C?LSTXDATA  ?C?LSTPTR  
?C?MEMSET. . . . . . . . . . . . . . CODE;    ?C?MEMSET  SPLC  
?C?SLCMP . . . . . . . . . . . . . . CODE;    ?C?SLCMP  MODBUS  SPLCFUN  
?C?SLDIV . . . . . . . . . . . . . . CODE;    ?C?SLDIV  MODBUSPORT  SPLCFUN  SPLCUART  
?C?UIDIV . . . . . . . . . . . . . . CODE;    ?C?UIDIV  SPLCFUN  
?C?ULCMP . . . . . . . . . . . . . . CODE;    ?C?ULCMP  EPROM  MODBUS  
?C?ULDIV . . . . . . . . . . . . . . CODE;    ?C?ULDIV  ?C?SLDIV  MODBUSPORT  SPLCCHIPADC  SPLCUART  
?C?ULSHR . . . . . . . . . . . . . . CODE;    ?C?ULSHR  DAC8568_0  DAC8568_1  DAC8568_2  DAC8568_3  EPROM  MODBUS  SPLC 
                                               
BL51 BANKED LINKER/LOCATER V6.22.2.0                                                  01/22/2019  16:46:00  PAGE 97


?C_IBP . . . . . . . . . . . . . . . DATA;    ?C_IBP  DELAY  SPLC  SPLCFUN  
?C_INITSEGSTART. . . . . . . . . . . CODE;    ** L51 GENERATED **  
?C_START . . . . . . . . . . . . . . CODE;    ?C_INIT  ?C_STARTUP  
?C_STARTUP . . . . . . . . . . . . . CODE;    ?C_STARTUP  MAINAPP  
?_EPROMREAD?BYTE . . . . . . . . . . DATA;    EPROM  SPLC  
?_EPROMWRITE?BYTE. . . . . . . . . . DATA;    EPROM  SPLC  
?_EPROMWRITELENBYTE?BYTE . . . . . . DATA;    EPROM  
?_INITMODBUS?BYTE. . . . . . . . . . DATA;    MODBUS  MAINAPP  SPLC  
CHECKMODBUSBUFFERCOMPLETE. . . . . . CODE;    MODBUS  
CHECKRXTIMEOUT . . . . . . . . . . . CODE;    MODBUS  
CHIPADCPROCESS . . . . . . . . . . . CODE;    SPLCCHIPADC  SPLC  
DAC8568_0_CLEAR. . . . . . . . . . . CODE;    DAC8568_0  
DAC8568_0_INIT . . . . . . . . . . . CODE;    DAC8568_0  SPLCDAC  
DAC8568_0_RESET. . . . . . . . . . . CODE;    DAC8568_0  
DAC8568_1_CLEAR. . . . . . . . . . . CODE;    DAC8568_1  
DAC8568_1_INIT . . . . . . . . . . . CODE;    DAC8568_1  SPLCDAC  
DAC8568_1_RESET. . . . . . . . . . . CODE;    DAC8568_1  
DAC8568_2_CLEAR. . . . . . . . . . . CODE;    DAC8568_2  
DAC8568_2_INIT . . . . . . . . . . . CODE;    DAC8568_2  SPLCDAC  
DAC8568_2_RESET. . . . . . . . . . . CODE;    DAC8568_2  
DAC8568_3_CLEAR. . . . . . . . . . . CODE;    DAC8568_3  
DAC8568_3_INIT . . . . . . . . . . . CODE;    DAC8568_3  SPLCDAC  
DAC8568_3_RESET. . . . . . . . . . . CODE;    DAC8568_3  
DOSLAVETX. . . . . . . . . . . . . . CODE;    MODBUS  
EPROMINIT. . . . . . . . . . . . . . CODE;    EPROM  
EPROMTEST. . . . . . . . . . . . . . CODE;    EPROM  SPLC  
GETGLOBALINTERRUPT . . . . . . . . . CODE;    SPLC  
GETLEDDAC. . . . . . . . . . . . . . CODE;    SPLC  
GETLEDEPROM. . . . . . . . . . . . . CODE;    SPLC  
GETLEDERROR. . . . . . . . . . . . . CODE;    SPLC  
GETLEDRUN. . . . . . . . . . . . . . CODE;    SPLC  
HANDLEMODBUSREADCOILS. . . . . . . . CODE;    MODBUS  
HANDLEMODBUSREADHOLDINGREGISTERS . . CODE;    MODBUS  
HANDLEMODBUSREADINPUTCOIL. . . . . . CODE;    MODBUS  
HANDLEMODBUSWRITEMULTIPLECOILS . . . CODE;    MODBUS  
HANDLEMODBUSWRITEMULTIPLEREGISTERS . CODE;    MODBUS  
HANDLEMODBUSWRITESINGLECOIL. . . . . CODE;    MODBUS  
HANDLEMODBUSWRITESINGLEREGISTER. . . CODE;    MODBUS  
IIC0ACK. . . . . . . . . . . . . . . CODE;    I2C0  
IIC0INIT . . . . . . . . . . . . . . CODE;    I2C0  EPROM  
IIC0NACK . . . . . . . . . . . . . . CODE;    I2C0  
IIC0START. . . . . . . . . . . . . . CODE;    I2C0  EPROM  
IIC0STOP . . . . . . . . . . . . . . CODE;    I2C0  EPROM  
IIC0WAITACK. . . . . . . . . . . . . CODE;    I2C0  EPROM  
INITCHIPADC. . . . . . . . . . . . . CODE;    SPLCCHIPADC  SPLC  
INITCHIPDAC. . . . . . . . . . . . . CODE;    SPLCDAC  SPLC  
INITDEVICEF020 . . . . . . . . . . . CODE;    INITDEVICEF020  MAINAPP  
INITMODBUSTIMER. . . . . . . . . . . CODE;    MODBUSPORT  
MAIN . . . . . . . . . . . . . . . . CODE;    MAINAPP  ?C_INIT  
MODBUSPORCESS. . . . . . . . . . . . CODE;    MODBUS  SPLC  
MODBUSRECEIVEBUFFER. . . . . . . . . XDATA;   MODBUS  MODBUSPORT  
MODBUSRECEIVECOUNTER . . . . . . . . IDATA;   MODBUS  MODBUSPORT  
MODBUSSLAVEADDRESS . . . . . . . . . IDATA;   MODBUS  
MODBUSTIMERINITIALISE. . . . . . . . CODE;    MODBUSPORT  MODBUS  
MODBUSTIMERVALUE . . . . . . . . . . IDATA;   MODBUS  MODBUSPORT  
NVRAM0 . . . . . . . . . . . . . . . XDATA;   SPLC  MAINAPP  MODBUS  SPLCCHIPADC  SPLCDAC  SPLCFUN  SPLCUART  
NVRAM1 . . . . . . . . . . . . . . . XDATA;   SPLC  SPLCDAC  SPLCFUN  
BL51 BANKED LINKER/LOCATER V6.22.2.0                                                  01/22/2019  16:46:00  PAGE 98


PORT_IO_INIT . . . . . . . . . . . . CODE;    INITDEVICEF020  
REFRESHDAC . . . . . . . . . . . . . CODE;    SPLCDAC  SPLC  
RXDATAAVAILABLE. . . . . . . . . . . CODE;    MODBUS  
RXRTU. . . . . . . . . . . . . . . . CODE;    MODBUS  
RX_CRC16 . . . . . . . . . . . . . . IDATA;   MODBUS  
RX_DATA. . . . . . . . . . . . . . . XDATA;   MODBUS  
RX_DATA_AVAILABLE. . . . . . . . . . IDATA;   MODBUS  
RX_STATE . . . . . . . . . . . . . . IDATA;   MODBUS  
SELFTESTDAC. . . . . . . . . . . . . CODE;    SPLCDAC  
SENDMESSAGE. . . . . . . . . . . . . CODE;    MODBUS  
SPLCBOXLEDREFRESH. . . . . . . . . . CODE;    MAINAPP  
SPLCINIT . . . . . . . . . . . . . . CODE;    SPLC  MAINAPP  
SPLCPROCESSEND . . . . . . . . . . . CODE;    SPLC  MAINAPP  
SPLCPROCESSSTART . . . . . . . . . . CODE;    SPLC  MAINAPP  
TXRTU. . . . . . . . . . . . . . . . CODE;    MODBUS  
TX_BUF . . . . . . . . . . . . . . . XDATA;   MODBUS  
TX_BUF_SIZE. . . . . . . . . . . . . IDATA;   MODBUS  
TX_CRC16 . . . . . . . . . . . . . . IDATA;   MODBUS  
TX_CURRENT . . . . . . . . . . . . . IDATA;   MODBUS  
TX_DATA. . . . . . . . . . . . . . . XDATA;   MODBUS  
TX_STATE . . . . . . . . . . . . . . IDATA;   MODBUS  
UART1ISR . . . . . . . . . . . . . . CODE;    SPLCUART  
_?ADD. . . . . . . . . . . . . . . . CODE;    SPLCFUN  
_?ADDS . . . . . . . . . . . . . . . CODE;    SPLCFUN  
_?ASSERTCOILADDRESS. . . . . . . . . CODE;    SPLC  SPLCFUN  
_?ASSERTREGISTERADDRESS. . . . . . . CODE;    SPLC  
_?DADD . . . . . . . . . . . . . . . CODE;    SPLCFUN  
_?DELAYMS. . . . . . . . . . . . . . CODE;    DELAY  EPROM  SPLC  
_?DELAYUS. . . . . . . . . . . . . . CODE;    DELAY  DAC8568_0  DAC8568_1  DAC8568_2  DAC8568_3  I2C0  
_?DSUB . . . . . . . . . . . . . . . CODE;    SPLCFUN  
_?FLIP . . . . . . . . . . . . . . . CODE;    SPLCFUN  
_?LD . . . . . . . . . . . . . . . . CODE;    SPLCFUN  MAINAPP  SPLC  
_?LDB. . . . . . . . . . . . . . . . CODE;    SPLCFUN  MAINAPP  
_?LDN. . . . . . . . . . . . . . . . CODE;    SPLCFUN  
_?LDP. . . . . . . . . . . . . . . . CODE;    SPLCFUN  
_?MAX. . . . . . . . . . . . . . . . CODE;    SPLCFUN  
_?MIN. . . . . . . . . . . . . . . . CODE;    SPLCFUN  
_?MULT . . . . . . . . . . . . . . . CODE;    SPLCFUN  
_?MULTS. . . . . . . . . . . . . . . CODE;    SPLCFUN  
_?REBOOT . . . . . . . . . . . . . . CODE;    SPLCFUN  SPLC  
_?RES. . . . . . . . . . . . . . . . CODE;    SPLCFUN  MAINAPP  SPLC  SPLCUART  
_?SET. . . . . . . . . . . . . . . . CODE;    SPLCFUN  MAINAPP  SPLC  SPLCUART  
_?SUB. . . . . . . . . . . . . . . . CODE;    SPLCFUN  
_?SUBS . . . . . . . . . . . . . . . CODE;    SPLCFUN  
_?T100MS . . . . . . . . . . . . . . CODE;    SPLCFUN  MAINAPP  
_?T10MS. . . . . . . . . . . . . . . CODE;    SPLCFUN  
_?T1MS . . . . . . . . . . . . . . . CODE;    SPLCFUN  
_?TENV . . . . . . . . . . . . . . . CODE;    SPLCFUN  
_?TNTC . . . . . . . . . . . . . . . CODE;    SPLCFUN  
_?WDTDISABLE . . . . . . . . . . . . CODE;    SPLC  
_?WDTENABLE. . . . . . . . . . . . . CODE;    SPLC  
_?WDTFEED. . . . . . . . . . . . . . CODE;    SPLC  DELAY  MODBUSPORT  
_DAC8568_0_UPDATE. . . . . . . . . . CODE;    DAC8568_0  
_DAC8568_0_WRITEDACREGISTER. . . . . CODE;    DAC8568_0  SPLCDAC  
_DAC8568_0_WRITEINPUTREGISTER. . . . CODE;    DAC8568_0  
_DAC8568_1_UPDATE. . . . . . . . . . CODE;    DAC8568_1  
_DAC8568_1_WRITEDACREGISTER. . . . . CODE;    DAC8568_1  SPLCDAC  
BL51 BANKED LINKER/LOCATER V6.22.2.0                                                  01/22/2019  16:46:00  PAGE 99


_DAC8568_1_WRITEINPUTREGISTER. . . . CODE;    DAC8568_1  
_DAC8568_2_UPDATE. . . . . . . . . . CODE;    DAC8568_2  
_DAC8568_2_WRITEDACREGISTER. . . . . CODE;    DAC8568_2  SPLCDAC  
_DAC8568_2_WRITEINPUTREGISTER. . . . CODE;    DAC8568_2  
_DAC8568_3_UPDATE. . . . . . . . . . CODE;    DAC8568_3  
_DAC8568_3_WRITEDACREGISTER. . . . . CODE;    DAC8568_3  SPLCDAC  
_DAC8568_3_WRITEINPUTREGISTER. . . . CODE;    DAC8568_3  
_EPROMREAD . . . . . . . . . . . . . CODE;    EPROM  SPLC  
_EPROMREADLENBYTE. . . . . . . . . . CODE;    EPROM  
_EPROMREADONEBYTE. . . . . . . . . . CODE;    EPROM  
_EPROMWRITE. . . . . . . . . . . . . CODE;    EPROM  SPLC  
_EPROMWRITELENBYTE . . . . . . . . . CODE;    EPROM  
_EPROMWRITEONEBYTE . . . . . . . . . CODE;    EPROM  SPLC  
_HANDLEMODBUSERROR . . . . . . . . . CODE;    MODBUS  
_IIC0READBYTE. . . . . . . . . . . . CODE;    I2C0  EPROM  
_IIC0SENDBYTE. . . . . . . . . . . . CODE;    I2C0  EPROM  
_INITMODBUS. . . . . . . . . . . . . CODE;    MODBUS  MAINAPP  SPLC  
_INITMODBUSSERIAL. . . . . . . . . . CODE;    MODBUSPORT  
_INITUART1 . . . . . . . . . . . . . CODE;    SPLCUART  SPLC  
_LOG . . . . . . . . . . . . . . . . CODE;    LOG  SPLCFUN  
_LOG10 . . . . . . . . . . . . . . . CODE;    LOG  
_MODBUSCRC16 . . . . . . . . . . . . CODE;    MODBUS  
_MODBUSUARTINITIALISE. . . . . . . . CODE;    MODBUSPORT  MODBUS  
_MODBUSUARTPUTCH . . . . . . . . . . CODE;    MODBUSPORT  
_MODBUSUARTSTRING. . . . . . . . . . CODE;    MODBUSPORT  MODBUS  
_RECEIVEINTERRUPT. . . . . . . . . . CODE;    MODBUSPORT  
_REFRESHADCDATA. . . . . . . . . . . CODE;    SPLCCHIPADC  
_SETLEDDAC . . . . . . . . . . . . . CODE;    SPLC  SPLCDAC  
_SETLEDEPROM . . . . . . . . . . . . CODE;    SPLC  EPROM  
_SETLEDERROR . . . . . . . . . . . . CODE;    SPLC  MODBUS  
_SETLEDRUN . . . . . . . . . . . . . CODE;    SPLC  
_URECV . . . . . . . . . . . . . . . CODE;    SPLCUART  
_URSTP . . . . . . . . . . . . . . . CODE;    SPLCUART  
_USEND . . . . . . . . . . . . . . . CODE;    SPLCUART  MAINAPP  
_USSTP . . . . . . . . . . . . . . . CODE;    SPLCUART  

*** WARNING L16: UNCALLED SEGMENT, IGNORED FOR OVERLAY PROCESS
    SEGMENT: ?PR?GETSCL0?I2C0

*** WARNING L16: UNCALLED SEGMENT, IGNORED FOR OVERLAY PROCESS
    SEGMENT: ?PR?EPROMINIT?EPROM

*** WARNING L16: UNCALLED SEGMENT, IGNORED FOR OVERLAY PROCESS
    SEGMENT: ?PR?_EPROMWRITELENBYTE?EPROM

*** WARNING L16: UNCALLED SEGMENT, IGNORED FOR OVERLAY PROCESS
    SEGMENT: ?PR?_EPROMREADLENBYTE?EPROM

*** WARNING L16: UNCALLED SEGMENT, IGNORED FOR OVERLAY PROCESS
    SEGMENT: ?PR?_DAC8568_0_UPDATE?DAC8568_0

*** WARNING L16: UNCALLED SEGMENT, IGNORED FOR OVERLAY PROCESS
    SEGMENT: ?PR?_DAC8568_0_WRITEINPUTREGISTER?DAC8568_0

*** WARNING L16: UNCALLED SEGMENT, IGNORED FOR OVERLAY PROCESS
    SEGMENT: ?PR?DAC8568_0_CLEAR?DAC8568_0

BL51 BANKED LINKER/LOCATER V6.22.2.0                                                  01/22/2019  16:46:00  PAGE 100


*** WARNING L16: UNCALLED SEGMENT, IGNORED FOR OVERLAY PROCESS
    SEGMENT: ?PR?DAC8568_0_RESET?DAC8568_0

*** WARNING L16: UNCALLED SEGMENT, IGNORED FOR OVERLAY PROCESS
    SEGMENT: ?PR?_DAC8568_1_UPDATE?DAC8568_1

*** WARNING L16: UNCALLED SEGMENT, IGNORED FOR OVERLAY PROCESS
    SEGMENT: ?PR?_DAC8568_1_WRITEINPUTREGISTER?DAC8568_1

*** WARNING L16: UNCALLED SEGMENT, IGNORED FOR OVERLAY PROCESS
    SEGMENT: ?PR?DAC8568_1_CLEAR?DAC8568_1

*** WARNING L16: UNCALLED SEGMENT, IGNORED FOR OVERLAY PROCESS
    SEGMENT: ?PR?DAC8568_1_RESET?DAC8568_1

*** WARNING L16: UNCALLED SEGMENT, IGNORED FOR OVERLAY PROCESS
    SEGMENT: ?PR?_DAC8568_2_UPDATE?DAC8568_2

*** WARNING L16: UNCALLED SEGMENT, IGNORED FOR OVERLAY PROCESS
    SEGMENT: ?PR?_DAC8568_2_WRITEINPUTREGISTER?DAC8568_2

*** WARNING L16: UNCALLED SEGMENT, IGNORED FOR OVERLAY PROCESS
    SEGMENT: ?PR?DAC8568_2_CLEAR?DAC8568_2

*** WARNING L16: UNCALLED SEGMENT, IGNORED FOR OVERLAY PROCESS
    SEGMENT: ?PR?DAC8568_2_RESET?DAC8568_2

*** WARNING L16: UNCALLED SEGMENT, IGNORED FOR OVERLAY PROCESS
    SEGMENT: ?PR?_DAC8568_3_UPDATE?DAC8568_3

*** WARNING L16: UNCALLED SEGMENT, IGNORED FOR OVERLAY PROCESS
    SEGMENT: ?PR?_DAC8568_3_WRITEINPUTREGISTER?DAC8568_3

*** WARNING L16: UNCALLED SEGMENT, IGNORED FOR OVERLAY PROCESS
    SEGMENT: ?PR?DAC8568_3_CLEAR?DAC8568_3

*** WARNING L16: UNCALLED SEGMENT, IGNORED FOR OVERLAY PROCESS
    SEGMENT: ?PR?DAC8568_3_RESET?DAC8568_3

*** WARNING L16: UNCALLED SEGMENT, IGNORED FOR OVERLAY PROCESS
    SEGMENT: ?PR?HANDLEMODBUSREADINPUTCOIL?MODBUS

*** WARNING L16: UNCALLED SEGMENT, IGNORED FOR OVERLAY PROCESS
    SEGMENT: ?PR?GETGLOBALINTERRUPT?SPLC

*** WARNING L16: UNCALLED SEGMENT, IGNORED FOR OVERLAY PROCESS
    SEGMENT: ?PR?GETLEDRUN?SPLC

*** WARNING L16: UNCALLED SEGMENT, IGNORED FOR OVERLAY PROCESS
    SEGMENT: ?PR?GETLEDDAC?SPLC

*** WARNING L16: UNCALLED SEGMENT, IGNORED FOR OVERLAY PROCESS
    SEGMENT: ?PR?GETLEDERROR?SPLC

*** WARNING L16: UNCALLED SEGMENT, IGNORED FOR OVERLAY PROCESS
    SEGMENT: ?PR?_?ASSERTREGISTERADDRESS?SPLC

BL51 BANKED LINKER/LOCATER V6.22.2.0                                                  01/22/2019  16:46:00  PAGE 101


*** WARNING L16: UNCALLED SEGMENT, IGNORED FOR OVERLAY PROCESS
    SEGMENT: ?PR?CLEARDM?SPLC

*** WARNING L16: UNCALLED SEGMENT, IGNORED FOR OVERLAY PROCESS
    SEGMENT: ?PR?CLEARMR?SPLC

*** WARNING L16: UNCALLED SEGMENT, IGNORED FOR OVERLAY PROCESS
    SEGMENT: ?PR?SAVENVRAM?SPLC

*** WARNING L16: UNCALLED SEGMENT, IGNORED FOR OVERLAY PROCESS
    SEGMENT: ?PR?_?WDTENABLE?SPLC

*** WARNING L16: UNCALLED SEGMENT, IGNORED FOR OVERLAY PROCESS
    SEGMENT: ?PR?PCAINIT?SPLC

*** WARNING L16: UNCALLED SEGMENT, IGNORED FOR OVERLAY PROCESS
    SEGMENT: ?PR?INPUTINIT?SPLC

*** WARNING L16: UNCALLED SEGMENT, IGNORED FOR OVERLAY PROCESS
    SEGMENT: ?PR?OUTPUTINIT?SPLC

*** WARNING L16: UNCALLED SEGMENT, IGNORED FOR OVERLAY PROCESS
    SEGMENT: ?PR?_USSTP?SPLCUART

*** WARNING L16: UNCALLED SEGMENT, IGNORED FOR OVERLAY PROCESS
    SEGMENT: ?PR?_URSTP?SPLCUART

*** WARNING L16: UNCALLED SEGMENT, IGNORED FOR OVERLAY PROCESS
    SEGMENT: ?PR?_URECV?SPLCUART

*** WARNING L16: UNCALLED SEGMENT, IGNORED FOR OVERLAY PROCESS
    SEGMENT: ?PR?SELFTESTDAC?SPLCDAC

*** WARNING L16: UNCALLED SEGMENT, IGNORED FOR OVERLAY PROCESS
    SEGMENT: ?PR?_?FLIP?SPLCFUN

*** WARNING L16: UNCALLED SEGMENT, IGNORED FOR OVERLAY PROCESS
    SEGMENT: ?PR?_?LDP?SPLCFUN

*** WARNING L16: UNCALLED SEGMENT, IGNORED FOR OVERLAY PROCESS
    SEGMENT: ?PR?_?LDN?SPLCFUN

*** WARNING L16: UNCALLED SEGMENT, IGNORED FOR OVERLAY PROCESS
    SEGMENT: ?PR?_?T1MS?SPLCFUN

*** WARNING L16: UNCALLED SEGMENT, IGNORED FOR OVERLAY PROCESS
    SEGMENT: ?PR?_?T10MS?SPLCFUN

*** WARNING L16: UNCALLED SEGMENT, IGNORED FOR OVERLAY PROCESS
    SEGMENT: ?PR?_?TNTC?SPLCFUN

*** WARNING L16: UNCALLED SEGMENT, IGNORED FOR OVERLAY PROCESS
    SEGMENT: ?PR?_?TENV?SPLCFUN

*** WARNING L16: UNCALLED SEGMENT, IGNORED FOR OVERLAY PROCESS
    SEGMENT: ?PR?_?MAX?SPLCFUN

BL51 BANKED LINKER/LOCATER V6.22.2.0                                                  01/22/2019  16:46:00  PAGE 102


*** WARNING L16: UNCALLED SEGMENT, IGNORED FOR OVERLAY PROCESS
    SEGMENT: ?PR?_?MIN?SPLCFUN

*** WARNING L16: UNCALLED SEGMENT, IGNORED FOR OVERLAY PROCESS
    SEGMENT: ?PR?_?ADD?SPLCFUN

*** WARNING L16: UNCALLED SEGMENT, IGNORED FOR OVERLAY PROCESS
    SEGMENT: ?PR?_?ADDS?SPLCFUN

*** WARNING L16: UNCALLED SEGMENT, IGNORED FOR OVERLAY PROCESS
    SEGMENT: ?PR?_?DADD?SPLCFUN

*** WARNING L16: UNCALLED SEGMENT, IGNORED FOR OVERLAY PROCESS
    SEGMENT: ?PR?_?SUB?SPLCFUN

*** WARNING L16: UNCALLED SEGMENT, IGNORED FOR OVERLAY PROCESS
    SEGMENT: ?PR?_?SUBS?SPLCFUN

*** WARNING L16: UNCALLED SEGMENT, IGNORED FOR OVERLAY PROCESS
    SEGMENT: ?PR?_?DSUB?SPLCFUN

*** WARNING L16: UNCALLED SEGMENT, IGNORED FOR OVERLAY PROCESS
    SEGMENT: ?PR?_?MULT?SPLCFUN

*** WARNING L16: UNCALLED SEGMENT, IGNORED FOR OVERLAY PROCESS
    SEGMENT: ?PR?_?MULTS?SPLCFUN

Program Size: data=158.1 xdata=3986 code=21376
LINK/LOCATE RUN COMPLETE.  54 WARNING(S),  0 ERROR(S)
