C51 COMPILER V9.59.0.0   MODBUSAPP                                                         12/18/2018 21:40:55 PAGE 1   


C51 COMPILER V9.59.0.0, COMPILATION OF MODULE MODBUSAPP
OBJECT MODULE PLACED IN .\Objects\modbusApp.obj
COMPILER INVOKED BY: C:\Keil_v5\C51\BIN\C51.EXE Modbus\modbusApp.c OPTIMIZE(8,SPEED) REGFILE(.\Objects\dwLaser_F020.ORC)
                    - BROWSE ORDER INCDIR(.\Lib;.\Driver;.\MainApp;.\Modbus) DEFINE(C8051F020) DEBUG OBJECTEXTEND PRINT(.\Listings\modbusApp.
                    -lst) OBJECT(.\Objects\modbusApp.obj)

line level    source

   1          #include "modbusApp.h"
   2          /*****************************************************************************/
   3          
   4          
   5          /*****************************************************************************/
   6          void getCoilVal(uint16_t addr, uint16_t *tempData)
   7          {//取线圈状态 返回0表示成功
   8   1              addr = ~addr;
   9   1              *tempData = 0;
  10   1      }
  11          void setCoilVal(uint16_t addr, uint16_t tempData)
  12          {//设定线圈状态 返回0表示成功
  13   1              addr = ~addr;
  14   1              tempData = 0;
  15   1      }
  16                  
  17          void getRegisterVal(uint16_t addr, uint16_t *tempData)
  18          {
  19   1              addr = ~addr;
  20   1              *tempData = 0;
  21   1      }
  22          
  23          void setRegisterVal(uint16_t addr, uint16_t tempData)
  24          {
  25   1              addr = ~addr;
  26   1              tempData = 0;
  27   1      }


MODULE INFORMATION:   STATIC OVERLAYABLE
   CODE SIZE        =     14    ----
   CONSTANT SIZE    =   ----    ----
   XDATA SIZE       =   ----    ----
   PDATA SIZE       =   ----    ----
   DATA SIZE        =   ----    ----
   IDATA SIZE       =   ----    ----
   BIT SIZE         =   ----    ----
END OF MODULE INFORMATION.


C51 COMPILATION COMPLETE.  0 WARNING(S),  0 ERROR(S)
