C51 COMPILER V9.59.0.0   MODBUSAPP                                                         12/18/2018 23:50:51 PAGE 1   


C51 COMPILER V9.59.0.0, COMPILATION OF MODULE MODBUSAPP
OBJECT MODULE PLACED IN .\Objects\modbusApp.obj
COMPILER INVOKED BY: C:\Keil_v5\C51\BIN\C51.EXE Modbus\modbusApp.c OPTIMIZE(8,SPEED) REGFILE(.\Objects\dwLaser_F020.ORC)
                    - BROWSE ORDER INCDIR(.\Lib;.\Driver;.\MainApp;.\Modbus) DEFINE(C8051F020) DEBUG OBJECTEXTEND PRINT(.\Listings\modbusApp.
                    -lst) OBJECT(.\Objects\modbusApp.obj)

line level    source

   1          #include "modbusApp.h"
   2          /*****************************************************************************/
   3          
   4          /*****************************************************************************/
   5          uint16_t getCoilVal(uint16_t addr, uint16_t *tempData)
   6          {//取线圈状态 返回0表示成功
   7   1              switch(addr)
   8   1              {
   9   2                      default:break;
  10   2              } 
  11   1              return  0;
  12   1      }
*** WARNING C280 IN LINE 5 OF Modbus\modbusApp.c: 'tempData': unreferenced local variable
  13          uint16_t setCoilVal(uint16_t addr, uint16_t tempData)
  14          {//设定线圈状态 返回0表示成功
  15   1              switch(addr)
  16   1              {
  17   2                      default: break;  
  18   2              } 
  19   1              return 0;
  20   1      }
*** WARNING C280 IN LINE 13 OF Modbus\modbusApp.c: 'tempData': unreferenced local variable
  21                  
  22          uint16_t getRegisterVal(uint16_t addr, uint16_t *tempData)
  23          {
  24   1              switch(addr)                                                             
  25   1              {
  26   2                      default: break;  
  27   2              }
  28   1              return 0;
  29   1      }
*** WARNING C280 IN LINE 22 OF Modbus\modbusApp.c: 'tempData': unreferenced local variable
  30          
  31          
  32          uint16_t setRegisterVal(uint16_t addr, uint16_t tempData)
  33          {
  34   1              switch(addr)
  35   1              {
  36   2                      default:break;
  37   2              }
  38   1              return 0;
  39   1      }
*** WARNING C280 IN LINE 32 OF Modbus\modbusApp.c: 'tempData': unreferenced local variable


MODULE INFORMATION:   STATIC OVERLAYABLE
   CODE SIZE        =     36    ----
   CONSTANT SIZE    =   ----    ----
   XDATA SIZE       =   ----    ----
   PDATA SIZE       =   ----    ----
   DATA SIZE        =   ----      10
   IDATA SIZE       =   ----    ----
   BIT SIZE         =   ----    ----
C51 COMPILER V9.59.0.0   MODBUSAPP                                                         12/18/2018 23:50:51 PAGE 2   

END OF MODULE INFORMATION.


C51 COMPILATION COMPLETE.  4 WARNING(S),  0 ERROR(S)
