C51 COMPILER V9.59.0.0   PETITREGCONSTANT                                                  12/19/2018 23:00:15 PAGE 1   


C51 COMPILER V9.59.0.0, COMPILATION OF MODULE PETITREGCONSTANT
OBJECT MODULE PLACED IN .\Objects\PetitRegConstant.obj
COMPILER INVOKED BY: C:\Keil_v5\C51\BIN\C51.EXE Modbus\PetitRegConstant.c COMPACT OPTIMIZE(8,SPEED) REGFILE(.\Objects\dw
                    -Laser_F020.ORC) BROWSE ORDER INCDIR(.\Lib;.\Driver;.\MainApp;.\Modbus) DEFINE(C8051F020) DEBUG OBJECTEXTEND PRINT(.\List
                    -ings\PetitRegConstant.lst) OBJECT(.\Objects\PetitRegConstant.obj)

line level    source

   1          #include "PetitModbus.h"
   2          #include "PetitModbusPort.h"
   3          
   4          /***********************Input/Output Coils and Registers***********************/
   5          #if ((PETITMODBUS_READ_HOLDING_REGISTERS_ENABLED > 0)|| (PETITMODBUSWRITE_SINGLE_REGISTER_ENABLED > 0) || 
             -(PETITMODBUS_WRITE_MULTIPLE_REGISTERS_ENABLED > 0))
   6          PetitRegStructure  PetitRegisters       [NUMBER_OF_OUTPUT_PETITREGISTERS];
   7          #endif


MODULE INFORMATION:   STATIC OVERLAYABLE
   CODE SIZE        =   ----    ----
   CONSTANT SIZE    =   ----    ----
   XDATA SIZE       =   ----    ----
   PDATA SIZE       =     20    ----
   DATA SIZE        =   ----    ----
   IDATA SIZE       =   ----    ----
   BIT SIZE         =   ----    ----
END OF MODULE INFORMATION.


C51 COMPILATION COMPLETE.  0 WARNING(S),  0 ERROR(S)
