BL51 BANKED LINKER/LOCATER V6.22.2.0                                                    12/03/2018  17:12:56  PAGE 1


BL51 BANKED LINKER/LOCATER V6.22.2.0, INVOKED BY:
C:\KEIL_V5\C51\BIN\BL51.EXE .\Objects\delay.obj, .\Objects\crc32.obj, .\Objects\i2c0.obj, .\Objects\i2c1.obj, .\Objects\
>> i2c2.obj, .\Objects\i2c3.obj, .\Objects\i2c4.obj, .\Objects\i2c5.obj, .\Objects\i2c6.obj, .\Objects\eprom.obj, .\Obje
>> cts\outPca9554.obj, .\Objects\inPca9554.obj, .\Objects\mcp47x6.obj, .\Objects\modbusApp.obj, .\Objects\modbusPort.obj
>> , .\Objects\slaveModbus.obj, .\Objects\MainApp.obj, .\Objects\InitConfig.obj, .\Objects\sPlc.obj TO .\Objects\dwLaser
>> _F020 REGFILE (.\Objects\dwLaser_F020.ORC) PRINT (.\Listings\dwLaser_F020.m51) RAMSIZE (256) CODE (0X0000-0XFFFF) XDA
>> TA (0X0000-0X0FFF)


MEMORY MODEL: COMPACT


INPUT MODULES INCLUDED:
  .\Objects\delay.obj (DELAY)
  .\Objects\crc32.obj (CRC32)
  .\Objects\i2c0.obj (I2C0)
  .\Objects\i2c1.obj (I2C1)
  .\Objects\i2c2.obj (I2C2)
  .\Objects\i2c3.obj (I2C3)
  .\Objects\i2c4.obj (I2C4)
  .\Objects\i2c5.obj (I2C5)
  .\Objects\i2c6.obj (I2C6)
  .\Objects\eprom.obj (EPROM)
  .\Objects\outPca9554.obj (OUTPCA9554)
  .\Objects\inPca9554.obj (INPCA9554)
  .\Objects\mcp47x6.obj (MCP47X6)
  .\Objects\modbusApp.obj (MODBUSAPP)
  .\Objects\modbusPort.obj (MODBUSPORT)
  .\Objects\slaveModbus.obj (SLAVEMODBUS)
  .\Objects\MainApp.obj (MAINAPP)
  .\Objects\InitConfig.obj (INITCONFIG)
  .\Objects\sPlc.obj (SPLC)
  C:\KEIL_V5\C51\LIB\C51C.LIB (?C_STARTUP)
  C:\KEIL_V5\C51\LIB\C51C.LIB (?C?COPY)
  C:\KEIL_V5\C51\LIB\C51C.LIB (?C?CLDPTR)
  C:\KEIL_V5\C51\LIB\C51C.LIB (?C?CLDOPTR)
  C:\KEIL_V5\C51\LIB\C51C.LIB (?C?CSTPTR)
  C:\KEIL_V5\C51\LIB\C51C.LIB (?C?SIDIV)
  C:\KEIL_V5\C51\LIB\C51C.LIB (?C?IILDX)
  C:\KEIL_V5\C51\LIB\C51C.LIB (?C?ISTPTR)
  C:\KEIL_V5\C51\LIB\C51C.LIB (?C?SLDIV)
  C:\KEIL_V5\C51\LIB\C51C.LIB (?C?ULCMP)
  C:\KEIL_V5\C51\LIB\C51C.LIB (?C?ULSHR)
  C:\KEIL_V5\C51\LIB\C51C.LIB (?C?LSHL)
  C:\KEIL_V5\C51\LIB\C51C.LIB (?C?LLDCODE0)
  C:\KEIL_V5\C51\LIB\C51C.LIB (?C?LSTPDATA)
  C:\KEIL_V5\C51\LIB\C51C.LIB (?C?LSTKPDATA)
  C:\KEIL_V5\C51\LIB\C51C.LIB (?C?OFFXADD)
  C:\KEIL_V5\C51\LIB\C51C.LIB (?C_PBP)
  C:\KEIL_V5\C51\LIB\C51C.LIB (PRINTF)
  C:\KEIL_V5\C51\LIB\C51C.LIB (RAND)
  C:\KEIL_V5\C51\LIB\C51C.LIB (?C?MEMSET)
  C:\KEIL_V5\C51\LIB\C51C.LIB (?C_INIT)
  C:\KEIL_V5\C51\LIB\C51C.LIB (?C?UIDIV)
  C:\KEIL_V5\C51\LIB\C51C.LIB (?C?ULDIV)
  C:\KEIL_V5\C51\LIB\C51C.LIB (?C?LLDPDATA)
  C:\KEIL_V5\C51\LIB\C51C.LIB (?C?PLDIPDATA)
  C:\KEIL_V5\C51\LIB\C51C.LIB (?C?PSTPDATA)
BL51 BANKED LINKER/LOCATER V6.22.2.0                                                  12/03/2018  17:12:56  PAGE 2


  C:\KEIL_V5\C51\LIB\C51C.LIB (?C?CCASE)
  C:\KEIL_V5\C51\LIB\C51C.LIB (PUTCHAR)


LINK MAP OF MODULE:  .\Objects\dwLaser_F020 (DELAY)


            TYPE    BASE      LENGTH    RELOCATION   SEGMENT NAME
            -----------------------------------------------------

            * * * * * * *   D A T A   M E M O R Y   * * * * * * *
            REG     0000H     0008H     ABSOLUTE     "REG BANK 0"
            DATA    0008H     000CH     UNIT         ?DT?SPLC
            DATA    0014H     0007H     UNIT         _DATA_GROUP_
            DATA    001BH     0005H     UNIT         ?DT?SLAVEMODBUS
            BIT     0020H.0   0001H.1   UNIT         _BIT_GROUP_
                    0021H.1   0000H.7                *** GAP ***
            DATA    0022H     0004H     UNIT         ?DT?_CRC16?SLAVEMODBUS
            DATA    0026H     0002H     UNIT         ?DT?_LDP?SPLC
            DATA    0028H     0002H     UNIT         ?DT?_LDN?SPLC
            DATA    002AH     0001H     UNIT         ?C?LIB_DATA
            IDATA   002BH     0001H     UNIT         ?STACK

            * * * * * * *  X D A T A   M E M O R Y  * * * * * * *
            XDATA   0000H     0009H     INPAGE       ?PD?_CRC32CALCULATE?CRC32
            XDATA   0009H     0004H     INPAGE       ?PD?CRC32
            XDATA   000DH     0008H     INPAGE       ?PD?_EPROMWRITELENBYTE?EPROM
            XDATA   0015H     0008H     INPAGE       ?PD?_EPROMREADLENBYTE?EPROM
            XDATA   001DH     0001H     INPAGE       ?PD?OUTPCA9554READ?OUTPCA9554
            XDATA   001EH     0001H     INPAGE       ?PD?_MCP47X6_WRITE?MCP47X6
            XDATA   001FH     0008H     INPAGE       ?PD?MCP47X6
            XDATA   0027H     0003H     INPAGE       ?PD?_MODBUSSERIALSENDBUFFER?MODBUSPORT
            XDATA   002AH     0004H     INPAGE       ?PD?_INITMODBUSSERIAL?MODBUSPORT
            XDATA   002EH     0004H     INPAGE       ?PD?_INITMODBUSHARDWARE?SLAVEMODBUS
            XDATA   0032H     0003H     INPAGE       ?PD?_CRC16?SLAVEMODBUS
            XDATA   0035H     0011H     INPAGE       ?PD?READCOILS?SLAVEMODBUS
            XDATA   0046H     0011H     INPAGE       ?PD?READINPUTCOILS?SLAVEMODBUS
            XDATA   0057H     0006H     INPAGE       ?PD?READREGISTERS?SLAVEMODBUS
            XDATA   005DH     0006H     INPAGE       ?PD?READINPUTREGISTERS?SLAVEMODBUS
            XDATA   0063H     0002H     INPAGE       ?PD?FORCESINGLECOIL?SLAVEMODBUS
            XDATA   0065H     0002H     INPAGE       ?PD?PRESETSINGLEREGISTER?SLAVEMODBUS
            XDATA   0067H     000AH     INPAGE       ?PD?FORCEMULTIPLECOILS?SLAVEMODBUS
            XDATA   0071H     0004H     INPAGE       ?PD?PRESETMULTIPLEREGISTERS?SLAVEMODBUS
            XDATA   0075H     0006H     INPAGE       ?PD?CHECKCOMM0MODBUS?SLAVEMODBUS
            XDATA   007BH     0001H     INPAGE       ?PD?NVRAMSAVE?SPLC
            XDATA   007CH     0004H     INPAGE       ?PD?_T100US?SPLC
            XDATA   0080H     0004H     INPAGE       ?PD?_T1MS?SPLC
            XDATA   0084H     0004H     INPAGE       ?PD?_T10MS?SPLC
            XDATA   0088H     0004H     INPAGE       ?PD?RAND?RAND
            XDATA   008CH     0030H     INPAGE       _PDATA_GROUP_
            XDATA   00BCH     0C44H     UNIT         ?XD?SPLC
            XDATA   0D00H     0080H     UNIT         ?XD?SLAVEMODBUS

            * * * * * * *   C O D E   M E M O R Y   * * * * * * *
            CODE    0000H     0003H     ABSOLUTE     
            CODE    0003H     0008H     UNIT         ?PR?GETSDA3?I2C3
            CODE    000BH     0003H     ABSOLUTE     
BL51 BANKED LINKER/LOCATER V6.22.2.0                                                  12/03/2018  17:12:56  PAGE 3


            CODE    000EH     0014H     UNIT         ?PR?MODBUSSERIALRXHANDLE?SLAVEMODBUS
            CODE    0022H     0001H     UNIT         ?PR?IIC0INIT?I2C0
            CODE    0023H     0003H     ABSOLUTE     
            CODE    0026H     0005H     UNIT         ?PR?_CRC32SETCRCOLD?CRC32
            CODE    002BH     0003H     ABSOLUTE     
            CODE    002EH     0400H     UNIT         ?CO?CRC32
            CODE    042EH     03CBH     UNIT         ?C?LIB_CODE
            CODE    07F9H     0382H     UNIT         ?PR?CHECKCOMM0MODBUS?SLAVEMODBUS
            CODE    0B7BH     035BH     UNIT         ?PR?PRINTF?PRINTF
            CODE    0ED6H     0200H     UNIT         ?CO?SLAVEMODBUS
            CODE    10D6H     0190H     UNIT         ?PR?TIMER0ISR?SPLC
            CODE    1266H     016EH     UNIT         ?PR?READINPUTCOILS?SLAVEMODBUS
            CODE    13D4H     016AH     UNIT         ?PR?READCOILS?SLAVEMODBUS
            CODE    153EH     0127H     UNIT         ?PR?_T100US?SPLC
            CODE    1665H     0127H     UNIT         ?PR?_T1MS?SPLC
            CODE    178CH     0127H     UNIT         ?PR?_T10MS?SPLC
            CODE    18B3H     0127H     UNIT         ?PR?_T100MS?SPLC
            CODE    19DAH     0126H     UNIT         ?PR?FORCEMULTIPLECOILS?SLAVEMODBUS
            CODE    1B00H     010DH     UNIT         ?PR?EPROMTEST?EPROM
            CODE    1C0DH     0104H     UNIT         ?PR?_MCP47X6_WRITE?MCP47X6
            CODE    1D11H     00CFH     UNIT         ?PR?MCP47X6INIT?MCP47X6
            CODE    1DE0H     00C8H     UNIT         ?PR?READREGISTERS?SLAVEMODBUS
            CODE    1EA8H     00C8H     UNIT         ?PR?READINPUTREGISTERS?SLAVEMODBUS
            CODE    1F70H     00C4H     UNIT         ?PR?_CRC32CALCULATE?CRC32
            CODE    2034H     00B8H     UNIT         ?PR?MAIN?MAINAPP
            CODE    20ECH     00B5H     UNIT         ?PR?PRESETMULTIPLEREGISTERS?SLAVEMODBUS
            CODE    21A1H     009EH     UNIT         ?PR?_LDP?SPLC
            CODE    223FH     009EH     UNIT         ?PR?_LDN?SPLC
            CODE    22DDH     009DH     UNIT         ?PR?_EPROMREADLENBYTE?EPROM
            CODE    237AH     009CH     UNIT         ?PR?GETINPUT?SPLC
            CODE    2416H     0097H     UNIT         ?PR?CLEART?SPLC
            CODE    24ADH     0097H     UNIT         ?PR?CLEARTD?SPLC
            CODE    2544H     008CH     UNIT         ?C_C51STARTUP
            CODE    25D0H     0076H     UNIT         ?PR?_CRC16?SLAVEMODBUS
            CODE    2646H     0072H     UNIT         ?PR?PRESETSINGLEREGISTER?SLAVEMODBUS
            CODE    26B8H     006FH     UNIT         ?PR?FORCESINGLECOIL?SLAVEMODBUS
            CODE    2727H     006CH     UNIT         ?PR?_CRC32CALCULATEADD?CRC32
            CODE    2793H     0059H     UNIT         ?PR?_INITMODBUSSERIAL?MODBUSPORT
            CODE    27ECH     0059H     UNIT         ?PR?_RESET?SPLC
            CODE    2845H     0057H     UNIT         ?PR?_SET?SPLC
            CODE    289CH     0056H     UNIT         ?PR?_FLIP?SPLC
            CODE    28F2H     0052H     UNIT         ?PR?_EPROMWRITE?EPROM
            CODE    2944H     004EH     UNIT         ?PR?_EPROMWRITELENBYTE?EPROM
            CODE    2992H     004DH     UNIT         ?PR?_EPROMREAD?EPROM
            CODE    29DFH     004DH     UNIT         ?CO?SPLC
            CODE    2A2CH     004AH     UNIT         ?PR?_LD?SPLC
            CODE    2A76H     004AH     UNIT         ?PR?RAND?RAND
            CODE    2AC0H     0044H     UNIT         ?C?LDIV
            CODE    2B04H     0042H     UNIT         ?PR?_IIC0SENDBYTE?I2C0
            CODE    2B46H     0042H     UNIT         ?PR?_IIC1SENDBYTE?I2C1
            CODE    2B88H     0042H     UNIT         ?PR?_IIC2SENDBYTE?I2C2
            CODE    2BCAH     0042H     UNIT         ?PR?_IIC3SENDBYTE?I2C3
            CODE    2C0CH     0042H     UNIT         ?PR?_IIC4SENDBYTE?I2C4
            CODE    2C4EH     0042H     UNIT         ?PR?_IIC5SENDBYTE?I2C5
            CODE    2C90H     0042H     UNIT         ?PR?_IIC6SENDBYTE?I2C6
            CODE    2CD2H     003FH     UNIT         ?PR?NVRAMUPDATA?SPLC
            CODE    2D11H     003CH     UNIT         ?PR?_IIC0READBYTE?I2C0
BL51 BANKED LINKER/LOCATER V6.22.2.0                                                  12/03/2018  17:12:56  PAGE 4


            CODE    2D4DH     003CH     UNIT         ?PR?_IIC1READBYTE?I2C1
            CODE    2D89H     003CH     UNIT         ?PR?_IIC2READBYTE?I2C2
            CODE    2DC5H     003CH     UNIT         ?PR?_IIC3READBYTE?I2C3
            CODE    2E01H     003CH     UNIT         ?PR?_IIC4READBYTE?I2C4
            CODE    2E3DH     003CH     UNIT         ?PR?_IIC5READBYTE?I2C5
            CODE    2E79H     003CH     UNIT         ?PR?_IIC6READBYTE?I2C6
            CODE    2EB5H     003CH     UNIT         ?PR?INPCA9554INIT?INPCA9554
            CODE    2EF1H     003AH     UNIT         ?CO?EPROM
            CODE    2F2BH     0039H     UNIT         ?PR?_EPROMREADONEBYTE?EPROM
            CODE    2F64H     0036H     UNIT         ?PR?_INITMODBUSHARDWARE?SLAVEMODBUS
            CODE    2F9AH     0036H     UNIT         ?PR?NVRAMLOAD?SPLC
            CODE    2FD0H     0034H     UNIT         ?PR?TIMEPROC?SLAVEMODBUS
            CODE    3004H     0033H     UNIT         ?PR?CLEARMR?SPLC
            CODE    3037H     0033H     UNIT         ?PR?CLEAREM?SPLC
            CODE    306AH     0033H     UNIT         ?PR?CLEARR?SPLC
            CODE    309DH     0033H     UNIT         ?PR?CLEARC?SPLC
            CODE    30D0H     0032H     UNIT         ?PR?CLEARDM?SPLC
            CODE    3102H     0031H     UNIT         ?PR?_EPROMWRITEONEBYTE?EPROM
            CODE    3133H     0030H     UNIT         ?PR?OUTPCA9554READ?OUTPCA9554
            CODE    3163H     0030H     UNIT         ?PR?_MODBUSSERIALSENDBUFFER?MODBUSPORT
            CODE    3193H     002EH     UNIT         ?PR?INPCA9554READ?INPCA9554
            CODE    31C1H     002DH     UNIT         ?PR?IIC0WAITACK?I2C0
            CODE    31EEH     002DH     UNIT         ?PR?IIC1WAITACK?I2C1
            CODE    321BH     002DH     UNIT         ?PR?IIC2WAITACK?I2C2
            CODE    3248H     002DH     UNIT         ?PR?IIC3WAITACK?I2C3
            CODE    3275H     002DH     UNIT         ?PR?IIC4WAITACK?I2C4
            CODE    32A2H     002DH     UNIT         ?PR?IIC5WAITACK?I2C5
            CODE    32CFH     002DH     UNIT         ?PR?IIC6WAITACK?I2C6
            CODE    32FCH     0027H     UNIT         ?PR?PUTCHAR?PUTCHAR
            CODE    3323H     0023H     UNIT         ?PR?TIMER0INIT?SPLC
            CODE    3346H     0021H     UNIT         ?PR?SERIALHANDLE?MODBUSPORT
            CODE    3367H     0020H     UNIT         ?PR?_OUTPCA9554WRITE?OUTPCA9554
            CODE    3387H     001EH     UNIT         ?PR?OUTPCA9554INIT?OUTPCA9554
            CODE    33A5H     001AH     UNIT         ?PR?_HWDELAY?DELAY
            CODE    33BFH     0019H     UNIT         ?PR?_?DELAYMS?DELAY
            CODE    33D8H     0017H     UNIT         ?PR?IIC0START?I2C0
            CODE    33EFH     0017H     UNIT         ?PR?IIC1START?I2C1
            CODE    3406H     0017H     UNIT         ?PR?IIC2START?I2C2
            CODE    341DH     0017H     UNIT         ?PR?IIC3START?I2C3
            CODE    3434H     0017H     UNIT         ?PR?IIC4START?I2C4
            CODE    344BH     0017H     UNIT         ?PR?IIC5START?I2C5
            CODE    3462H     0017H     UNIT         ?PR?IIC6START?I2C6
            CODE    3479H     0016H     UNIT         ?PR?IIC0NACK?I2C0
            CODE    348FH     0016H     UNIT         ?PR?IIC1NACK?I2C1
            CODE    34A5H     0016H     UNIT         ?PR?IIC2NACK?I2C2
            CODE    34BBH     0016H     UNIT         ?PR?IIC3NACK?I2C3
            CODE    34D1H     0016H     UNIT         ?PR?IIC4NACK?I2C4
            CODE    34E7H     0016H     UNIT         ?PR?IIC5NACK?I2C5
            CODE    34FDH     0016H     UNIT         ?PR?IIC6NACK?I2C6
            CODE    3513H     0013H     UNIT         ?PR?_?DELAYUS?DELAY
            CODE    3526H     0013H     UNIT         ?PR?_HWDELAYINIT?DELAY
            CODE    3539H     0013H     UNIT         ?PR?INITMODBUSTIMER?MODBUSPORT
            CODE    354CH     0011H     UNIT         ?PR?IIC0ACK?I2C0
            CODE    355DH     0011H     UNIT         ?PR?IIC1ACK?I2C1
            CODE    356EH     0011H     UNIT         ?PR?IIC2ACK?I2C2
            CODE    357FH     0011H     UNIT         ?PR?IIC3ACK?I2C3
            CODE    3590H     0011H     UNIT         ?PR?IIC4ACK?I2C4
BL51 BANKED LINKER/LOCATER V6.22.2.0                                                  12/03/2018  17:12:56  PAGE 5


            CODE    35A1H     0011H     UNIT         ?PR?IIC5ACK?I2C5
            CODE    35B2H     0011H     UNIT         ?PR?IIC6ACK?I2C6
            CODE    35C3H     0011H     UNIT         ?PR?_MODBUSSERIALSENDBYTE?MODBUSPORT
            CODE    35D4H     0010H     UNIT         ?PR?IIC0STOP?I2C0
            CODE    35E4H     0010H     UNIT         ?PR?IIC1STOP?I2C1
            CODE    35F4H     0010H     UNIT         ?PR?IIC2STOP?I2C2
            CODE    3604H     0010H     UNIT         ?PR?_SETSDA3?I2C3
            CODE    3614H     0010H     UNIT         ?PR?IIC3STOP?I2C3
            CODE    3624H     0010H     UNIT         ?PR?_SETSDA?I2C4
            CODE    3634H     0010H     UNIT         ?PR?IIC4STOP?I2C4
            CODE    3644H     0010H     UNIT         ?PR?IIC5STOP?I2C5
            CODE    3654H     0010H     UNIT         ?PR?IIC6STOP?I2C6
            CODE    3664H     0010H     UNIT         ?C_INITSEG
            CODE    3674H     000FH     UNIT         ?PR?BEGINSEND?SLAVEMODBUS
            CODE    3683H     000EH     UNIT         ?PR?_SETSDA0?I2C0
            CODE    3691H     000EH     UNIT         ?PR?_SETSDA1?I2C1
            CODE    369FH     000EH     UNIT         ?PR?_SETSDA2?I2C2
            CODE    36ADH     000EH     UNIT         ?PR?_SETSDA5?I2C5
            CODE    36BBH     000EH     UNIT         ?PR?_SETSDA6?I2C6
            CODE    36C9H     000CH     UNIT         ?PR?INITDEVICE?INITCONFIG
            CODE    36D5H     000BH     UNIT         ?PR?_SETSCL3?I2C3
            CODE    36E0H     000BH     UNIT         ?PR?_SETSCL?I2C4
            CODE    36EBH     000AH     UNIT         ?PR?CRC32CLEAR?CRC32
            CODE    36F5H     0009H     UNIT         ?PR?_SETSCL0?I2C0
            CODE    36FEH     0009H     UNIT         ?PR?_SETSCL1?I2C1
            CODE    3707H     0009H     UNIT         ?PR?_SETSCL2?I2C2
            CODE    3710H     0009H     UNIT         ?PR?GETSCL3?I2C3
            CODE    3719H     0009H     UNIT         ?PR?_SETSCL5?I2C5
            CODE    3722H     0009H     UNIT         ?PR?_SETSCL6?I2C6
            CODE    372BH     0008H     UNIT         ?PR?GETSCL?I2C4
            CODE    3733H     0008H     UNIT         ?CO?MAINAPP
            CODE    373BH     0007H     UNIT         ?PR?GETSDA?I2C4
            CODE    3742H     0007H     UNIT         ?PR?PORT_IO_INIT?INITCONFIG
            CODE    3749H     0007H     UNIT         ?PR?RESET_SOURCES_INIT?INITCONFIG
            CODE    3750H     0006H     UNIT         ?PR?GETSCL0?I2C0
            CODE    3756H     0006H     UNIT         ?PR?GETSDA0?I2C0
            CODE    375CH     0006H     UNIT         ?PR?GETSCL1?I2C1
            CODE    3762H     0006H     UNIT         ?PR?GETSDA1?I2C1
            CODE    3768H     0006H     UNIT         ?PR?GETSCL2?I2C2
            CODE    376EH     0006H     UNIT         ?PR?GETSDA2?I2C2
            CODE    3774H     0006H     UNIT         ?PR?GETSCL5?I2C5
            CODE    377AH     0006H     UNIT         ?PR?GETSDA5?I2C5
            CODE    3780H     0006H     UNIT         ?PR?GETSCL6?I2C6
            CODE    3786H     0006H     UNIT         ?PR?GETSDA6?I2C6
            CODE    378CH     0006H     UNIT         ?PR?_GETCOILVAL?MODBUSAPP
            CODE    3792H     0006H     UNIT         ?PR?_GETREGISTERVAL?MODBUSAPP
            CODE    3798H     0006H     UNIT         ?PR?MODBUSHANDLE?MODBUSPORT
            CODE    379EH     0006H     UNIT         ?PR?MODBUSPOLL?SLAVEMODBUS
            CODE    37A4H     0005H     UNIT         ?PR?NVRAMSAVE?SPLC
            CODE    37A9H     0004H     UNIT         ?PR?MODBUSTIMERHANDLE?SLAVEMODBUS
            CODE    37ADH     0004H     UNIT         ?PR?VOLTAGE_REFERENCE_INIT?INITCONFIG
            CODE    37B1H     0004H     UNIT         ?PR?OSCILLATOR_INIT?INITCONFIG
            CODE    37B5H     0003H     UNIT         ?PR?EPROMINIT?EPROM
            CODE    37B8H     0003H     UNIT         ?PR?_SETMODBUSSLAVEADDR?SLAVEMODBUS
            CODE    37BBH     0001H     UNIT         ?PR?IIC1INIT?I2C1
            CODE    37BCH     0001H     UNIT         ?PR?IIC2INIT?I2C2
            CODE    37BDH     0001H     UNIT         ?PR?IIC3INIT?I2C3
BL51 BANKED LINKER/LOCATER V6.22.2.0                                                  12/03/2018  17:12:56  PAGE 6


            CODE    37BEH     0001H     UNIT         ?PR?IIC4INIT?I2C4
            CODE    37BFH     0001H     UNIT         ?PR?IIC5INIT?I2C5
            CODE    37C0H     0001H     UNIT         ?PR?IIC6INIT?I2C6
            CODE    37C1H     0001H     UNIT         ?PR?_MCP47X6_READ?MCP47X6
            CODE    37C2H     0001H     UNIT         ?PR?_SETCOILVAL?MODBUSAPP
            CODE    37C3H     0001H     UNIT         ?PR?_SETREGISTERVAL?MODBUSAPP
            CODE    37C4H     0001H     UNIT         ?PR?MODBUSSERIALTXHANDLE?SLAVEMODBUS
            CODE    37C5H     0001H     UNIT         ?PR?READNVRAM?MAINAPP
            CODE    37C6H     0001H     UNIT         ?PR?WRITENVRAM?MAINAPP
            CODE    37C7H     0001H     UNIT         ?PR?UPDATENVRAM?MAINAPP
            CODE    37C8H     0001H     UNIT         ?PR?SETOUTPUT?SPLC



OVERLAY MAP OF MODULE:   .\Objects\dwLaser_F020 (DELAY)


SEGMENT                                            BIT_GROUP          DATA_GROUP          PDATA_GROUP
  +--> CALLED SEGMENT                           START    LENGTH     START    LENGTH     START    LENGTH
-------------------------------------------------------------------------------------------------------
?PR?MODBUSHANDLE?MODBUSPORT                     -----    -----      -----    -----      -----    -----
  +--> ?PR?MODBUSTIMERHANDLE?SLAVEMODBUS

*** NEW ROOT ***************************************************

?PR?SERIALHANDLE?MODBUSPORT                     -----    -----      -----    -----      -----    -----
  +--> ?PR?MODBUSSERIALRXHANDLE?SLAVEMODBUS
  +--> ?PR?MODBUSSERIALTXHANDLE?SLAVEMODBUS

*** NEW ROOT ***************************************************

?PR?TIMER0ISR?SPLC                              -----    -----      0014H    0002H      -----    -----

*** NEW ROOT ***************************************************

?C_C51STARTUP                                   -----    -----      -----    -----      -----    -----
  +--> ?PR?MAIN?MAINAPP
  +--> ?C_INITSEG

?PR?MAIN?MAINAPP                                -----    -----      -----    -----      008CH    0010H
  +--> ?CO?MAINAPP
  +--> ?PR?INITDEVICE?INITCONFIG
  +--> ?PR?_EPROMWRITE?EPROM
  +--> ?PR?_EPROMREAD?EPROM
  +--> ?PR?EPROMTEST?EPROM
  +--> ?PR?NVRAMLOAD?SPLC
  +--> ?PR?GETINPUT?SPLC
  +--> ?PR?_SET?SPLC
  +--> ?PR?_RESET?SPLC
  +--> ?PR?_FLIP?SPLC
  +--> ?PR?_T100MS?SPLC
  +--> ?PR?_LD?SPLC
  +--> ?PR?NVRAMUPDATA?SPLC

?PR?INITDEVICE?INITCONFIG                       -----    -----      -----    -----      -----    -----
  +--> ?PR?RESET_SOURCES_INIT?INITCONFIG
  +--> ?PR?VOLTAGE_REFERENCE_INIT?INITCONFIG
BL51 BANKED LINKER/LOCATER V6.22.2.0                                                  12/03/2018  17:12:56  PAGE 7


  +--> ?PR?OSCILLATOR_INIT?INITCONFIG
  +--> ?PR?PORT_IO_INIT?INITCONFIG

?PR?_EPROMWRITE?EPROM                           -----    -----      -----    -----      009CH    0007H
  +--> ?PR?_EPROMWRITEONEBYTE?EPROM

?PR?_EPROMWRITEONEBYTE?EPROM                    -----    -----      -----    -----      -----    -----
  +--> ?PR?IIC0START?I2C0
  +--> ?PR?_IIC0SENDBYTE?I2C0
  +--> ?PR?IIC0WAITACK?I2C0
  +--> ?PR?IIC0STOP?I2C0
  +--> ?PR?_?DELAYMS?DELAY

?PR?IIC0START?I2C0                              -----    -----      -----    -----      -----    -----
  +--> ?PR?_SETSDA0?I2C0
  +--> ?PR?_SETSCL0?I2C0
  +--> ?PR?_?DELAYUS?DELAY

?PR?_SETSDA0?I2C0                               -----    -----      -----    -----      -----    -----
  +--> ?PR?_SETSCL0?I2C0

?PR?_IIC0SENDBYTE?I2C0                          -----    -----      -----    -----      -----    -----
  +--> ?PR?_SETSCL0?I2C0
  +--> ?PR?_SETSDA0?I2C0
  +--> ?PR?_?DELAYUS?DELAY

?PR?IIC0WAITACK?I2C0                            -----    -----      -----    -----      -----    -----
  +--> ?PR?_SETSDA0?I2C0
  +--> ?PR?_?DELAYUS?DELAY
  +--> ?PR?_SETSCL0?I2C0
  +--> ?PR?GETSDA0?I2C0
  +--> ?PR?IIC0STOP?I2C0

?PR?IIC0STOP?I2C0                               -----    -----      -----    -----      -----    -----
  +--> ?PR?_SETSDA0?I2C0
  +--> ?PR?_?DELAYUS?DELAY
  +--> ?PR?_SETSCL0?I2C0

?PR?_?DELAYMS?DELAY                             -----    -----      -----    -----      -----    -----
  +--> ?PR?_?DELAYUS?DELAY

?PR?_EPROMREAD?EPROM                            -----    -----      -----    -----      009CH    0007H
  +--> ?PR?_EPROMREADONEBYTE?EPROM

?PR?_EPROMREADONEBYTE?EPROM                     -----    -----      -----    -----      -----    -----
  +--> ?PR?IIC0START?I2C0
  +--> ?PR?_IIC0SENDBYTE?I2C0
  +--> ?PR?IIC0WAITACK?I2C0
  +--> ?PR?_IIC0READBYTE?I2C0
  +--> ?PR?IIC0STOP?I2C0

?PR?_IIC0READBYTE?I2C0                          -----    -----      -----    -----      -----    -----
  +--> ?PR?_SETSCL0?I2C0
  +--> ?PR?_?DELAYUS?DELAY
  +--> ?PR?GETSDA0?I2C0
  +--> ?PR?IIC0NACK?I2C0
  +--> ?PR?IIC0ACK?I2C0
BL51 BANKED LINKER/LOCATER V6.22.2.0                                                  12/03/2018  17:12:56  PAGE 8



?PR?IIC0NACK?I2C0                               -----    -----      -----    -----      -----    -----
  +--> ?PR?_SETSCL0?I2C0
  +--> ?PR?_SETSDA0?I2C0
  +--> ?PR?_?DELAYUS?DELAY

?PR?IIC0ACK?I2C0                                -----    -----      -----    -----      -----    -----
  +--> ?PR?_SETSDA0?I2C0
  +--> ?PR?_?DELAYUS?DELAY
  +--> ?PR?_SETSCL0?I2C0

?PR?EPROMTEST?EPROM                             -----    -----      -----    -----      009CH    0011H
  +--> ?PR?CRC32CLEAR?CRC32
  +--> ?PR?RAND?RAND
  +--> ?PR?_CRC32CALCULATEADD?CRC32
  +--> ?PR?_EPROMWRITEONEBYTE?EPROM
  +--> ?PR?_EPROMREADONEBYTE?EPROM
  +--> ?CO?EPROM
  +--> ?PR?PRINTF?PRINTF

?PR?_CRC32CALCULATEADD?CRC32                    -----    -----      -----    -----      -----    -----
  +--> ?CO?CRC32

?PR?PRINTF?PRINTF                               0020H.0  0001H.1    0016H    0005H      00ADH    000FH
  +--> ?PR?PUTCHAR?PUTCHAR

?PR?NVRAMLOAD?SPLC                              -----    -----      -----    -----      009CH    0001H
  +--> ?PR?CLEAREM?SPLC
  +--> ?PR?CLEARR?SPLC
  +--> ?PR?CLEART?SPLC
  +--> ?PR?CLEARTD?SPLC
  +--> ?PR?CLEARC?SPLC

?PR?GETINPUT?SPLC                               -----    -----      0016H    0003H      -----    -----
  +--> ?PR?INPCA9554READ?INPCA9554

?PR?INPCA9554READ?INPCA9554                     -----    -----      -----    -----      -----    -----
  +--> ?PR?IIC5START?I2C5
  +--> ?PR?_IIC5SENDBYTE?I2C5
  +--> ?PR?IIC5WAITACK?I2C5
  +--> ?PR?_IIC5READBYTE?I2C5
  +--> ?PR?IIC5STOP?I2C5

?PR?IIC5START?I2C5                              -----    -----      -----    -----      -----    -----
  +--> ?PR?_SETSDA5?I2C5
  +--> ?PR?_SETSCL5?I2C5
  +--> ?PR?_?DELAYUS?DELAY

?PR?_SETSDA5?I2C5                               -----    -----      -----    -----      -----    -----
  +--> ?PR?_SETSCL5?I2C5

?PR?_IIC5SENDBYTE?I2C5                          -----    -----      -----    -----      -----    -----
  +--> ?PR?_SETSCL5?I2C5
  +--> ?PR?_SETSDA5?I2C5
  +--> ?PR?_?DELAYUS?DELAY

?PR?IIC5WAITACK?I2C5                            -----    -----      -----    -----      -----    -----
BL51 BANKED LINKER/LOCATER V6.22.2.0                                                  12/03/2018  17:12:56  PAGE 9


  +--> ?PR?_SETSDA5?I2C5
  +--> ?PR?_?DELAYUS?DELAY
  +--> ?PR?_SETSCL5?I2C5
  +--> ?PR?GETSDA5?I2C5
  +--> ?PR?IIC5STOP?I2C5

?PR?IIC5STOP?I2C5                               -----    -----      -----    -----      -----    -----
  +--> ?PR?_SETSDA5?I2C5
  +--> ?PR?_?DELAYUS?DELAY
  +--> ?PR?_SETSCL5?I2C5

?PR?_IIC5READBYTE?I2C5                          -----    -----      -----    -----      -----    -----
  +--> ?PR?_SETSCL5?I2C5
  +--> ?PR?_?DELAYUS?DELAY
  +--> ?PR?GETSDA5?I2C5
  +--> ?PR?IIC5NACK?I2C5
  +--> ?PR?IIC5ACK?I2C5

?PR?IIC5NACK?I2C5                               -----    -----      -----    -----      -----    -----
  +--> ?PR?_SETSCL5?I2C5
  +--> ?PR?_SETSDA5?I2C5
  +--> ?PR?_?DELAYUS?DELAY

?PR?IIC5ACK?I2C5                                -----    -----      -----    -----      -----    -----
  +--> ?PR?_SETSDA5?I2C5
  +--> ?PR?_?DELAYUS?DELAY
  +--> ?PR?_SETSCL5?I2C5

?PR?_SET?SPLC                                   -----    -----      -----    -----      009CH    0002H

?PR?_RESET?SPLC                                 -----    -----      -----    -----      009CH    0002H

?PR?_FLIP?SPLC                                  -----    -----      0016H    0002H      -----    -----
  +--> ?PR?_RESET?SPLC
  +--> ?PR?_SET?SPLC

?PR?_T100MS?SPLC                                -----    -----      -----    -----      009CH    0004H
  +--> ?CO?SPLC
  +--> ?PR?PRINTF?PRINTF

?PR?NVRAMUPDATA?SPLC                            -----    -----      -----    -----      009CH    0007H



SYMBOL TABLE OF MODULE:  .\Objects\dwLaser_F020 (DELAY)

  VALUE           TYPE          NAME
  ----------------------------------

  -------         MODULE        DELAY
  C:0000H         SYMBOL        _ICE_DUMMY_
  D:0089H         PUBLIC        TMOD
  D:008BH         PUBLIC        TL1
  D:008DH         PUBLIC        TH1
  B:0088H.7       PUBLIC        TF1
  B:0088H.6       PUBLIC        TR1
  B:00A8H.3       PUBLIC        ET1
BL51 BANKED LINKER/LOCATER V6.22.2.0                                                  12/03/2018  17:12:56  PAGE 10


  C:33BFH         PUBLIC        _?delayMs
  C:3513H         PUBLIC        _?delayUs
  C:3526H         PUBLIC        _hwDelayInit
  C:33A5H         PUBLIC        _hwDelay
  -------         PROC          _?DELAYUS
  p:0000H         SYMBOL        us
  C:3513H         LINE#         5
  C:3519H         LINE#         7
  C:351EH         LINE#         8
  C:351EH         LINE#         9
  C:3521H         LINE#         10
  C:3523H         LINE#         11
  -------         ENDPROC       _?DELAYUS
  -------         PROC          _?DELAYMS
  p:0000H         SYMBOL        ms
  C:33BFH         LINE#         12
  C:33C5H         LINE#         14
  C:33CEH         LINE#         15
  C:33CEH         LINE#         16
  C:33D3H         LINE#         17
  C:33D5H         LINE#         18
  -------         ENDPROC       _?DELAYMS
  -------         PROC          _HWDELAYINIT
  D:0007H         SYMBOL        reload_h
  D:0005H         SYMBOL        reload_l
  C:3526H         LINE#         19
  C:3526H         LINE#         20
  C:3526H         LINE#         21
  C:3529H         LINE#         22
  C:352CH         LINE#         23
  C:352EH         LINE#         24
  C:3530H         LINE#         25
  C:3534H         LINE#         26
  C:3536H         LINE#         27
  C:3538H         LINE#         28
  -------         ENDPROC       _HWDELAYINIT
  -------         PROC          _HWDELAY
  D:0007H         SYMBOL        control
  D:0005H         SYMBOL        reload_h
  D:0003H         SYMBOL        reload_l
  C:33A5H         LINE#         29
  C:33A5H         LINE#         30
  C:33A5H         LINE#         32
  C:33A8H         LINE#         33
  C:33A8H         LINE#         34
  C:33ABH         LINE#         35
  C:33ABH         LINE#         36
  C:33ADH         LINE#         37
  C:33B2H         LINE#         38
  C:33B2H         LINE#         39
  C:33B6H         LINE#         40
  C:33BAH         LINE#         41
  C:33BCH         LINE#         42
  C:33BEH         LINE#         43
  C:33BEH         LINE#         44
  -------         ENDPROC       _HWDELAY
  -------         ENDMOD        DELAY
BL51 BANKED LINKER/LOCATER V6.22.2.0                                                  12/03/2018  17:12:56  PAGE 11



  -------         MODULE        CRC32
  C:0000H         SYMBOL        _ICE_DUMMY_
  C:1F70H         PUBLIC        _crc32Calculate
  C:2727H         PUBLIC        _crc32CalculateAdd
  C:36EBH         PUBLIC        crc32Clear
  C:0026H         PUBLIC        _crc32SetCrcOld
  C:002EH         PUBLIC        crc32Tab
  X:0009H         SYMBOL        oldcrc32
  -------         PROC          _CRC32CALCULATE
  X:0000H         SYMBOL        buf
  X:0003H         SYMBOL        len
  -------         DO            
  X:0007H         SYMBOL        i
  -------         ENDDO         
  C:1F70H         LINE#         111
  C:1F7EH         LINE#         113
  C:1FA2H         LINE#         114
  C:1FA2H         LINE#         115
  C:200EH         LINE#         116
  C:201CH         LINE#         117
  C:2033H         LINE#         118
  -------         ENDPROC       _CRC32CALCULATE
  -------         PROC          _CRC32CALCULATEADD
  D:0007H         SYMBOL        dat
  C:2727H         LINE#         120
  C:2727H         LINE#         121
  C:277BH         LINE#         122
  C:2792H         LINE#         123
  -------         ENDPROC       _CRC32CALCULATEADD
  -------         PROC          CRC32CLEAR
  C:36EBH         LINE#         124
  C:36EBH         LINE#         125
  C:36F4H         LINE#         126
  -------         ENDPROC       CRC32CLEAR
  -------         PROC          _CRC32SETCRCOLD
  D:0004H         SYMBOL        old
  C:0026H         LINE#         127
  C:0026H         LINE#         128
  -------         ENDPROC       _CRC32SETCRCOLD
  -------         ENDMOD        CRC32

  -------         MODULE        I2C0
  C:0000H         SYMBOL        _ICE_DUMMY_
  D:00B0H         PUBLIC        P3
  C:0022H         PUBLIC        iic0Init
  C:33D8H         PUBLIC        iic0Start
  C:35D4H         PUBLIC        iic0Stop
  C:31C1H         PUBLIC        iic0WaitAck
  C:354CH         PUBLIC        iic0Ack
  C:3479H         PUBLIC        iic0NAck
  C:2B04H         PUBLIC        _iic0SendByte
  C:2D11H         PUBLIC        _iic0ReadByte
  B:00B0H.5       PUBLIC        SDA0
  B:00B0H.6       PUBLIC        SCL0
  C:36F5H         SYMBOL        _setSCL0
  C:3688H         SYMBOL        _setSDA0
BL51 BANKED LINKER/LOCATER V6.22.2.0                                                  12/03/2018  17:12:56  PAGE 12


  C:3750H         SYMBOL        getSCL0
  C:3756H         SYMBOL        getSDA0
  -------         PROC          IIC0INIT
  C:0022H         LINE#         6
  C:0022H         LINE#         8
  -------         ENDPROC       IIC0INIT
  -------         PROC          _SETSCL0
  D:0007H         SYMBOL        s
  C:36F5H         LINE#         9
  C:36F5H         LINE#         10
  C:36F8H         LINE#         11
  C:36FBH         LINE#         13
  C:36FDH         LINE#         14
  -------         ENDPROC       _SETSCL0
  -------         PROC          L?0032
  -------         ENDPROC       L?0032
  -------         PROC          _SETSDA0
  D:0007H         SYMBOL        s
  C:3688H         LINE#         15
  C:3688H         LINE#         16
  C:368BH         LINE#         17
  C:368EH         LINE#         19
  C:3690H         LINE#         20
  -------         ENDPROC       _SETSDA0
  -------         PROC          GETSCL0
  C:3750H         LINE#         21
  C:3750H         LINE#         22
  C:3755H         LINE#         23
  -------         ENDPROC       GETSCL0
  -------         PROC          GETSDA0
  C:3756H         LINE#         24
  C:3756H         LINE#         25
  C:375BH         LINE#         26
  -------         ENDPROC       GETSDA0
  -------         PROC          IIC0START
  C:33D8H         LINE#         27
  C:33D8H         LINE#         28
  C:33DDH         LINE#         29
  C:33E0H         LINE#         30
  C:33E3H         LINE#         31
  C:33E7H         LINE#         32
  C:33EBH         LINE#         33
  -------         ENDPROC       IIC0START
  -------         PROC          IIC0STOP
  C:35D4H         LINE#         35
  C:35D4H         LINE#         36
  C:35D4H         LINE#         37
  C:35D7H         LINE#         38
  C:35DBH         LINE#         39
  C:35DEH         LINE#         40
  C:35E1H         LINE#         41
  -------         ENDPROC       IIC0STOP
  -------         PROC          IIC0WAITACK
  -------         DO            
  D:0006H         SYMBOL        ucErrTime
  -------         ENDDO         
  C:31C1H         LINE#         44
BL51 BANKED LINKER/LOCATER V6.22.2.0                                                  12/03/2018  17:12:56  PAGE 13


  C:31C1H         LINE#         48
  C:31C3H         LINE#         49
  C:31C8H         LINE#         50
  C:31CBH         LINE#         51
  C:31CEH         LINE#         52
  C:31D1H         LINE#         53
  C:31D7H         LINE#         54
  C:31D8H         LINE#         55
  C:31E2H         LINE#         56
  C:31E5H         LINE#         57
  C:31E8H         LINE#         58
  C:31E8H         LINE#         59
  C:31E8H         LINE#         60
  C:31EDH         LINE#         61
  C:31EDH         LINE#         62
  -------         ENDPROC       IIC0WAITACK
  -------         PROC          IIC0ACK
  C:354CH         LINE#         63
  C:354CH         LINE#         64
  C:354CH         LINE#         65
  C:354FH         LINE#         66
  C:3553H         LINE#         67
  C:3556H         LINE#         68
  C:3559H         LINE#         69
  -------         ENDPROC       IIC0ACK
  -------         PROC          IIC0NACK
  C:3479H         LINE#         72
  C:3479H         LINE#         73
  C:347EH         LINE#         74
  C:3482H         LINE#         75
  C:3485H         LINE#         76
  C:3488H         LINE#         77
  C:348BH         LINE#         78
  -------         ENDPROC       IIC0NACK
  -------         PROC          _IIC0SENDBYTE
  D:0006H         SYMBOL        txd
  -------         DO            
  D:0005H         SYMBOL        t
  -------         ENDDO         
  C:2B04H         LINE#         80
  C:2B06H         LINE#         85
  C:2B0BH         LINE#         86
  C:2B17H         LINE#         87
  C:2B17H         LINE#         89
  C:2B22H         LINE#         90
  C:2B26H         LINE#         92
  C:2B2BH         LINE#         93
  C:2B2FH         LINE#         94
  C:2B34H         LINE#         95
  C:2B37H         LINE#         96
  C:2B3AH         LINE#         97
  C:2B3EH         LINE#         98
  C:2B42H         LINE#         99
  C:2B45H         LINE#         100
  -------         ENDPROC       _IIC0SENDBYTE
  -------         PROC          _IIC0READBYTE
  D:0006H         SYMBOL        ack
BL51 BANKED LINKER/LOCATER V6.22.2.0                                                  12/03/2018  17:12:56  PAGE 14


  -------         DO            
  D:0004H         SYMBOL        i
  D:0005H         SYMBOL        receive
  -------         ENDDO         
  C:2D11H         LINE#         102
  C:2D13H         LINE#         103
  C:2D15H         LINE#         104
  C:2D20H         LINE#         105
  C:2D25H         LINE#         106
  C:2D29H         LINE#         107
  C:2D2CH         LINE#         108
  C:2D30H         LINE#         109
  C:2D36H         LINE#         110
  C:2D37H         LINE#         111
  C:2D3CH         LINE#         112
  C:2D3FH         LINE#         113
  C:2D42H         LINE#         114
  C:2D47H         LINE#         116
  C:2D4AH         LINE#         117
  C:2D4CH         LINE#         118
  -------         ENDPROC       _IIC0READBYTE
  -------         ENDMOD        I2C0

  -------         MODULE        I2C1
  C:0000H         SYMBOL        _ICE_DUMMY_
  D:00B0H         PUBLIC        P3
  C:37BBH         PUBLIC        iic1Init
  C:33EFH         PUBLIC        iic1Start
  C:35E4H         PUBLIC        iic1Stop
  C:31EEH         PUBLIC        iic1WaitAck
  C:355DH         PUBLIC        iic1Ack
  C:348FH         PUBLIC        iic1NAck
  C:2B46H         PUBLIC        _iic1SendByte
  C:2D4DH         PUBLIC        _iic1ReadByte
  B:00B0H.1       PUBLIC        SDA1
  B:00B0H.2       PUBLIC        SCL1
  C:36FEH         SYMBOL        _setSCL1
  C:3696H         SYMBOL        _setSDA1
  C:375CH         SYMBOL        getSCL1
  C:3762H         SYMBOL        getSDA1
  -------         PROC          IIC1INIT
  C:37BBH         LINE#         6
  C:37BBH         LINE#         8
  -------         ENDPROC       IIC1INIT
  -------         PROC          _SETSCL1
  D:0007H         SYMBOL        s
  C:36FEH         LINE#         9
  C:36FEH         LINE#         10
  C:3701H         LINE#         11
  C:3704H         LINE#         13
  C:3706H         LINE#         14
  -------         ENDPROC       _SETSCL1
  -------         PROC          L?0032
  -------         ENDPROC       L?0032
  -------         PROC          _SETSDA1
  D:0007H         SYMBOL        s
  C:3696H         LINE#         15
BL51 BANKED LINKER/LOCATER V6.22.2.0                                                  12/03/2018  17:12:56  PAGE 15


  C:3696H         LINE#         16
  C:3699H         LINE#         17
  C:369CH         LINE#         19
  C:369EH         LINE#         20
  -------         ENDPROC       _SETSDA1
  -------         PROC          GETSCL1
  C:375CH         LINE#         21
  C:375CH         LINE#         22
  C:3761H         LINE#         23
  -------         ENDPROC       GETSCL1
  -------         PROC          GETSDA1
  C:3762H         LINE#         24
  C:3762H         LINE#         25
  C:3767H         LINE#         26
  -------         ENDPROC       GETSDA1
  -------         PROC          IIC1START
  C:33EFH         LINE#         27
  C:33EFH         LINE#         28
  C:33F4H         LINE#         29
  C:33F7H         LINE#         30
  C:33FAH         LINE#         31
  C:33FEH         LINE#         32
  C:3402H         LINE#         33
  -------         ENDPROC       IIC1START
  -------         PROC          IIC1STOP
  C:35E4H         LINE#         35
  C:35E4H         LINE#         36
  C:35E4H         LINE#         37
  C:35E7H         LINE#         38
  C:35EBH         LINE#         39
  C:35EEH         LINE#         40
  C:35F1H         LINE#         41
  -------         ENDPROC       IIC1STOP
  -------         PROC          IIC1WAITACK
  -------         DO            
  D:0006H         SYMBOL        ucErrTime
  -------         ENDDO         
  C:31EEH         LINE#         44
  C:31EEH         LINE#         48
  C:31F0H         LINE#         49
  C:31F5H         LINE#         50
  C:31F8H         LINE#         51
  C:31FBH         LINE#         52
  C:31FEH         LINE#         53
  C:3204H         LINE#         54
  C:3205H         LINE#         55
  C:320FH         LINE#         56
  C:3212H         LINE#         57
  C:3215H         LINE#         58
  C:3215H         LINE#         59
  C:3215H         LINE#         60
  C:321AH         LINE#         61
  C:321AH         LINE#         62
  -------         ENDPROC       IIC1WAITACK
  -------         PROC          IIC1ACK
  C:355DH         LINE#         63
  C:355DH         LINE#         64
BL51 BANKED LINKER/LOCATER V6.22.2.0                                                  12/03/2018  17:12:56  PAGE 16


  C:355DH         LINE#         65
  C:3560H         LINE#         66
  C:3564H         LINE#         67
  C:3567H         LINE#         68
  C:356AH         LINE#         69
  -------         ENDPROC       IIC1ACK
  -------         PROC          IIC1NACK
  C:348FH         LINE#         72
  C:348FH         LINE#         73
  C:3494H         LINE#         74
  C:3498H         LINE#         75
  C:349BH         LINE#         76
  C:349EH         LINE#         77
  C:34A1H         LINE#         78
  -------         ENDPROC       IIC1NACK
  -------         PROC          _IIC1SENDBYTE
  D:0006H         SYMBOL        txd
  -------         DO            
  D:0005H         SYMBOL        t
  -------         ENDDO         
  C:2B46H         LINE#         80
  C:2B48H         LINE#         85
  C:2B4DH         LINE#         86
  C:2B59H         LINE#         87
  C:2B59H         LINE#         89
  C:2B64H         LINE#         90
  C:2B68H         LINE#         92
  C:2B6DH         LINE#         93
  C:2B71H         LINE#         94
  C:2B76H         LINE#         95
  C:2B79H         LINE#         96
  C:2B7CH         LINE#         97
  C:2B80H         LINE#         98
  C:2B84H         LINE#         99
  C:2B87H         LINE#         100
  -------         ENDPROC       _IIC1SENDBYTE
  -------         PROC          _IIC1READBYTE
  D:0006H         SYMBOL        ack
  -------         DO            
  D:0004H         SYMBOL        i
  D:0005H         SYMBOL        receive
  -------         ENDDO         
  C:2D4DH         LINE#         102
  C:2D4FH         LINE#         103
  C:2D51H         LINE#         104
  C:2D5CH         LINE#         105
  C:2D61H         LINE#         106
  C:2D65H         LINE#         107
  C:2D68H         LINE#         108
  C:2D6CH         LINE#         109
  C:2D72H         LINE#         110
  C:2D73H         LINE#         111
  C:2D78H         LINE#         112
  C:2D7BH         LINE#         113
  C:2D7EH         LINE#         114
  C:2D83H         LINE#         116
  C:2D86H         LINE#         117
BL51 BANKED LINKER/LOCATER V6.22.2.0                                                  12/03/2018  17:12:56  PAGE 17


  C:2D88H         LINE#         118
  -------         ENDPROC       _IIC1READBYTE
  -------         ENDMOD        I2C1

  -------         MODULE        I2C2
  C:0000H         SYMBOL        _ICE_DUMMY_
  D:00B0H         PUBLIC        P3
  C:37BCH         PUBLIC        iic2Init
  C:3406H         PUBLIC        iic2Start
  C:35F4H         PUBLIC        iic2Stop
  C:321BH         PUBLIC        iic2WaitAck
  C:356EH         PUBLIC        iic2Ack
  C:34A5H         PUBLIC        iic2NAck
  C:2B88H         PUBLIC        _iic2SendByte
  C:2D89H         PUBLIC        _iic2ReadByte
  B:00B0H.3       PUBLIC        SDA2
  B:00B0H.4       PUBLIC        SCL2
  C:3707H         SYMBOL        _setSCL2
  C:36A4H         SYMBOL        _setSDA2
  C:3768H         SYMBOL        getSCL2
  C:376EH         SYMBOL        getSDA2
  -------         PROC          IIC2INIT
  C:37BCH         LINE#         6
  C:37BCH         LINE#         7
  -------         ENDPROC       IIC2INIT
  -------         PROC          _SETSCL2
  D:0007H         SYMBOL        s
  C:3707H         LINE#         8
  C:3707H         LINE#         9
  C:370AH         LINE#         10
  C:370DH         LINE#         12
  C:370FH         LINE#         13
  -------         ENDPROC       _SETSCL2
  -------         PROC          L?0032
  -------         ENDPROC       L?0032
  -------         PROC          _SETSDA2
  D:0007H         SYMBOL        s
  C:36A4H         LINE#         14
  C:36A4H         LINE#         15
  C:36A7H         LINE#         16
  C:36AAH         LINE#         18
  C:36ACH         LINE#         19
  -------         ENDPROC       _SETSDA2
  -------         PROC          GETSCL2
  C:3768H         LINE#         20
  C:3768H         LINE#         21
  C:376DH         LINE#         22
  -------         ENDPROC       GETSCL2
  -------         PROC          GETSDA2
  C:376EH         LINE#         23
  C:376EH         LINE#         24
  C:3773H         LINE#         25
  -------         ENDPROC       GETSDA2
  -------         PROC          IIC2START
  C:3406H         LINE#         26
  C:3406H         LINE#         27
  C:340BH         LINE#         28
BL51 BANKED LINKER/LOCATER V6.22.2.0                                                  12/03/2018  17:12:56  PAGE 18


  C:340EH         LINE#         29
  C:3411H         LINE#         30
  C:3415H         LINE#         31
  C:3419H         LINE#         32
  -------         ENDPROC       IIC2START
  -------         PROC          IIC2STOP
  C:35F4H         LINE#         34
  C:35F4H         LINE#         35
  C:35F4H         LINE#         36
  C:35F7H         LINE#         37
  C:35FBH         LINE#         38
  C:35FEH         LINE#         39
  C:3601H         LINE#         40
  -------         ENDPROC       IIC2STOP
  -------         PROC          IIC2WAITACK
  -------         DO            
  D:0006H         SYMBOL        ucErrTime
  -------         ENDDO         
  C:321BH         LINE#         43
  C:321BH         LINE#         47
  C:321DH         LINE#         48
  C:3222H         LINE#         49
  C:3225H         LINE#         50
  C:3228H         LINE#         51
  C:322BH         LINE#         52
  C:3231H         LINE#         53
  C:3232H         LINE#         54
  C:323CH         LINE#         55
  C:323FH         LINE#         56
  C:3242H         LINE#         57
  C:3242H         LINE#         58
  C:3242H         LINE#         59
  C:3247H         LINE#         60
  C:3247H         LINE#         61
  -------         ENDPROC       IIC2WAITACK
  -------         PROC          IIC2ACK
  C:356EH         LINE#         62
  C:356EH         LINE#         63
  C:356EH         LINE#         64
  C:3571H         LINE#         65
  C:3575H         LINE#         66
  C:3578H         LINE#         67
  C:357BH         LINE#         68
  -------         ENDPROC       IIC2ACK
  -------         PROC          IIC2NACK
  C:34A5H         LINE#         71
  C:34A5H         LINE#         72
  C:34AAH         LINE#         73
  C:34AEH         LINE#         74
  C:34B1H         LINE#         75
  C:34B4H         LINE#         76
  C:34B7H         LINE#         77
  -------         ENDPROC       IIC2NACK
  -------         PROC          _IIC2SENDBYTE
  D:0006H         SYMBOL        txd
  -------         DO            
  D:0005H         SYMBOL        t
BL51 BANKED LINKER/LOCATER V6.22.2.0                                                  12/03/2018  17:12:56  PAGE 19


  -------         ENDDO         
  C:2B88H         LINE#         79
  C:2B8AH         LINE#         84
  C:2B8FH         LINE#         85
  C:2B9BH         LINE#         86
  C:2B9BH         LINE#         88
  C:2BA6H         LINE#         89
  C:2BAAH         LINE#         91
  C:2BAFH         LINE#         92
  C:2BB3H         LINE#         93
  C:2BB8H         LINE#         94
  C:2BBBH         LINE#         95
  C:2BBEH         LINE#         96
  C:2BC2H         LINE#         97
  C:2BC6H         LINE#         98
  C:2BC9H         LINE#         99
  -------         ENDPROC       _IIC2SENDBYTE
  -------         PROC          _IIC2READBYTE
  D:0006H         SYMBOL        ack
  -------         DO            
  D:0004H         SYMBOL        i
  D:0005H         SYMBOL        receive
  -------         ENDDO         
  C:2D89H         LINE#         101
  C:2D8BH         LINE#         102
  C:2D8DH         LINE#         103
  C:2D98H         LINE#         104
  C:2D9DH         LINE#         105
  C:2DA1H         LINE#         106
  C:2DA4H         LINE#         107
  C:2DA8H         LINE#         108
  C:2DAEH         LINE#         109
  C:2DAFH         LINE#         110
  C:2DB4H         LINE#         111
  C:2DB7H         LINE#         112
  C:2DBAH         LINE#         113
  C:2DBFH         LINE#         115
  C:2DC2H         LINE#         116
  C:2DC4H         LINE#         117
  -------         ENDPROC       _IIC2READBYTE
  -------         ENDMOD        I2C2

  -------         MODULE        I2C3
  C:0000H         SYMBOL        _ICE_DUMMY_
  D:0084H         PUBLIC        P4
  C:37BDH         PUBLIC        iic3Init
  C:341DH         PUBLIC        iic3Start
  C:3614H         PUBLIC        iic3Stop
  C:3248H         PUBLIC        iic3WaitAck
  C:357FH         PUBLIC        iic3Ack
  C:34BBH         PUBLIC        iic3NAck
  C:2BCAH         PUBLIC        _iic3SendByte
  C:2DC5H         PUBLIC        _iic3ReadByte
  C:36D5H         SYMBOL        _setSCL3
  C:3609H         SYMBOL        _setSDA3
  C:3710H         SYMBOL        getSCL3
  C:0003H         SYMBOL        getSDA3
BL51 BANKED LINKER/LOCATER V6.22.2.0                                                  12/03/2018  17:12:56  PAGE 20


  -------         PROC          IIC3INIT
  C:37BDH         LINE#         5
  C:37BDH         LINE#         7
  -------         ENDPROC       IIC3INIT
  -------         PROC          _SETSCL3
  D:0007H         SYMBOL        s
  C:36D5H         LINE#         8
  C:36D5H         LINE#         9
  C:36D8H         LINE#         10
  C:36DCH         LINE#         12
  C:36DFH         LINE#         13
  -------         ENDPROC       _SETSCL3
  -------         PROC          L?0032
  -------         ENDPROC       L?0032
  -------         PROC          _SETSDA3
  D:0007H         SYMBOL        s
  C:3609H         LINE#         14
  C:3609H         LINE#         15
  C:360CH         LINE#         16
  C:3610H         LINE#         18
  C:3613H         LINE#         19
  -------         ENDPROC       _SETSDA3
  -------         PROC          GETSCL3
  C:3710H         LINE#         20
  C:3710H         LINE#         21
  C:3718H         LINE#         22
  -------         ENDPROC       GETSCL3
  -------         PROC          GETSDA3
  C:0003H         LINE#         23
  C:0003H         LINE#         24
  C:000AH         LINE#         25
  -------         ENDPROC       GETSDA3
  -------         PROC          IIC3START
  C:341DH         LINE#         26
  C:341DH         LINE#         27
  C:3422H         LINE#         28
  C:3425H         LINE#         29
  C:3428H         LINE#         30
  C:342CH         LINE#         31
  C:3430H         LINE#         32
  -------         ENDPROC       IIC3START
  -------         PROC          IIC3STOP
  C:3614H         LINE#         34
  C:3614H         LINE#         35
  C:3614H         LINE#         36
  C:3617H         LINE#         37
  C:361BH         LINE#         38
  C:361EH         LINE#         39
  C:3621H         LINE#         40
  -------         ENDPROC       IIC3STOP
  -------         PROC          IIC3WAITACK
  -------         DO            
  D:0006H         SYMBOL        ucErrTime
  -------         ENDDO         
  C:3248H         LINE#         43
  C:3248H         LINE#         47
  C:324AH         LINE#         48
BL51 BANKED LINKER/LOCATER V6.22.2.0                                                  12/03/2018  17:12:56  PAGE 21


  C:324FH         LINE#         49
  C:3252H         LINE#         50
  C:3255H         LINE#         51
  C:3258H         LINE#         52
  C:325EH         LINE#         53
  C:325FH         LINE#         54
  C:3269H         LINE#         55
  C:326CH         LINE#         56
  C:326FH         LINE#         57
  C:326FH         LINE#         58
  C:326FH         LINE#         59
  C:3274H         LINE#         60
  C:3274H         LINE#         61
  -------         ENDPROC       IIC3WAITACK
  -------         PROC          IIC3ACK
  C:357FH         LINE#         62
  C:357FH         LINE#         63
  C:357FH         LINE#         64
  C:3582H         LINE#         65
  C:3586H         LINE#         66
  C:3589H         LINE#         67
  C:358CH         LINE#         68
  -------         ENDPROC       IIC3ACK
  -------         PROC          IIC3NACK
  C:34BBH         LINE#         71
  C:34BBH         LINE#         72
  C:34C0H         LINE#         73
  C:34C4H         LINE#         74
  C:34C7H         LINE#         75
  C:34CAH         LINE#         76
  C:34CDH         LINE#         77
  -------         ENDPROC       IIC3NACK
  -------         PROC          _IIC3SENDBYTE
  D:0006H         SYMBOL        txd
  -------         DO            
  D:0005H         SYMBOL        t
  -------         ENDDO         
  C:2BCAH         LINE#         79
  C:2BCCH         LINE#         84
  C:2BD1H         LINE#         85
  C:2BDDH         LINE#         86
  C:2BDDH         LINE#         88
  C:2BE8H         LINE#         89
  C:2BECH         LINE#         91
  C:2BF1H         LINE#         92
  C:2BF5H         LINE#         93
  C:2BFAH         LINE#         94
  C:2BFDH         LINE#         95
  C:2C00H         LINE#         96
  C:2C04H         LINE#         97
  C:2C08H         LINE#         98
  C:2C0BH         LINE#         99
  -------         ENDPROC       _IIC3SENDBYTE
  -------         PROC          _IIC3READBYTE
  D:0006H         SYMBOL        ack
  -------         DO            
  D:0004H         SYMBOL        i
BL51 BANKED LINKER/LOCATER V6.22.2.0                                                  12/03/2018  17:12:56  PAGE 22


  D:0005H         SYMBOL        receive
  -------         ENDDO         
  C:2DC5H         LINE#         101
  C:2DC7H         LINE#         102
  C:2DC9H         LINE#         103
  C:2DD4H         LINE#         104
  C:2DD9H         LINE#         105
  C:2DDDH         LINE#         106
  C:2DE0H         LINE#         107
  C:2DE4H         LINE#         108
  C:2DEAH         LINE#         109
  C:2DEBH         LINE#         110
  C:2DF0H         LINE#         111
  C:2DF3H         LINE#         112
  C:2DF6H         LINE#         113
  C:2DFBH         LINE#         115
  C:2DFEH         LINE#         116
  C:2E00H         LINE#         117
  -------         ENDPROC       _IIC3READBYTE
  -------         ENDMOD        I2C3

  -------         MODULE        I2C4
  C:0000H         SYMBOL        _ICE_DUMMY_
  D:0084H         PUBLIC        P4
  C:37BEH         PUBLIC        iic4Init
  C:3434H         PUBLIC        iic4Start
  C:3634H         PUBLIC        iic4Stop
  C:3275H         PUBLIC        iic4WaitAck
  C:3590H         PUBLIC        iic4Ack
  C:34D1H         PUBLIC        iic4NAck
  C:2C0CH         PUBLIC        _iic4SendByte
  C:2E01H         PUBLIC        _iic4ReadByte
  C:36E0H         SYMBOL        _setSCL
  C:3629H         SYMBOL        _setSDA
  C:372BH         SYMBOL        getSCL
  C:373BH         SYMBOL        getSDA
  -------         PROC          IIC4INIT
  C:37BEH         LINE#         4
  C:37BEH         LINE#         6
  -------         ENDPROC       IIC4INIT
  -------         PROC          _SETSCL
  D:0007H         SYMBOL        s
  C:36E0H         LINE#         7
  C:36E0H         LINE#         8
  C:36E3H         LINE#         9
  C:36E7H         LINE#         11
  C:36EAH         LINE#         12
  -------         ENDPROC       _SETSCL
  -------         PROC          L?0032
  -------         ENDPROC       L?0032
  -------         PROC          _SETSDA
  D:0007H         SYMBOL        s
  C:3629H         LINE#         13
  C:3629H         LINE#         14
  C:362CH         LINE#         15
  C:3630H         LINE#         17
  C:3633H         LINE#         18
BL51 BANKED LINKER/LOCATER V6.22.2.0                                                  12/03/2018  17:12:56  PAGE 23


  -------         ENDPROC       _SETSDA
  -------         PROC          GETSCL
  C:372BH         LINE#         19
  C:372BH         LINE#         20
  C:3732H         LINE#         21
  -------         ENDPROC       GETSCL
  -------         PROC          GETSDA
  C:373BH         LINE#         22
  C:373BH         LINE#         23
  C:3741H         LINE#         24
  -------         ENDPROC       GETSDA
  -------         PROC          IIC4START
  C:3434H         LINE#         25
  C:3434H         LINE#         26
  C:3439H         LINE#         27
  C:343CH         LINE#         28
  C:343FH         LINE#         29
  C:3443H         LINE#         30
  C:3447H         LINE#         31
  -------         ENDPROC       IIC4START
  -------         PROC          IIC4STOP
  C:3634H         LINE#         33
  C:3634H         LINE#         34
  C:3634H         LINE#         35
  C:3637H         LINE#         36
  C:363BH         LINE#         37
  C:363EH         LINE#         38
  C:3641H         LINE#         39
  -------         ENDPROC       IIC4STOP
  -------         PROC          IIC4WAITACK
  -------         DO            
  D:0006H         SYMBOL        ucErrTime
  -------         ENDDO         
  C:3275H         LINE#         42
  C:3275H         LINE#         46
  C:3277H         LINE#         47
  C:327CH         LINE#         48
  C:327FH         LINE#         49
  C:3282H         LINE#         50
  C:3285H         LINE#         51
  C:328BH         LINE#         52
  C:328CH         LINE#         53
  C:3296H         LINE#         54
  C:3299H         LINE#         55
  C:329CH         LINE#         56
  C:329CH         LINE#         57
  C:329CH         LINE#         58
  C:32A1H         LINE#         59
  C:32A1H         LINE#         60
  -------         ENDPROC       IIC4WAITACK
  -------         PROC          IIC4ACK
  C:3590H         LINE#         61
  C:3590H         LINE#         62
  C:3590H         LINE#         63
  C:3593H         LINE#         64
  C:3597H         LINE#         65
  C:359AH         LINE#         66
BL51 BANKED LINKER/LOCATER V6.22.2.0                                                  12/03/2018  17:12:56  PAGE 24


  C:359DH         LINE#         67
  -------         ENDPROC       IIC4ACK
  -------         PROC          IIC4NACK
  C:34D1H         LINE#         70
  C:34D1H         LINE#         71
  C:34D6H         LINE#         72
  C:34DAH         LINE#         73
  C:34DDH         LINE#         74
  C:34E0H         LINE#         75
  C:34E3H         LINE#         76
  -------         ENDPROC       IIC4NACK
  -------         PROC          _IIC4SENDBYTE
  D:0006H         SYMBOL        txd
  -------         DO            
  D:0005H         SYMBOL        t
  -------         ENDDO         
  C:2C0CH         LINE#         78
  C:2C0EH         LINE#         83
  C:2C13H         LINE#         84
  C:2C1FH         LINE#         85
  C:2C1FH         LINE#         87
  C:2C2AH         LINE#         88
  C:2C2EH         LINE#         90
  C:2C33H         LINE#         91
  C:2C37H         LINE#         92
  C:2C3CH         LINE#         93
  C:2C3FH         LINE#         94
  C:2C42H         LINE#         95
  C:2C46H         LINE#         96
  C:2C4AH         LINE#         97
  C:2C4DH         LINE#         98
  -------         ENDPROC       _IIC4SENDBYTE
  -------         PROC          _IIC4READBYTE
  D:0006H         SYMBOL        ack
  -------         DO            
  D:0004H         SYMBOL        i
  D:0005H         SYMBOL        receive
  -------         ENDDO         
  C:2E01H         LINE#         100
  C:2E03H         LINE#         101
  C:2E05H         LINE#         102
  C:2E10H         LINE#         103
  C:2E15H         LINE#         104
  C:2E19H         LINE#         105
  C:2E1CH         LINE#         106
  C:2E20H         LINE#         107
  C:2E26H         LINE#         108
  C:2E27H         LINE#         109
  C:2E2CH         LINE#         110
  C:2E2FH         LINE#         111
  C:2E32H         LINE#         112
  C:2E37H         LINE#         114
  C:2E3AH         LINE#         115
  C:2E3CH         LINE#         116
  -------         ENDPROC       _IIC4READBYTE
  -------         ENDMOD        I2C4

BL51 BANKED LINKER/LOCATER V6.22.2.0                                                  12/03/2018  17:12:56  PAGE 25


  -------         MODULE        I2C5
  C:0000H         SYMBOL        _ICE_DUMMY_
  D:00A0H         PUBLIC        P2
  D:00B0H         PUBLIC        P3
  C:37BFH         PUBLIC        iic5Init
  C:344BH         PUBLIC        iic5Start
  C:3644H         PUBLIC        iic5Stop
  C:32A2H         PUBLIC        iic5WaitAck
  C:35A1H         PUBLIC        iic5Ack
  C:34E7H         PUBLIC        iic5NAck
  C:2C4EH         PUBLIC        _iic5SendByte
  C:2E3DH         PUBLIC        _iic5ReadByte
  B:00A0H.6       PUBLIC        SDA5
  B:00B0H.6       PUBLIC        SCL5
  C:3719H         SYMBOL        _setSCL5
  C:36B2H         SYMBOL        _setSDA5
  C:3774H         SYMBOL        getSCL5
  C:377AH         SYMBOL        getSDA5
  -------         PROC          IIC5INIT
  C:37BFH         LINE#         6
  C:37BFH         LINE#         8
  -------         ENDPROC       IIC5INIT
  -------         PROC          _SETSCL5
  D:0007H         SYMBOL        s
  C:3719H         LINE#         9
  C:3719H         LINE#         10
  C:371CH         LINE#         11
  C:371FH         LINE#         13
  C:3721H         LINE#         14
  -------         ENDPROC       _SETSCL5
  -------         PROC          L?0032
  -------         ENDPROC       L?0032
  -------         PROC          _SETSDA5
  D:0007H         SYMBOL        s
  C:36B2H         LINE#         15
  C:36B2H         LINE#         16
  C:36B5H         LINE#         17
  C:36B8H         LINE#         19
  C:36BAH         LINE#         20
  -------         ENDPROC       _SETSDA5
  -------         PROC          GETSCL5
  C:3774H         LINE#         21
  C:3774H         LINE#         22
  C:3779H         LINE#         23
  -------         ENDPROC       GETSCL5
  -------         PROC          GETSDA5
  C:377AH         LINE#         24
  C:377AH         LINE#         25
  C:377FH         LINE#         26
  -------         ENDPROC       GETSDA5
  -------         PROC          IIC5START
  C:344BH         LINE#         27
  C:344BH         LINE#         28
  C:3450H         LINE#         29
  C:3453H         LINE#         30
  C:3456H         LINE#         31
  C:345AH         LINE#         32
BL51 BANKED LINKER/LOCATER V6.22.2.0                                                  12/03/2018  17:12:56  PAGE 26


  C:345EH         LINE#         33
  -------         ENDPROC       IIC5START
  -------         PROC          IIC5STOP
  C:3644H         LINE#         35
  C:3644H         LINE#         36
  C:3644H         LINE#         37
  C:3647H         LINE#         38
  C:364BH         LINE#         39
  C:364EH         LINE#         40
  C:3651H         LINE#         41
  -------         ENDPROC       IIC5STOP
  -------         PROC          IIC5WAITACK
  -------         DO            
  D:0006H         SYMBOL        ucErrTime
  -------         ENDDO         
  C:32A2H         LINE#         44
  C:32A2H         LINE#         48
  C:32A4H         LINE#         49
  C:32A9H         LINE#         50
  C:32ACH         LINE#         51
  C:32AFH         LINE#         52
  C:32B2H         LINE#         53
  C:32B8H         LINE#         54
  C:32B9H         LINE#         55
  C:32C3H         LINE#         56
  C:32C6H         LINE#         57
  C:32C9H         LINE#         58
  C:32C9H         LINE#         59
  C:32C9H         LINE#         60
  C:32CEH         LINE#         61
  C:32CEH         LINE#         62
  -------         ENDPROC       IIC5WAITACK
  -------         PROC          IIC5ACK
  C:35A1H         LINE#         63
  C:35A1H         LINE#         64
  C:35A1H         LINE#         65
  C:35A4H         LINE#         66
  C:35A8H         LINE#         67
  C:35ABH         LINE#         68
  C:35AEH         LINE#         69
  -------         ENDPROC       IIC5ACK
  -------         PROC          IIC5NACK
  C:34E7H         LINE#         72
  C:34E7H         LINE#         73
  C:34ECH         LINE#         74
  C:34F0H         LINE#         75
  C:34F3H         LINE#         76
  C:34F6H         LINE#         77
  C:34F9H         LINE#         78
  -------         ENDPROC       IIC5NACK
  -------         PROC          _IIC5SENDBYTE
  D:0006H         SYMBOL        txd
  -------         DO            
  D:0005H         SYMBOL        t
  -------         ENDDO         
  C:2C4EH         LINE#         80
  C:2C50H         LINE#         85
BL51 BANKED LINKER/LOCATER V6.22.2.0                                                  12/03/2018  17:12:56  PAGE 27


  C:2C55H         LINE#         86
  C:2C61H         LINE#         87
  C:2C61H         LINE#         89
  C:2C6CH         LINE#         90
  C:2C70H         LINE#         92
  C:2C75H         LINE#         93
  C:2C79H         LINE#         94
  C:2C7EH         LINE#         95
  C:2C81H         LINE#         96
  C:2C84H         LINE#         97
  C:2C88H         LINE#         98
  C:2C8CH         LINE#         99
  C:2C8FH         LINE#         100
  -------         ENDPROC       _IIC5SENDBYTE
  -------         PROC          _IIC5READBYTE
  D:0006H         SYMBOL        ack
  -------         DO            
  D:0004H         SYMBOL        i
  D:0005H         SYMBOL        receive
  -------         ENDDO         
  C:2E3DH         LINE#         102
  C:2E3FH         LINE#         103
  C:2E41H         LINE#         104
  C:2E4CH         LINE#         105
  C:2E51H         LINE#         106
  C:2E55H         LINE#         107
  C:2E58H         LINE#         108
  C:2E5CH         LINE#         109
  C:2E62H         LINE#         110
  C:2E63H         LINE#         111
  C:2E68H         LINE#         112
  C:2E6BH         LINE#         113
  C:2E6EH         LINE#         114
  C:2E73H         LINE#         116
  C:2E76H         LINE#         117
  C:2E78H         LINE#         118
  -------         ENDPROC       _IIC5READBYTE
  -------         ENDMOD        I2C5

  -------         MODULE        I2C6
  C:0000H         SYMBOL        _ICE_DUMMY_
  D:00A0H         PUBLIC        P2
  C:37C0H         PUBLIC        iic6Init
  C:3462H         PUBLIC        iic6Start
  C:3654H         PUBLIC        iic6Stop
  C:32CFH         PUBLIC        iic6WaitAck
  C:35B2H         PUBLIC        iic6Ack
  C:34FDH         PUBLIC        iic6NAck
  C:2C90H         PUBLIC        _iic6SendByte
  C:2E79H         PUBLIC        _iic6ReadByte
  B:00A0H.2       PUBLIC        SDA6
  B:00A0H.3       PUBLIC        SCL6
  C:3722H         SYMBOL        _setSCL6
  C:36C0H         SYMBOL        _setSDA6
  C:3780H         SYMBOL        getSCL6
  C:3786H         SYMBOL        getSDA6
  -------         PROC          IIC6INIT
BL51 BANKED LINKER/LOCATER V6.22.2.0                                                  12/03/2018  17:12:56  PAGE 28


  C:37C0H         LINE#         6
  C:37C0H         LINE#         8
  -------         ENDPROC       IIC6INIT
  -------         PROC          _SETSCL6
  D:0007H         SYMBOL        s
  C:3722H         LINE#         9
  C:3722H         LINE#         10
  C:3725H         LINE#         11
  C:3728H         LINE#         13
  C:372AH         LINE#         14
  -------         ENDPROC       _SETSCL6
  -------         PROC          L?0032
  -------         ENDPROC       L?0032
  -------         PROC          _SETSDA6
  D:0007H         SYMBOL        s
  C:36C0H         LINE#         15
  C:36C0H         LINE#         16
  C:36C3H         LINE#         17
  C:36C6H         LINE#         19
  C:36C8H         LINE#         20
  -------         ENDPROC       _SETSDA6
  -------         PROC          GETSCL6
  C:3780H         LINE#         21
  C:3780H         LINE#         22
  C:3785H         LINE#         23
  -------         ENDPROC       GETSCL6
  -------         PROC          GETSDA6
  C:3786H         LINE#         24
  C:3786H         LINE#         25
  C:378BH         LINE#         26
  -------         ENDPROC       GETSDA6
  -------         PROC          IIC6START
  C:3462H         LINE#         27
  C:3462H         LINE#         28
  C:3467H         LINE#         29
  C:346AH         LINE#         30
  C:346DH         LINE#         31
  C:3471H         LINE#         32
  C:3475H         LINE#         33
  -------         ENDPROC       IIC6START
  -------         PROC          IIC6STOP
  C:3654H         LINE#         35
  C:3654H         LINE#         36
  C:3654H         LINE#         37
  C:3657H         LINE#         38
  C:365BH         LINE#         39
  C:365EH         LINE#         40
  C:3661H         LINE#         41
  -------         ENDPROC       IIC6STOP
  -------         PROC          IIC6WAITACK
  -------         DO            
  D:0006H         SYMBOL        ucErrTime
  -------         ENDDO         
  C:32CFH         LINE#         44
  C:32CFH         LINE#         48
  C:32D1H         LINE#         49
  C:32D6H         LINE#         50
BL51 BANKED LINKER/LOCATER V6.22.2.0                                                  12/03/2018  17:12:56  PAGE 29


  C:32D9H         LINE#         51
  C:32DCH         LINE#         52
  C:32DFH         LINE#         53
  C:32E5H         LINE#         54
  C:32E6H         LINE#         55
  C:32F0H         LINE#         56
  C:32F3H         LINE#         57
  C:32F6H         LINE#         58
  C:32F6H         LINE#         59
  C:32F6H         LINE#         60
  C:32FBH         LINE#         61
  C:32FBH         LINE#         62
  -------         ENDPROC       IIC6WAITACK
  -------         PROC          IIC6ACK
  C:35B2H         LINE#         63
  C:35B2H         LINE#         64
  C:35B2H         LINE#         65
  C:35B5H         LINE#         66
  C:35B9H         LINE#         67
  C:35BCH         LINE#         68
  C:35BFH         LINE#         69
  -------         ENDPROC       IIC6ACK
  -------         PROC          IIC6NACK
  C:34FDH         LINE#         72
  C:34FDH         LINE#         73
  C:3502H         LINE#         74
  C:3506H         LINE#         75
  C:3509H         LINE#         76
  C:350CH         LINE#         77
  C:350FH         LINE#         78
  -------         ENDPROC       IIC6NACK
  -------         PROC          _IIC6SENDBYTE
  D:0006H         SYMBOL        txd
  -------         DO            
  D:0005H         SYMBOL        t
  -------         ENDDO         
  C:2C90H         LINE#         80
  C:2C92H         LINE#         85
  C:2C97H         LINE#         86
  C:2CA3H         LINE#         87
  C:2CA3H         LINE#         89
  C:2CAEH         LINE#         90
  C:2CB2H         LINE#         92
  C:2CB7H         LINE#         93
  C:2CBBH         LINE#         94
  C:2CC0H         LINE#         95
  C:2CC3H         LINE#         96
  C:2CC6H         LINE#         97
  C:2CCAH         LINE#         98
  C:2CCEH         LINE#         99
  C:2CD1H         LINE#         100
  -------         ENDPROC       _IIC6SENDBYTE
  -------         PROC          _IIC6READBYTE
  D:0006H         SYMBOL        ack
  -------         DO            
  D:0004H         SYMBOL        i
  D:0005H         SYMBOL        receive
BL51 BANKED LINKER/LOCATER V6.22.2.0                                                  12/03/2018  17:12:56  PAGE 30


  -------         ENDDO         
  C:2E79H         LINE#         102
  C:2E7BH         LINE#         103
  C:2E7DH         LINE#         104
  C:2E88H         LINE#         105
  C:2E8DH         LINE#         106
  C:2E91H         LINE#         107
  C:2E94H         LINE#         108
  C:2E98H         LINE#         109
  C:2E9EH         LINE#         110
  C:2E9FH         LINE#         111
  C:2EA4H         LINE#         112
  C:2EA7H         LINE#         113
  C:2EAAH         LINE#         114
  C:2EAFH         LINE#         116
  C:2EB2H         LINE#         117
  C:2EB4H         LINE#         118
  -------         ENDPROC       _IIC6READBYTE
  -------         ENDMOD        I2C6

  -------         MODULE        EPROM
  C:0000H         SYMBOL        _ICE_DUMMY_
  C:37B5H         PUBLIC        epromInit
  C:2F2BH         PUBLIC        _epromReadOneByte
  C:3102H         PUBLIC        _epromWriteOneByte
  C:2944H         PUBLIC        _epromWriteLenByte
  C:22DDH         PUBLIC        _epromReadLenByte
  C:2992H         PUBLIC        _epromRead
  C:28F2H         PUBLIC        _epromWrite
  C:1B00H         PUBLIC        epromTest
  -------         PROC          EPROMINIT
  C:37B5H         LINE#         5
  C:37B5H         LINE#         6
  -------         ENDPROC       EPROMINIT
  -------         PROC          _EPROMREADONEBYTE
  D:0002H         SYMBOL        ReadAddr
  -------         DO            
  D:0006H         SYMBOL        temp
  -------         ENDDO         
  C:2F2BH         LINE#         9
  C:2F2FH         LINE#         12
  C:2F31H         LINE#         13
  C:2F34H         LINE#         16
  C:2F39H         LINE#         17
  C:2F3CH         LINE#         18
  C:2F41H         LINE#         22
  C:2F44H         LINE#         23
  C:2F49H         LINE#         24
  C:2F4CH         LINE#         25
  C:2F4FH         LINE#         26
  C:2F54H         LINE#         27
  C:2F57H         LINE#         28
  C:2F5EH         LINE#         29
  C:2F61H         LINE#         30
  C:2F63H         LINE#         31
  -------         ENDPROC       _EPROMREADONEBYTE
  -------         PROC          _EPROMWRITEONEBYTE
BL51 BANKED LINKER/LOCATER V6.22.2.0                                                  12/03/2018  17:12:56  PAGE 31


  D:0002H         SYMBOL        WriteAddr
  D:0004H         SYMBOL        DataToWrite
  C:3102H         LINE#         33
  C:3108H         LINE#         36
  C:310BH         LINE#         38
  C:3110H         LINE#         39
  C:3113H         LINE#         40
  C:3118H         LINE#         44
  C:311BH         LINE#         45
  C:3120H         LINE#         46
  C:3123H         LINE#         47
  C:3128H         LINE#         48
  C:312BH         LINE#         49
  C:312EH         LINE#         51
  -------         ENDPROC       _EPROMWRITEONEBYTE
  -------         PROC          _EPROMWRITELENBYTE
  X:000DH         SYMBOL        WriteAddr
  X:000FH         SYMBOL        DataToWrite
  X:0013H         SYMBOL        Len
  -------         DO            
  X:0014H         SYMBOL        t
  -------         ENDDO         
  C:2944H         LINE#         55
  C:294BH         LINE#         61
  C:295AH         LINE#         62
  C:298AH         LINE#         63
  C:2991H         LINE#         64
  -------         ENDPROC       _EPROMWRITELENBYTE
  -------         PROC          _EPROMREADLENBYTE
  X:0015H         SYMBOL        ReadAddr
  X:0017H         SYMBOL        Len
  -------         DO            
  X:0018H         SYMBOL        t
  X:0019H         SYMBOL        temp
  -------         ENDDO         
  C:22DDH         LINE#         65
  C:22E7H         LINE#         66
  C:22E7H         LINE#         72
  C:22F0H         LINE#         73
  C:22FEH         LINE#         74
  C:2314H         LINE#         75
  C:2365H         LINE#         76
  C:236CH         LINE#         77
  C:2379H         LINE#         78
  -------         ENDPROC       _EPROMREADLENBYTE
  -------         PROC          _EPROMREAD
  X:009CH         SYMBOL        ReadAddr
  X:009EH         SYMBOL        pBuffer
  X:00A1H         SYMBOL        NumToRead
  C:2992H         LINE#         80
  C:29A2H         LINE#         84
  C:29ABH         LINE#         85
  C:29ABH         LINE#         86
  C:29D1H         LINE#         87
  C:29DCH         LINE#         88
  C:29DEH         LINE#         89
  -------         ENDPROC       _EPROMREAD
BL51 BANKED LINKER/LOCATER V6.22.2.0                                                  12/03/2018  17:12:56  PAGE 32


  -------         PROC          _EPROMWRITE
  X:009CH         SYMBOL        WriteAddr
  X:009EH         SYMBOL        pBuffer
  X:00A1H         SYMBOL        NumToWrite
  C:28F2H         LINE#         90
  C:2902H         LINE#         94
  C:2914H         LINE#         95
  C:2914H         LINE#         96
  C:292BH         LINE#         97
  C:2936H         LINE#         98
  C:2941H         LINE#         99
  C:2943H         LINE#         100
  -------         ENDPROC       _EPROMWRITE
  -------         PROC          EPROMTEST
  -------         DO            
  X:009CH         SYMBOL        temp
  X:009DH         SYMBOL        i
  X:00A1H         SYMBOL        j
  X:00A5H         SYMBOL        crc32Src
  X:00A9H         SYMBOL        crc32Dist
  -------         ENDDO         
  C:1B00H         LINE#         101
  C:1B00H         LINE#         105
  C:1B03H         LINE#         106
  C:1B26H         LINE#         107
  C:1B36H         LINE#         108
  C:1B3EH         LINE#         109
  C:1B4EH         LINE#         110
  C:1B6DH         LINE#         111
  C:1B70H         LINE#         112
  C:1B93H         LINE#         113
  C:1BA3H         LINE#         114
  C:1BABH         LINE#         115
  C:1BCAH         LINE#         116
  C:1BEDH         LINE#         117
  C:1BF3H         LINE#         119
  C:1C0CH         LINE#         121
  -------         ENDPROC       EPROMTEST
  -------         ENDMOD        EPROM

  -------         MODULE        OUTPCA9554
  C:0000H         SYMBOL        _ICE_DUMMY_
  C:3387H         PUBLIC        outPca9554Init
  C:3133H         PUBLIC        outPca9554Read
  C:3367H         PUBLIC        _outPca9554Write
  -------         PROC          OUTPCA9554INIT
  C:3387H         LINE#         10
  C:3387H         LINE#         12
  C:338AH         LINE#         13
  C:338FH         LINE#         14
  C:3392H         LINE#         15
  C:3397H         LINE#         16
  C:339AH         LINE#         17
  C:339FH         LINE#         18
  C:33A2H         LINE#         19
  -------         ENDPROC       OUTPCA9554INIT
  -------         PROC          OUTPCA9554READ
BL51 BANKED LINKER/LOCATER V6.22.2.0                                                  12/03/2018  17:12:56  PAGE 33


  -------         DO            
  X:001DH         SYMBOL        temp
  -------         ENDDO         
  C:3133H         LINE#         21
  C:3133H         LINE#         23
  C:3136H         LINE#         24
  C:313BH         LINE#         25
  C:313EH         LINE#         26
  C:3143H         LINE#         27
[...]
  C:15C7H         LINE#         173
  C:160AH         LINE#         174
  C:160AH         LINE#         176
  C:160BH         LINE#         177
  C:160BH         LINE#         178
  C:164FH         LINE#         179
  C:1664H         LINE#         180
  C:1664H         LINE#         181
  -------         ENDPROC       _T100US
  -------         PROC          _T1MS
  X:0080H         SYMBOL        A
  X:0081H         SYMBOL        start
  X:0082H         SYMBOL        value
  C:1665H         LINE#         182
  C:1673H         LINE#         184
BL51 BANKED LINKER/LOCATER V6.22.2.0                                                  12/03/2018  17:12:56  PAGE 57


  C:167CH         LINE#         185
  C:1689H         LINE#         187
  C:1691H         LINE#         188
  C:16B7H         LINE#         189
  C:16ECH         LINE#         190
  C:16EEH         LINE#         191
  C:16EEH         LINE#         192
  C:1731H         LINE#         193
  C:1731H         LINE#         195
  C:1732H         LINE#         196
  C:1732H         LINE#         197
  C:1776H         LINE#         198
  C:178BH         LINE#         199
  C:178BH         LINE#         200
  -------         ENDPROC       _T1MS
  -------         PROC          _T10MS
  X:0084H         SYMBOL        A
  X:0085H         SYMBOL        start
  X:0086H         SYMBOL        value
  C:178CH         LINE#         201
  C:179AH         LINE#         203
  C:17A3H         LINE#         204
  C:17B0H         LINE#         206
  C:17B8H         LINE#         207
  C:17DEH         LINE#         208
  C:1813H         LINE#         209
  C:1815H         LINE#         210
  C:1815H         LINE#         211
  C:1858H         LINE#         212
  C:1858H         LINE#         214
  C:1859H         LINE#         215
  C:1859H         LINE#         216
  C:189DH         LINE#         217
  C:18B2H         LINE#         218
  C:18B2H         LINE#         219
  -------         ENDPROC       _T10MS
  -------         PROC          _T100MS
  X:009CH         SYMBOL        A
  X:009DH         SYMBOL        start
  X:009EH         SYMBOL        value
  C:18B3H         LINE#         220
  C:18C1H         LINE#         222
  C:18CAH         LINE#         223
  C:18D7H         LINE#         225
  C:18DFH         LINE#         226
  C:1905H         LINE#         227
  C:193AH         LINE#         228
  C:193CH         LINE#         229
  C:193CH         LINE#         230
  C:197FH         LINE#         231
  C:197FH         LINE#         232
  C:1980H         LINE#         233
  C:1980H         LINE#         234
  C:19C4H         LINE#         235
  C:19D9H         LINE#         236
  C:19D9H         LINE#         237
  -------         ENDPROC       _T100MS
BL51 BANKED LINKER/LOCATER V6.22.2.0                                                  12/03/2018  17:12:56  PAGE 58


  -------         PROC          TIMER0INIT
  -------         DO            
  D:0006H         SYMBOL        temp
  -------         ENDDO         
  C:3323H         LINE#         239
  C:3323H         LINE#         240
  C:3323H         LINE#         242
  C:3326H         LINE#         243
  C:3328H         LINE#         244
  C:332AH         LINE#         245
  C:332CH         LINE#         246
  C:332EH         LINE#         247
  C:3332H         LINE#         248
  C:3335H         LINE#         249
  C:3338H         LINE#         250
  C:333BH         LINE#         251
  C:333EH         LINE#         252
  C:3341H         LINE#         253
  C:3343H         LINE#         254
  C:3345H         LINE#         255
  -------         ENDPROC       TIMER0INIT
  -------         PROC          TIMER0ISR
  -------         DO            
  D:0014H         SYMBOL        i
  -------         ENDDO         
  C:10D6H         LINE#         256
  C:10EBH         LINE#         259
  C:10EDH         LINE#         261
  C:10F3H         LINE#         262
  C:1114H         LINE#         263
  C:1125H         LINE#         264
  C:1125H         LINE#         265
  C:1135H         LINE#         267
  C:1140H         LINE#         268
  C:1146H         LINE#         269
  C:1167H         LINE#         270
  C:1178H         LINE#         271
  C:1178H         LINE#         272
  C:1188H         LINE#         273
  C:118AH         LINE#         274
  C:118DH         LINE#         275
  C:118DH         LINE#         277
  C:1198H         LINE#         278
  C:119EH         LINE#         279
  C:11BFH         LINE#         280
  C:11D0H         LINE#         281
  C:11D0H         LINE#         282
  C:11E0H         LINE#         283
  C:11E2H         LINE#         284
  C:11E5H         LINE#         285
  C:11E5H         LINE#         287
  C:11F0H         LINE#         288
  C:11F6H         LINE#         289
  C:1217H         LINE#         290
  C:1228H         LINE#         291
  C:1228H         LINE#         292
  C:1238H         LINE#         293
BL51 BANKED LINKER/LOCATER V6.22.2.0                                                  12/03/2018  17:12:56  PAGE 59


  C:123BH         LINE#         294
  C:123DH         LINE#         295
  C:123DH         LINE#         296
  C:1248H         LINE#         297
  C:124BH         LINE#         298
  C:124BH         LINE#         299
  C:124DH         LINE#         300
  C:1250H         LINE#         301
  C:1253H         LINE#         302
  -------         ENDPROC       TIMER0ISR
  -------         PROC          GETINPUT
  -------         DO            
  D:0016H         SYMBOL        i
  D:0017H         SYMBOL        temp0
  D:0018H         SYMBOL        temp1
  -------         ENDDO         
  C:237AH         LINE#         304
  C:237AH         LINE#         306
  C:2384H         LINE#         307
  C:238CH         LINE#         308
  C:2392H         LINE#         309
  C:23A0H         LINE#         310
  C:23B4H         LINE#         311
  C:23C8H         LINE#         312
  C:23CCH         LINE#         313
  C:23D0H         LINE#         314
  C:23EDH         LINE#         316
  C:240CH         LINE#         317
  C:240CH         LINE#         318
  C:2410H         LINE#         319
  C:2413H         LINE#         320
  C:2413H         LINE#         321
  C:2415H         LINE#         322
  -------         ENDPROC       GETINPUT
  -------         PROC          SETOUTPUT
  C:37C8H         LINE#         323
  C:37C8H         LINE#         325
  -------         ENDPROC       SETOUTPUT
  -------         ENDMOD        SPLC

  -------         MODULE        ?C?COPY
  C:04FEH         PUBLIC        ?C?COPY
  -------         ENDMOD        ?C?COPY

  -------         MODULE        ?C?CLDPTR
  C:0524H         PUBLIC        ?C?CLDPTR
  -------         ENDMOD        ?C?CLDPTR

  -------         MODULE        ?C?CLDOPTR
  C:053DH         PUBLIC        ?C?CLDOPTR
  -------         ENDMOD        ?C?CLDOPTR

  -------         MODULE        ?C?CSTPTR
  C:056AH         PUBLIC        ?C?CSTPTR
  -------         ENDMOD        ?C?CSTPTR

  -------         MODULE        ?C?SIDIV
BL51 BANKED LINKER/LOCATER V6.22.2.0                                                  12/03/2018  17:12:56  PAGE 60


  C:057CH         PUBLIC        ?C?SIDIV
  -------         ENDMOD        ?C?SIDIV

  -------         MODULE        ?C?IILDX
  C:05B2H         PUBLIC        ?C?IILDX
  -------         ENDMOD        ?C?IILDX

  -------         MODULE        ?C?ISTPTR
  C:05C8H         PUBLIC        ?C?ISTPTR
  -------         ENDMOD        ?C?ISTPTR

  -------         MODULE        ?C?SLDIV
  C:2AC0H         PUBLIC        ?C?SLDIV
  -------         ENDMOD        ?C?SLDIV

  -------         MODULE        ?C?ULCMP
  C:05E7H         PUBLIC        ?C?ULCMP
  -------         ENDMOD        ?C?ULCMP

  -------         MODULE        ?C?ULSHR
  C:05F8H         PUBLIC        ?C?ULSHR
  -------         ENDMOD        ?C?ULSHR

  -------         MODULE        ?C?LSHL
  C:060BH         PUBLIC        ?C?LSHL
  -------         ENDMOD        ?C?LSHL

  -------         MODULE        ?C?LLDCODE0
  C:061EH         PUBLIC        ?C?LLDCODE0
  -------         ENDMOD        ?C?LLDCODE0

  -------         MODULE        ?C?LSTPDATA
  C:062EH         PUBLIC        ?C?LSTPDATA
  -------         ENDMOD        ?C?LSTPDATA

  -------         MODULE        ?C?LSTKPDATA
  C:063AH         PUBLIC        ?C?LSTKPDATA
  -------         ENDMOD        ?C?LSTKPDATA

  -------         MODULE        ?C?OFFXADD
  C:0653H         PUBLIC        ?C?OFFXADD
  -------         ENDMOD        ?C?OFFXADD

  -------         MODULE        ?C_PBP
  D:002AH         PUBLIC        ?C_PBP
  -------         ENDMOD        ?C_PBP

  -------         MODULE        PRINTF
  X:00ADH         PUBLIC        ?_PRINTF517?BYTE
  X:00ADH         PUBLIC        ?_PRINTF?BYTE
  X:00ADH         PUBLIC        ?_SPRINTF517?BYTE
  X:00ADH         PUBLIC        ?_SPRINTF?BYTE
  C:0BDDH         PUBLIC        _PRINTF
  C:0BDDH         PUBLIC        _PRINTF517
  C:0BD7H         PUBLIC        _SPRINTF
  C:0BD7H         PUBLIC        _SPRINTF517
  -------         ENDMOD        PRINTF
BL51 BANKED LINKER/LOCATER V6.22.2.0                                                  12/03/2018  17:12:56  PAGE 61



  -------         MODULE        RAND
  X:0088H         PUBLIC        ?SRAND?BYTE
  C:2A76H         PUBLIC        RAND
  C:2AB2H         PUBLIC        _SRAND
  -------         ENDMOD        RAND

  -------         MODULE        ?C?MEMSET
  C:065FH         PUBLIC        ?C?MEMSET
  -------         ENDMOD        ?C?MEMSET

  -------         MODULE        ?C?UIDIV
  C:068BH         PUBLIC        ?C?UIDIV
  -------         ENDMOD        ?C?UIDIV

  -------         MODULE        ?C?ULDIV
  C:071CH         PUBLIC        ?C?ULDIV
  -------         ENDMOD        ?C?ULDIV

  -------         MODULE        ?C?LLDPDATA
  C:07AEH         PUBLIC        ?C?LLDPDATA
  -------         ENDMOD        ?C?LLDPDATA

  -------         MODULE        ?C?PLDIPDATA
  C:07BAH         PUBLIC        ?C?PLDIPDATA
  -------         ENDMOD        ?C?PLDIPDATA

  -------         MODULE        ?C?PSTPDATA
  C:07CAH         PUBLIC        ?C?PSTPDATA
  -------         ENDMOD        ?C?PSTPDATA

  -------         MODULE        ?C?CCASE
  C:07D3H         PUBLIC        ?C?CCASE
  -------         ENDMOD        ?C?CCASE

  -------         MODULE        PUTCHAR
  C:32FCH         PUBLIC        _PUTCHAR
  -------         ENDMOD        PUTCHAR



FUNCTION REGISTER MASKS


FUNCTION . . . . . . . . . . REG MASK
-------------------------------------

CLEARC . . . . . . . . . . . @0xf30f
CLEARDM. . . . . . . . . . . @0xf30f
CLEAREM. . . . . . . . . . . @0xf30f
CLEARMR. . . . . . . . . . . @0xf30f
CLEARR . . . . . . . . . . . @0xf30f
CLEART . . . . . . . . . . . @0xf30f
CLEARTD. . . . . . . . . . . @0xf30f
CRC32CLEAR . . . . . . . . . @0xbf8f
EPROMINIT. . . . . . . . . . @0x8000
GETINPUT . . . . . . . . . . @0xf38f
BL51 BANKED LINKER/LOCATER V6.22.2.0                                                  12/03/2018  17:12:56  PAGE 62


IIC0ACK. . . . . . . . . . . @0xe081
IIC0INIT . . . . . . . . . . @0x8000
IIC0NACK . . . . . . . . . . @0xe081
IIC0START. . . . . . . . . . @0xe081
IIC0STOP . . . . . . . . . . @0xe081
IIC0WAITACK. . . . . . . . . @0xf083
IIC1ACK. . . . . . . . . . . @0xe081
IIC1INIT . . . . . . . . . . @0x8000
IIC1NACK . . . . . . . . . . @0xe081
IIC1START. . . . . . . . . . @0xe081
IIC1STOP . . . . . . . . . . @0xe081
IIC1WAITACK. . . . . . . . . @0xf083
IIC2ACK. . . . . . . . . . . @0xe081
IIC2INIT . . . . . . . . . . @0x8000
IIC2NACK . . . . . . . . . . @0xe081
IIC2START. . . . . . . . . . @0xe081
IIC2STOP . . . . . . . . . . @0xe081
IIC2WAITACK. . . . . . . . . @0xf083
IIC3ACK. . . . . . . . . . . @0xe081
IIC3INIT . . . . . . . . . . @0x8000
IIC3NACK . . . . . . . . . . @0xe081
IIC3START. . . . . . . . . . @0xe081
IIC3STOP . . . . . . . . . . @0xe081
IIC3WAITACK. . . . . . . . . @0xf083
IIC4ACK. . . . . . . . . . . @0xe081
IIC4INIT . . . . . . . . . . @0x8000
IIC4NACK . . . . . . . . . . @0xe081
IIC4START. . . . . . . . . . @0xe081
IIC4STOP . . . . . . . . . . @0xe081
IIC4WAITACK. . . . . . . . . @0xf083
IIC5ACK. . . . . . . . . . . @0xe081
IIC5INIT . . . . . . . . . . @0x8000
IIC5NACK . . . . . . . . . . @0xe081
IIC5START. . . . . . . . . . @0xe081
IIC5STOP . . . . . . . . . . @0xe081
IIC5WAITACK. . . . . . . . . @0xf083
IIC6ACK. . . . . . . . . . . @0xe081
IIC6INIT . . . . . . . . . . @0x8000
IIC6NACK . . . . . . . . . . @0xe081
IIC6START. . . . . . . . . . @0xe081
IIC6STOP . . . . . . . . . . @0xe081
IIC6WAITACK. . . . . . . . . @0xf083
INITDEVICE . . . . . . . . . @0x8000
INITMODBUSTIMER. . . . . . . @0xe003
INPCA9554INIT. . . . . . . . @0xf087
INPCA9554READ. . . . . . . . @0xf08f
MCP47X6INIT. . . . . . . . . @0xf08f
MODBUSSERIALRXHANDLE . . . . @0xf300
MODBUSSERIALTXHANDLE . . . . @0x8000
MODBUSTIMERHANDLE. . . . . . @0x8000
NVRAMSAVE. . . . . . . . . . @0xc000
OSCILLATOR_INIT. . . . . . . @0x8000
OUTPCA9554INIT . . . . . . . @0xf087
OUTPCA9554READ . . . . . . . @0xf08f
PORT_IO_INIT . . . . . . . . @0x8000
READNVRAM. . . . . . . . . . @0x8000
RESET_SOURCES_INIT . . . . . @0x8000
BL51 BANKED LINKER/LOCATER V6.22.2.0                                                  12/03/2018  17:12:56  PAGE 63


SETOUTPUT. . . . . . . . . . @0x8000
TIMER0INIT . . . . . . . . . @0xe003
TIMER0ISR. . . . . . . . . . @0xf78b
UPDATENVRAM. . . . . . . . . @0x8000
VOLTAGE_REFERENCE_INIT . . . @0x8000
WRITENVRAM . . . . . . . . . @0x8000
_?DELAYMS. . . . . . . . . . @0xe081
_?DELAYUS. . . . . . . . . . @0xe080
_CRC32SETCRCOLD. . . . . . . @0xbf8f
_EPROMREAD . . . . . . . . . @0xf3ff
_EPROMREADONEBYTE. . . . . . @0xf0bf
_EPROMWRITE. . . . . . . . . @0xf3ff
_EPROMWRITELENBYTE . . . . . @0xf4ff
_EPROMWRITEONEBYTE . . . . . @0xf0bf
_FLIP. . . . . . . . . . . . @0xf3ff
_GETCOILVAL. . . . . . . . . @0xf703
_GETREGISTERVAL. . . . . . . @0xf703
_HWDELAY . . . . . . . . . . @0xe001
_HWDELAYINIT . . . . . . . . @0xc001
_IIC0READBYTE. . . . . . . . @0xf08f
_IIC0SENDBYTE. . . . . . . . @0xf087
_IIC1READBYTE. . . . . . . . @0xf08f
_IIC1SENDBYTE. . . . . . . . @0xf087
_IIC2READBYTE. . . . . . . . @0xf08f
_IIC2SENDBYTE. . . . . . . . @0xf087
_IIC3READBYTE. . . . . . . . @0xf08f
_IIC3SENDBYTE. . . . . . . . @0xf087
_IIC4READBYTE. . . . . . . . @0xf08f
_IIC4SENDBYTE. . . . . . . . @0xf087
_IIC5READBYTE. . . . . . . . @0xf08f
_IIC5SENDBYTE. . . . . . . . @0xf087
_IIC6READBYTE. . . . . . . . @0xf08f
_IIC6SENDBYTE. . . . . . . . @0xf087
_LD. . . . . . . . . . . . . @0xf39f
_LDN . . . . . . . . . . . . @0xf39f
_LDP . . . . . . . . . . . . @0xf39f
_MCP47X6_READ. . . . . . . . @0x8000
_MCP47X6_WRITE . . . . . . . @0xf0f7
_MODBUSSERIALSENDBUFFER. . . @0xf3f1
_OUTPCA9554WRITE . . . . . . @0xf08f
_RESET . . . . . . . . . . . @0xf3cf
_SET . . . . . . . . . . . . @0xf3cf
_SETCOILVAL. . . . . . . . . @0xe00f
_SETMODBUSSLAVEADDR. . . . . @0x8000
_SETREGISTERVAL. . . . . . . @0xe00f

*** WARNING L16: UNCALLED SEGMENT, IGNORED FOR OVERLAY PROCESS
    SEGMENT: ?PR?_HWDELAYINIT?DELAY

*** WARNING L16: UNCALLED SEGMENT, IGNORED FOR OVERLAY PROCESS
    SEGMENT: ?PR?_HWDELAY?DELAY

*** WARNING L16: UNCALLED SEGMENT, IGNORED FOR OVERLAY PROCESS
    SEGMENT: ?PR?_CRC32CALCULATE?CRC32

*** WARNING L16: UNCALLED SEGMENT, IGNORED FOR OVERLAY PROCESS
    SEGMENT: ?PR?_CRC32SETCRCOLD?CRC32
BL51 BANKED LINKER/LOCATER V6.22.2.0                                                  12/03/2018  17:12:56  PAGE 64



*** WARNING L16: UNCALLED SEGMENT, IGNORED FOR OVERLAY PROCESS
    SEGMENT: ?PR?GETSCL0?I2C0

*** WARNING L16: UNCALLED SEGMENT, IGNORED FOR OVERLAY PROCESS
    SEGMENT: ?PR?IIC1INIT?I2C1

*** WARNING L16: UNCALLED SEGMENT, IGNORED FOR OVERLAY PROCESS
    SEGMENT: ?PR?GETSCL1?I2C1

*** WARNING L16: UNCALLED SEGMENT, IGNORED FOR OVERLAY PROCESS
    SEGMENT: ?PR?_IIC1READBYTE?I2C1

*** WARNING L16: UNCALLED SEGMENT, IGNORED FOR OVERLAY PROCESS
    SEGMENT: ?PR?IIC2INIT?I2C2

*** WARNING L16: UNCALLED SEGMENT, IGNORED FOR OVERLAY PROCESS
    SEGMENT: ?PR?GETSCL2?I2C2

*** WARNING L16: UNCALLED SEGMENT, IGNORED FOR OVERLAY PROCESS
    SEGMENT: ?PR?_IIC2READBYTE?I2C2

*** WARNING L16: UNCALLED SEGMENT, IGNORED FOR OVERLAY PROCESS
    SEGMENT: ?PR?IIC3INIT?I2C3

*** WARNING L16: UNCALLED SEGMENT, IGNORED FOR OVERLAY PROCESS
    SEGMENT: ?PR?GETSCL3?I2C3

*** WARNING L16: UNCALLED SEGMENT, IGNORED FOR OVERLAY PROCESS
    SEGMENT: ?PR?_IIC3READBYTE?I2C3

*** WARNING L16: UNCALLED SEGMENT, IGNORED FOR OVERLAY PROCESS
    SEGMENT: ?PR?IIC4INIT?I2C4

*** WARNING L16: UNCALLED SEGMENT, IGNORED FOR OVERLAY PROCESS
    SEGMENT: ?PR?GETSCL?I2C4

*** WARNING L16: UNCALLED SEGMENT, IGNORED FOR OVERLAY PROCESS
    SEGMENT: ?PR?_IIC4READBYTE?I2C4

*** WARNING L16: UNCALLED SEGMENT, IGNORED FOR OVERLAY PROCESS
    SEGMENT: ?PR?IIC5INIT?I2C5

*** WARNING L16: UNCALLED SEGMENT, IGNORED FOR OVERLAY PROCESS
    SEGMENT: ?PR?GETSCL5?I2C5

*** WARNING L16: UNCALLED SEGMENT, IGNORED FOR OVERLAY PROCESS
    SEGMENT: ?PR?IIC6INIT?I2C6

*** WARNING L16: UNCALLED SEGMENT, IGNORED FOR OVERLAY PROCESS
    SEGMENT: ?PR?GETSCL6?I2C6

*** WARNING L16: UNCALLED SEGMENT, IGNORED FOR OVERLAY PROCESS
    SEGMENT: ?PR?EPROMINIT?EPROM

*** WARNING L16: UNCALLED SEGMENT, IGNORED FOR OVERLAY PROCESS
    SEGMENT: ?PR?_EPROMWRITELENBYTE?EPROM
BL51 BANKED LINKER/LOCATER V6.22.2.0                                                  12/03/2018  17:12:56  PAGE 65



*** WARNING L16: UNCALLED SEGMENT, IGNORED FOR OVERLAY PROCESS
    SEGMENT: ?PR?_EPROMREADLENBYTE?EPROM

*** WARNING L16: UNCALLED SEGMENT, IGNORED FOR OVERLAY PROCESS
    SEGMENT: ?PR?OUTPCA9554INIT?OUTPCA9554

*** WARNING L16: UNCALLED SEGMENT, IGNORED FOR OVERLAY PROCESS
    SEGMENT: ?PR?OUTPCA9554READ?OUTPCA9554

*** WARNING L16: UNCALLED SEGMENT, IGNORED FOR OVERLAY PROCESS
    SEGMENT: ?PR?_OUTPCA9554WRITE?OUTPCA9554

*** WARNING L16: UNCALLED SEGMENT, IGNORED FOR OVERLAY PROCESS
    SEGMENT: ?PR?INPCA9554INIT?INPCA9554

*** WARNING L16: UNCALLED SEGMENT, IGNORED FOR OVERLAY PROCESS
    SEGMENT: ?PR?MCP47X6INIT?MCP47X6

*** WARNING L16: UNCALLED SEGMENT, IGNORED FOR OVERLAY PROCESS
    SEGMENT: ?PR?_MCP47X6_WRITE?MCP47X6

*** WARNING L16: UNCALLED SEGMENT, IGNORED FOR OVERLAY PROCESS
    SEGMENT: ?PR?_MCP47X6_READ?MCP47X6

*** WARNING L16: UNCALLED SEGMENT, IGNORED FOR OVERLAY PROCESS
    SEGMENT: ?PR?_INITMODBUSHARDWARE?SLAVEMODBUS

*** WARNING L16: UNCALLED SEGMENT, IGNORED FOR OVERLAY PROCESS
    SEGMENT: ?PR?MODBUSPOLL?SLAVEMODBUS

*** WARNING L16: UNCALLED SEGMENT, IGNORED FOR OVERLAY PROCESS
    SEGMENT: ?PR?_SETMODBUSSLAVEADDR?SLAVEMODBUS

*** WARNING L16: UNCALLED SEGMENT, IGNORED FOR OVERLAY PROCESS
    SEGMENT: ?PR?READNVRAM?MAINAPP

*** WARNING L16: UNCALLED SEGMENT, IGNORED FOR OVERLAY PROCESS
    SEGMENT: ?PR?WRITENVRAM?MAINAPP

*** WARNING L16: UNCALLED SEGMENT, IGNORED FOR OVERLAY PROCESS
    SEGMENT: ?PR?UPDATENVRAM?MAINAPP

*** WARNING L16: UNCALLED SEGMENT, IGNORED FOR OVERLAY PROCESS
    SEGMENT: ?PR?CLEARDM?SPLC

*** WARNING L16: UNCALLED SEGMENT, IGNORED FOR OVERLAY PROCESS
    SEGMENT: ?PR?CLEARMR?SPLC

*** WARNING L16: UNCALLED SEGMENT, IGNORED FOR OVERLAY PROCESS
    SEGMENT: ?PR?NVRAMSAVE?SPLC

*** WARNING L16: UNCALLED SEGMENT, IGNORED FOR OVERLAY PROCESS
    SEGMENT: ?PR?_LDP?SPLC

*** WARNING L16: UNCALLED SEGMENT, IGNORED FOR OVERLAY PROCESS
    SEGMENT: ?PR?_LDN?SPLC
BL51 BANKED LINKER/LOCATER V6.22.2.0                                                  12/03/2018  17:12:56  PAGE 66



*** WARNING L16: UNCALLED SEGMENT, IGNORED FOR OVERLAY PROCESS
    SEGMENT: ?PR?_T100US?SPLC

*** WARNING L16: UNCALLED SEGMENT, IGNORED FOR OVERLAY PROCESS
    SEGMENT: ?PR?_T1MS?SPLC

*** WARNING L16: UNCALLED SEGMENT, IGNORED FOR OVERLAY PROCESS
    SEGMENT: ?PR?_T10MS?SPLC

*** WARNING L16: UNCALLED SEGMENT, IGNORED FOR OVERLAY PROCESS
    SEGMENT: ?PR?TIMER0INIT?SPLC

*** WARNING L16: UNCALLED SEGMENT, IGNORED FOR OVERLAY PROCESS
    SEGMENT: ?PR?SETOUTPUT?SPLC

Program Size: data=43.1 xdata=3456 code=14281
LINK/LOCATE RUN COMPLETE.  47 WARNING(S),  0 ERROR(S)
