BL51 BANKED LINKER/LOCATER V6.22.2.0                                                    12/04/2018  23:23:53  PAGE 1


BL51 BANKED LINKER/LOCATER V6.22.2.0, INVOKED BY:
C:\KEIL_V5\C51\BIN\BL51.EXE .\Objects\delay.obj, .\Objects\crc32.obj, .\Objects\i2c0.obj, .\Objects\i2c1.obj, .\Objects\
>> i2c2.obj, .\Objects\i2c3.obj, .\Objects\i2c4.obj, .\Objects\i2c5.obj, .\Objects\i2c6.obj, .\Objects\eprom.obj, .\Obje
>> cts\outPca9554.obj, .\Objects\inPca9554.obj, .\Objects\mcp47x6.obj, .\Objects\modbusSlaveAscii.obj, .\Objects\MainApp
>> .obj, .\Objects\InitConfig.obj, .\Objects\sPlc.obj TO .\Objects\dwLaser_F020 REGFILE (.\Objects\dwLaser_F020.ORC) PRI
>> NT (.\Listings\dwLaser_F020.m51) RAMSIZE (256) CODE (0X0000-0XFFFF) XDATA (0X0000-0X0FFF)


MEMORY MODEL: COMPACT


INPUT MODULES INCLUDED:
  .\Objects\delay.obj (DELAY)
  .\Objects\crc32.obj (CRC32)
  .\Objects\i2c0.obj (I2C0)
  .\Objects\i2c1.obj (I2C1)
  .\Objects\i2c2.obj (I2C2)
  .\Objects\i2c3.obj (I2C3)
  .\Objects\i2c4.obj (I2C4)
  .\Objects\i2c5.obj (I2C5)
  .\Objects\i2c6.obj (I2C6)
  .\Objects\eprom.obj (EPROM)
  .\Objects\outPca9554.obj (OUTPCA9554)
  .\Objects\inPca9554.obj (INPCA9554)
  .\Objects\mcp47x6.obj (MCP47X6)
  .\Objects\modbusSlaveAscii.obj (MODBUSSLAVEASCII)
  .\Objects\MainApp.obj (MAINAPP)
  .\Objects\InitConfig.obj (INITCONFIG)
  .\Objects\sPlc.obj (SPLC)
  C:\KEIL_V5\C51\LIB\C51C.LIB (?C_STARTUP)
  C:\KEIL_V5\C51\LIB\C51C.LIB (?C?COPY)
  C:\KEIL_V5\C51\LIB\C51C.LIB (?C?CLDPTR)
  C:\KEIL_V5\C51\LIB\C51C.LIB (?C?CLDOPTR)
  C:\KEIL_V5\C51\LIB\C51C.LIB (?C?CSTPTR)
  C:\KEIL_V5\C51\LIB\C51C.LIB (?C?CSTOPTR)
  C:\KEIL_V5\C51\LIB\C51C.LIB (?C?SIDIV)
  C:\KEIL_V5\C51\LIB\C51C.LIB (?C?IILDX)
  C:\KEIL_V5\C51\LIB\C51C.LIB (?C?ILDPTR)
  C:\KEIL_V5\C51\LIB\C51C.LIB (?C?SLDIV)
  C:\KEIL_V5\C51\LIB\C51C.LIB (?C?SLCMP)
  C:\KEIL_V5\C51\LIB\C51C.LIB (?C?ULCMP)
  C:\KEIL_V5\C51\LIB\C51C.LIB (?C?ULSHR)
  C:\KEIL_V5\C51\LIB\C51C.LIB (?C?LSHL)
  C:\KEIL_V5\C51\LIB\C51C.LIB (?C?LLDCODE0)
  C:\KEIL_V5\C51\LIB\C51C.LIB (?C?LSTPDATA)
  C:\KEIL_V5\C51\LIB\C51C.LIB (?C?LSTKPDATA)
  C:\KEIL_V5\C51\LIB\C51C.LIB (?C?OFFXADD)
  C:\KEIL_V5\C51\LIB\C51C.LIB (?C_PBP)
  C:\KEIL_V5\C51\LIB\C51C.LIB (PRINTF)
  C:\KEIL_V5\C51\LIB\C51C.LIB (RAND)
  C:\KEIL_V5\C51\LIB\C51C.LIB (?C?MEMSET)
  C:\KEIL_V5\C51\LIB\C51C.LIB (?C_INIT)
  C:\KEIL_V5\C51\LIB\C51C.LIB (?C?UIDIV)
  C:\KEIL_V5\C51\LIB\C51C.LIB (?C?ULDIV)
  C:\KEIL_V5\C51\LIB\C51C.LIB (?C?LLDPDATA)
  C:\KEIL_V5\C51\LIB\C51C.LIB (?C?PLDIPDATA)
  C:\KEIL_V5\C51\LIB\C51C.LIB (?C?PSTPDATA)
  C:\KEIL_V5\C51\LIB\C51C.LIB (?C?CCASE)
BL51 BANKED LINKER/LOCATER V6.22.2.0                                                  12/04/2018  23:23:53  PAGE 2


  C:\KEIL_V5\C51\LIB\C51C.LIB (PUTCHAR)


LINK MAP OF MODULE:  .\Objects\dwLaser_F020 (DELAY)


            TYPE    BASE      LENGTH    RELOCATION   SEGMENT NAME
            -----------------------------------------------------

            * * * * * * *   D A T A   M E M O R Y   * * * * * * *
            REG     0000H     0008H     ABSOLUTE     "REG BANK 0"
            DATA    0008H     0018H     UNIT         ?DT?SPLC
            BIT     0020H.0   0001H.1   UNIT         ?BI?PRINTF?PRINTF
                    0021H.1   0000H.7                *** GAP ***
            DATA    0022H     0020H     UNIT         _DATA_GROUP_
            DATA    0042H     000DH     UNIT         ?DT?MODBUSSLAVEASCII
            DATA    004FH     0005H     UNIT         ?DT?PRINTF?PRINTF
            DATA    0054H     0002H     UNIT         ?DT?_FLIP?SPLC
            DATA    0056H     0002H     UNIT         ?DT?_LDP?SPLC
            DATA    0058H     0002H     UNIT         ?DT?_LDN?SPLC
            DATA    005AH     0001H     UNIT         ?DT?_UINT16TOASCII?MODBUSSLAVEASCII
            DATA    005BH     0001H     UNIT         ?DT?_UINT8TOASCII?MODBUSSLAVEASCII
            DATA    005CH     0001H     UNIT         ?C?LIB_DATA
            IDATA   005DH     0001H     UNIT         ?STACK

            * * * * * * *  X D A T A   M E M O R Y  * * * * * * *
            XDATA   0000H     0009H     INPAGE       ?PD?_CRC32CALCULATE?CRC32
            XDATA   0009H     0004H     INPAGE       ?PD?CRC32
            XDATA   000DH     0008H     INPAGE       ?PD?_EPROMWRITELENBYTE?EPROM
            XDATA   0015H     0008H     INPAGE       ?PD?_EPROMREADLENBYTE?EPROM
            XDATA   001DH     0007H     INPAGE       ?PD?_EPROMWRITE?EPROM
            XDATA   0024H     0011H     INPAGE       ?PD?EPROMTEST?EPROM
            XDATA   0035H     0001H     INPAGE       ?PD?OUTPCA9554READ?OUTPCA9554
            XDATA   0036H     0001H     INPAGE       ?PD?_MCP47X6_WRITE?MCP47X6
            XDATA   0037H     0008H     INPAGE       ?PD?MCP47X6
            XDATA   003FH     0006H     INPAGE       ?PD?_UINT16TOASCII?MODBUSSLAVEASCII
            XDATA   0045H     0006H     INPAGE       ?PD?_UINT8TOASCII?MODBUSSLAVEASCII
            XDATA   004BH     0004H     INPAGE       ?PD?_MODBUSSERIALINIT?MODBUSSLAVEASCII
            XDATA   004FH     0001H     INPAGE       ?PD?NVRAMSAVE?SPLC
            XDATA   0050H     0004H     INPAGE       ?PD?_T100US?SPLC
            XDATA   0054H     0004H     INPAGE       ?PD?_T1MS?SPLC
            XDATA   0058H     0004H     INPAGE       ?PD?_T10MS?SPLC
            XDATA   005CH     0004H     INPAGE       ?PD?_T100MS?SPLC
            XDATA   0060H     000FH     INPAGE       ?PD?PRINTF?PRINTF
            XDATA   006FH     0004H     INPAGE       ?PD?RAND?RAND
            XDATA   0073H     001AH     INPAGE       _PDATA_GROUP_
            XDATA   008DH     0C44H     UNIT         ?XD?SPLC
            XDATA   0CD1H     0100H     UNIT         ?XD?MODBUSSLAVEASCII

            * * * * * * *   C O D E   M E M O R Y   * * * * * * *
            CODE    0000H     0003H     ABSOLUTE     
            CODE    0003H     0008H     UNIT         ?PR?GETSDA3?I2C3
            CODE    000BH     0003H     ABSOLUTE     
            CODE    000EH     0013H     UNIT         ?PR?_?DELAYUS?DELAY
            CODE    0021H     0001H     UNIT         ?PR?IIC0INIT?I2C0
            CODE    0022H     0001H     UNIT         ?PR?IIC1INIT?I2C1
            CODE    0023H     0003H     ABSOLUTE     
BL51 BANKED LINKER/LOCATER V6.22.2.0                                                  12/04/2018  23:23:53  PAGE 3


            CODE    0026H     040FH     UNIT         ?C?LIB_CODE
            CODE    0435H     0400H     UNIT         ?CO?CRC32
            CODE    0835H     035BH     UNIT         ?PR?PRINTF?PRINTF
            CODE    0B90H     0288H     UNIT         ?PR?MODBUSSLAVEASCIIPOLL?MODBUSSLAVEASCII
            CODE    0E18H     0198H     UNIT         ?PR?TIMER0ISR?SPLC
            CODE    0FB0H     0127H     UNIT         ?PR?_T100US?SPLC
            CODE    10D7H     0127H     UNIT         ?PR?_T1MS?SPLC
            CODE    11FEH     0127H     UNIT         ?PR?_T10MS?SPLC
            CODE    1325H     0127H     UNIT         ?PR?_T100MS?SPLC
            CODE    144CH     0114H     UNIT         ?PR?MODBUSSLAVESERIALISR?MODBUSSLAVEASCII
            CODE    1560H     010DH     UNIT         ?PR?EPROMTEST?EPROM
            CODE    166DH     0104H     UNIT         ?PR?_MCP47X6_WRITE?MCP47X6
            CODE    1771H     00E2H     UNIT         ?PR?_ASCIITOUINT16?MODBUSSLAVEASCII
            CODE    1853H     00CFH     UNIT         ?PR?MCP47X6INIT?MCP47X6
            CODE    1922H     00CBH     UNIT         ?PR?_UINT16TOASCII?MODBUSSLAVEASCII
            CODE    19EDH     00C4H     UNIT         ?PR?_CRC32CALCULATE?CRC32
            CODE    1AB1H     009DH     UNIT         ?PR?_EPROMREADLENBYTE?EPROM
            CODE    1B4EH     009DH     UNIT         ?PR?_LDP?SPLC
            CODE    1BEBH     009DH     UNIT         ?PR?_LDN?SPLC
            CODE    1C88H     009AH     UNIT         ?PR?GETINPUT?SPLC
            CODE    1D22H     0097H     UNIT         ?PR?CLEART?SPLC
            CODE    1DB9H     0097H     UNIT         ?PR?CLEARTD?SPLC
            CODE    1E50H     008CH     UNIT         ?C_C51STARTUP
            CODE    1EDCH     006CH     UNIT         ?PR?_CRC32CALCULATEADD?CRC32
            CODE    1F48H     0066H     UNIT         ?PR?_LRC?MODBUSSLAVEASCII
            CODE    1FAEH     0063H     UNIT         ?PR?_ASCIITOUINT8?MODBUSSLAVEASCII
            CODE    2011H     0060H     UNIT         ?PR?_UINT8TOASCII?MODBUSSLAVEASCII
            CODE    2071H     005CH     UNIT         ?PR?_RESET?SPLC
            CODE    20CDH     005AH     UNIT         ?PR?_SET?SPLC
            CODE    2127H     0059H     UNIT         ?PR?_MODBUSSERIALINIT?MODBUSSLAVEASCII
            CODE    2180H     0055H     UNIT         ?PR?_FLIP?SPLC
            CODE    21D5H     0052H     UNIT         ?PR?_EPROMWRITE?EPROM
            CODE    2227H     004EH     UNIT         ?PR?_EPROMWRITELENBYTE?EPROM
            CODE    2275H     004DH     UNIT         ?PR?_EPROMREAD?EPROM
            CODE    22C2H     004DH     UNIT         ?CO?SPLC
            CODE    230FH     004BH     UNIT         ?PR?NVRAMLOAD?SPLC
            CODE    235AH     004AH     UNIT         ?PR?RAND?RAND
            CODE    23A4H     0049H     UNIT         ?PR?_LD?SPLC
            CODE    23EDH     0044H     UNIT         ?C?LDIV
            CODE    2431H     0042H     UNIT         ?PR?_IIC0SENDBYTE?I2C0
            CODE    2473H     0042H     UNIT         ?PR?_IIC1SENDBYTE?I2C1
            CODE    24B5H     0042H     UNIT         ?PR?_IIC2SENDBYTE?I2C2
            CODE    24F7H     0042H     UNIT         ?PR?_IIC3SENDBYTE?I2C3
            CODE    2539H     0042H     UNIT         ?PR?_IIC4SENDBYTE?I2C4
            CODE    257BH     0042H     UNIT         ?PR?_IIC5SENDBYTE?I2C5
            CODE    25BDH     0042H     UNIT         ?PR?_IIC6SENDBYTE?I2C6
            CODE    25FFH     003FH     UNIT         ?PR?NVRAMUPDATA?SPLC
            CODE    263EH     003CH     UNIT         ?PR?_IIC0READBYTE?I2C0
            CODE    267AH     003CH     UNIT         ?PR?_IIC1READBYTE?I2C1
            CODE    26B6H     003CH     UNIT         ?PR?_IIC2READBYTE?I2C2
            CODE    26F2H     003CH     UNIT         ?PR?_IIC3READBYTE?I2C3
            CODE    272EH     003CH     UNIT         ?PR?_IIC4READBYTE?I2C4
            CODE    276AH     003CH     UNIT         ?PR?_IIC5READBYTE?I2C5
            CODE    27A6H     003CH     UNIT         ?PR?_IIC6READBYTE?I2C6
            CODE    27E2H     003CH     UNIT         ?PR?INPCA9554INIT?INPCA9554
            CODE    281EH     003AH     UNIT         ?CO?EPROM
            CODE    2858H     0039H     UNIT         ?PR?_EPROMREADONEBYTE?EPROM
BL51 BANKED LINKER/LOCATER V6.22.2.0                                                  12/04/2018  23:23:53  PAGE 4


            CODE    2891H     0033H     UNIT         ?PR?CLEARMR?SPLC
            CODE    28C4H     0033H     UNIT         ?PR?CLEAREM?SPLC
            CODE    28F7H     0033H     UNIT         ?PR?CLEARR?SPLC
            CODE    292AH     0033H     UNIT         ?PR?CLEARC?SPLC
            CODE    295DH     0032H     UNIT         ?PR?CLEARDM?SPLC
            CODE    298FH     0031H     UNIT         ?PR?_EPROMWRITEONEBYTE?EPROM
            CODE    29C0H     0031H     UNIT         ?PR?MAIN?MAINAPP
            CODE    29F1H     0030H     UNIT         ?PR?OUTPCA9554READ?OUTPCA9554
            CODE    2A21H     002EH     UNIT         ?PR?INPCA9554READ?INPCA9554
            CODE    2A4FH     002DH     UNIT         ?PR?IIC0WAITACK?I2C0
            CODE    2A7CH     002DH     UNIT         ?PR?IIC1WAITACK?I2C1
            CODE    2AA9H     002DH     UNIT         ?PR?IIC2WAITACK?I2C2
            CODE    2AD6H     002DH     UNIT         ?PR?IIC3WAITACK?I2C3
            CODE    2B03H     002DH     UNIT         ?PR?IIC4WAITACK?I2C4
            CODE    2B30H     002DH     UNIT         ?PR?IIC5WAITACK?I2C5
            CODE    2B5DH     002DH     UNIT         ?PR?IIC6WAITACK?I2C6
            CODE    2B8AH     0027H     UNIT         ?PR?TIMER0INIT?SPLC
            CODE    2BB1H     0027H     UNIT         ?PR?PUTCHAR?PUTCHAR
            CODE    2BD8H     0020H     UNIT         ?PR?_OUTPCA9554WRITE?OUTPCA9554
            CODE    2BF8H     001EH     UNIT         ?PR?OUTPCA9554INIT?OUTPCA9554
            CODE    2C16H     001BH     UNIT         ?PR?OSCILLATOR_INIT?INITCONFIG
            CODE    2C31H     001AH     UNIT         ?PR?_HWDELAY?DELAY
            CODE    2C4BH     0019H     UNIT         ?PR?_?DELAYMS?DELAY
            CODE    2C64H     0018H     UNIT         ?PR?INIT_DEVICE?INITCONFIG
            CODE    2C7CH     0017H     UNIT         ?PR?IIC0START?I2C0
            CODE    2C93H     0017H     UNIT         ?PR?IIC1START?I2C1
            CODE    2CAAH     0017H     UNIT         ?PR?IIC2START?I2C2
            CODE    2CC1H     0017H     UNIT         ?PR?IIC3START?I2C3
            CODE    2CD8H     0017H     UNIT         ?PR?IIC4START?I2C4
            CODE    2CEFH     0017H     UNIT         ?PR?IIC5START?I2C5
            CODE    2D06H     0017H     UNIT         ?PR?IIC6START?I2C6
            CODE    2D1DH     0016H     UNIT         ?PR?IIC0NACK?I2C0
            CODE    2D33H     0016H     UNIT         ?PR?IIC1NACK?I2C1
            CODE    2D49H     0016H     UNIT         ?PR?IIC2NACK?I2C2
            CODE    2D5FH     0016H     UNIT         ?PR?IIC3NACK?I2C3
            CODE    2D75H     0016H     UNIT         ?PR?IIC4NACK?I2C4
            CODE    2D8BH     0016H     UNIT         ?PR?IIC5NACK?I2C5
            CODE    2DA1H     0016H     UNIT         ?PR?IIC6NACK?I2C6
            CODE    2DB7H     0013H     UNIT         ?PR?_HWDELAYINIT?DELAY
            CODE    2DCAH     0013H     UNIT         ?PR?TIMER_INIT?INITCONFIG
            CODE    2DDDH     0011H     UNIT         ?PR?IIC0ACK?I2C0
            CODE    2DEEH     0011H     UNIT         ?PR?IIC1ACK?I2C1
            CODE    2DFFH     0011H     UNIT         ?PR?IIC2ACK?I2C2
            CODE    2E10H     0011H     UNIT         ?PR?IIC3ACK?I2C3
            CODE    2E21H     0011H     UNIT         ?PR?IIC4ACK?I2C4
            CODE    2E32H     0011H     UNIT         ?PR?IIC5ACK?I2C5
            CODE    2E43H     0011H     UNIT         ?PR?IIC6ACK?I2C6
            CODE    2E54H     0010H     UNIT         ?PR?IIC0STOP?I2C0
            CODE    2E64H     0010H     UNIT         ?PR?IIC1STOP?I2C1
            CODE    2E74H     0010H     UNIT         ?PR?IIC2STOP?I2C2
            CODE    2E84H     0010H     UNIT         ?PR?_SETSDA3?I2C3
            CODE    2E94H     0010H     UNIT         ?PR?IIC3STOP?I2C3
            CODE    2EA4H     0010H     UNIT         ?PR?_SETSDA?I2C4
            CODE    2EB4H     0010H     UNIT         ?PR?IIC4STOP?I2C4
            CODE    2EC4H     0010H     UNIT         ?PR?IIC5STOP?I2C5
            CODE    2ED4H     0010H     UNIT         ?PR?IIC6STOP?I2C6
            CODE    2EE4H     0010H     UNIT         ?PR?_ASSERTCOILADDRESS?SPLC
BL51 BANKED LINKER/LOCATER V6.22.2.0                                                  12/04/2018  23:23:53  PAGE 5


            CODE    2EF4H     000FH     UNIT         ?PR?MODBUSSLAVESTARTSEND?MODBUSSLAVEASCII
            CODE    2F03H     000EH     UNIT         ?PR?_SETSDA0?I2C0
            CODE    2F11H     000EH     UNIT         ?PR?_SETSDA1?I2C1
            CODE    2F1FH     000EH     UNIT         ?PR?_SETSDA2?I2C2
            CODE    2F2DH     000EH     UNIT         ?PR?_SETSDA5?I2C5
            CODE    2F3BH     000EH     UNIT         ?PR?_SETSDA6?I2C6
            CODE    2F49H     000DH     UNIT         ?C_INITSEG
            CODE    2F56H     000CH     UNIT         ?PR?_ASSERTREGISTERADDRESS?SPLC
            CODE    2F62H     000BH     UNIT         ?PR?_SETSCL3?I2C3
            CODE    2F6DH     000BH     UNIT         ?PR?_SETSCL?I2C4
            CODE    2F78H     000AH     UNIT         ?PR?CRC32CLEAR?CRC32
            CODE    2F82H     000AH     UNIT         ?PR?PORT_IO_INIT?INITCONFIG
            CODE    2F8CH     0009H     UNIT         ?PR?_SETSCL0?I2C0
            CODE    2F95H     0009H     UNIT         ?PR?_SETSCL1?I2C1
            CODE    2F9EH     0009H     UNIT         ?PR?_SETSCL2?I2C2
            CODE    2FA7H     0009H     UNIT         ?PR?GETSCL3?I2C3
            CODE    2FB0H     0009H     UNIT         ?PR?_SETSCL5?I2C5
            CODE    2FB9H     0009H     UNIT         ?PR?_SETSCL6?I2C6
            CODE    2FC2H     0008H     UNIT         ?PR?GETSCL?I2C4
            CODE    2FCAH     0008H     UNIT         ?CO?MAINAPP
            CODE    2FD2H     0007H     UNIT         ?PR?GETSDA?I2C4
            CODE    2FD9H     0007H     UNIT         ?PR?RESET_SOURCES_INIT?INITCONFIG
            CODE    2FE0H     0006H     UNIT         ?PR?GETSCL0?I2C0
            CODE    2FE6H     0006H     UNIT         ?PR?GETSDA0?I2C0
            CODE    2FECH     0006H     UNIT         ?PR?GETSCL1?I2C1
            CODE    2FF2H     0006H     UNIT         ?PR?GETSDA1?I2C1
            CODE    2FF8H     0006H     UNIT         ?PR?GETSCL2?I2C2
            CODE    2FFEH     0006H     UNIT         ?PR?GETSDA2?I2C2
            CODE    3004H     0006H     UNIT         ?PR?GETSCL5?I2C5
            CODE    300AH     0006H     UNIT         ?PR?GETSDA5?I2C5
            CODE    3010H     0006H     UNIT         ?PR?GETSCL6?I2C6
            CODE    3016H     0006H     UNIT         ?PR?GETSDA6?I2C6
            CODE    301CH     0005H     UNIT         ?PR?_CRC32SETCRCOLD?CRC32
            CODE    3021H     0005H     UNIT         ?PR?NVRAMSAVE?SPLC
            CODE    3026H     0004H     UNIT         ?PR?UART_INIT?INITCONFIG
            CODE    302AH     0004H     UNIT         ?PR?DAC_INIT?INITCONFIG
            CODE    302EH     0004H     UNIT         ?PR?VOLTAGE_REFERENCE_INIT?INITCONFIG
            CODE    3032H     0004H     UNIT         ?PR?INTERRUPTS_INIT?INITCONFIG
            CODE    3036H     0003H     UNIT         ?PR?EPROMINIT?EPROM
            CODE    3039H     0001H     UNIT         ?PR?IIC2INIT?I2C2
            CODE    303AH     0001H     UNIT         ?PR?IIC3INIT?I2C3
            CODE    303BH     0001H     UNIT         ?PR?IIC4INIT?I2C4
            CODE    303CH     0001H     UNIT         ?PR?IIC5INIT?I2C5
            CODE    303DH     0001H     UNIT         ?PR?IIC6INIT?I2C6
            CODE    303EH     0001H     UNIT         ?PR?_MCP47X6_READ?MCP47X6
            CODE    303FH     0001H     UNIT         ?PR?READNVRAM?MAINAPP
            CODE    3040H     0001H     UNIT         ?PR?WRITENVRAM?MAINAPP
            CODE    3041H     0001H     UNIT         ?PR?UPDATENVRAM?MAINAPP
            CODE    3042H     0001H     UNIT         ?PR?SETOUTPUT?SPLC



OVERLAY MAP OF MODULE:   .\Objects\dwLaser_F020 (DELAY)


SEGMENT                                            DATA_GROUP          PDATA_GROUP
  +--> CALLED SEGMENT                            START    LENGTH     START    LENGTH
BL51 BANKED LINKER/LOCATER V6.22.2.0                                                  12/04/2018  23:23:53  PAGE 6


------------------------------------------------------------------------------------
?PR?TIMER0ISR?SPLC                               0022H    0002H      -----    -----

*** NEW ROOT ***************************************************

?C_C51STARTUP                                    -----    -----      -----    -----
  +--> ?PR?MAIN?MAINAPP
  +--> ?C_INITSEG

?PR?MAIN?MAINAPP                                 -----    -----      0073H    0010H
  +--> ?CO?MAINAPP
  +--> ?PR?INIT_DEVICE?INITCONFIG
  +--> ?PR?TIMER0INIT?SPLC
  +--> ?PR?INPCA9554INIT?INPCA9554
  +--> ?PR?OUTPCA9554INIT?OUTPCA9554
  +--> ?PR?MCP47X6INIT?MCP47X6
  +--> ?PR?NVRAMLOAD?SPLC
  +--> ?PR?MODBUSSLAVEASCIIPOLL?MODBUSSLAVEA...
  +--> ?PR?NVRAMUPDATA?SPLC

?PR?INIT_DEVICE?INITCONFIG                       -----    -----      -----    -----
  +--> ?PR?RESET_SOURCES_INIT?INITCONFIG
  +--> ?PR?TIMER_INIT?INITCONFIG
  +--> ?PR?UART_INIT?INITCONFIG
  +--> ?PR?DAC_INIT?INITCONFIG
  +--> ?PR?VOLTAGE_REFERENCE_INIT?INITCONFIG
  +--> ?PR?PORT_IO_INIT?INITCONFIG
  +--> ?PR?OSCILLATOR_INIT?INITCONFIG
  +--> ?PR?INTERRUPTS_INIT?INITCONFIG

?PR?INPCA9554INIT?INPCA9554                      -----    -----      -----    -----
  +--> ?PR?IIC5START?I2C5
  +--> ?PR?_IIC5SENDBYTE?I2C5
  +--> ?PR?IIC5WAITACK?I2C5
  +--> ?PR?IIC5STOP?I2C5

?PR?IIC5START?I2C5                               -----    -----      -----    -----
  +--> ?PR?_SETSDA5?I2C5
  +--> ?PR?_SETSCL5?I2C5
  +--> ?PR?_?DELAYUS?DELAY

?PR?_SETSDA5?I2C5                                -----    -----      -----    -----
  +--> ?PR?_SETSCL5?I2C5

?PR?_IIC5SENDBYTE?I2C5                           -----    -----      -----    -----
  +--> ?PR?_SETSCL5?I2C5
  +--> ?PR?_SETSDA5?I2C5
  +--> ?PR?_?DELAYUS?DELAY

?PR?IIC5WAITACK?I2C5                             -----    -----      -----    -----
  +--> ?PR?_SETSDA5?I2C5
  +--> ?PR?_?DELAYUS?DELAY
  +--> ?PR?_SETSCL5?I2C5
  +--> ?PR?GETSDA5?I2C5
  +--> ?PR?IIC5STOP?I2C5

?PR?IIC5STOP?I2C5                                -----    -----      -----    -----
BL51 BANKED LINKER/LOCATER V6.22.2.0                                                  12/04/2018  23:23:53  PAGE 7


  +--> ?PR?_SETSDA5?I2C5
  +--> ?PR?_?DELAYUS?DELAY
  +--> ?PR?_SETSCL5?I2C5

?PR?OUTPCA9554INIT?OUTPCA9554                    -----    -----      -----    -----
  +--> ?PR?IIC6START?I2C6
  +--> ?PR?_IIC6SENDBYTE?I2C6
  +--> ?PR?IIC6WAITACK?I2C6
  +--> ?PR?IIC6STOP?I2C6

?PR?IIC6START?I2C6                               -----    -----      -----    -----
  +--> ?PR?_SETSDA6?I2C6
  +--> ?PR?_SETSCL6?I2C6
  +--> ?PR?_?DELAYUS?DELAY

?PR?_SETSDA6?I2C6                                -----    -----      -----    -----
  +--> ?PR?_SETSCL6?I2C6

?PR?_IIC6SENDBYTE?I2C6                           -----    -----      -----    -----
  +--> ?PR?_SETSCL6?I2C6
  +--> ?PR?_SETSDA6?I2C6
  +--> ?PR?_?DELAYUS?DELAY

?PR?IIC6WAITACK?I2C6                             -----    -----      -----    -----
  +--> ?PR?_SETSDA6?I2C6
  +--> ?PR?_?DELAYUS?DELAY
  +--> ?PR?_SETSCL6?I2C6
  +--> ?PR?GETSDA6?I2C6
  +--> ?PR?IIC6STOP?I2C6

?PR?IIC6STOP?I2C6                                -----    -----      -----    -----
  +--> ?PR?_SETSDA6?I2C6
  +--> ?PR?_?DELAYUS?DELAY
  +--> ?PR?_SETSCL6?I2C6

?PR?MCP47X6INIT?MCP47X6                          -----    -----      -----    -----
  +--> ?PR?IIC4START?I2C4
  +--> ?PR?_IIC4SENDBYTE?I2C4
  +--> ?PR?IIC4WAITACK?I2C4
  +--> ?PR?IIC4STOP?I2C4
  +--> ?PR?IIC3START?I2C3
  +--> ?PR?_IIC3SENDBYTE?I2C3
  +--> ?PR?IIC3WAITACK?I2C3
  +--> ?PR?IIC3STOP?I2C3
  +--> ?PR?IIC1START?I2C1
  +--> ?PR?_IIC1SENDBYTE?I2C1
  +--> ?PR?IIC1WAITACK?I2C1
  +--> ?PR?IIC1STOP?I2C1
  +--> ?PR?IIC2START?I2C2
  +--> ?PR?_IIC2SENDBYTE?I2C2
  +--> ?PR?IIC2WAITACK?I2C2
  +--> ?PR?IIC2STOP?I2C2

?PR?IIC4START?I2C4                               -----    -----      -----    -----
  +--> ?PR?_SETSDA?I2C4
  +--> ?PR?_SETSCL?I2C4
  +--> ?PR?_?DELAYUS?DELAY
BL51 BANKED LINKER/LOCATER V6.22.2.0                                                  12/04/2018  23:23:53  PAGE 8



?PR?_SETSDA?I2C4                                 -----    -----      -----    -----
  +--> ?PR?_SETSCL?I2C4

?PR?_IIC4SENDBYTE?I2C4                           -----    -----      -----    -----
  +--> ?PR?_SETSCL?I2C4
  +--> ?PR?_SETSDA?I2C4
  +--> ?PR?_?DELAYUS?DELAY

?PR?IIC4WAITACK?I2C4                             -----    -----      -----    -----
  +--> ?PR?_SETSDA?I2C4
  +--> ?PR?_?DELAYUS?DELAY
  +--> ?PR?_SETSCL?I2C4
  +--> ?PR?GETSDA?I2C4
  +--> ?PR?IIC4STOP?I2C4

?PR?IIC4STOP?I2C4                                -----    -----      -----    -----
  +--> ?PR?_SETSDA?I2C4
  +--> ?PR?_?DELAYUS?DELAY
  +--> ?PR?_SETSCL?I2C4

?PR?IIC3START?I2C3                               -----    -----      -----    -----
  +--> ?PR?_SETSDA3?I2C3
  +--> ?PR?_SETSCL3?I2C3
  +--> ?PR?_?DELAYUS?DELAY

?PR?_SETSDA3?I2C3                                -----    -----      -----    -----
  +--> ?PR?_SETSCL3?I2C3

?PR?_IIC3SENDBYTE?I2C3                           -----    -----      -----    -----
  +--> ?PR?_SETSCL3?I2C3
  +--> ?PR?_SETSDA3?I2C3
  +--> ?PR?_?DELAYUS?DELAY

?PR?IIC3WAITACK?I2C3                             -----    -----      -----    -----
  +--> ?PR?_SETSDA3?I2C3
  +--> ?PR?_?DELAYUS?DELAY
  +--> ?PR?_SETSCL3?I2C3
  +--> ?PR?GETSDA3?I2C3
  +--> ?PR?IIC3STOP?I2C3

?PR?IIC3STOP?I2C3                                -----    -----      -----    -----
  +--> ?PR?_SETSDA3?I2C3
  +--> ?PR?_?DELAYUS?DELAY
  +--> ?PR?_SETSCL3?I2C3

?PR?IIC1START?I2C1                               -----    -----      -----    -----
  +--> ?PR?_SETSDA1?I2C1
  +--> ?PR?_SETSCL1?I2C1
  +--> ?PR?_?DELAYUS?DELAY

?PR?_SETSDA1?I2C1                                -----    -----      -----    -----
  +--> ?PR?_SETSCL1?I2C1

?PR?_IIC1SENDBYTE?I2C1                           -----    -----      -----    -----
  +--> ?PR?_SETSCL1?I2C1
  +--> ?PR?_SETSDA1?I2C1
BL51 BANKED LINKER/LOCATER V6.22.2.0                                                  12/04/2018  23:23:53  PAGE 9


  +--> ?PR?_?DELAYUS?DELAY

?PR?IIC1WAITACK?I2C1                             -----    -----      -----    -----
  +--> ?PR?_SETSDA1?I2C1
  +--> ?PR?_?DELAYUS?DELAY
  +--> ?PR?_SETSCL1?I2C1
  +--> ?PR?GETSDA1?I2C1
  +--> ?PR?IIC1STOP?I2C1

?PR?IIC1STOP?I2C1                                -----    -----      -----    -----
  +--> ?PR?_SETSDA1?I2C1
  +--> ?PR?_?DELAYUS?DELAY
  +--> ?PR?_SETSCL1?I2C1

?PR?IIC2START?I2C2                               -----    -----      -----    -----
  +--> ?PR?_SETSDA2?I2C2
  +--> ?PR?_SETSCL2?I2C2
  +--> ?PR?_?DELAYUS?DELAY

?PR?_SETSDA2?I2C2                                -----    -----      -----    -----
  +--> ?PR?_SETSCL2?I2C2

?PR?_IIC2SENDBYTE?I2C2                           -----    -----      -----    -----
  +--> ?PR?_SETSCL2?I2C2
  +--> ?PR?_SETSDA2?I2C2
  +--> ?PR?_?DELAYUS?DELAY

?PR?IIC2WAITACK?I2C2                             -----    -----      -----    -----
  +--> ?PR?_SETSDA2?I2C2
  +--> ?PR?_?DELAYUS?DELAY
  +--> ?PR?_SETSCL2?I2C2
  +--> ?PR?GETSDA2?I2C2
  +--> ?PR?IIC2STOP?I2C2

?PR?IIC2STOP?I2C2                                -----    -----      -----    -----
  +--> ?PR?_SETSDA2?I2C2
  +--> ?PR?_?DELAYUS?DELAY
  +--> ?PR?_SETSCL2?I2C2

?PR?NVRAMLOAD?SPLC                               -----    -----      -----    -----
  +--> ?PR?_EPROMREAD?EPROM
  +--> ?PR?CLEAREM?SPLC
  +--> ?PR?CLEARR?SPLC
  +--> ?PR?CLEART?SPLC
  +--> ?PR?CLEARTD?SPLC
  +--> ?PR?CLEARC?SPLC

?PR?_EPROMREAD?EPROM                             -----    -----      0083H    0007H
  +--> ?PR?_EPROMREADONEBYTE?EPROM

?PR?_EPROMREADONEBYTE?EPROM                      -----    -----      -----    -----
  +--> ?PR?IIC0START?I2C0
  +--> ?PR?_IIC0SENDBYTE?I2C0
  +--> ?PR?IIC0WAITACK?I2C0
  +--> ?PR?_IIC0READBYTE?I2C0
  +--> ?PR?IIC0STOP?I2C0

BL51 BANKED LINKER/LOCATER V6.22.2.0                                                  12/04/2018  23:23:53  PAGE 10


?PR?IIC0START?I2C0                               -----    -----      -----    -----
  +--> ?PR?_SETSDA0?I2C0
  +--> ?PR?_SETSCL0?I2C0
  +--> ?PR?_?DELAYUS?DELAY

?PR?_SETSDA0?I2C0                                -----    -----      -----    -----
  +--> ?PR?_SETSCL0?I2C0

?PR?_IIC0SENDBYTE?I2C0                           -----    -----      -----    -----
  +--> ?PR?_SETSCL0?I2C0
  +--> ?PR?_SETSDA0?I2C0
  +--> ?PR?_?DELAYUS?DELAY

?PR?IIC0WAITACK?I2C0                             -----    -----      -----    -----
  +--> ?PR?_SETSDA0?I2C0
  +--> ?PR?_?DELAYUS?DELAY
  +--> ?PR?_SETSCL0?I2C0
  +--> ?PR?GETSDA0?I2C0
  +--> ?PR?IIC0STOP?I2C0

?PR?IIC0STOP?I2C0                                -----    -----      -----    -----
  +--> ?PR?_SETSDA0?I2C0
  +--> ?PR?_?DELAYUS?DELAY
  +--> ?PR?_SETSCL0?I2C0

?PR?_IIC0READBYTE?I2C0                           -----    -----      -----    -----
  +--> ?PR?_SETSCL0?I2C0
  +--> ?PR?_?DELAYUS?DELAY
  +--> ?PR?GETSDA0?I2C0
  +--> ?PR?IIC0NACK?I2C0
  +--> ?PR?IIC0ACK?I2C0

?PR?IIC0NACK?I2C0                                -----    -----      -----    -----
  +--> ?PR?_SETSCL0?I2C0
  +--> ?PR?_SETSDA0?I2C0
  +--> ?PR?_?DELAYUS?DELAY

?PR?IIC0ACK?I2C0                                 -----    -----      -----    -----
  +--> ?PR?_SETSDA0?I2C0
  +--> ?PR?_?DELAYUS?DELAY
  +--> ?PR?_SETSCL0?I2C0

?PR?MODBUSSLAVEASCIIPOLL?MODBUSSLAVEA...         0024H    0018H      -----    -----
  +--> ?PR?_ASCIITOUINT8?MODBUSSLAVEASCII
  +--> ?PR?_LRC?MODBUSSLAVEASCII
  +--> ?PR?_ASCIITOUINT16?MODBUSSLAVEASCII
  +--> ?PR?_SET?SPLC
  +--> ?PR?_RESET?SPLC
  +--> ?PR?_ASSERTREGISTERADDRESS?SPLC
  +--> ?PR?MODBUSSLAVESTARTSEND?MODBUSSLAVEA...

?PR?_ASCIITOUINT8?MODBUSSLAVEASCII               003CH    0003H      -----    -----

?PR?_LRC?MODBUSSLAVEASCII                        -----    -----      0083H    000AH

?PR?_ASCIITOUINT16?MODBUSSLAVEASCII              003CH    0006H      -----    -----

BL51 BANKED LINKER/LOCATER V6.22.2.0                                                  12/04/2018  23:23:53  PAGE 11


?PR?_SET?SPLC                                    -----    -----      0083H    0002H
  +--> ?PR?_ASSERTCOILADDRESS?SPLC

?PR?_RESET?SPLC                                  -----    -----      0083H    0002H
  +--> ?PR?_ASSERTCOILADDRESS?SPLC

?PR?NVRAMUPDATA?SPLC                             -----    -----      0083H    0007H



SYMBOL TABLE OF MODULE:  .\Objects\dwLaser_F020 (DELAY)

  VALUE           TYPE          NAME
  ----------------------------------

  -------         MODULE        DELAY
  C:0000H         SYMBOL        _ICE_DUMMY_
  D:0089H         PUBLIC        TMOD
  D:008BH         PUBLIC        TL1
  D:008DH         PUBLIC        TH1
  B:0088H.7       PUBLIC        TF1
  B:0088H.6       PUBLIC        TR1
  B:00A8H.3       PUBLIC        ET1
  C:2C4BH         PUBLIC        _?delayMs
  C:000EH         PUBLIC        _?delayUs
  C:2DB7H         PUBLIC        _hwDelayInit
  C:2C31H         PUBLIC        _hwDelay
  -------         PROC          _?DELAYUS
  p:0000H         SYMBOL        us
  C:000EH         LINE#         5
  C:0014H         LINE#         7
  C:0019H         LINE#         8
  C:0019H         LINE#         9
  C:001CH         LINE#         10
  C:001EH         LINE#         11
  -------         ENDPROC       _?DELAYUS
  -------         PROC          _?DELAYMS
  p:0000H         SYMBOL        ms
  C:2C4BH         LINE#         12
  C:2C51H         LINE#         14
  C:2C5AH         LINE#         15
  C:2C5AH         LINE#         16
  C:2C5FH         LINE#         17
  C:2C61H         LINE#         18
  -------         ENDPROC       _?DELAYMS
  -------         PROC          _HWDELAYINIT
  D:0007H         SYMBOL        reload_h
  D:0005H         SYMBOL        reload_l
  C:2DB7H         LINE#         19
  C:2DB7H         LINE#         20
  C:2DB7H         LINE#         21
  C:2DBAH         LINE#         22
  C:2DBDH         LINE#         23
  C:2DBFH         LINE#         24
  C:2DC1H         LINE#         25
  C:2DC5H         LINE#         26
  C:2DC7H         LINE#         27
BL51 BANKED LINKER/LOCATER V6.22.2.0                                                  12/04/2018  23:23:53  PAGE 12


  C:2DC9H         LINE#         28
  -------         ENDPROC       _HWDELAYINIT
  -------         PROC          _HWDELAY
  D:0007H         SYMBOL        control
  D:0005H         SYMBOL        reload_h
  D:0003H         SYMBOL        reload_l
  C:2C31H         LINE#         29
  C:2C31H         LINE#         30
  C:2C31H         LINE#         32
  C:2C34H         LINE#         33
  C:2C34H         LINE#         34
  C:2C37H         LINE#         35
  C:2C37H         LINE#         36
  C:2C39H         LINE#         37
  C:2C3EH         LINE#         38
  C:2C3EH         LINE#         39
  C:2C42H         LINE#         40
  C:2C46H         LINE#         41
  C:2C48H         LINE#         42
  C:2C4AH         LINE#         43
  C:2C4AH         LINE#         44
  -------         ENDPROC       _HWDELAY
  -------         ENDMOD        DELAY

  -------         MODULE        CRC32
  C:0000H         SYMBOL        _ICE_DUMMY_
  C:19EDH         PUBLIC        _crc32Calculate
  C:1EDCH         PUBLIC        _crc32CalculateAdd
  C:2F78H         PUBLIC        crc32Clear
  C:301CH         PUBLIC        _crc32SetCrcOld
  C:0435H         PUBLIC        crc32Tab
  X:0009H         SYMBOL        oldcrc32
  -------         PROC          _CRC32CALCULATE
  X:0000H         SYMBOL        buf
  X:0003H         SYMBOL        len
  -------         DO            
  X:0007H         SYMBOL        i
  -------         ENDDO         
  C:19EDH         LINE#         111
  C:19FBH         LINE#         113
  C:1A1FH         LINE#         114
  C:1A1FH         LINE#         115
  C:1A8BH         LINE#         116
  C:1A99H         LINE#         117
  C:1AB0H         LINE#         118
  -------         ENDPROC       _CRC32CALCULATE
  -------         PROC          _CRC32CALCULATEADD
  D:0007H         SYMBOL        dat
  C:1EDCH         LINE#         120
  C:1EDCH         LINE#         121
  C:1F30H         LINE#         122
  C:1F47H         LINE#         123
  -------         ENDPROC       _CRC32CALCULATEADD
  -------         PROC          CRC32CLEAR
  C:2F78H         LINE#         124
  C:2F78H         LINE#         125
  C:2F81H         LINE#         126
BL51 BANKED LINKER/LOCATER V6.22.2.0                                                  12/04/2018  23:23:53  PAGE 13


  -------         ENDPROC       CRC32CLEAR
  -------         PROC          _CRC32SETCRCOLD
  D:0004H         SYMBOL        old
  C:301CH         LINE#         127
  C:301CH         LINE#         128
  -------         ENDPROC       _CRC32SETCRCOLD
  -------         ENDMOD        CRC32

  -------         MODULE        I2C0
  C:0000H         SYMBOL        _ICE_DUMMY_
  D:00B0H         PUBLIC        P3
  C:0021H         PUBLIC        iic0Init
  C:2C7CH         PUBLIC        iic0Start
  C:2E54H         PUBLIC        iic0Stop
  C:2A4FH         PUBLIC        iic0WaitAck
  C:2DDDH         PUBLIC        iic0Ack
  C:2D1DH         PUBLIC        iic0NAck
  C:2431H         PUBLIC        _iic0SendByte
  C:263EH         PUBLIC        _iic0ReadByte
  B:00B0H.5       PUBLIC        SDA0
  B:00B0H.6       PUBLIC        SCL0
  C:2F8CH         SYMBOL        _setSCL0
  C:2F08H         SYMBOL        _setSDA0
  C:2FE0H         SYMBOL        getSCL0
  C:2FE6H         SYMBOL        getSDA0
  -------         PROC          IIC0INIT
  C:0021H         LINE#         6
  C:0021H         LINE#         8
  -------         ENDPROC       IIC0INIT
  -------         PROC          _SETSCL0
  D:0007H         SYMBOL        s
  C:2F8CH         LINE#         9
  C:2F8CH         LINE#         10
  C:2F8FH         LINE#         11
  C:2F92H         LINE#         13
  C:2F94H         LINE#         14
  -------         ENDPROC       _SETSCL0
  -------         PROC          L?0032
  -------         ENDPROC       L?0032
  -------         PROC          _SETSDA0
  D:0007H         SYMBOL        s
  C:2F08H         LINE#         15
  C:2F08H         LINE#         16
  C:2F0BH         LINE#         17
  C:2F0EH         LINE#         19
  C:2F10H         LINE#         20
  -------         ENDPROC       _SETSDA0
  -------         PROC          GETSCL0
  C:2FE0H         LINE#         21
  C:2FE0H         LINE#         22
  C:2FE5H         LINE#         23
  -------         ENDPROC       GETSCL0
  -------         PROC          GETSDA0
  C:2FE6H         LINE#         24
  C:2FE6H         LINE#         25
  C:2FEBH         LINE#         26
  -------         ENDPROC       GETSDA0
BL51 BANKED LINKER/LOCATER V6.22.2.0                                                  12/04/2018  23:23:53  PAGE 14


  -------         PROC          IIC0START
  C:2C7CH         LINE#         27
  C:2C7CH         LINE#         28
  C:2C81H         LINE#         29
  C:2C84H         LINE#         30
  C:2C87H         LINE#         31
  C:2C8BH         LINE#         32
  C:2C8FH         LINE#         33
  -------         ENDPROC       IIC0START
  -------         PROC          IIC0STOP
  C:2E54H         LINE#         35
  C:2E54H         LINE#         36
  C:2E54H         LINE#         37
  C:2E57H         LINE#         38
  C:2E5BH         LINE#         39
  C:2E5EH         LINE#         40
  C:2E61H         LINE#         41
  -------         ENDPROC       IIC0STOP
  -------         PROC          IIC0WAITACK
  -------         DO            
  D:0006H         SYMBOL        ucErrTime
  -------         ENDDO         
  C:2A4FH         LINE#         44
  C:2A4FH         LINE#         48
  C:2A51H         LINE#         49
  C:2A56H         LINE#         50
  C:2A59H         LINE#         51
  C:2A5CH         LINE#         52
  C:2A5FH         LINE#         53
  C:2A65H         LINE#         54
  C:2A66H         LINE#         55
  C:2A70H         LINE#         56
  C:2A73H         LINE#         57
  C:2A76H         LINE#         58
  C:2A76H         LINE#         59
  C:2A76H         LINE#         60
  C:2A7BH         LINE#         61
  C:2A7BH         LINE#         62
  -------         ENDPROC       IIC0WAITACK
  -------         PROC          IIC0ACK
  C:2DDDH         LINE#         63
  C:2DDDH         LINE#         64
  C:2DDDH         LINE#         65
  C:2DE0H         LINE#         66
  C:2DE4H         LINE#         67
  C:2DE7H         LINE#         68
  C:2DEAH         LINE#         69
  -------         ENDPROC       IIC0ACK
  -------         PROC          IIC0NACK
  C:2D1DH         LINE#         72
  C:2D1DH         LINE#         73
  C:2D22H         LINE#         74
  C:2D26H         LINE#         75
  C:2D29H         LINE#         76
  C:2D2CH         LINE#         77
  C:2D2FH         LINE#         78
  -------         ENDPROC       IIC0NACK
BL51 BANKED LINKER/LOCATER V6.22.2.0                                                  12/04/2018  23:23:53  PAGE 15


  -------         PROC          _IIC0SENDBYTE
  D:0006H         SYMBOL        txd
  -------         DO            
  D:0005H         SYMBOL        t
  -------         ENDDO         
  C:2431H         LINE#         80
  C:2433H         LINE#         85
  C:2438H         LINE#         86
  C:2444H         LINE#         87
  C:2444H         LINE#         89
  C:244FH         LINE#         90
  C:2453H         LINE#         92
  C:2458H         LINE#         93
  C:245CH         LINE#         94
  C:2461H         LINE#         95
  C:2464H         LINE#         96
  C:2467H         LINE#         97
  C:246BH         LINE#         98
  C:246FH         LINE#         99
  C:2472H         LINE#         100
  -------         ENDPROC       _IIC0SENDBYTE
  -------         PROC          _IIC0READBYTE
  D:0006H         SYMBOL        ack
  -------         DO            
  D:0004H         SYMBOL        i
  D:0005H         SYMBOL        receive
  -------         ENDDO         
  C:263EH         LINE#         102
  C:2640H         LINE#         103
  C:2642H         LINE#         104
  C:264DH         LINE#         105
  C:2652H         LINE#         106
  C:2656H         LINE#         107
  C:2659H         LINE#         108
  C:265DH         LINE#         109
  C:2663H         LINE#         110
  C:2664H         LINE#         111
  C:2669H         LINE#         112
  C:266CH         LINE#         113
  C:266FH         LINE#         114
  C:2674H         LINE#         116
  C:2677H         LINE#         117
  C:2679H         LINE#         118
  -------         ENDPROC       _IIC0READBYTE
  -------         ENDMOD        I2C0

  -------         MODULE        I2C1
  C:0000H         SYMBOL        _ICE_DUMMY_
  D:00B0H         PUBLIC        P3
  C:0022H         PUBLIC        iic1Init
  C:2C93H         PUBLIC        iic1Start
  C:2E64H         PUBLIC        iic1Stop
  C:2A7CH         PUBLIC        iic1WaitAck
  C:2DEEH         PUBLIC        iic1Ack
  C:2D33H         PUBLIC        iic1NAck
  C:2473H         PUBLIC        _iic1SendByte
  C:267AH         PUBLIC        _iic1ReadByte
BL51 BANKED LINKER/LOCATER V6.22.2.0                                                  12/04/2018  23:23:53  PAGE 16


  B:00B0H.1       PUBLIC        SDA1
  B:00B0H.2       PUBLIC        SCL1
  C:2F95H         SYMBOL        _setSCL1
  C:2F16H         SYMBOL        _setSDA1
  C:2FECH         SYMBOL        getSCL1
  C:2FF2H         SYMBOL        getSDA1
  -------         PROC          IIC1INIT
  C:0022H         LINE#         6
  C:0022H         LINE#         8
  -------         ENDPROC       IIC1INIT
  -------         PROC          _SETSCL1
  D:0007H         SYMBOL        s
  C:2F95H         LINE#         9
  C:2F95H         LINE#         10
  C:2F98H         LINE#         11
  C:2F9BH         LINE#         13
  C:2F9DH         LINE#         14
  -------         ENDPROC       _SETSCL1
  -------         PROC          L?0032
  -------         ENDPROC       L?0032
  -------         PROC          _SETSDA1
  D:0007H         SYMBOL        s
  C:2F16H         LINE#         15
  C:2F16H         LINE#         16
  C:2F19H         LINE#         17
  C:2F1CH         LINE#         19
  C:2F1EH         LINE#         20
  -------         ENDPROC       _SETSDA1
  -------         PROC          GETSCL1
  C:2FECH         LINE#         21
  C:2FECH         LINE#         22
  C:2FF1H         LINE#         23
  -------         ENDPROC       GETSCL1
  -------         PROC          GETSDA1
  C:2FF2H         LINE#         24
  C:2FF2H         LINE#         25
  C:2FF7H         LINE#         26
  -------         ENDPROC       GETSDA1
  -------         PROC          IIC1START
  C:2C93H         LINE#         27
  C:2C93H         LINE#         28
  C:2C98H         LINE#         29
  C:2C9BH         LINE#         30
  C:2C9EH         LINE#         31
  C:2CA2H         LINE#         32
  C:2CA6H         LINE#         33
  -------         ENDPROC       IIC1START
  -------         PROC          IIC1STOP
  C:2E64H         LINE#         35
  C:2E64H         LINE#         36
  C:2E64H         LINE#         37
  C:2E67H         LINE#         38
  C:2E6BH         LINE#         39
  C:2E6EH         LINE#         40
  C:2E71H         LINE#         41
  -------         ENDPROC       IIC1STOP
  -------         PROC          IIC1WAITACK
BL51 BANKED LINKER/LOCATER V6.22.2.0                                                  12/04/2018  23:23:53  PAGE 17


  -------         DO            
  D:0006H         SYMBOL        ucErrTime
  -------         ENDDO         
  C:2A7CH         LINE#         44
  C:2A7CH         LINE#         48
  C:2A7EH         LINE#         49
  C:2A83H         LINE#         50
  C:2A86H         LINE#         51
  C:2A89H         LINE#         52
  C:2A8CH         LINE#         53
  C:2A92H         LINE#         54
  C:2A93H         LINE#         55
  C:2A9DH         LINE#         56
  C:2AA0H         LINE#         57
  C:2AA3H         LINE#         58
  C:2AA3H         LINE#         59
  C:2AA3H         LINE#         60
  C:2AA8H         LINE#         61
  C:2AA8H         LINE#         62
  -------         ENDPROC       IIC1WAITACK
  -------         PROC          IIC1ACK
  C:2DEEH         LINE#         63
  C:2DEEH         LINE#         64
  C:2DEEH         LINE#         65
  C:2DF1H         LINE#         66
  C:2DF5H         LINE#         67
  C:2DF8H         LINE#         68
  C:2DFBH         LINE#         69
  -------         ENDPROC       IIC1ACK
  -------         PROC          IIC1NACK
  C:2D33H         LINE#         72
  C:2D33H         LINE#         73
  C:2D38H         LINE#         74
  C:2D3CH         LINE#         75
  C:2D3FH         LINE#         76
  C:2D42H         LINE#         77
  C:2D45H         LINE#         78
  -------         ENDPROC       IIC1NACK
  -------         PROC          _IIC1SENDBYTE
  D:0006H         SYMBOL        txd
  -------         DO            
  D:0005H         SYMBOL        t
  -------         ENDDO         
  C:2473H         LINE#         80
  C:2475H         LINE#         85
  C:247AH         LINE#         86
  C:2486H         LINE#         87
  C:2486H         LINE#         89
  C:2491H         LINE#         90
  C:2495H         LINE#         92
  C:249AH         LINE#         93
  C:249EH         LINE#         94
  C:24A3H         LINE#         95
  C:24A6H         LINE#         96
  C:24A9H         LINE#         97
  C:24ADH         LINE#         98
  C:24B1H         LINE#         99
BL51 BANKED LINKER/LOCATER V6.22.2.0                                                  12/04/2018  23:23:53  PAGE 18


  C:24B4H         LINE#         100
  -------         ENDPROC       _IIC1SENDBYTE
  -------         PROC          _IIC1READBYTE
  D:0006H         SYMBOL        ack
  -------         DO            
  D:0004H         SYMBOL        i
  D:0005H         SYMBOL        receive
  -------         ENDDO         
  C:267AH         LINE#         102
  C:267CH         LINE#         103
  C:267EH         LINE#         104
  C:2689H         LINE#         105
  C:268EH         LINE#         106
  C:2692H         LINE#         107
  C:2695H         LINE#         108
  C:2699H         LINE#         109
  C:269FH         LINE#         110
  C:26A0H         LINE#         111
  C:26A5H         LINE#         112
  C:26A8H         LINE#         113
  C:26ABH         LINE#         114
  C:26B0H         LINE#         116
  C:26B3H         LINE#         117
  C:26B5H         LINE#         118
  -------         ENDPROC       _IIC1READBYTE
  -------         ENDMOD        I2C1

  -------         MODULE        I2C2
  C:0000H         SYMBOL        _ICE_DUMMY_
  D:00B0H         PUBLIC        P3
  C:3039H         PUBLIC        iic2Init
  C:2CAAH         PUBLIC        iic2Start
  C:2E74H         PUBLIC        iic2Stop
  C:2AA9H         PUBLIC        iic2WaitAck
  C:2DFFH         PUBLIC        iic2Ack
  C:2D49H         PUBLIC        iic2NAck
  C:24B5H         PUBLIC        _iic2SendByte
  C:26B6H         PUBLIC        _iic2ReadByte
  B:00B0H.3       PUBLIC        SDA2
  B:00B0H.4       PUBLIC        SCL2
  C:2F9EH         SYMBOL        _setSCL2
  C:2F24H         SYMBOL        _setSDA2
  C:2FF8H         SYMBOL        getSCL2
  C:2FFEH         SYMBOL        getSDA2
  -------         PROC          IIC2INIT
  C:3039H         LINE#         6
  C:3039H         LINE#         7
  -------         ENDPROC       IIC2INIT
  -------         PROC          _SETSCL2
  D:0007H         SYMBOL        s
  C:2F9EH         LINE#         8
  C:2F9EH         LINE#         9
  C:2FA1H         LINE#         10
  C:2FA4H         LINE#         12
  C:2FA6H         LINE#         13
  -------         ENDPROC       _SETSCL2
  -------         PROC          L?0032
BL51 BANKED LINKER/LOCATER V6.22.2.0                                                  12/04/2018  23:23:53  PAGE 19


  -------         ENDPROC       L?0032
  -------         PROC          _SETSDA2
  D:0007H         SYMBOL        s
  C:2F24H         LINE#         14
  C:2F24H         LINE#         15
  C:2F27H         LINE#         16
  C:2F2AH         LINE#         18
  C:2F2CH         LINE#         19
  -------         ENDPROC       _SETSDA2
  -------         PROC          GETSCL2
  C:2FF8H         LINE#         20
  C:2FF8H         LINE#         21
  C:2FFDH         LINE#         22
  -------         ENDPROC       GETSCL2
  -------         PROC          GETSDA2
  C:2FFEH         LINE#         23
  C:2FFEH         LINE#         24
  C:3003H         LINE#         25
  -------         ENDPROC       GETSDA2
  -------         PROC          IIC2START
  C:2CAAH         LINE#         26
  C:2CAAH         LINE#         27
  C:2CAFH         LINE#         28
  C:2CB2H         LINE#         29
  C:2CB5H         LINE#         30
  C:2CB9H         LINE#         31
  C:2CBDH         LINE#         32
  -------         ENDPROC       IIC2START
  -------         PROC          IIC2STOP
  C:2E74H         LINE#         34
  C:2E74H         LINE#         35
  C:2E74H         LINE#         36
  C:2E77H         LINE#         37
  C:2E7BH         LINE#         38
  C:2E7EH         LINE#         39
  C:2E81H         LINE#         40
  -------         ENDPROC       IIC2STOP
  -------         PROC          IIC2WAITACK
  -------         DO            
  D:0006H         SYMBOL        ucErrTime
  -------         ENDDO         
  C:2AA9H         LINE#         43
  C:2AA9H         LINE#         47
  C:2AABH         LINE#         48
  C:2AB0H         LINE#         49
  C:2AB3H         LINE#         50
  C:2AB6H         LINE#         51
  C:2AB9H         LINE#         52
  C:2ABFH         LINE#         53
  C:2AC0H         LINE#         54
  C:2ACAH         LINE#         55
  C:2ACDH         LINE#         56
  C:2AD0H         LINE#         57
  C:2AD0H         LINE#         58
  C:2AD0H         LINE#         59
  C:2AD5H         LINE#         60
  C:2AD5H         LINE#         61
BL51 BANKED LINKER/LOCATER V6.22.2.0                                                  12/04/2018  23:23:53  PAGE 20


  -------         ENDPROC       IIC2WAITACK
  -------         PROC          IIC2ACK
  C:2DFFH         LINE#         62
  C:2DFFH         LINE#         63
  C:2DFFH         LINE#         64
  C:2E02H         LINE#         65
  C:2E06H         LINE#         66
  C:2E09H         LINE#         67
  C:2E0CH         LINE#         68
  -------         ENDPROC       IIC2ACK
  -------         PROC          IIC2NACK
  C:2D49H         LINE#         71
  C:2D49H         LINE#         72
  C:2D4EH         LINE#         73
  C:2D52H         LINE#         74
  C:2D55H         LINE#         75
  C:2D58H         LINE#         76
  C:2D5BH         LINE#         77
  -------         ENDPROC       IIC2NACK
  -------         PROC          _IIC2SENDBYTE
  D:0006H         SYMBOL        txd
  -------         DO            
  D:0005H         SYMBOL        t
  -------         ENDDO         
  C:24B5H         LINE#         79
  C:24B7H         LINE#         84
  C:24BCH         LINE#         85
  C:24C8H         LINE#         86
  C:24C8H         LINE#         88
  C:24D3H         LINE#         89
  C:24D7H         LINE#         91
  C:24DCH         LINE#         92
  C:24E0H         LINE#         93
  C:24E5H         LINE#         94
  C:24E8H         LINE#         95
  C:24EBH         LINE#         96
  C:24EFH         LINE#         97
  C:24F3H         LINE#         98
  C:24F6H         LINE#         99
  -------         ENDPROC       _IIC2SENDBYTE
  -------         PROC          _IIC2READBYTE
  D:0006H         SYMBOL        ack
  -------         DO            
  D:0004H         SYMBOL        i
  D:0005H         SYMBOL        receive
  -------         ENDDO         
  C:26B6H         LINE#         101
  C:26B8H         LINE#         102
  C:26BAH         LINE#         103
  C:26C5H         LINE#         104
  C:26CAH         LINE#         105
  C:26CEH         LINE#         106
  C:26D1H         LINE#         107
  C:26D5H         LINE#         108
  C:26DBH         LINE#         109
  C:26DCH         LINE#         110
  C:26E1H         LINE#         111
BL51 BANKED LINKER/LOCATER V6.22.2.0                                                  12/04/2018  23:23:53  PAGE 21


  C:26E4H         LINE#         112
  C:26E7H         LINE#         113
  C:26ECH         LINE#         115
  C:26EFH         LINE#         116
  C:26F1H         LINE#         117
  -------         ENDPROC       _IIC2READBYTE
  -------         ENDMOD        I2C2

  -------         MODULE        I2C3
  C:0000H         SYMBOL        _ICE_DUMMY_
  D:0084H         PUBLIC        P4
  C:303AH         PUBLIC        iic3Init
  C:2CC1H         PUBLIC        iic3Start
  C:2E94H         PUBLIC        iic3Stop
  C:2AD6H         PUBLIC        iic3WaitAck
  C:2E10H         PUBLIC        iic3Ack
  C:2D5FH         PUBLIC        iic3NAck
  C:24F7H         PUBLIC        _iic3SendByte
  C:26F2H         PUBLIC        _iic3ReadByte
  C:2F62H         SYMBOL        _setSCL3
  C:2E89H         SYMBOL        _setSDA3
  C:2FA7H         SYMBOL        getSCL3
  C:0003H         SYMBOL        getSDA3
  -------         PROC          IIC3INIT
  C:303AH         LINE#         5
  C:303AH         LINE#         7
  -------         ENDPROC       IIC3INIT
  -------         PROC          _SETSCL3
  D:0007H         SYMBOL        s
  C:2F62H         LINE#         8
  C:2F62H         LINE#         9
  C:2F65H         LINE#         10
  C:2F69H         LINE#         12
  C:2F6CH         LINE#         13
  -------         ENDPROC       _SETSCL3
  -------         PROC          L?0032
  -------         ENDPROC       L?0032
  -------         PROC          _SETSDA3
  D:0007H         SYMBOL        s
  C:2E89H         LINE#         14
  C:2E89H         LINE#         15
  C:2E8CH         LINE#         16
  C:2E90H         LINE#         18
  C:2E93H         LINE#         19
  -------         ENDPROC       _SETSDA3
  -------         PROC          GETSCL3
  C:2FA7H         LINE#         20
  C:2FA7H         LINE#         21
  C:2FAFH         LINE#         22
  -------         ENDPROC       GETSCL3
  -------         PROC          GETSDA3
  C:0003H         LINE#         23
  C:0003H         LINE#         24
  C:000AH         LINE#         25
  -------         ENDPROC       GETSDA3
  -------         PROC          IIC3START
  C:2CC1H         LINE#         26
BL51 BANKED LINKER/LOCATER V6.22.2.0                                                  12/04/2018  23:23:53  PAGE 22


  C:2CC1H         LINE#         27
  C:2CC6H         LINE#         28
  C:2CC9H         LINE#         29
  C:2CCCH         LINE#         30
  C:2CD0H         LINE#         31
  C:2CD4H         LINE#         32
  -------         ENDPROC       IIC3START
  -------         PROC          IIC3STOP
  C:2E94H         LINE#         34
  C:2E94H         LINE#         35
  C:2E94H         LINE#         36
  C:2E97H         LINE#         37
  C:2E9BH         LINE#         38
  C:2E9EH         LINE#         39
  C:2EA1H         LINE#         40
  -------         ENDPROC       IIC3STOP
  -------         PROC          IIC3WAITACK
  -------         DO            
  D:0006H         SYMBOL        ucErrTime
  -------         ENDDO         
  C:2AD6H         LINE#         43
  C:2AD6H         LINE#         47
  C:2AD8H         LINE#         48
  C:2ADDH         LINE#         49
  C:2AE0H         LINE#         50
  C:2AE3H         LINE#         51
  C:2AE6H         LINE#         52
  C:2AECH         LINE#         53
  C:2AEDH         LINE#         54
  C:2AF7H         LINE#         55
  C:2AFAH         LINE#         56
  C:2AFDH         LINE#         57
  C:2AFDH         LINE#         58
  C:2AFDH         LINE#         59
  C:2B02H         LINE#         60
  C:2B02H         LINE#         61
  -------         ENDPROC       IIC3WAITACK
  -------         PROC          IIC3ACK
  C:2E10H         LINE#         62
  C:2E10H         LINE#         63
  C:2E10H         LINE#         64
  C:2E13H         LINE#         65
  C:2E17H         LINE#         66
  C:2E1AH         LINE#         67
  C:2E1DH         LINE#         68
  -------         ENDPROC       IIC3ACK
  -------         PROC          IIC3NACK
  C:2D5FH         LINE#         71
  C:2D5FH         LINE#         72
  C:2D64H         LINE#         73
  C:2D68H         LINE#         74
  C:2D6BH         LINE#         75
  C:2D6EH         LINE#         76
  C:2D71H         LINE#         77
  -------         ENDPROC       IIC3NACK
  -------         PROC          _IIC3SENDBYTE
  D:0006H         SYMBOL        txd
BL51 BANKED LINKER/LOCATER V6.22.2.0                                                  12/04/2018  23:23:53  PAGE 23


  -------         DO            
  D:0005H         SYMBOL        t
  -------         ENDDO         
  C:24F7H         LINE#         79
  C:24F9H         LINE#         84
  C:24FEH         LINE#         85
  C:250AH         LINE#         86
  C:250AH         LINE#         88
  C:2515H         LINE#         89
  C:2519H         LINE#         91
  C:251EH         LINE#         92
  C:2522H         LINE#         93
  C:2527H         LINE#         94
  C:252AH         LINE#         95
  C:252DH         LINE#         96
  C:2531H         LINE#         97
  C:2535H         LINE#         98
  C:2538H         LINE#         99
  -------         ENDPROC       _IIC3SENDBYTE
  -------         PROC          _IIC3READBYTE
  D:0006H         SYMBOL        ack
  -------         DO            
  D:0004H         SYMBOL        i
  D:0005H         SYMBOL        receive
  -------         ENDDO         
  C:26F2H         LINE#         101
  C:26F4H         LINE#         102
  C:26F6H         LINE#         103
  C:2701H         LINE#         104
  C:2706H         LINE#         105
  C:270AH         LINE#         106
  C:270DH         LINE#         107
  C:2711H         LINE#         108
  C:2717H         LINE#         109
  C:2718H         LINE#         110
  C:271DH         LINE#         111
  C:2720H         LINE#         112
  C:2723H         LINE#         113
  C:2728H         LINE#         115
  C:272BH         LINE#         116
  C:272DH         LINE#         117
  -------         ENDPROC       _IIC3READBYTE
  -------         ENDMOD        I2C3

  -------         MODULE        I2C4
  C:0000H         SYMBOL        _ICE_DUMMY_
  D:0084H         PUBLIC        P4
  C:303BH         PUBLIC        iic4Init
  C:2CD8H         PUBLIC        iic4Start
  C:2EB4H         PUBLIC        iic4Stop
  C:2B03H         PUBLIC        iic4WaitAck
  C:2E21H         PUBLIC        iic4Ack
  C:2D75H         PUBLIC        iic4NAck
  C:2539H         PUBLIC        _iic4SendByte
  C:272EH         PUBLIC        _iic4ReadByte
  C:2F6DH         SYMBOL        _setSCL
  C:2EA9H         SYMBOL        _setSDA
BL51 BANKED LINKER/LOCATER V6.22.2.0                                                  12/04/2018  23:23:53  PAGE 24


  C:2FC2H         SYMBOL        getSCL
  C:2FD2H         SYMBOL        getSDA
  -------         PROC          IIC4INIT
  C:303BH         LINE#         4
  C:303BH         LINE#         6
  -------         ENDPROC       IIC4INIT
  -------         PROC          _SETSCL
  D:0007H         SYMBOL        s
  C:2F6DH         LINE#         7
  C:2F6DH         LINE#         8
  C:2F70H         LINE#         9
  C:2F74H         LINE#         11
  C:2F77H         LINE#         12
  -------         ENDPROC       _SETSCL
  -------         PROC          L?0032
  -------         ENDPROC       L?0032
  -------         PROC          _SETSDA
  D:0007H         SYMBOL        s
  C:2EA9H         LINE#         13
  C:2EA9H         LINE#         14
  C:2EACH         LINE#         15
  C:2EB0H         LINE#         17
  C:2EB3H         LINE#         18
  -------         ENDPROC       _SETSDA
  -------         PROC          GETSCL
  C:2FC2H         LINE#         19
  C:2FC2H         LINE#         20
  C:2FC9H         LINE#         21
  -------         ENDPROC       GETSCL
  -------         PROC          GETSDA
  C:2FD2H         LINE#         22
  C:2FD2H         LINE#         23
  C:2FD8H         LINE#         24
  -------         ENDPROC       GETSDA
  -------         PROC          IIC4START
  C:2CD8H         LINE#         25
  C:2CD8H         LINE#         26
  C:2CDDH         LINE#         27
  C:2CE0H         LINE#         28
  C:2CE3H         LINE#         29
  C:2CE7H         LINE#         30
  C:2CEBH         LINE#         31
  -------         ENDPROC       IIC4START
  -------         PROC          IIC4STOP
  C:2EB4H         LINE#         33
  C:2EB4H         LINE#         34
  C:2EB4H         LINE#         35
  C:2EB7H         LINE#         36
  C:2EBBH         LINE#         37
  C:2EBEH         LINE#         38
  C:2EC1H         LINE#         39
  -------         ENDPROC       IIC4STOP
  -------         PROC          IIC4WAITACK
  -------         DO            
  D:0006H         SYMBOL        ucErrTime
  -------         ENDDO         
  C:2B03H         LINE#         42
BL51 BANKED LINKER/LOCATER V6.22.2.0                                                  12/04/2018  23:23:53  PAGE 25


  C:2B03H         LINE#         46
  C:2B05H         LINE#         47
  C:2B0AH         LINE#         48
  C:2B0DH         LINE#         49
  C:2B10H         LINE#         50
  C:2B13H         LINE#         51
  C:2B19H         LINE#         52
  C:2B1AH         LINE#         53
  C:2B24H         LINE#         54
  C:2B27H         LINE#         55
  C:2B2AH         LINE#         56
  C:2B2AH         LINE#         57
  C:2B2AH         LINE#         58
  C:2B2FH         LINE#         59
  C:2B2FH         LINE#         60
  -------         ENDPROC       IIC4WAITACK
  -------         PROC          IIC4ACK
  C:2E21H         LINE#         61
  C:2E21H         LINE#         62
  C:2E21H         LINE#         63
  C:2E24H         LINE#         64
  C:2E28H         LINE#         65
  C:2E2BH         LINE#         66
  C:2E2EH         LINE#         67
  -------         ENDPROC       IIC4ACK
  -------         PROC          IIC4NACK
  C:2D75H         LINE#         70
  C:2D75H         LINE#         71
  C:2D7AH         LINE#         72
  C:2D7EH         LINE#         73
  C:2D81H         LINE#         74
  C:2D84H         LINE#         75
  C:2D87H         LINE#         76
  -------         ENDPROC       IIC4NACK
  -------         PROC          _IIC4SENDBYTE
  D:0006H         SYMBOL        txd
  -------         DO            
  D:0005H         SYMBOL        t
  -------         ENDDO         
  C:2539H         LINE#         78
  C:253BH         LINE#         83
  C:2540H         LINE#         84
  C:254CH         LINE#         85
  C:254CH         LINE#         87
  C:2557H         LINE#         88
  C:255BH         LINE#         90
  C:2560H         LINE#         91
  C:2564H         LINE#         92
  C:2569H         LINE#         93
  C:256CH         LINE#         94
  C:256FH         LINE#         95
  C:2573H         LINE#         96
  C:2577H         LINE#         97
  C:257AH         LINE#         98
  -------         ENDPROC       _IIC4SENDBYTE
  -------         PROC          _IIC4READBYTE
  D:0006H         SYMBOL        ack
BL51 BANKED LINKER/LOCATER V6.22.2.0                                                  12/04/2018  23:23:53  PAGE 26


  -------         DO            
  D:0004H         SYMBOL        i
  D:0005H         SYMBOL        receive
  -------         ENDDO         
  C:272EH         LINE#         100
  C:2730H         LINE#         101
  C:2732H         LINE#         102
  C:273DH         LINE#         103
  C:2742H         LINE#         104
  C:2746H         LINE#         105
  C:2749H         LINE#         106
  C:274DH         LINE#         107
  C:2753H         LINE#         108
  C:2754H         LINE#         109
  C:2759H         LINE#         110
  C:275CH         LINE#         111
  C:275FH         LINE#         112
  C:2764H         LINE#         114
  C:2767H         LINE#         115
  C:2769H         LINE#         116
  -------         ENDPROC       _IIC4READBYTE
  -------         ENDMOD        I2C4

  -------         MODULE        I2C5
  C:0000H         SYMBOL        _ICE_DUMMY_
  D:00A0H         PUBLIC        P2
  D:00B0H         PUBLIC        P3
  C:303CH         PUBLIC        iic5Init
  C:2CEFH         PUBLIC        iic5Start
  C:2EC4H         PUBLIC        iic5Stop
  C:2B30H         PUBLIC        iic5WaitAck
  C:2E32H         PUBLIC        iic5Ack
  C:2D8BH         PUBLIC        iic5NAck
  C:257BH         PUBLIC        _iic5SendByte
  C:276AH         PUBLIC        _iic5ReadByte
  B:00A0H.6       PUBLIC        SDA5
  B:00B0H.6       PUBLIC        SCL5
  C:2FB0H         SYMBOL        _setSCL5
  C:2F32H         SYMBOL        _setSDA5
  C:3004H         SYMBOL        getSCL5
  C:300AH         SYMBOL        getSDA5
  -------         PROC          IIC5INIT
  C:303CH         LINE#         6
  C:303CH         LINE#         8
  -------         ENDPROC       IIC5INIT
  -------         PROC          _SETSCL5
  D:0007H         SYMBOL        s
  C:2FB0H         LINE#         9
  C:2FB0H         LINE#         10
  C:2FB3H         LINE#         11
  C:2FB6H         LINE#         13
  C:2FB8H         LINE#         14
  -------         ENDPROC       _SETSCL5
  -------         PROC          L?0032
  -------         ENDPROC       L?0032
  -------         PROC          _SETSDA5
  D:0007H         SYMBOL        s
BL51 BANKED LINKER/LOCATER V6.22.2.0                                                  12/04/2018  23:23:53  PAGE 27


  C:2F32H         LINE#         15
  C:2F32H         LINE#         16
  C:2F35H         LINE#         17
  C:2F38H         LINE#         19
  C:2F3AH         LINE#         20
  -------         ENDPROC       _SETSDA5
  -------         PROC          GETSCL5
  C:3004H         LINE#         21
  C:3004H         LINE#         22
  C:3009H         LINE#         23
  -------         ENDPROC       GETSCL5
  -------         PROC          GETSDA5
  C:300AH         LINE#         24
  C:300AH         LINE#         25
  C:300FH         LINE#         26
  -------         ENDPROC       GETSDA5
  -------         PROC          IIC5START
  C:2CEFH         LINE#         27
  C:2CEFH         LINE#         28
  C:2CF4H         LINE#         29
  C:2CF7H         LINE#         30
  C:2CFAH         LINE#         31
  C:2CFEH         LINE#         32
  C:2D02H         LINE#         33
  -------         ENDPROC       IIC5START
  -------         PROC          IIC5STOP
  C:2EC4H         LINE#         35
  C:2EC4H         LINE#         36
  C:2EC4H         LINE#         37
  C:2EC7H         LINE#         38
  C:2ECBH         LINE#         39
  C:2ECEH         LINE#         40
  C:2ED1H         LINE#         41
  -------         ENDPROC       IIC5STOP
  -------         PROC          IIC5WAITACK
  -------         DO            
  D:0006H         SYMBOL        ucErrTime
  -------         ENDDO         
  C:2B30H         LINE#         44
  C:2B30H         LINE#         48
  C:2B32H         LINE#         49
  C:2B37H         LINE#         50
  C:2B3AH         LINE#         51
  C:2B3DH         LINE#         52
  C:2B40H         LINE#         53
  C:2B46H         LINE#         54
  C:2B47H         LINE#         55
  C:2B51H         LINE#         56
  C:2B54H         LINE#         57
  C:2B57H         LINE#         58
  C:2B57H         LINE#         59
  C:2B57H         LINE#         60
  C:2B5CH         LINE#         61
  C:2B5CH         LINE#         62
  -------         ENDPROC       IIC5WAITACK
  -------         PROC          IIC5ACK
  C:2E32H         LINE#         63
BL51 BANKED LINKER/LOCATER V6.22.2.0                                                  12/04/2018  23:23:53  PAGE 28


  C:2E32H         LINE#         64
  C:2E32H         LINE#         65
  C:2E35H         LINE#         66
  C:2E39H         LINE#         67
  C:2E3CH         LINE#         68
  C:2E3FH         LINE#         69
  -------         ENDPROC       IIC5ACK
  -------         PROC          IIC5NACK
  C:2D8BH         LINE#         72
  C:2D8BH         LINE#         73
  C:2D90H         LINE#         74
  C:2D94H         LINE#         75
  C:2D97H         LINE#         76
  C:2D9AH         LINE#         77
  C:2D9DH         LINE#         78
  -------         ENDPROC       IIC5NACK
  -------         PROC          _IIC5SENDBYTE
  D:0006H         SYMBOL        txd
  -------         DO            
  D:0005H         SYMBOL        t
  -------         ENDDO         
  C:257BH         LINE#         80
  C:257DH         LINE#         85
  C:2582H         LINE#         86
  C:258EH         LINE#         87
  C:258EH         LINE#         89
  C:2599H         LINE#         90
  C:259DH         LINE#         92
  C:25A2H         LINE#         93
  C:25A6H         LINE#         94
  C:25ABH         LINE#         95
  C:25AEH         LINE#         96
  C:25B1H         LINE#         97
  C:25B5H         LINE#         98
  C:25B9H         LINE#         99
  C:25BCH         LINE#         100
  -------         ENDPROC       _IIC5SENDBYTE
  -------         PROC          _IIC5READBYTE
  D:0006H         SYMBOL        ack
  -------         DO            
  D:0004H         SYMBOL        i
  D:0005H         SYMBOL        receive
  -------         ENDDO         
  C:276AH         LINE#         102
  C:276CH         LINE#         103
  C:276EH         LINE#         104
  C:2779H         LINE#         105
  C:277EH         LINE#         106
  C:2782H         LINE#         107
  C:2785H         LINE#         108
  C:2789H         LINE#         109
  C:278FH         LINE#         110
  C:2790H         LINE#         111
  C:2795H         LINE#         112
  C:2798H         LINE#         113
  C:279BH         LINE#         114
  C:27A0H         LINE#         116
BL51 BANKED LINKER/LOCATER V6.22.2.0                                                  12/04/2018  23:23:53  PAGE 29


  C:27A3H         LINE#         117
  C:27A5H         LINE#         118
  -------         ENDPROC       _IIC5READBYTE
  -------         ENDMOD        I2C5

  -------         MODULE        I2C6
  C:0000H         SYMBOL        _ICE_DUMMY_
  D:00A0H         PUBLIC        P2
  C:303DH         PUBLIC        iic6Init
  C:2D06H         PUBLIC        iic6Start
  C:2ED4H         PUBLIC        iic6Stop
  C:2B5DH         PUBLIC        iic6WaitAck
  C:2E43H         PUBLIC        iic6Ack
  C:2DA1H         PUBLIC        iic6NAck
  C:25BDH         PUBLIC        _iic6SendByte
  C:27A6H         PUBLIC        _iic6ReadByte
  B:00A0H.2       PUBLIC        SDA6
  B:00A0H.3       PUBLIC        SCL6
  C:2FB9H         SYMBOL        _setSCL6
  C:2F40H         SYMBOL        _setSDA6
  C:3010H         SYMBOL        getSCL6
  C:3016H         SYMBOL        getSDA6
  -------         PROC          IIC6INIT
  C:303DH         LINE#         6
  C:303DH         LINE#         8
  -------         ENDPROC       IIC6INIT
  -------         PROC          _SETSCL6
  D:0007H         SYMBOL        s
  C:2FB9H         LINE#         9
  C:2FB9H         LINE#         10
  C:2FBCH         LINE#         11
  C:2FBFH         LINE#         13
  C:2FC1H         LINE#         14
  -------         ENDPROC       _SETSCL6
  -------         PROC          L?0032
  -------         ENDPROC       L?0032
  -------         PROC          _SETSDA6
  D:0007H         SYMBOL        s
  C:2F40H         LINE#         15
  C:2F40H         LINE#         16
  C:2F43H         LINE#         17
  C:2F46H         LINE#         19
  C:2F48H         LINE#         20
  -------         ENDPROC       _SETSDA6
  -------         PROC          GETSCL6
  C:3010H         LINE#         21
  C:3010H         LINE#         22
  C:3015H         LINE#         23
  -------         ENDPROC       GETSCL6
  -------         PROC          GETSDA6
  C:3016H         LINE#         24
  C:3016H         LINE#         25
  C:301BH         LINE#         26
  -------         ENDPROC       GETSDA6
  -------         PROC          IIC6START
  C:2D06H         LINE#         27
  C:2D06H         LINE#         28
BL51 BANKED LINKER/LOCATER V6.22.2.0                                                  12/04/2018  23:23:53  PAGE 30


  C:2D0BH         LINE#         29
  C:2D0EH         LINE#         30
  C:2D11H         LINE#         31
  C:2D15H         LINE#         32
  C:2D19H         LINE#         33
  -------         ENDPROC       IIC6START
  -------         PROC          IIC6STOP
  C:2ED4H         LINE#         35
  C:2ED4H         LINE#         36
  C:2ED4H         LINE#         37
  C:2ED7H         LINE#         38
  C:2EDBH         LINE#         39
  C:2EDEH         LINE#         40
  C:2EE1H         LINE#         41
  -------         ENDPROC       IIC6STOP
  -------         PROC          IIC6WAITACK
  -------         DO            
  D:0006H         SYMBOL        ucErrTime
  -------         ENDDO         
  C:2B5DH         LINE#         44
  C:2B5DH         LINE#         48
  C:2B5FH         LINE#         49
  C:2B64H         LINE#         50
  C:2B67H         LINE#         51
  C:2B6AH         LINE#         52
  C:2B6DH         LINE#         53
  C:2B73H         LINE#         54
  C:2B74H         LINE#         55
  C:2B7EH         LINE#         56
  C:2B81H         LINE#         57
  C:2B84H         LINE#         58
  C:2B84H         LINE#         59
  C:2B84H         LINE#         60
  C:2B89H         LINE#         61
  C:2B89H         LINE#         62
  -------         ENDPROC       IIC6WAITACK
  -------         PROC          IIC6ACK
  C:2E43H         LINE#         63
  C:2E43H         LINE#         64
  C:2E43H         LINE#         65
  C:2E46H         LINE#         66
  C:2E4AH         LINE#         67
  C:2E4DH         LINE#         68
  C:2E50H         LINE#         69
  -------         ENDPROC       IIC6ACK
  -------         PROC          IIC6NACK
  C:2DA1H         LINE#         72
  C:2DA1H         LINE#         73
  C:2DA6H         LINE#         74
  C:2DAAH         LINE#         75
  C:2DADH         LINE#         76
  C:2DB0H         LINE#         77
  C:2DB3H         LINE#         78
  -------         ENDPROC       IIC6NACK
  -------         PROC          _IIC6SENDBYTE
  D:0006H         SYMBOL        txd
  -------         DO            
BL51 BANKED LINKER/LOCATER V6.22.2.0                                                  12/04/2018  23:23:53  PAGE 31


  D:0005H         SYMBOL        t
  -------         ENDDO         
  C:25BDH         LINE#         80
  C:25BFH         LINE#         85
  C:25C4H         LINE#         86
  C:25D0H         LINE#         87
  C:25D0H         LINE#         89
  C:25DBH         LINE#         90
  C:25DFH         LINE#         92
  C:25E4H         LINE#         93
  C:25E8H         LINE#         94
  C:25EDH         LINE#         95
  C:25F0H         LINE#         96
  C:25F3H         LINE#         97
  C:25F7H         LINE#         98
  C:25FBH         LINE#         99
  C:25FEH         LINE#         100
  -------         ENDPROC       _IIC6SENDBYTE
  -------         PROC          _IIC6READBYTE
  D:0006H         SYMBOL        ack
  -------         DO            
  D:0004H         SYMBOL        i
  D:0005H         SYMBOL        receive
  -------         ENDDO         
  C:27A6H         LINE#         102
  C:27A8H         LINE#         103
  C:27AAH         LINE#         104
  C:27B5H         LINE#         105
  C:27BAH         LINE#         106
  C:27BEH         LINE#         107
  C:27C1H         LINE#         108
  C:27C5H         LINE#         109
  C:27CBH         LINE#         110
  C:27CCH         LINE#         111
  C:27D1H         LINE#         112
  C:27D4H         LINE#         113
  C:27D7H         LINE#         114
  C:27DCH         LINE#         116
  C:27DFH         LINE#         117
  C:27E1H         LINE#         118
  -------         ENDPROC       _IIC6READBYTE
  -------         ENDMOD        I2C6

  -------         MODULE        EPROM
  C:0000H         SYMBOL        _ICE_DUMMY_
  C:3036H         PUBLIC        epromInit
  C:2858H         PUBLIC        _epromReadOneByte
  C:298FH         PUBLIC        _epromWriteOneByte
  C:2227H         PUBLIC        _epromWriteLenByte
  C:1AB1H         PUBLIC        _epromReadLenByte
  C:2275H         PUBLIC        _epromRead
  C:21D5H         PUBLIC        _epromWrite
  C:1560H         PUBLIC        epromTest
  -------         PROC          EPROMINIT
  C:3036H         LINE#         5
  C:3036H         LINE#         6
  -------         ENDPROC       EPROMINIT
BL51 BANKED LINKER/LOCATER V6.22.2.0                                                  12/04/2018  23:23:53  PAGE 32


  -------         PROC          _EPROMREADONEBYTE
  D:0002H         SYMBOL        ReadAddr
  -------         DO            
  D:0006H         SYMBOL        temp
  -------         ENDDO         
  C:2858H         LINE#         9
  C:285CH         LINE#         12
  C:285EH         LINE#         13
  C:2861H         LINE#         16
  C:2866H         LINE#         17
  C:2869H         LINE#         18
  C:286EH         LINE#         22
  C:2871H         LINE#         23
  C:2876H         LINE#         24
  C:2879H         LINE#         25
  C:287CH         LINE#         26
  C:2881H         LINE#         27
  C:2884H         LINE#         28
  C:288BH         LINE#         29
  C:288EH         LINE#         30
  C:2890H         LINE#         31
  -------         ENDPROC       _EPROMREADONEBYTE
  -------         PROC          _EPROMWRITEONEBYTE
  D:0002H         SYMBOL        WriteAddr
  D:0004H         SYMBOL        DataToWrite
  C:298FH         LINE#         33
  C:2995H         LINE#         36
  C:2998H         LINE#         38
  C:299DH         LINE#         39
  C:29A0H         LINE#         40
  C:29A5H         LINE#         44
  C:29A8H         LINE#         45
  C:29ADH         LINE#         46
  C:29B0H         LINE#         47
  C:29B5H         LINE#         48
  C:29B8H         LINE#         49
  C:29BBH         LINE#         51
  -------         ENDPROC       _EPROMWRITEONEBYTE
  -------         PROC          _EPROMWRITELENBYTE
  X:000DH         SYMBOL        WriteAddr
  X:000FH         SYMBOL        DataToWrite
  X:0013H         SYMBOL        Len
  -------         DO            
  X:0014H         SYMBOL        t
  -------         ENDDO         
  C:2227H         LINE#         55
  C:222EH         LINE#         61
  C:223DH         LINE#         62
  C:226DH         LINE#         63
  C:2274H         LINE#         64
  -------         ENDPROC       _EPROMWRITELENBYTE
  -------         PROC          _EPROMREADLENBYTE
  X:0015H         SYMBOL        ReadAddr
  X:0017H         SYMBOL        Len
  -------         DO            
  X:0018H         SYMBOL        t
  X:0019H         SYMBOL        temp
BL51 BANKED LINKER/LOCATER V6.22.2.0                                                  12/04/2018  23:23:53  PAGE 33


  -------         ENDDO         
  C:1AB1H         LINE#         65
  C:1ABBH         LINE#         66
  C:1ABBH         LINE#         72
  C:1AC4H         LINE#         73
  C:1AD2H         LINE#         74
  C:1AE8H         LINE#         75
  C:1B39H         LINE#         76
  C:1B40H         LINE#         77
  C:1B4DH         LINE#         78
  -------         ENDPROC       _EPROMREADLENBYTE
  -------         PROC          _EPROMREAD
  X:0083H         SYMBOL        ReadAddr
  X:0085H         SYMBOL        pBuffer
  X:0088H         SYMBOL        NumToRead
  C:2275H         LINE#         80
  C:2285H         LINE#         84
  C:228EH         LINE#         85
  C:228EH         LINE#         86
  C:22B4H         LINE#         87
  C:22BFH         LINE#         88
  C:22C1H         LINE#         89
  -------         ENDPROC       _EPROMREAD
  -------         PROC          _EPROMWRITE
  X:001DH         SYMBOL        WriteAddr
  X:001FH         SYMBOL        pBuffer
  X:0022H         SYMBOL        NumToWrite
  C:21D5H         LINE#         90
  C:21E5H         LINE#         94
  C:21F7H         LINE#         95
  C:21F7H         LINE#         96
  C:220EH         LINE#         97
  C:2219H         LINE#         98
  C:2224H         LINE#         99
  C:2226H         LINE#         100
  -------         ENDPROC       _EPROMWRITE
  -------         PROC          EPROMTEST
  -------         DO            
  X:0024H         SYMBOL        temp
  X:0025H         SYMBOL        i
  X:0029H         SYMBOL        j
  X:002DH         SYMBOL        crc32Src
  X:0031H         SYMBOL        crc32Dist
  -------         ENDDO         
  C:1560H         LINE#         101
  C:1560H         LINE#         105
  C:1563H         LINE#         106
  C:1586H         LINE#         107
  C:1596H         LINE#         108
  C:159EH         LINE#         109
  C:15AEH         LINE#         110
  C:15CDH         LINE#         111
  C:15D0H         LINE#         112
  C:15F3H         LINE#         113
  C:1603H         LINE#         114
  C:160BH         LINE#         115
  C:162AH         LINE#         116
BL51 BANKED LINKER/LOCATER V6.22.2.0                                                  12/04/2018  23:23:53  PAGE 34


  C:164DH         LINE#         117
  C:1653H         LINE#         119
  C:166CH         LINE#         121
  -------         ENDPROC       EPROMTEST
  -------         ENDMOD        EPROM

[...]
  C:115EH         LINE#         206
  C:1160H         LINE#         207
  C:1160H         LINE#         208
  C:11A3H         LINE#         209
  C:11A3H         LINE#         211
  C:11A4H         LINE#         212
  C:11A4H         LINE#         213
  C:11E8H         LINE#         214
  C:11FDH         LINE#         215
  C:11FDH         LINE#         216
  -------         ENDPROC       _T1MS
  -------         PROC          _T10MS
  X:0058H         SYMBOL        A
  X:0059H         SYMBOL        start
  X:005AH         SYMBOL        value
  C:11FEH         LINE#         217
  C:120CH         LINE#         219
  C:1215H         LINE#         220
  C:1222H         LINE#         222
  C:122AH         LINE#         223
  C:1250H         LINE#         224
  C:1285H         LINE#         225
  C:1287H         LINE#         226
BL51 BANKED LINKER/LOCATER V6.22.2.0                                                  12/04/2018  23:23:53  PAGE 55


  C:1287H         LINE#         227
  C:12CAH         LINE#         228
  C:12CAH         LINE#         229
  C:12CBH         LINE#         230
  C:12CBH         LINE#         231
  C:130FH         LINE#         232
  C:1324H         LINE#         233
  C:1324H         LINE#         234
  -------         ENDPROC       _T10MS
  -------         PROC          _T100MS
  X:005CH         SYMBOL        A
  X:005DH         SYMBOL        start
  X:005EH         SYMBOL        value
  C:1325H         LINE#         235
  C:1333H         LINE#         237
  C:133CH         LINE#         238
  C:1349H         LINE#         240
  C:1351H         LINE#         241
  C:1377H         LINE#         242
  C:13ACH         LINE#         243
  C:13AEH         LINE#         244
  C:13AEH         LINE#         245
  C:13F1H         LINE#         246
  C:13F1H         LINE#         247
  C:13F2H         LINE#         248
  C:13F2H         LINE#         249
  C:1436H         LINE#         250
  C:144BH         LINE#         251
  C:144BH         LINE#         252
  -------         ENDPROC       _T100MS
  -------         PROC          TIMER0INIT
  -------         DO            
  D:0006H         SYMBOL        temp
  -------         ENDDO         
  C:2B8AH         LINE#         254
  C:2B8AH         LINE#         255
  C:2B8AH         LINE#         257
  C:2B8DH         LINE#         258
  C:2B8FH         LINE#         259
  C:2B91H         LINE#         260
  C:2B93H         LINE#         261
  C:2B97H         LINE#         262
  C:2B99H         LINE#         263
  C:2B9DH         LINE#         264
  C:2BA0H         LINE#         265
  C:2BA3H         LINE#         266
  C:2BA6H         LINE#         267
  C:2BA9H         LINE#         268
  C:2BACH         LINE#         269
  C:2BAEH         LINE#         270
  C:2BB0H         LINE#         271
  -------         ENDPROC       TIMER0INIT
  -------         PROC          TIMER0ISR
  -------         DO            
  D:0022H         SYMBOL        i
  -------         ENDDO         
  C:0E18H         LINE#         272
BL51 BANKED LINKER/LOCATER V6.22.2.0                                                  12/04/2018  23:23:53  PAGE 56


  C:0E2DH         LINE#         275
  C:0E2FH         LINE#         276
  C:0E37H         LINE#         278
  C:0E3DH         LINE#         279
  C:0E5EH         LINE#         280
  C:0E6FH         LINE#         281
  C:0E6FH         LINE#         282
  C:0E7FH         LINE#         284
  C:0E8AH         LINE#         285
  C:0E90H         LINE#         286
  C:0EB1H         LINE#         287
  C:0EC2H         LINE#         288
  C:0EC2H         LINE#         289
  C:0ED2H         LINE#         290
  C:0ED4H         LINE#         291
  C:0ED7H         LINE#         292
  C:0ED7H         LINE#         294
  C:0EE2H         LINE#         295
  C:0EE8H         LINE#         296
  C:0F09H         LINE#         297
  C:0F1AH         LINE#         298
  C:0F1AH         LINE#         299
  C:0F2AH         LINE#         300
  C:0F2CH         LINE#         301
  C:0F2FH         LINE#         302
  C:0F2FH         LINE#         304
  C:0F3AH         LINE#         305
  C:0F40H         LINE#         306
  C:0F61H         LINE#         307
  C:0F72H         LINE#         308
  C:0F72H         LINE#         309
  C:0F82H         LINE#         310
  C:0F85H         LINE#         311
  C:0F87H         LINE#         312
  C:0F87H         LINE#         313
  C:0F92H         LINE#         314
  C:0F95H         LINE#         315
  C:0F95H         LINE#         316
  C:0F97H         LINE#         317
  C:0F9AH         LINE#         318
  C:0F9DH         LINE#         319
  -------         ENDPROC       TIMER0ISR
  -------         PROC          GETINPUT
  -------         DO            
  D:0005H         SYMBOL        ctemp
  D:0004H         SYMBOL        i
  -------         ENDDO         
  C:1C88H         LINE#         321
  C:1C88H         LINE#         323
  C:1C8DH         LINE#         324
  C:1C9CH         LINE#         325
  C:1CA9H         LINE#         326
  C:1CBEH         LINE#         327
  C:1CC3H         LINE#         328
  C:1CC5H         LINE#         329
  C:1CC5H         LINE#         330
  C:1CE0H         LINE#         331
BL51 BANKED LINKER/LOCATER V6.22.2.0                                                  12/04/2018  23:23:53  PAGE 57


  C:1CE0H         LINE#         332
  C:1CE2H         LINE#         333
  C:1CE2H         LINE#         334
  C:1CF7H         LINE#         335
  C:1CFCH         LINE#         336
  C:1CFEH         LINE#         337
  C:1CFEH         LINE#         338
  C:1D1DH         LINE#         339
  C:1D1DH         LINE#         340
  C:1D1DH         LINE#         341
  C:1D21H         LINE#         342
  -------         ENDPROC       GETINPUT
  -------         PROC          SETOUTPUT
  C:3042H         LINE#         343
  C:3042H         LINE#         345
  -------         ENDPROC       SETOUTPUT
  -------         ENDMOD        SPLC

  -------         MODULE        ?C?COPY
  C:00F6H         PUBLIC        ?C?COPY
  -------         ENDMOD        ?C?COPY

  -------         MODULE        ?C?CLDPTR
  C:011CH         PUBLIC        ?C?CLDPTR
  -------         ENDMOD        ?C?CLDPTR

  -------         MODULE        ?C?CLDOPTR
  C:0135H         PUBLIC        ?C?CLDOPTR
  -------         ENDMOD        ?C?CLDOPTR

  -------         MODULE        ?C?CSTPTR
  C:0162H         PUBLIC        ?C?CSTPTR
  -------         ENDMOD        ?C?CSTPTR

  -------         MODULE        ?C?CSTOPTR
  C:0174H         PUBLIC        ?C?CSTOPTR
  -------         ENDMOD        ?C?CSTOPTR

  -------         MODULE        ?C?SIDIV
  C:0196H         PUBLIC        ?C?SIDIV
  -------         ENDMOD        ?C?SIDIV

  -------         MODULE        ?C?IILDX
  C:01CCH         PUBLIC        ?C?IILDX
  -------         ENDMOD        ?C?IILDX

  -------         MODULE        ?C?ILDPTR
  C:01E2H         PUBLIC        ?C?ILDPTR
  -------         ENDMOD        ?C?ILDPTR

  -------         MODULE        ?C?SLDIV
  C:23EDH         PUBLIC        ?C?SLDIV
  -------         ENDMOD        ?C?SLDIV

  -------         MODULE        ?C?SLCMP
  C:020DH         PUBLIC        ?C?SLCMP
  -------         ENDMOD        ?C?SLCMP
BL51 BANKED LINKER/LOCATER V6.22.2.0                                                  12/04/2018  23:23:53  PAGE 58



  -------         MODULE        ?C?ULCMP
  C:0223H         PUBLIC        ?C?ULCMP
  -------         ENDMOD        ?C?ULCMP

  -------         MODULE        ?C?ULSHR
  C:0234H         PUBLIC        ?C?ULSHR
  -------         ENDMOD        ?C?ULSHR

  -------         MODULE        ?C?LSHL
  C:0247H         PUBLIC        ?C?LSHL
  -------         ENDMOD        ?C?LSHL

  -------         MODULE        ?C?LLDCODE0
  C:025AH         PUBLIC        ?C?LLDCODE0
  -------         ENDMOD        ?C?LLDCODE0

  -------         MODULE        ?C?LSTPDATA
  C:026AH         PUBLIC        ?C?LSTPDATA
  -------         ENDMOD        ?C?LSTPDATA

  -------         MODULE        ?C?LSTKPDATA
  C:0276H         PUBLIC        ?C?LSTKPDATA
  -------         ENDMOD        ?C?LSTKPDATA

  -------         MODULE        ?C?OFFXADD
  C:028FH         PUBLIC        ?C?OFFXADD
  -------         ENDMOD        ?C?OFFXADD

  -------         MODULE        ?C_PBP
  D:005CH         PUBLIC        ?C_PBP
  -------         ENDMOD        ?C_PBP

  -------         MODULE        PRINTF
  X:0060H         PUBLIC        ?_PRINTF517?BYTE
  X:0060H         PUBLIC        ?_PRINTF?BYTE
  X:0060H         PUBLIC        ?_SPRINTF517?BYTE
  X:0060H         PUBLIC        ?_SPRINTF?BYTE
  C:0897H         PUBLIC        _PRINTF
  C:0897H         PUBLIC        _PRINTF517
  C:0891H         PUBLIC        _SPRINTF
  C:0891H         PUBLIC        _SPRINTF517
  -------         ENDMOD        PRINTF

  -------         MODULE        RAND
  X:006FH         PUBLIC        ?SRAND?BYTE
  C:235AH         PUBLIC        RAND
  C:2396H         PUBLIC        _SRAND
  -------         ENDMOD        RAND

  -------         MODULE        ?C?MEMSET
  C:029BH         PUBLIC        ?C?MEMSET
  -------         ENDMOD        ?C?MEMSET

  -------         MODULE        ?C?UIDIV
  C:02C7H         PUBLIC        ?C?UIDIV
  -------         ENDMOD        ?C?UIDIV
BL51 BANKED LINKER/LOCATER V6.22.2.0                                                  12/04/2018  23:23:53  PAGE 59



  -------         MODULE        ?C?ULDIV
  C:0358H         PUBLIC        ?C?ULDIV
  -------         ENDMOD        ?C?ULDIV

  -------         MODULE        ?C?LLDPDATA
  C:03EAH         PUBLIC        ?C?LLDPDATA
  -------         ENDMOD        ?C?LLDPDATA

  -------         MODULE        ?C?PLDIPDATA
  C:03F6H         PUBLIC        ?C?PLDIPDATA
  -------         ENDMOD        ?C?PLDIPDATA

  -------         MODULE        ?C?PSTPDATA
  C:0406H         PUBLIC        ?C?PSTPDATA
  -------         ENDMOD        ?C?PSTPDATA

  -------         MODULE        ?C?CCASE
  C:040FH         PUBLIC        ?C?CCASE
  -------         ENDMOD        ?C?CCASE

  -------         MODULE        PUTCHAR
  C:2BB1H         PUBLIC        _PUTCHAR
  -------         ENDMOD        PUTCHAR



FUNCTION REGISTER MASKS


FUNCTION . . . . . . . . . . . REG MASK
---------------------------------------

CLEARC . . . . . . . . . . . . @0xf30f
CLEARDM. . . . . . . . . . . . @0xf30f
CLEAREM. . . . . . . . . . . . @0xf30f
CLEARMR. . . . . . . . . . . . @0xf30f
CLEARR . . . . . . . . . . . . @0xf30f
CLEART . . . . . . . . . . . . @0xf30f
CLEARTD. . . . . . . . . . . . @0xf30f
CRC32CLEAR . . . . . . . . . . @0xbf8f
DAC_INIT . . . . . . . . . . . @0x8000
EPROMINIT. . . . . . . . . . . @0x8000
GETINPUT . . . . . . . . . . . @0xf38f
IIC0ACK. . . . . . . . . . . . @0xe081
IIC0INIT . . . . . . . . . . . @0x8000
IIC0NACK . . . . . . . . . . . @0xe081
IIC0START. . . . . . . . . . . @0xe081
IIC0STOP . . . . . . . . . . . @0xe081
IIC0WAITACK. . . . . . . . . . @0xf083
IIC1ACK. . . . . . . . . . . . @0xe081
IIC1INIT . . . . . . . . . . . @0x8000
IIC1NACK . . . . . . . . . . . @0xe081
IIC1START. . . . . . . . . . . @0xe081
IIC1STOP . . . . . . . . . . . @0xe081
IIC1WAITACK. . . . . . . . . . @0xf083
IIC2ACK. . . . . . . . . . . . @0xe081
BL51 BANKED LINKER/LOCATER V6.22.2.0                                                  12/04/2018  23:23:53  PAGE 60


IIC2INIT . . . . . . . . . . . @0x8000
IIC2NACK . . . . . . . . . . . @0xe081
IIC2START. . . . . . . . . . . @0xe081
IIC2STOP . . . . . . . . . . . @0xe081
IIC2WAITACK. . . . . . . . . . @0xf083
IIC3ACK. . . . . . . . . . . . @0xe081
IIC3INIT . . . . . . . . . . . @0x8000
IIC3NACK . . . . . . . . . . . @0xe081
IIC3START. . . . . . . . . . . @0xe081
IIC3STOP . . . . . . . . . . . @0xe081
IIC3WAITACK. . . . . . . . . . @0xf083
IIC4ACK. . . . . . . . . . . . @0xe081
IIC4INIT . . . . . . . . . . . @0x8000
IIC4NACK . . . . . . . . . . . @0xe081
IIC4START. . . . . . . . . . . @0xe081
IIC4STOP . . . . . . . . . . . @0xe081
IIC4WAITACK. . . . . . . . . . @0xf083
IIC5ACK. . . . . . . . . . . . @0xe081
IIC5INIT . . . . . . . . . . . @0x8000
IIC5NACK . . . . . . . . . . . @0xe081
IIC5START. . . . . . . . . . . @0xe081
IIC5STOP . . . . . . . . . . . @0xe081
IIC5WAITACK. . . . . . . . . . @0xf083
IIC6ACK. . . . . . . . . . . . @0xe081
IIC6INIT . . . . . . . . . . . @0x8000
IIC6NACK . . . . . . . . . . . @0xe081
IIC6START. . . . . . . . . . . @0xe081
IIC6STOP . . . . . . . . . . . @0xe081
IIC6WAITACK. . . . . . . . . . @0xf083
INIT_DEVICE. . . . . . . . . . @0xf003
INPCA9554INIT. . . . . . . . . @0xf087
INPCA9554READ. . . . . . . . . @0xf08f
INTERRUPTS_INIT. . . . . . . . @0x8000
MCP47X6INIT. . . . . . . . . . @0xf08f
MODBUSSLAVESERIALISR . . . . . @0xf373
NVRAMSAVE. . . . . . . . . . . @0xc000
OSCILLATOR_INIT. . . . . . . . @0xf003
OUTPCA9554INIT . . . . . . . . @0xf087
OUTPCA9554READ . . . . . . . . @0xf08f
PORT_IO_INIT . . . . . . . . . @0x8000
READNVRAM. . . . . . . . . . . @0x8000
RESET_SOURCES_INIT . . . . . . @0x8000
SETOUTPUT. . . . . . . . . . . @0x8000
TIMER0INIT . . . . . . . . . . @0xe003
TIMER0ISR. . . . . . . . . . . @0xf78b
TIMER_INIT . . . . . . . . . . @0x8000
UART_INIT. . . . . . . . . . . @0x8000
UPDATENVRAM. . . . . . . . . . @0x8000
VOLTAGE_REFERENCE_INIT . . . . @0x8000
WRITENVRAM . . . . . . . . . . @0x8000
_?DELAYMS. . . . . . . . . . . @0xe081
_?DELAYUS. . . . . . . . . . . @0xe080
_ASSERTCOILADDRESS . . . . . . @0xf000
_ASSERTREGISTERADDRESS . . . . @0xf000
_CRC32SETCRCOLD. . . . . . . . @0xbf8f
_EPROMREAD . . . . . . . . . . @0xf3ff
_EPROMREADONEBYTE. . . . . . . @0xf0bf
BL51 BANKED LINKER/LOCATER V6.22.2.0                                                  12/04/2018  23:23:53  PAGE 61


_EPROMWRITE. . . . . . . . . . @0xf3ff
_EPROMWRITELENBYTE . . . . . . @0xf4ff
_EPROMWRITEONEBYTE . . . . . . @0xf0bf
_FLIP. . . . . . . . . . . . . @0xf3ff
_HWDELAY . . . . . . . . . . . @0xe001
_HWDELAYINIT . . . . . . . . . @0xc001
_IIC0READBYTE. . . . . . . . . @0xf08f
_IIC0SENDBYTE. . . . . . . . . @0xf087
_IIC1READBYTE. . . . . . . . . @0xf08f
_IIC1SENDBYTE. . . . . . . . . @0xf087
_IIC2READBYTE. . . . . . . . . @0xf08f
_IIC2SENDBYTE. . . . . . . . . @0xf087
_IIC3READBYTE. . . . . . . . . @0xf08f
_IIC3SENDBYTE. . . . . . . . . @0xf087
_IIC4READBYTE. . . . . . . . . @0xf08f
_IIC4SENDBYTE. . . . . . . . . @0xf087
_IIC5READBYTE. . . . . . . . . @0xf08f
_IIC5SENDBYTE. . . . . . . . . @0xf087
_IIC6READBYTE. . . . . . . . . @0xf08f
_IIC6SENDBYTE. . . . . . . . . @0xf087
_LD. . . . . . . . . . . . . . @0xf39f
_LDN . . . . . . . . . . . . . @0xf39f
_LDP . . . . . . . . . . . . . @0xf39f
_MCP47X6_READ. . . . . . . . . @0x8000
_MCP47X6_WRITE . . . . . . . . @0xf0f7
_OUTPCA9554WRITE . . . . . . . @0xf08f
_RESET . . . . . . . . . . . . @0xf3cf
_SET . . . . . . . . . . . . . @0xf3cf

*** WARNING L16: UNCALLED SEGMENT, IGNORED FOR OVERLAY PROCESS
    SEGMENT: ?PR?_HWDELAYINIT?DELAY

*** WARNING L16: UNCALLED SEGMENT, IGNORED FOR OVERLAY PROCESS
    SEGMENT: ?PR?_HWDELAY?DELAY

*** WARNING L16: UNCALLED SEGMENT, IGNORED FOR OVERLAY PROCESS
    SEGMENT: ?PR?_CRC32CALCULATE?CRC32

*** WARNING L16: UNCALLED SEGMENT, IGNORED FOR OVERLAY PROCESS
    SEGMENT: ?PR?_CRC32SETCRCOLD?CRC32

*** WARNING L16: UNCALLED SEGMENT, IGNORED FOR OVERLAY PROCESS
    SEGMENT: ?PR?GETSCL0?I2C0

*** WARNING L16: UNCALLED SEGMENT, IGNORED FOR OVERLAY PROCESS
    SEGMENT: ?PR?IIC1INIT?I2C1

*** WARNING L16: UNCALLED SEGMENT, IGNORED FOR OVERLAY PROCESS
    SEGMENT: ?PR?GETSCL1?I2C1

*** WARNING L16: UNCALLED SEGMENT, IGNORED FOR OVERLAY PROCESS
    SEGMENT: ?PR?_IIC1READBYTE?I2C1

*** WARNING L16: UNCALLED SEGMENT, IGNORED FOR OVERLAY PROCESS
    SEGMENT: ?PR?IIC2INIT?I2C2

*** WARNING L16: UNCALLED SEGMENT, IGNORED FOR OVERLAY PROCESS
BL51 BANKED LINKER/LOCATER V6.22.2.0                                                  12/04/2018  23:23:53  PAGE 62


    SEGMENT: ?PR?GETSCL2?I2C2

*** WARNING L16: UNCALLED SEGMENT, IGNORED FOR OVERLAY PROCESS
    SEGMENT: ?PR?_IIC2READBYTE?I2C2

*** WARNING L16: UNCALLED SEGMENT, IGNORED FOR OVERLAY PROCESS
    SEGMENT: ?PR?IIC3INIT?I2C3

*** WARNING L16: UNCALLED SEGMENT, IGNORED FOR OVERLAY PROCESS
    SEGMENT: ?PR?GETSCL3?I2C3

*** WARNING L16: UNCALLED SEGMENT, IGNORED FOR OVERLAY PROCESS
    SEGMENT: ?PR?_IIC3READBYTE?I2C3

*** WARNING L16: UNCALLED SEGMENT, IGNORED FOR OVERLAY PROCESS
    SEGMENT: ?PR?IIC4INIT?I2C4

*** WARNING L16: UNCALLED SEGMENT, IGNORED FOR OVERLAY PROCESS
    SEGMENT: ?PR?GETSCL?I2C4

*** WARNING L16: UNCALLED SEGMENT, IGNORED FOR OVERLAY PROCESS
    SEGMENT: ?PR?_IIC4READBYTE?I2C4

*** WARNING L16: UNCALLED SEGMENT, IGNORED FOR OVERLAY PROCESS
    SEGMENT: ?PR?IIC5INIT?I2C5

*** WARNING L16: UNCALLED SEGMENT, IGNORED FOR OVERLAY PROCESS
    SEGMENT: ?PR?GETSCL5?I2C5

*** WARNING L16: UNCALLED SEGMENT, IGNORED FOR OVERLAY PROCESS
    SEGMENT: ?PR?IIC6INIT?I2C6

*** WARNING L16: UNCALLED SEGMENT, IGNORED FOR OVERLAY PROCESS
    SEGMENT: ?PR?GETSCL6?I2C6

*** WARNING L16: UNCALLED SEGMENT, IGNORED FOR OVERLAY PROCESS
    SEGMENT: ?PR?EPROMINIT?EPROM

*** WARNING L16: UNCALLED SEGMENT, IGNORED FOR OVERLAY PROCESS
    SEGMENT: ?PR?_EPROMWRITELENBYTE?EPROM

*** WARNING L16: UNCALLED SEGMENT, IGNORED FOR OVERLAY PROCESS
    SEGMENT: ?PR?_EPROMREADLENBYTE?EPROM

*** WARNING L16: UNCALLED SEGMENT, IGNORED FOR OVERLAY PROCESS
    SEGMENT: ?PR?_EPROMWRITE?EPROM

*** WARNING L16: UNCALLED SEGMENT, IGNORED FOR OVERLAY PROCESS
    SEGMENT: ?PR?EPROMTEST?EPROM

*** WARNING L16: UNCALLED SEGMENT, IGNORED FOR OVERLAY PROCESS
    SEGMENT: ?PR?OUTPCA9554READ?OUTPCA9554

*** WARNING L16: UNCALLED SEGMENT, IGNORED FOR OVERLAY PROCESS
    SEGMENT: ?PR?_OUTPCA9554WRITE?OUTPCA9554

*** WARNING L16: UNCALLED SEGMENT, IGNORED FOR OVERLAY PROCESS
BL51 BANKED LINKER/LOCATER V6.22.2.0                                                  12/04/2018  23:23:53  PAGE 63


    SEGMENT: ?PR?_MCP47X6_WRITE?MCP47X6

*** WARNING L16: UNCALLED SEGMENT, IGNORED FOR OVERLAY PROCESS
    SEGMENT: ?PR?_MCP47X6_READ?MCP47X6

*** WARNING L16: UNCALLED SEGMENT, IGNORED FOR OVERLAY PROCESS
    SEGMENT: ?PR?_UINT16TOASCII?MODBUSSLAVEASCII

*** WARNING L16: UNCALLED SEGMENT, IGNORED FOR OVERLAY PROCESS
    SEGMENT: ?PR?_UINT8TOASCII?MODBUSSLAVEASCII

*** WARNING L16: UNCALLED SEGMENT, IGNORED FOR OVERLAY PROCESS
    SEGMENT: ?PR?_MODBUSSERIALINIT?MODBUSSLAVEASCII

*** WARNING L16: UNCALLED SEGMENT, IGNORED FOR OVERLAY PROCESS
    SEGMENT: ?PR?READNVRAM?MAINAPP

*** WARNING L16: UNCALLED SEGMENT, IGNORED FOR OVERLAY PROCESS
    SEGMENT: ?PR?WRITENVRAM?MAINAPP

*** WARNING L16: UNCALLED SEGMENT, IGNORED FOR OVERLAY PROCESS
    SEGMENT: ?PR?UPDATENVRAM?MAINAPP

*** WARNING L16: UNCALLED SEGMENT, IGNORED FOR OVERLAY PROCESS
    SEGMENT: ?PR?CLEARDM?SPLC

*** WARNING L16: UNCALLED SEGMENT, IGNORED FOR OVERLAY PROCESS
    SEGMENT: ?PR?CLEARMR?SPLC

*** WARNING L16: UNCALLED SEGMENT, IGNORED FOR OVERLAY PROCESS
    SEGMENT: ?PR?NVRAMSAVE?SPLC

*** WARNING L16: UNCALLED SEGMENT, IGNORED FOR OVERLAY PROCESS
    SEGMENT: ?PR?_FLIP?SPLC

*** WARNING L16: UNCALLED SEGMENT, IGNORED FOR OVERLAY PROCESS
    SEGMENT: ?PR?_LD?SPLC

*** WARNING L16: UNCALLED SEGMENT, IGNORED FOR OVERLAY PROCESS
    SEGMENT: ?PR?_LDP?SPLC

*** WARNING L16: UNCALLED SEGMENT, IGNORED FOR OVERLAY PROCESS
    SEGMENT: ?PR?_LDN?SPLC

*** WARNING L16: UNCALLED SEGMENT, IGNORED FOR OVERLAY PROCESS
    SEGMENT: ?PR?_T100US?SPLC

*** WARNING L16: UNCALLED SEGMENT, IGNORED FOR OVERLAY PROCESS
    SEGMENT: ?PR?_T1MS?SPLC

*** WARNING L16: UNCALLED SEGMENT, IGNORED FOR OVERLAY PROCESS
    SEGMENT: ?PR?_T10MS?SPLC

*** WARNING L16: UNCALLED SEGMENT, IGNORED FOR OVERLAY PROCESS
    SEGMENT: ?PR?_T100MS?SPLC

*** WARNING L16: UNCALLED SEGMENT, IGNORED FOR OVERLAY PROCESS
BL51 BANKED LINKER/LOCATER V6.22.2.0                                                  12/04/2018  23:23:53  PAGE 64


    SEGMENT: ?PR?GETINPUT?SPLC

*** WARNING L16: UNCALLED SEGMENT, IGNORED FOR OVERLAY PROCESS
    SEGMENT: ?PR?SETOUTPUT?SPLC

Program Size: data=93.1 xdata=3537 code=12355
LINK/LOCATE RUN COMPLETE.  49 WARNING(S),  0 ERROR(S)
