BL51 BANKED LINKER/LOCATER V6.22                                                        12/04/2018  17:15:41  PAGE 1


BL51 BANKED LINKER/LOCATER V6.22, INVOKED BY:
C:\KEIL\C51\BIN\BL51.EXE .\Objects\delay.obj, .\Objects\crc32.obj, .\Objects\i2c0.obj, .\Objects\i2c1.obj, .\Objects\i2c
>> 2.obj, .\Objects\i2c3.obj, .\Objects\i2c4.obj, .\Objects\i2c5.obj, .\Objects\i2c6.obj, .\Objects\eprom.obj, .\Objects
>> \outPca9554.obj, .\Objects\inPca9554.obj, .\Objects\mcp47x6.obj, .\Objects\modbusSlaveAscii.obj, .\Objects\MainApp.ob
>> j, .\Objects\InitConfig.obj, .\Objects\sPlc.obj TO .\Objects\dwLaser_F020 REGFILE (.\Objects\dwLaser_F020.ORC) PRINT 
>> (.\Listings\dwLaser_F020.m51) RAMSIZE (256) CODE (0X0000-0XFFFF) XDATA (0X0000-0X0FFF)


MEMORY MODEL: COMPACT


INPUT MODULES INCLUDED:
  .\Objects\delay.obj (DELAY)
  .\Objects\crc32.obj (CRC32)
  .\Objects\i2c0.obj (I2C0)
  .\Objects\i2c1.obj (I2C1)
  .\Objects\i2c2.obj (I2C2)
  .\Objects\i2c3.obj (I2C3)
  .\Objects\i2c4.obj (I2C4)
  .\Objects\i2c5.obj (I2C5)
  .\Objects\i2c6.obj (I2C6)
  .\Objects\eprom.obj (EPROM)
  .\Objects\outPca9554.obj (OUTPCA9554)
  .\Objects\inPca9554.obj (INPCA9554)
  .\Objects\mcp47x6.obj (MCP47X6)
  .\Objects\modbusSlaveAscii.obj (MODBUSSLAVEASCII)
  .\Objects\MainApp.obj (MAINAPP)
  .\Objects\InitConfig.obj (INITCONFIG)
  .\Objects\sPlc.obj (SPLC)
  C:\KEIL\C51\LIB\C51C.LIB (?C_STARTUP)
  C:\KEIL\C51\LIB\C51C.LIB (?C?COPY)
  C:\KEIL\C51\LIB\C51C.LIB (?C?CLDPTR)
  C:\KEIL\C51\LIB\C51C.LIB (?C?CLDOPTR)
  C:\KEIL\C51\LIB\C51C.LIB (?C?CSTPTR)
  C:\KEIL\C51\LIB\C51C.LIB (?C?CSTOPTR)
  C:\KEIL\C51\LIB\C51C.LIB (?C?SIDIV)
  C:\KEIL\C51\LIB\C51C.LIB (?C?IILDX)
  C:\KEIL\C51\LIB\C51C.LIB (?C?ILDPTR)
  C:\KEIL\C51\LIB\C51C.LIB (?C?SLDIV)
  C:\KEIL\C51\LIB\C51C.LIB (?C?SLCMP)
  C:\KEIL\C51\LIB\C51C.LIB (?C?ULCMP)
  C:\KEIL\C51\LIB\C51C.LIB (?C?ULSHR)
  C:\KEIL\C51\LIB\C51C.LIB (?C?LSHL)
  C:\KEIL\C51\LIB\C51C.LIB (?C?LLDCODE0)
  C:\KEIL\C51\LIB\C51C.LIB (?C?LSTPDATA)
  C:\KEIL\C51\LIB\C51C.LIB (?C?LSTKPDATA)
  C:\KEIL\C51\LIB\C51C.LIB (?C?OFFXADD)
  C:\KEIL\C51\LIB\C51C.LIB (?C_PBP)
  C:\KEIL\C51\LIB\C51C.LIB (PRINTF)
  C:\KEIL\C51\LIB\C51C.LIB (RAND)
  C:\KEIL\C51\LIB\C51C.LIB (?C?MEMSET)
  C:\KEIL\C51\LIB\C51C.LIB (?C_INIT)
  C:\KEIL\C51\LIB\C51C.LIB (?C?UIDIV)
  C:\KEIL\C51\LIB\C51C.LIB (?C?ULDIV)
  C:\KEIL\C51\LIB\C51C.LIB (?C?LLDPDATA)
  C:\KEIL\C51\LIB\C51C.LIB (?C?PLDIPDATA)
  C:\KEIL\C51\LIB\C51C.LIB (?C?PSTPDATA)
  C:\KEIL\C51\LIB\C51C.LIB (?C?CCASE)
BL51 BANKED LINKER/LOCATER V6.22                                                      12/04/2018  17:15:41  PAGE 2


  C:\KEIL\C51\LIB\C51C.LIB (PUTCHAR)


LINK MAP OF MODULE:  .\Objects\dwLaser_F020 (DELAY)


            TYPE    BASE      LENGTH    RELOCATION   SEGMENT NAME
            -----------------------------------------------------

            * * * * * * *   D A T A   M E M O R Y   * * * * * * *
            REG     0000H     0008H     ABSOLUTE     "REG BANK 0"
            DATA    0008H     000EH     UNIT         ?DT?SPLC
            DATA    0016H     0005H     UNIT         ?DT?PRINTF?PRINTF
            DATA    001BH     0003H     UNIT         ?DT?GETINPUT?SPLC
            DATA    001EH     0002H     UNIT         ?DT?_FLIP?SPLC
            BIT     0020H.0   0001H.1   UNIT         ?BI?PRINTF?PRINTF
                    0021H.1   0000H.7                *** GAP ***
            DATA    0022H     0020H     UNIT         _DATA_GROUP_
            DATA    0042H     000DH     UNIT         ?DT?MODBUSSLAVEASCII
            DATA    004FH     0002H     UNIT         ?DT?_LDP?SPLC
            DATA    0051H     0002H     UNIT         ?DT?_LDN?SPLC
            DATA    0053H     0001H     UNIT         ?DT?_UINT16TOASCII?MODBUSSLAVEASCII
            DATA    0054H     0001H     UNIT         ?DT?_UINT8TOASCII?MODBUSSLAVEASCII
            DATA    0055H     0001H     UNIT         ?C?LIB_DATA
            IDATA   0056H     0001H     UNIT         ?STACK

            * * * * * * *  X D A T A   M E M O R Y  * * * * * * *
            XDATA   0000H     0009H     INPAGE       ?PD?_CRC32CALCULATE?CRC32
            XDATA   0009H     0004H     INPAGE       ?PD?CRC32
            XDATA   000DH     0008H     INPAGE       ?PD?_EPROMWRITELENBYTE?EPROM
            XDATA   0015H     0008H     INPAGE       ?PD?_EPROMREADLENBYTE?EPROM
            XDATA   001DH     0007H     INPAGE       ?PD?_EPROMREAD?EPROM
            XDATA   0024H     0007H     INPAGE       ?PD?_EPROMWRITE?EPROM
            XDATA   002BH     0011H     INPAGE       ?PD?EPROMTEST?EPROM
            XDATA   003CH     0001H     INPAGE       ?PD?OUTPCA9554READ?OUTPCA9554
            XDATA   003DH     0001H     INPAGE       ?PD?_MCP47X6_WRITE?MCP47X6
            XDATA   003EH     0008H     INPAGE       ?PD?MCP47X6
            XDATA   0046H     0006H     INPAGE       ?PD?_UINT16TOASCII?MODBUSSLAVEASCII
            XDATA   004CH     0006H     INPAGE       ?PD?_UINT8TOASCII?MODBUSSLAVEASCII
            XDATA   0052H     0004H     INPAGE       ?PD?_MODBUSSERIALINIT?MODBUSSLAVEASCII
            XDATA   0056H     0001H     INPAGE       ?PD?NVRAMLOAD?SPLC
            XDATA   0057H     0001H     INPAGE       ?PD?NVRAMSAVE?SPLC
            XDATA   0058H     0007H     INPAGE       ?PD?NVRAMUPDATA?SPLC
            XDATA   005FH     0004H     INPAGE       ?PD?_T100US?SPLC
            XDATA   0063H     0004H     INPAGE       ?PD?_T1MS?SPLC
            XDATA   0067H     0004H     INPAGE       ?PD?_T10MS?SPLC
            XDATA   006BH     0004H     INPAGE       ?PD?_T100MS?SPLC
            XDATA   006FH     000FH     INPAGE       ?PD?PRINTF?PRINTF
            XDATA   007EH     0004H     INPAGE       ?PD?RAND?RAND
            XDATA   0082H     001AH     INPAGE       _PDATA_GROUP_
            XDATA   009CH     0C44H     UNIT         ?XD?SPLC
            XDATA   0CE0H     0100H     UNIT         ?XD?MODBUSSLAVEASCII

            * * * * * * *   C O D E   M E M O R Y   * * * * * * *
            CODE    0000H     0003H     ABSOLUTE     
            CODE    0003H     0008H     UNIT         ?PR?GETSDA3?I2C3
            CODE    000BH     0003H     ABSOLUTE     
BL51 BANKED LINKER/LOCATER V6.22                                                      12/04/2018  17:15:41  PAGE 3


            CODE    000EH     0013H     UNIT         ?PR?_?DELAYUS?DELAY
            CODE    0021H     0001H     UNIT         ?PR?IIC0INIT?I2C0
            CODE    0022H     0001H     UNIT         ?PR?IIC1INIT?I2C1
            CODE    0023H     0003H     ABSOLUTE     
            CODE    0026H     040FH     UNIT         ?C?LIB_CODE
            CODE    0435H     0400H     UNIT         ?CO?CRC32
            CODE    0835H     035BH     UNIT         ?PR?PRINTF?PRINTF
            CODE    0B90H     01E2H     UNIT         ?PR?MODBUSSLAVEASCIIPOLL?MODBUSSLAVEASCII
            CODE    0D72H     0188H     UNIT         ?PR?TIMER0ISR?SPLC
            CODE    0EFAH     0123H     UNIT         ?PR?_T100US?SPLC
            CODE    101DH     0123H     UNIT         ?PR?_T1MS?SPLC
            CODE    1140H     0123H     UNIT         ?PR?_T10MS?SPLC
            CODE    1263H     0123H     UNIT         ?PR?_T100MS?SPLC
            CODE    1386H     010DH     UNIT         ?PR?EPROMTEST?EPROM
            CODE    1493H     0104H     UNIT         ?PR?_MCP47X6_WRITE?MCP47X6
            CODE    1597H     0103H     UNIT         ?PR?MODBUSSLAVESERIALISR?MODBUSSLAVEASCII
            CODE    169AH     00E2H     UNIT         ?PR?_ASCIITOUINT16?MODBUSSLAVEASCII
            CODE    177CH     00CFH     UNIT         ?PR?MCP47X6INIT?MCP47X6
            CODE    184BH     00C4H     UNIT         ?PR?_CRC32CALCULATE?CRC32
            CODE    190FH     00BBH     UNIT         ?PR?_UINT16TOASCII?MODBUSSLAVEASCII
            CODE    19CAH     009DH     UNIT         ?PR?_EPROMREADLENBYTE?EPROM
            CODE    1A67H     009DH     UNIT         ?PR?_LDP?SPLC
            CODE    1B04H     009DH     UNIT         ?PR?_LDN?SPLC
            CODE    1BA1H     0097H     UNIT         ?PR?CLEART?SPLC
            CODE    1C38H     0097H     UNIT         ?PR?CLEARTD?SPLC
            CODE    1CCFH     0095H     UNIT         ?PR?GETINPUT?SPLC
            CODE    1D64H     008CH     UNIT         ?C_C51STARTUP
            CODE    1DF0H     006CH     UNIT         ?PR?_CRC32CALCULATEADD?CRC32
            CODE    1E5CH     0066H     UNIT         ?PR?_LRC?MODBUSSLAVEASCII
            CODE    1EC2H     0063H     UNIT         ?PR?_ASCIITOUINT8?MODBUSSLAVEASCII
            CODE    1F25H     005CH     UNIT         ?PR?_RESET?SPLC
            CODE    1F81H     005AH     UNIT         ?PR?_SET?SPLC
            CODE    1FDBH     0059H     UNIT         ?PR?_MODBUSSERIALINIT?MODBUSSLAVEASCII
            CODE    2034H     0058H     UNIT         ?PR?_UINT8TOASCII?MODBUSSLAVEASCII
            CODE    208CH     0055H     UNIT         ?PR?_FLIP?SPLC
            CODE    20E1H     0052H     UNIT         ?PR?_EPROMWRITE?EPROM
            CODE    2133H     004EH     UNIT         ?PR?_EPROMWRITELENBYTE?EPROM
            CODE    2181H     004DH     UNIT         ?PR?_EPROMREAD?EPROM
            CODE    21CEH     004DH     UNIT         ?CO?SPLC
            CODE    221BH     004AH     UNIT         ?PR?RAND?RAND
            CODE    2265H     0049H     UNIT         ?PR?_LD?SPLC
            CODE    22AEH     0044H     UNIT         ?C?LDIV
            CODE    22F2H     003FH     UNIT         ?PR?NVRAMUPDATA?SPLC
            CODE    2331H     003CH     UNIT         ?PR?INPCA9554INIT?INPCA9554
            CODE    236DH     003AH     UNIT         ?PR?_IIC0SENDBYTE?I2C0
            CODE    23A7H     003AH     UNIT         ?PR?_IIC1SENDBYTE?I2C1
            CODE    23E1H     003AH     UNIT         ?PR?_IIC2SENDBYTE?I2C2
            CODE    241BH     003AH     UNIT         ?PR?_IIC3SENDBYTE?I2C3
            CODE    2455H     003AH     UNIT         ?PR?_IIC4SENDBYTE?I2C4
            CODE    248FH     003AH     UNIT         ?PR?_IIC5SENDBYTE?I2C5
            CODE    24C9H     003AH     UNIT         ?PR?_IIC6SENDBYTE?I2C6
            CODE    2503H     003AH     UNIT         ?CO?EPROM
            CODE    253DH     0039H     UNIT         ?PR?_EPROMREADONEBYTE?EPROM
            CODE    2576H     0036H     UNIT         ?PR?NVRAMLOAD?SPLC
            CODE    25ACH     0034H     UNIT         ?PR?_IIC0READBYTE?I2C0
            CODE    25E0H     0034H     UNIT         ?PR?_IIC1READBYTE?I2C1
            CODE    2614H     0034H     UNIT         ?PR?_IIC2READBYTE?I2C2
BL51 BANKED LINKER/LOCATER V6.22                                                      12/04/2018  17:15:41  PAGE 4


            CODE    2648H     0034H     UNIT         ?PR?_IIC3READBYTE?I2C3
            CODE    267CH     0034H     UNIT         ?PR?_IIC4READBYTE?I2C4
            CODE    26B0H     0034H     UNIT         ?PR?_IIC5READBYTE?I2C5
            CODE    26E4H     0034H     UNIT         ?PR?_IIC6READBYTE?I2C6
            CODE    2718H     0033H     UNIT         ?PR?CLEARMR?SPLC
            CODE    274BH     0033H     UNIT         ?PR?CLEAREM?SPLC
            CODE    277EH     0033H     UNIT         ?PR?CLEARR?SPLC
            CODE    27B1H     0033H     UNIT         ?PR?CLEARC?SPLC
            CODE    27E4H     0032H     UNIT         ?PR?CLEARDM?SPLC
            CODE    2816H     0031H     UNIT         ?PR?_EPROMWRITEONEBYTE?EPROM
            CODE    2847H     0030H     UNIT         ?PR?OUTPCA9554READ?OUTPCA9554
            CODE    2877H     002EH     UNIT         ?PR?INPCA9554READ?INPCA9554
            CODE    28A5H     0029H     UNIT         ?PR?IIC0WAITACK?I2C0
            CODE    28CEH     0029H     UNIT         ?PR?IIC1WAITACK?I2C1
            CODE    28F7H     0029H     UNIT         ?PR?IIC2WAITACK?I2C2
            CODE    2920H     0029H     UNIT         ?PR?IIC3WAITACK?I2C3
            CODE    2949H     0029H     UNIT         ?PR?IIC4WAITACK?I2C4
            CODE    2972H     0029H     UNIT         ?PR?IIC5WAITACK?I2C5
            CODE    299BH     0029H     UNIT         ?PR?IIC6WAITACK?I2C6
            CODE    29C4H     0027H     UNIT         ?PR?TIMER0INIT?SPLC
            CODE    29EBH     0027H     UNIT         ?PR?PUTCHAR?PUTCHAR
            CODE    2A12H     0020H     UNIT         ?PR?_OUTPCA9554WRITE?OUTPCA9554
            CODE    2A32H     001FH     UNIT         ?PR?MAIN?MAINAPP
            CODE    2A51H     001EH     UNIT         ?PR?OUTPCA9554INIT?OUTPCA9554
            CODE    2A6FH     001AH     UNIT         ?PR?OSCILLATOR_INIT?INITCONFIG
            CODE    2A89H     0019H     UNIT         ?PR?_?DELAYMS?DELAY
            CODE    2AA2H     0019H     UNIT         ?PR?_HWDELAY?DELAY
            CODE    2ABBH     0018H     UNIT         ?PR?INIT_DEVICE?INITCONFIG
            CODE    2AD3H     0017H     UNIT         ?PR?IIC0START?I2C0
            CODE    2AEAH     0017H     UNIT         ?PR?IIC1START?I2C1
            CODE    2B01H     0017H     UNIT         ?PR?IIC2START?I2C2
            CODE    2B18H     0017H     UNIT         ?PR?IIC3START?I2C3
            CODE    2B2FH     0017H     UNIT         ?PR?IIC4START?I2C4
            CODE    2B46H     0017H     UNIT         ?PR?IIC5START?I2C5
            CODE    2B5DH     0017H     UNIT         ?PR?IIC6START?I2C6
            CODE    2B74H     0016H     UNIT         ?PR?IIC0NACK?I2C0
            CODE    2B8AH     0016H     UNIT         ?PR?IIC1NACK?I2C1
            CODE    2BA0H     0016H     UNIT         ?PR?IIC2NACK?I2C2
            CODE    2BB6H     0016H     UNIT         ?PR?IIC3NACK?I2C3
            CODE    2BCCH     0016H     UNIT         ?PR?IIC4NACK?I2C4
            CODE    2BE2H     0016H     UNIT         ?PR?IIC5NACK?I2C5
            CODE    2BF8H     0016H     UNIT         ?PR?IIC6NACK?I2C6
            CODE    2C0EH     0013H     UNIT         ?PR?_HWDELAYINIT?DELAY
            CODE    2C21H     0013H     UNIT         ?PR?TIMER_INIT?INITCONFIG
            CODE    2C34H     0011H     UNIT         ?PR?IIC0ACK?I2C0
            CODE    2C45H     0011H     UNIT         ?PR?IIC1ACK?I2C1
            CODE    2C56H     0011H     UNIT         ?PR?IIC2ACK?I2C2
            CODE    2C67H     0011H     UNIT         ?PR?IIC3ACK?I2C3
            CODE    2C78H     0011H     UNIT         ?PR?IIC4ACK?I2C4
            CODE    2C89H     0011H     UNIT         ?PR?IIC5ACK?I2C5
            CODE    2C9AH     0011H     UNIT         ?PR?IIC6ACK?I2C6
            CODE    2CABH     0010H     UNIT         ?PR?IIC0STOP?I2C0
            CODE    2CBBH     0010H     UNIT         ?PR?IIC1STOP?I2C1
            CODE    2CCBH     0010H     UNIT         ?PR?IIC2STOP?I2C2
            CODE    2CDBH     0010H     UNIT         ?PR?_SETSDA3?I2C3
            CODE    2CEBH     0010H     UNIT         ?PR?IIC3STOP?I2C3
            CODE    2CFBH     0010H     UNIT         ?PR?_SETSDA?I2C4
BL51 BANKED LINKER/LOCATER V6.22                                                      12/04/2018  17:15:41  PAGE 5


            CODE    2D0BH     0010H     UNIT         ?PR?IIC4STOP?I2C4
            CODE    2D1BH     0010H     UNIT         ?PR?IIC5STOP?I2C5
            CODE    2D2BH     0010H     UNIT         ?PR?IIC6STOP?I2C6
            CODE    2D3BH     0010H     UNIT         ?PR?_ASSERTCOILADDRESS?SPLC
            CODE    2D4BH     0010H     UNIT         ?C_INITSEG
            CODE    2D5BH     000FH     UNIT         ?PR?MODBUSSLAVESTARTSEND?MODBUSSLAVEASCII
            CODE    2D6AH     000EH     UNIT         ?PR?_SETSDA0?I2C0
            CODE    2D78H     000EH     UNIT         ?PR?_SETSDA1?I2C1
            CODE    2D86H     000EH     UNIT         ?PR?_SETSDA2?I2C2
            CODE    2D94H     000EH     UNIT         ?PR?_SETSDA5?I2C5
            CODE    2DA2H     000EH     UNIT         ?PR?_SETSDA6?I2C6
            CODE    2DB0H     000CH     UNIT         ?PR?_ASSERTREGISTERADDRESS?SPLC
            CODE    2DBCH     000BH     UNIT         ?PR?_SETSCL3?I2C3
            CODE    2DC7H     000BH     UNIT         ?PR?_SETSCL?I2C4
            CODE    2DD2H     000AH     UNIT         ?PR?CRC32CLEAR?CRC32
            CODE    2DDCH     000AH     UNIT         ?PR?PORT_IO_INIT?INITCONFIG
            CODE    2DE6H     0009H     UNIT         ?PR?_SETSCL0?I2C0
            CODE    2DEFH     0009H     UNIT         ?PR?_SETSCL1?I2C1
            CODE    2DF8H     0009H     UNIT         ?PR?_SETSCL2?I2C2
            CODE    2E01H     0009H     UNIT         ?PR?GETSCL3?I2C3
            CODE    2E0AH     0009H     UNIT         ?PR?_SETSCL5?I2C5
            CODE    2E13H     0009H     UNIT         ?PR?_SETSCL6?I2C6
            CODE    2E1CH     0008H     UNIT         ?PR?GETSCL?I2C4
            CODE    2E24H     0008H     UNIT         ?CO?MAINAPP
            CODE    2E2CH     0007H     UNIT         ?PR?GETSDA?I2C4
            CODE    2E33H     0007H     UNIT         ?PR?RESET_SOURCES_INIT?INITCONFIG
            CODE    2E3AH     0006H     UNIT         ?PR?GETSCL0?I2C0
            CODE    2E40H     0006H     UNIT         ?PR?GETSDA0?I2C0
            CODE    2E46H     0006H     UNIT         ?PR?GETSCL1?I2C1
            CODE    2E4CH     0006H     UNIT         ?PR?GETSDA1?I2C1
            CODE    2E52H     0006H     UNIT         ?PR?GETSCL2?I2C2
            CODE    2E58H     0006H     UNIT         ?PR?GETSDA2?I2C2
            CODE    2E5EH     0006H     UNIT         ?PR?GETSCL5?I2C5
            CODE    2E64H     0006H     UNIT         ?PR?GETSDA5?I2C5
            CODE    2E6AH     0006H     UNIT         ?PR?GETSCL6?I2C6
            CODE    2E70H     0006H     UNIT         ?PR?GETSDA6?I2C6
            CODE    2E76H     0005H     UNIT         ?PR?_CRC32SETCRCOLD?CRC32
            CODE    2E7BH     0005H     UNIT         ?PR?NVRAMSAVE?SPLC
            CODE    2E80H     0004H     UNIT         ?PR?UART_INIT?INITCONFIG
            CODE    2E84H     0004H     UNIT         ?PR?DAC_INIT?INITCONFIG
            CODE    2E88H     0004H     UNIT         ?PR?VOLTAGE_REFERENCE_INIT?INITCONFIG
            CODE    2E8CH     0004H     UNIT         ?PR?INTERRUPTS_INIT?INITCONFIG
            CODE    2E90H     0003H     UNIT         ?PR?EPROMINIT?EPROM
            CODE    2E93H     0001H     UNIT         ?PR?IIC2INIT?I2C2
            CODE    2E94H     0001H     UNIT         ?PR?IIC3INIT?I2C3
            CODE    2E95H     0001H     UNIT         ?PR?IIC4INIT?I2C4
            CODE    2E96H     0001H     UNIT         ?PR?IIC5INIT?I2C5
            CODE    2E97H     0001H     UNIT         ?PR?IIC6INIT?I2C6
            CODE    2E98H     0001H     UNIT         ?PR?_MCP47X6_READ?MCP47X6
            CODE    2E99H     0001H     UNIT         ?PR?READNVRAM?MAINAPP
            CODE    2E9AH     0001H     UNIT         ?PR?WRITENVRAM?MAINAPP
            CODE    2E9BH     0001H     UNIT         ?PR?UPDATENVRAM?MAINAPP
            CODE    2E9CH     0001H     UNIT         ?PR?SETOUTPUT?SPLC



OVERLAY MAP OF MODULE:   .\Objects\dwLaser_F020 (DELAY)
BL51 BANKED LINKER/LOCATER V6.22                                                      12/04/2018  17:15:41  PAGE 6




SEGMENT                                            DATA_GROUP          PDATA_GROUP
  +--> CALLED SEGMENT                            START    LENGTH     START    LENGTH
------------------------------------------------------------------------------------
?PR?TIMER0ISR?SPLC                               0022H    0002H      -----    -----

*** NEW ROOT ***************************************************

?C_C51STARTUP                                    -----    -----      -----    -----
  +--> ?PR?MAIN?MAINAPP
  +--> ?C_INITSEG

?PR?MAIN?MAINAPP                                 -----    -----      0082H    0010H
  +--> ?CO?MAINAPP
  +--> ?PR?INIT_DEVICE?INITCONFIG
  +--> ?PR?MODBUSSLAVEASCIIPOLL?MODBUSSLAVEA...

?PR?INIT_DEVICE?INITCONFIG                       -----    -----      -----    -----
  +--> ?PR?RESET_SOURCES_INIT?INITCONFIG
  +--> ?PR?TIMER_INIT?INITCONFIG
  +--> ?PR?UART_INIT?INITCONFIG
  +--> ?PR?DAC_INIT?INITCONFIG
  +--> ?PR?VOLTAGE_REFERENCE_INIT?INITCONFIG
  +--> ?PR?PORT_IO_INIT?INITCONFIG
  +--> ?PR?OSCILLATOR_INIT?INITCONFIG
  +--> ?PR?INTERRUPTS_INIT?INITCONFIG

?PR?MODBUSSLAVEASCIIPOLL?MODBUSSLAVEA...         0024H    0018H      -----    -----
  +--> ?PR?_LRC?MODBUSSLAVEASCII
  +--> ?PR?_ASCIITOUINT8?MODBUSSLAVEASCII
  +--> ?PR?_ASCIITOUINT16?MODBUSSLAVEASCII
  +--> ?PR?_SET?SPLC
  +--> ?PR?_RESET?SPLC
  +--> ?PR?_ASSERTREGISTERADDRESS?SPLC
  +--> ?PR?MODBUSSLAVESTARTSEND?MODBUSSLAVEA...

?PR?_LRC?MODBUSSLAVEASCII                        -----    -----      0092H    000AH

?PR?_ASCIITOUINT8?MODBUSSLAVEASCII               003CH    0003H      -----    -----

?PR?_ASCIITOUINT16?MODBUSSLAVEASCII              003CH    0006H      -----    -----

?PR?_SET?SPLC                                    -----    -----      0092H    0002H
  +--> ?PR?_ASSERTCOILADDRESS?SPLC

?PR?_RESET?SPLC                                  -----    -----      0092H    0002H
  +--> ?PR?_ASSERTCOILADDRESS?SPLC



SYMBOL TABLE OF MODULE:  .\Objects\dwLaser_F020 (DELAY)

  VALUE           TYPE          NAME
  ----------------------------------

  -------         MODULE        DELAY
BL51 BANKED LINKER/LOCATER V6.22                                                      12/04/2018  17:15:41  PAGE 7


  C:0000H         SYMBOL        _ICE_DUMMY_
  D:0089H         PUBLIC        TMOD
  D:008BH         PUBLIC        TL1
  D:008DH         PUBLIC        TH1
  B:0088H.7       PUBLIC        TF1
  B:0088H.6       PUBLIC        TR1
  B:00A8H.3       PUBLIC        ET1
  C:2A89H         PUBLIC        _?delayMs
  C:000EH         PUBLIC        _?delayUs
  C:2C0EH         PUBLIC        _hwDelayInit
  C:2AA2H         PUBLIC        _hwDelay
  -------         PROC          _?DELAYUS
  p:0000H         SYMBOL        us
  C:000EH         LINE#         5
  C:0014H         LINE#         7
  C:0019H         LINE#         8
  C:0019H         LINE#         9
  C:001CH         LINE#         10
  C:001EH         LINE#         11
  -------         ENDPROC       _?DELAYUS
  -------         PROC          _?DELAYMS
  p:0000H         SYMBOL        ms
  C:2A89H         LINE#         12
  C:2A8FH         LINE#         14
  C:2A98H         LINE#         15
  C:2A98H         LINE#         16
  C:2A9DH         LINE#         17
  C:2A9FH         LINE#         18
  -------         ENDPROC       _?DELAYMS
  -------         PROC          _HWDELAYINIT
  D:0007H         SYMBOL        reload_h
  D:0005H         SYMBOL        reload_l
  C:2C0EH         LINE#         19
  C:2C0EH         LINE#         20
  C:2C0EH         LINE#         21
  C:2C11H         LINE#         22
  C:2C14H         LINE#         23
  C:2C16H         LINE#         24
  C:2C18H         LINE#         25
  C:2C1CH         LINE#         26
  C:2C1EH         LINE#         27
  C:2C20H         LINE#         28
  -------         ENDPROC       _HWDELAYINIT
  -------         PROC          _HWDELAY
  D:0007H         SYMBOL        control
  D:0005H         SYMBOL        reload_h
  D:0003H         SYMBOL        reload_l
  C:2AA2H         LINE#         29
  C:2AA2H         LINE#         30
  C:2AA2H         LINE#         32
  C:2AA5H         LINE#         33
  C:2AA5H         LINE#         34
  C:2AA8H         LINE#         35
  C:2AA8H         LINE#         36
  C:2AAAH         LINE#         37
  C:2AAEH         LINE#         38
  C:2AAEH         LINE#         39
BL51 BANKED LINKER/LOCATER V6.22                                                      12/04/2018  17:15:41  PAGE 8


  C:2AB2H         LINE#         40
  C:2AB6H         LINE#         41
  C:2AB8H         LINE#         42
  C:2ABAH         LINE#         43
  C:2ABAH         LINE#         44
  -------         ENDPROC       _HWDELAY
  -------         ENDMOD        DELAY

  -------         MODULE        CRC32
  C:0000H         SYMBOL        _ICE_DUMMY_
  C:184BH         PUBLIC        _crc32Calculate
  C:1DF0H         PUBLIC        _crc32CalculateAdd
  C:2DD2H         PUBLIC        crc32Clear
  C:2E76H         PUBLIC        _crc32SetCrcOld
  C:0435H         PUBLIC        crc32Tab
  X:0009H         SYMBOL        oldcrc32
  -------         PROC          _CRC32CALCULATE
  X:0000H         SYMBOL        buf
  X:0003H         SYMBOL        len
  -------         DO            
  X:0007H         SYMBOL        i
  -------         ENDDO         
  C:184BH         LINE#         111
  C:1859H         LINE#         113
  C:187DH         LINE#         114
  C:187DH         LINE#         115
  C:18E9H         LINE#         116
  C:18F7H         LINE#         117
  C:190EH         LINE#         118
  -------         ENDPROC       _CRC32CALCULATE
  -------         PROC          _CRC32CALCULATEADD
  D:0007H         SYMBOL        dat
  C:1DF0H         LINE#         120
  C:1DF0H         LINE#         121
  C:1E44H         LINE#         122
  C:1E5BH         LINE#         123
  -------         ENDPROC       _CRC32CALCULATEADD
  -------         PROC          CRC32CLEAR
  C:2DD2H         LINE#         124
  C:2DD2H         LINE#         125
  C:2DDBH         LINE#         126
  -------         ENDPROC       CRC32CLEAR
  -------         PROC          _CRC32SETCRCOLD
  D:0004H         SYMBOL        old
  C:2E76H         LINE#         127
  C:2E76H         LINE#         128
  -------         ENDPROC       _CRC32SETCRCOLD
  -------         ENDMOD        CRC32

  -------         MODULE        I2C0
  C:0000H         SYMBOL        _ICE_DUMMY_
  D:00B0H         PUBLIC        P3
  C:0021H         PUBLIC        iic0Init
  C:2AD3H         PUBLIC        iic0Start
  C:2CABH         PUBLIC        iic0Stop
  C:28A5H         PUBLIC        iic0WaitAck
  C:2C34H         PUBLIC        iic0Ack
BL51 BANKED LINKER/LOCATER V6.22                                                      12/04/2018  17:15:41  PAGE 9


  C:2B74H         PUBLIC        iic0NAck
  C:236DH         PUBLIC        _iic0SendByte
  C:25ACH         PUBLIC        _iic0ReadByte
  B:00B0H.5       PUBLIC        SDA0
  B:00B0H.6       PUBLIC        SCL0
  C:2DE6H         SYMBOL        _setSCL0
  C:2D6FH         SYMBOL        _setSDA0
  C:2E3AH         SYMBOL        getSCL0
  C:2E40H         SYMBOL        getSDA0
  -------         PROC          IIC0INIT
  C:0021H         LINE#         6
  C:0021H         LINE#         8
  -------         ENDPROC       IIC0INIT
  -------         PROC          _SETSCL0
  D:0007H         SYMBOL        s
  C:2DE6H         LINE#         9
  C:2DE6H         LINE#         10
  C:2DE9H         LINE#         11
  C:2DECH         LINE#         13
  C:2DEEH         LINE#         14
  -------         ENDPROC       _SETSCL0
  -------         PROC          L?0032
  -------         ENDPROC       L?0032
  -------         PROC          _SETSDA0
  D:0007H         SYMBOL        s
  C:2D6FH         LINE#         15
  C:2D6FH         LINE#         16
  C:2D72H         LINE#         17
  C:2D75H         LINE#         19
  C:2D77H         LINE#         20
  -------         ENDPROC       _SETSDA0
  -------         PROC          GETSCL0
  C:2E3AH         LINE#         21
  C:2E3AH         LINE#         22
  C:2E3FH         LINE#         23
  -------         ENDPROC       GETSCL0
  -------         PROC          GETSDA0
  C:2E40H         LINE#         24
  C:2E40H         LINE#         25
  C:2E45H         LINE#         26
  -------         ENDPROC       GETSDA0
  -------         PROC          IIC0START
  C:2AD3H         LINE#         27
  C:2AD3H         LINE#         28
  C:2AD8H         LINE#         29
  C:2ADBH         LINE#         30
  C:2ADEH         LINE#         31
  C:2AE2H         LINE#         32
  C:2AE6H         LINE#         33
  -------         ENDPROC       IIC0START
  -------         PROC          IIC0STOP
  C:2CABH         LINE#         35
  C:2CABH         LINE#         36
  C:2CABH         LINE#         37
  C:2CAEH         LINE#         38
  C:2CB2H         LINE#         39
  C:2CB5H         LINE#         40
BL51 BANKED LINKER/LOCATER V6.22                                                      12/04/2018  17:15:41  PAGE 10


  C:2CB8H         LINE#         41
  -------         ENDPROC       IIC0STOP
  -------         PROC          IIC0WAITACK
  -------         DO            
  D:0006H         SYMBOL        ucErrTime
  -------         ENDDO         
  C:28A5H         LINE#         44
  C:28A5H         LINE#         48
  C:28A7H         LINE#         49
  C:28ACH         LINE#         50
  C:28AFH         LINE#         51
  C:28B2H         LINE#         52
  C:28B5H         LINE#         53
  C:28BBH         LINE#         54
  C:28BCH         LINE#         55
  C:28C2H         LINE#         56
  C:28C5H         LINE#         57
  C:28C8H         LINE#         58
  C:28C8H         LINE#         59
  C:28C8H         LINE#         60
  C:28CDH         LINE#         61
  C:28CDH         LINE#         62
  -------         ENDPROC       IIC0WAITACK
  -------         PROC          IIC0ACK
  C:2C34H         LINE#         63
  C:2C34H         LINE#         64
  C:2C34H         LINE#         65
  C:2C37H         LINE#         66
  C:2C3BH         LINE#         67
  C:2C3EH         LINE#         68
  C:2C41H         LINE#         69
  -------         ENDPROC       IIC0ACK
  -------         PROC          IIC0NACK
  C:2B74H         LINE#         72
  C:2B74H         LINE#         73
  C:2B79H         LINE#         74
  C:2B7DH         LINE#         75
  C:2B80H         LINE#         76
  C:2B83H         LINE#         77
  C:2B86H         LINE#         78
  -------         ENDPROC       IIC0NACK
  -------         PROC          _IIC0SENDBYTE
  D:0006H         SYMBOL        txd
  -------         DO            
  D:0005H         SYMBOL        t
  -------         ENDDO         
  C:236DH         LINE#         80
  C:236FH         LINE#         85
  C:2374H         LINE#         86
  C:2376H         LINE#         87
  C:2376H         LINE#         89
  C:2381H         LINE#         90
  C:2385H         LINE#         92
  C:238AH         LINE#         93
  C:238EH         LINE#         94
  C:2393H         LINE#         95
  C:2396H         LINE#         96
BL51 BANKED LINKER/LOCATER V6.22                                                      12/04/2018  17:15:41  PAGE 11


  C:2399H         LINE#         97
  C:239DH         LINE#         98
  C:23A1H         LINE#         99
  C:23A6H         LINE#         100
  -------         ENDPROC       _IIC0SENDBYTE
  -------         PROC          _IIC0READBYTE
  D:0006H         SYMBOL        ack
  -------         DO            
  D:0004H         SYMBOL        i
  D:0005H         SYMBOL        receive
  -------         ENDDO         
  C:25ACH         LINE#         102
  C:25AEH         LINE#         103
  C:25B0H         LINE#         104
  C:25B1H         LINE#         105
  C:25B6H         LINE#         106
  C:25BAH         LINE#         107
  C:25BDH         LINE#         108
  C:25C1H         LINE#         109
  C:25C7H         LINE#         110
  C:25C8H         LINE#         111
  C:25CDH         LINE#         112
  C:25D2H         LINE#         113
  C:25D5H         LINE#         114
  C:25DAH         LINE#         116
  C:25DDH         LINE#         117
  C:25DFH         LINE#         118
  -------         ENDPROC       _IIC0READBYTE
  -------         ENDMOD        I2C0

  -------         MODULE        I2C1
  C:0000H         SYMBOL        _ICE_DUMMY_
  D:00B0H         PUBLIC        P3
  C:0022H         PUBLIC        iic1Init
  C:2AEAH         PUBLIC        iic1Start
  C:2CBBH         PUBLIC        iic1Stop
  C:28CEH         PUBLIC        iic1WaitAck
  C:2C45H         PUBLIC        iic1Ack
  C:2B8AH         PUBLIC        iic1NAck
  C:23A7H         PUBLIC        _iic1SendByte
  C:25E0H         PUBLIC        _iic1ReadByte
  B:00B0H.1       PUBLIC        SDA1
  B:00B0H.2       PUBLIC        SCL1
  C:2DEFH         SYMBOL        _setSCL1
  C:2D7DH         SYMBOL        _setSDA1
  C:2E46H         SYMBOL        getSCL1
  C:2E4CH         SYMBOL        getSDA1
  -------         PROC          IIC1INIT
  C:0022H         LINE#         6
  C:0022H         LINE#         8
  -------         ENDPROC       IIC1INIT
  -------         PROC          _SETSCL1
  D:0007H         SYMBOL        s
  C:2DEFH         LINE#         9
  C:2DEFH         LINE#         10
  C:2DF2H         LINE#         11
  C:2DF5H         LINE#         13
BL51 BANKED LINKER/LOCATER V6.22                                                      12/04/2018  17:15:41  PAGE 12


  C:2DF7H         LINE#         14
  -------         ENDPROC       _SETSCL1
  -------         PROC          L?0032
  -------         ENDPROC       L?0032
  -------         PROC          _SETSDA1
  D:0007H         SYMBOL        s
  C:2D7DH         LINE#         15
  C:2D7DH         LINE#         16
  C:2D80H         LINE#         17
  C:2D83H         LINE#         19
  C:2D85H         LINE#         20
  -------         ENDPROC       _SETSDA1
  -------         PROC          GETSCL1
  C:2E46H         LINE#         21
  C:2E46H         LINE#         22
  C:2E4BH         LINE#         23
  -------         ENDPROC       GETSCL1
  -------         PROC          GETSDA1
  C:2E4CH         LINE#         24
  C:2E4CH         LINE#         25
  C:2E51H         LINE#         26
  -------         ENDPROC       GETSDA1
  -------         PROC          IIC1START
  C:2AEAH         LINE#         27
  C:2AEAH         LINE#         28
  C:2AEFH         LINE#         29
  C:2AF2H         LINE#         30
  C:2AF5H         LINE#         31
  C:2AF9H         LINE#         32
  C:2AFDH         LINE#         33
  -------         ENDPROC       IIC1START
  -------         PROC          IIC1STOP
  C:2CBBH         LINE#         35
  C:2CBBH         LINE#         36
  C:2CBBH         LINE#         37
  C:2CBEH         LINE#         38
  C:2CC2H         LINE#         39
  C:2CC5H         LINE#         40
  C:2CC8H         LINE#         41
  -------         ENDPROC       IIC1STOP
  -------         PROC          IIC1WAITACK
  -------         DO            
  D:0006H         SYMBOL        ucErrTime
  -------         ENDDO         
  C:28CEH         LINE#         44
  C:28CEH         LINE#         48
  C:28D0H         LINE#         49
  C:28D5H         LINE#         50
  C:28D8H         LINE#         51
  C:28DBH         LINE#         52
  C:28DEH         LINE#         53
  C:28E4H         LINE#         54
  C:28E5H         LINE#         55
  C:28EBH         LINE#         56
  C:28EEH         LINE#         57
  C:28F1H         LINE#         58
  C:28F1H         LINE#         59
BL51 BANKED LINKER/LOCATER V6.22                                                      12/04/2018  17:15:41  PAGE 13


  C:28F1H         LINE#         60
  C:28F6H         LINE#         61
  C:28F6H         LINE#         62
  -------         ENDPROC       IIC1WAITACK
  -------         PROC          IIC1ACK
  C:2C45H         LINE#         63
  C:2C45H         LINE#         64
  C:2C45H         LINE#         65
  C:2C48H         LINE#         66
  C:2C4CH         LINE#         67
  C:2C4FH         LINE#         68
  C:2C52H         LINE#         69
  -------         ENDPROC       IIC1ACK
  -------         PROC          IIC1NACK
  C:2B8AH         LINE#         72
  C:2B8AH         LINE#         73
  C:2B8FH         LINE#         74
  C:2B93H         LINE#         75
  C:2B96H         LINE#         76
  C:2B99H         LINE#         77
  C:2B9CH         LINE#         78
  -------         ENDPROC       IIC1NACK
  -------         PROC          _IIC1SENDBYTE
  D:0006H         SYMBOL        txd
  -------         DO            
  D:0005H         SYMBOL        t
  -------         ENDDO         
  C:23A7H         LINE#         80
  C:23A9H         LINE#         85
  C:23AEH         LINE#         86
  C:23B0H         LINE#         87
  C:23B0H         LINE#         89
  C:23BBH         LINE#         90
  C:23BFH         LINE#         92
  C:23C4H         LINE#         93
  C:23C8H         LINE#         94
  C:23CDH         LINE#         95
  C:23D0H         LINE#         96
  C:23D3H         LINE#         97
  C:23D7H         LINE#         98
  C:23DBH         LINE#         99
  C:23E0H         LINE#         100
  -------         ENDPROC       _IIC1SENDBYTE
  -------         PROC          _IIC1READBYTE
  D:0006H         SYMBOL        ack
  -------         DO            
  D:0004H         SYMBOL        i
  D:0005H         SYMBOL        receive
  -------         ENDDO         
  C:25E0H         LINE#         102
  C:25E2H         LINE#         103
  C:25E4H         LINE#         104
  C:25E5H         LINE#         105
  C:25EAH         LINE#         106
  C:25EEH         LINE#         107
  C:25F1H         LINE#         108
  C:25F5H         LINE#         109
BL51 BANKED LINKER/LOCATER V6.22                                                      12/04/2018  17:15:41  PAGE 14


  C:25FBH         LINE#         110
  C:25FCH         LINE#         111
  C:2601H         LINE#         112
  C:2606H         LINE#         113
  C:2609H         LINE#         114
  C:260EH         LINE#         116
  C:2611H         LINE#         117
  C:2613H         LINE#         118
  -------         ENDPROC       _IIC1READBYTE
  -------         ENDMOD        I2C1

  -------         MODULE        I2C2
  C:0000H         SYMBOL        _ICE_DUMMY_
  D:00B0H         PUBLIC        P3
  C:2E93H         PUBLIC        iic2Init
  C:2B01H         PUBLIC        iic2Start
  C:2CCBH         PUBLIC        iic2Stop
  C:28F7H         PUBLIC        iic2WaitAck
  C:2C56H         PUBLIC        iic2Ack
  C:2BA0H         PUBLIC        iic2NAck
  C:23E1H         PUBLIC        _iic2SendByte
  C:2614H         PUBLIC        _iic2ReadByte
  B:00B0H.3       PUBLIC        SDA2
  B:00B0H.4       PUBLIC        SCL2
  C:2DF8H         SYMBOL        _setSCL2
  C:2D8BH         SYMBOL        _setSDA2
  C:2E52H         SYMBOL        getSCL2
  C:2E58H         SYMBOL        getSDA2
  -------         PROC          IIC2INIT
  C:2E93H         LINE#         6
  C:2E93H         LINE#         7
  -------         ENDPROC       IIC2INIT
  -------         PROC          _SETSCL2
  D:0007H         SYMBOL        s
  C:2DF8H         LINE#         8
  C:2DF8H         LINE#         9
  C:2DFBH         LINE#         10
  C:2DFEH         LINE#         12
  C:2E00H         LINE#         13
  -------         ENDPROC       _SETSCL2
  -------         PROC          L?0032
  -------         ENDPROC       L?0032
  -------         PROC          _SETSDA2
  D:0007H         SYMBOL        s
  C:2D8BH         LINE#         14
  C:2D8BH         LINE#         15
  C:2D8EH         LINE#         16
  C:2D91H         LINE#         18
  C:2D93H         LINE#         19
  -------         ENDPROC       _SETSDA2
  -------         PROC          GETSCL2
  C:2E52H         LINE#         20
  C:2E52H         LINE#         21
  C:2E57H         LINE#         22
  -------         ENDPROC       GETSCL2
  -------         PROC          GETSDA2
  C:2E58H         LINE#         23
BL51 BANKED LINKER/LOCATER V6.22                                                      12/04/2018  17:15:41  PAGE 15


  C:2E58H         LINE#         24
  C:2E5DH         LINE#         25
  -------         ENDPROC       GETSDA2
  -------         PROC          IIC2START
  C:2B01H         LINE#         26
  C:2B01H         LINE#         27
  C:2B06H         LINE#         28
  C:2B09H         LINE#         29
  C:2B0CH         LINE#         30
  C:2B10H         LINE#         31
  C:2B14H         LINE#         32
  -------         ENDPROC       IIC2START
  -------         PROC          IIC2STOP
  C:2CCBH         LINE#         34
  C:2CCBH         LINE#         35
  C:2CCBH         LINE#         36
  C:2CCEH         LINE#         37
  C:2CD2H         LINE#         38
  C:2CD5H         LINE#         39
  C:2CD8H         LINE#         40
  -------         ENDPROC       IIC2STOP
  -------         PROC          IIC2WAITACK
  -------         DO            
  D:0006H         SYMBOL        ucErrTime
  -------         ENDDO         
  C:28F7H         LINE#         43
  C:28F7H         LINE#         47
  C:28F9H         LINE#         48
  C:28FEH         LINE#         49
  C:2901H         LINE#         50
  C:2904H         LINE#         51
  C:2907H         LINE#         52
  C:290DH         LINE#         53
  C:290EH         LINE#         54
  C:2914H         LINE#         55
  C:2917H         LINE#         56
  C:291AH         LINE#         57
  C:291AH         LINE#         58
  C:291AH         LINE#         59
  C:291FH         LINE#         60
  C:291FH         LINE#         61
  -------         ENDPROC       IIC2WAITACK
  -------         PROC          IIC2ACK
  C:2C56H         LINE#         62
  C:2C56H         LINE#         63
  C:2C56H         LINE#         64
  C:2C59H         LINE#         65
  C:2C5DH         LINE#         66
  C:2C60H         LINE#         67
  C:2C63H         LINE#         68
  -------         ENDPROC       IIC2ACK
  -------         PROC          IIC2NACK
  C:2BA0H         LINE#         71
  C:2BA0H         LINE#         72
  C:2BA5H         LINE#         73
  C:2BA9H         LINE#         74
  C:2BACH         LINE#         75
BL51 BANKED LINKER/LOCATER V6.22                                                      12/04/2018  17:15:41  PAGE 16


  C:2BAFH         LINE#         76
  C:2BB2H         LINE#         77
  -------         ENDPROC       IIC2NACK
  -------         PROC          _IIC2SENDBYTE
  D:0006H         SYMBOL        txd
  -------         DO            
  D:0005H         SYMBOL        t
  -------         ENDDO         
  C:23E1H         LINE#         79
  C:23E3H         LINE#         84
  C:23E8H         LINE#         85
  C:23EAH         LINE#         86
  C:23EAH         LINE#         88
  C:23F5H         LINE#         89
  C:23F9H         LINE#         91
  C:23FEH         LINE#         92
  C:2402H         LINE#         93
  C:2407H         LINE#         94
  C:240AH         LINE#         95
  C:240DH         LINE#         96
  C:2411H         LINE#         97
  C:2415H         LINE#         98
  C:241AH         LINE#         99
  -------         ENDPROC       _IIC2SENDBYTE
  -------         PROC          _IIC2READBYTE
  D:0006H         SYMBOL        ack
  -------         DO            
  D:0004H         SYMBOL        i
  D:0005H         SYMBOL        receive
  -------         ENDDO         
  C:2614H         LINE#         101
  C:2616H         LINE#         102
  C:2618H         LINE#         103
  C:2619H         LINE#         104
  C:261EH         LINE#         105
  C:2622H         LINE#         106
  C:2625H         LINE#         107
  C:2629H         LINE#         108
  C:262FH         LINE#         109
  C:2630H         LINE#         110
  C:2635H         LINE#         111
  C:263AH         LINE#         112
  C:263DH         LINE#         113
  C:2642H         LINE#         115
  C:2645H         LINE#         116
  C:2647H         LINE#         117
  -------         ENDPROC       _IIC2READBYTE
  -------         ENDMOD        I2C2

  -------         MODULE        I2C3
  C:0000H         SYMBOL        _ICE_DUMMY_
  D:0084H         PUBLIC        P4
  C:2E94H         PUBLIC        iic3Init
  C:2B18H         PUBLIC        iic3Start
  C:2CEBH         PUBLIC        iic3Stop
  C:2920H         PUBLIC        iic3WaitAck
  C:2C67H         PUBLIC        iic3Ack
BL51 BANKED LINKER/LOCATER V6.22                                                      12/04/2018  17:15:41  PAGE 17


  C:2BB6H         PUBLIC        iic3NAck
  C:241BH         PUBLIC        _iic3SendByte
  C:2648H         PUBLIC        _iic3ReadByte
  C:2DBCH         SYMBOL        _setSCL3
  C:2CE0H         SYMBOL        _setSDA3
  C:2E01H         SYMBOL        getSCL3
  C:0003H         SYMBOL        getSDA3
  -------         PROC          IIC3INIT
  C:2E94H         LINE#         5
  C:2E94H         LINE#         7
  -------         ENDPROC       IIC3INIT
  -------         PROC          _SETSCL3
  D:0007H         SYMBOL        s
  C:2DBCH         LINE#         8
  C:2DBCH         LINE#         9
  C:2DBFH         LINE#         10
  C:2DC3H         LINE#         12
  C:2DC6H         LINE#         13
  -------         ENDPROC       _SETSCL3
  -------         PROC          L?0032
  -------         ENDPROC       L?0032
  -------         PROC          _SETSDA3
  D:0007H         SYMBOL        s
  C:2CE0H         LINE#         14
  C:2CE0H         LINE#         15
  C:2CE3H         LINE#         16
  C:2CE7H         LINE#         18
  C:2CEAH         LINE#         19
  -------         ENDPROC       _SETSDA3
  -------         PROC          GETSCL3
  C:2E01H         LINE#         20
  C:2E01H         LINE#         21
  C:2E09H         LINE#         22
  -------         ENDPROC       GETSCL3
  -------         PROC          GETSDA3
  C:0003H         LINE#         23
  C:0003H         LINE#         24
  C:000AH         LINE#         25
  -------         ENDPROC       GETSDA3
  -------         PROC          IIC3START
  C:2B18H         LINE#         26
  C:2B18H         LINE#         27
  C:2B1DH         LINE#         28
  C:2B20H         LINE#         29
  C:2B23H         LINE#         30
  C:2B27H         LINE#         31
  C:2B2BH         LINE#         32
  -------         ENDPROC       IIC3START
  -------         PROC          IIC3STOP
  C:2CEBH         LINE#         34
  C:2CEBH         LINE#         35
  C:2CEBH         LINE#         36
  C:2CEEH         LINE#         37
  C:2CF2H         LINE#         38
  C:2CF5H         LINE#         39
  C:2CF8H         LINE#         40
  -------         ENDPROC       IIC3STOP
BL51 BANKED LINKER/LOCATER V6.22                                                      12/04/2018  17:15:41  PAGE 18


  -------         PROC          IIC3WAITACK
  -------         DO            
  D:0006H         SYMBOL        ucErrTime
  -------         ENDDO         
  C:2920H         LINE#         43
  C:2920H         LINE#         47
  C:2922H         LINE#         48
  C:2927H         LINE#         49
  C:292AH         LINE#         50
  C:292DH         LINE#         51
  C:2930H         LINE#         52
  C:2936H         LINE#         53
  C:2937H         LINE#         54
  C:293DH         LINE#         55
  C:2940H         LINE#         56
  C:2943H         LINE#         57
  C:2943H         LINE#         58
  C:2943H         LINE#         59
  C:2948H         LINE#         60
  C:2948H         LINE#         61
  -------         ENDPROC       IIC3WAITACK
  -------         PROC          IIC3ACK
  C:2C67H         LINE#         62
  C:2C67H         LINE#         63
  C:2C67H         LINE#         64
  C:2C6AH         LINE#         65
  C:2C6EH         LINE#         66
  C:2C71H         LINE#         67
  C:2C74H         LINE#         68
  -------         ENDPROC       IIC3ACK
  -------         PROC          IIC3NACK
  C:2BB6H         LINE#         71
  C:2BB6H         LINE#         72
  C:2BBBH         LINE#         73
  C:2BBFH         LINE#         74
  C:2BC2H         LINE#         75
  C:2BC5H         LINE#         76
  C:2BC8H         LINE#         77
  -------         ENDPROC       IIC3NACK
  -------         PROC          _IIC3SENDBYTE
  D:0006H         SYMBOL        txd
  -------         DO            
  D:0005H         SYMBOL        t
  -------         ENDDO         
  C:241BH         LINE#         79
  C:241DH         LINE#         84
  C:2422H         LINE#         85
  C:2424H         LINE#         86
  C:2424H         LINE#         88
  C:242FH         LINE#         89
  C:2433H         LINE#         91
  C:2438H         LINE#         92
  C:243CH         LINE#         93
  C:2441H         LINE#         94
  C:2444H         LINE#         95
  C:2447H         LINE#         96
  C:244BH         LINE#         97
BL51 BANKED LINKER/LOCATER V6.22                                                      12/04/2018  17:15:41  PAGE 19


  C:244FH         LINE#         98
  C:2454H         LINE#         99
  -------         ENDPROC       _IIC3SENDBYTE
  -------         PROC          _IIC3READBYTE
  D:0006H         SYMBOL        ack
  -------         DO            
  D:0004H         SYMBOL        i
  D:0005H         SYMBOL        receive
  -------         ENDDO         
  C:2648H         LINE#         101
  C:264AH         LINE#         102
  C:264CH         LINE#         103
  C:264DH         LINE#         104
  C:2652H         LINE#         105
  C:2656H         LINE#         106
  C:2659H         LINE#         107
  C:265DH         LINE#         108
  C:2663H         LINE#         109
  C:2664H         LINE#         110
  C:2669H         LINE#         111
  C:266EH         LINE#         112
  C:2671H         LINE#         113
  C:2676H         LINE#         115
  C:2679H         LINE#         116
  C:267BH         LINE#         117
  -------         ENDPROC       _IIC3READBYTE
  -------         ENDMOD        I2C3

  -------         MODULE        I2C4
  C:0000H         SYMBOL        _ICE_DUMMY_
  D:0084H         PUBLIC        P4
  C:2E95H         PUBLIC        iic4Init
  C:2B2FH         PUBLIC        iic4Start
  C:2D0BH         PUBLIC        iic4Stop
  C:2949H         PUBLIC        iic4WaitAck
  C:2C78H         PUBLIC        iic4Ack
  C:2BCCH         PUBLIC        iic4NAck
  C:2455H         PUBLIC        _iic4SendByte
  C:267CH         PUBLIC        _iic4ReadByte
  C:2DC7H         SYMBOL        _setSCL
  C:2D00H         SYMBOL        _setSDA
  C:2E1CH         SYMBOL        getSCL
  C:2E2CH         SYMBOL        getSDA
  -------         PROC          IIC4INIT
  C:2E95H         LINE#         4
  C:2E95H         LINE#         6
  -------         ENDPROC       IIC4INIT
  -------         PROC          _SETSCL
  D:0007H         SYMBOL        s
  C:2DC7H         LINE#         7
  C:2DC7H         LINE#         8
  C:2DCAH         LINE#         9
  C:2DCEH         LINE#         11
  C:2DD1H         LINE#         12
  -------         ENDPROC       _SETSCL
  -------         PROC          L?0032
  -------         ENDPROC       L?0032
BL51 BANKED LINKER/LOCATER V6.22                                                      12/04/2018  17:15:41  PAGE 20


  -------         PROC          _SETSDA
  D:0007H         SYMBOL        s
  C:2D00H         LINE#         13
  C:2D00H         LINE#         14
  C:2D03H         LINE#         15
  C:2D07H         LINE#         17
  C:2D0AH         LINE#         18
  -------         ENDPROC       _SETSDA
  -------         PROC          GETSCL
  C:2E1CH         LINE#         19
  C:2E1CH         LINE#         20
  C:2E23H         LINE#         21
  -------         ENDPROC       GETSCL
  -------         PROC          GETSDA
  C:2E2CH         LINE#         22
  C:2E2CH         LINE#         23
  C:2E32H         LINE#         24
  -------         ENDPROC       GETSDA
  -------         PROC          IIC4START
  C:2B2FH         LINE#         25
  C:2B2FH         LINE#         26
  C:2B34H         LINE#         27
  C:2B37H         LINE#         28
  C:2B3AH         LINE#         29
  C:2B3EH         LINE#         30
  C:2B42H         LINE#         31
  -------         ENDPROC       IIC4START
  -------         PROC          IIC4STOP
  C:2D0BH         LINE#         33
  C:2D0BH         LINE#         34
  C:2D0BH         LINE#         35
  C:2D0EH         LINE#         36
  C:2D12H         LINE#         37
  C:2D15H         LINE#         38
  C:2D18H         LINE#         39
  -------         ENDPROC       IIC4STOP
  -------         PROC          IIC4WAITACK
  -------         DO            
  D:0006H         SYMBOL        ucErrTime
  -------         ENDDO         
  C:2949H         LINE#         42
  C:2949H         LINE#         46
  C:294BH         LINE#         47
  C:2950H         LINE#         48
  C:2953H         LINE#         49
  C:2956H         LINE#         50
  C:2959H         LINE#         51
  C:295FH         LINE#         52
  C:2960H         LINE#         53
  C:2966H         LINE#         54
  C:2969H         LINE#         55
  C:296CH         LINE#         56
  C:296CH         LINE#         57
  C:296CH         LINE#         58
  C:2971H         LINE#         59
  C:2971H         LINE#         60
  -------         ENDPROC       IIC4WAITACK
BL51 BANKED LINKER/LOCATER V6.22                                                      12/04/2018  17:15:41  PAGE 21


  -------         PROC          IIC4ACK
  C:2C78H         LINE#         61
  C:2C78H         LINE#         62
  C:2C78H         LINE#         63
  C:2C7BH         LINE#         64
  C:2C7FH         LINE#         65
  C:2C82H         LINE#         66
  C:2C85H         LINE#         67
  -------         ENDPROC       IIC4ACK
  -------         PROC          IIC4NACK
  C:2BCCH         LINE#         70
  C:2BCCH         LINE#         71
  C:2BD1H         LINE#         72
  C:2BD5H         LINE#         73
  C:2BD8H         LINE#         74
  C:2BDBH         LINE#         75
  C:2BDEH         LINE#         76
  -------         ENDPROC       IIC4NACK
  -------         PROC          _IIC4SENDBYTE
  D:0006H         SYMBOL        txd
  -------         DO            
  D:0005H         SYMBOL        t
  -------         ENDDO         
  C:2455H         LINE#         78
  C:2457H         LINE#         83
  C:245CH         LINE#         84
  C:245EH         LINE#         85
  C:245EH         LINE#         87
  C:2469H         LINE#         88
  C:246DH         LINE#         90
  C:2472H         LINE#         91
  C:2476H         LINE#         92
  C:247BH         LINE#         93
  C:247EH         LINE#         94
  C:2481H         LINE#         95
  C:2485H         LINE#         96
  C:2489H         LINE#         97
  C:248EH         LINE#         98
  -------         ENDPROC       _IIC4SENDBYTE
  -------         PROC          _IIC4READBYTE
  D:0006H         SYMBOL        ack
  -------         DO            
  D:0004H         SYMBOL        i
  D:0005H         SYMBOL        receive
  -------         ENDDO         
  C:267CH         LINE#         100
  C:267EH         LINE#         101
  C:2680H         LINE#         102
  C:2681H         LINE#         103
  C:2686H         LINE#         104
  C:268AH         LINE#         105
  C:268DH         LINE#         106
  C:2691H         LINE#         107
  C:2697H         LINE#         108
  C:2698H         LINE#         109
  C:269DH         LINE#         110
  C:26A2H         LINE#         111
BL51 BANKED LINKER/LOCATER V6.22                                                      12/04/2018  17:15:41  PAGE 22


  C:26A5H         LINE#         112
  C:26AAH         LINE#         114
  C:26ADH         LINE#         115
  C:26AFH         LINE#         116
  -------         ENDPROC       _IIC4READBYTE
  -------         ENDMOD        I2C4

  -------         MODULE        I2C5
  C:0000H         SYMBOL        _ICE_DUMMY_
  D:00A0H         PUBLIC        P2
  D:00B0H         PUBLIC        P3
  C:2E96H         PUBLIC        iic5Init
  C:2B46H         PUBLIC        iic5Start
  C:2D1BH         PUBLIC        iic5Stop
  C:2972H         PUBLIC        iic5WaitAck
  C:2C89H         PUBLIC        iic5Ack
  C:2BE2H         PUBLIC        iic5NAck
  C:248FH         PUBLIC        _iic5SendByte
  C:26B0H         PUBLIC        _iic5ReadByte
  B:00A0H.6       PUBLIC        SDA5
  B:00B0H.6       PUBLIC        SCL5
  C:2E0AH         SYMBOL        _setSCL5
  C:2D99H         SYMBOL        _setSDA5
  C:2E5EH         SYMBOL        getSCL5
  C:2E64H         SYMBOL        getSDA5
  -------         PROC          IIC5INIT
  C:2E96H         LINE#         6
  C:2E96H         LINE#         8
  -------         ENDPROC       IIC5INIT
  -------         PROC          _SETSCL5
  D:0007H         SYMBOL        s
  C:2E0AH         LINE#         9
  C:2E0AH         LINE#         10
  C:2E0DH         LINE#         11
  C:2E10H         LINE#         13
  C:2E12H         LINE#         14
  -------         ENDPROC       _SETSCL5
  -------         PROC          L?0032
  -------         ENDPROC       L?0032
  -------         PROC          _SETSDA5
  D:0007H         SYMBOL        s
  C:2D99H         LINE#         15
  C:2D99H         LINE#         16
  C:2D9CH         LINE#         17
  C:2D9FH         LINE#         19
  C:2DA1H         LINE#         20
  -------         ENDPROC       _SETSDA5
  -------         PROC          GETSCL5
  C:2E5EH         LINE#         21
  C:2E5EH         LINE#         22
  C:2E63H         LINE#         23
  -------         ENDPROC       GETSCL5
  -------         PROC          GETSDA5
  C:2E64H         LINE#         24
  C:2E64H         LINE#         25
  C:2E69H         LINE#         26
  -------         ENDPROC       GETSDA5
BL51 BANKED LINKER/LOCATER V6.22                                                      12/04/2018  17:15:41  PAGE 23


  -------         PROC          IIC5START
  C:2B46H         LINE#         27
  C:2B46H         LINE#         28
  C:2B4BH         LINE#         29
  C:2B4EH         LINE#         30
  C:2B51H         LINE#         31
  C:2B55H         LINE#         32
  C:2B59H         LINE#         33
  -------         ENDPROC       IIC5START
  -------         PROC          IIC5STOP
  C:2D1BH         LINE#         35
  C:2D1BH         LINE#         36
  C:2D1BH         LINE#         37
  C:2D1EH         LINE#         38
  C:2D22H         LINE#         39
  C:2D25H         LINE#         40
  C:2D28H         LINE#         41
  -------         ENDPROC       IIC5STOP
  -------         PROC          IIC5WAITACK
  -------         DO            
  D:0006H         SYMBOL        ucErrTime
  -------         ENDDO         
  C:2972H         LINE#         44
  C:2972H         LINE#         48
  C:2974H         LINE#         49
  C:2979H         LINE#         50
  C:297CH         LINE#         51
  C:297FH         LINE#         52
  C:2982H         LINE#         53
  C:2988H         LINE#         54
  C:2989H         LINE#         55
  C:298FH         LINE#         56
  C:2992H         LINE#         57
  C:2995H         LINE#         58
  C:2995H         LINE#         59
  C:2995H         LINE#         60
  C:299AH         LINE#         61
  C:299AH         LINE#         62
  -------         ENDPROC       IIC5WAITACK
  -------         PROC          IIC5ACK
  C:2C89H         LINE#         63
  C:2C89H         LINE#         64
  C:2C89H         LINE#         65
  C:2C8CH         LINE#         66
  C:2C90H         LINE#         67
  C:2C93H         LINE#         68
  C:2C96H         LINE#         69
  -------         ENDPROC       IIC5ACK
  -------         PROC          IIC5NACK
  C:2BE2H         LINE#         72
  C:2BE2H         LINE#         73
  C:2BE7H         LINE#         74
  C:2BEBH         LINE#         75
  C:2BEEH         LINE#         76
  C:2BF1H         LINE#         77
  C:2BF4H         LINE#         78
  -------         ENDPROC       IIC5NACK
BL51 BANKED LINKER/LOCATER V6.22                                                      12/04/2018  17:15:41  PAGE 24


  -------         PROC          _IIC5SENDBYTE
  D:0006H         SYMBOL        txd
  -------         DO            
  D:0005H         SYMBOL        t
  -------         ENDDO         
  C:248FH         LINE#         80
  C:2491H         LINE#         85
  C:2496H         LINE#         86
  C:2498H         LINE#         87
  C:2498H         LINE#         89
  C:24A3H         LINE#         90
  C:24A7H         LINE#         92
  C:24ACH         LINE#         93
  C:24B0H         LINE#         94
  C:24B5H         LINE#         95
  C:24B8H         LINE#         96
  C:24BBH         LINE#         97
  C:24BFH         LINE#         98
  C:24C3H         LINE#         99
  C:24C8H         LINE#         100
  -------         ENDPROC       _IIC5SENDBYTE
  -------         PROC          _IIC5READBYTE
  D:0006H         SYMBOL        ack
  -------         DO            
  D:0004H         SYMBOL        i
  D:0005H         SYMBOL        receive
  -------         ENDDO         
  C:26B0H         LINE#         102
  C:26B2H         LINE#         103
  C:26B4H         LINE#         104
  C:26B5H         LINE#         105
  C:26BAH         LINE#         106
  C:26BEH         LINE#         107
  C:26C1H         LINE#         108
  C:26C5H         LINE#         109
  C:26CBH         LINE#         110
  C:26CCH         LINE#         111
  C:26D1H         LINE#         112
  C:26D6H         LINE#         113
  C:26D9H         LINE#         114
  C:26DEH         LINE#         116
  C:26E1H         LINE#         117
  C:26E3H         LINE#         118
  -------         ENDPROC       _IIC5READBYTE
  -------         ENDMOD        I2C5

  -------         MODULE        I2C6
  C:0000H         SYMBOL        _ICE_DUMMY_
  D:00A0H         PUBLIC        P2
  C:2E97H         PUBLIC        iic6Init
  C:2B5DH         PUBLIC        iic6Start
  C:2D2BH         PUBLIC        iic6Stop
  C:299BH         PUBLIC        iic6WaitAck
  C:2C9AH         PUBLIC        iic6Ack
  C:2BF8H         PUBLIC        iic6NAck
  C:24C9H         PUBLIC        _iic6SendByte
  C:26E4H         PUBLIC        _iic6ReadByte
BL51 BANKED LINKER/LOCATER V6.22                                                      12/04/2018  17:15:41  PAGE 25


  B:00A0H.2       PUBLIC        SDA6
  B:00A0H.3       PUBLIC        SCL6
  C:2E13H         SYMBOL        _setSCL6
  C:2DA7H         SYMBOL        _setSDA6
  C:2E6AH         SYMBOL        getSCL6
  C:2E70H         SYMBOL        getSDA6
  -------         PROC          IIC6INIT
  C:2E97H         LINE#         6
  C:2E97H         LINE#         8
  -------         ENDPROC       IIC6INIT
  -------         PROC          _SETSCL6
  D:0007H         SYMBOL        s
  C:2E13H         LINE#         9
  C:2E13H         LINE#         10
  C:2E16H         LINE#         11
  C:2E19H         LINE#         13
  C:2E1BH         LINE#         14
  -------         ENDPROC       _SETSCL6
  -------         PROC          L?0032
  -------         ENDPROC       L?0032
  -------         PROC          _SETSDA6
  D:0007H         SYMBOL        s
  C:2DA7H         LINE#         15
  C:2DA7H         LINE#         16
  C:2DAAH         LINE#         17
  C:2DADH         LINE#         19
  C:2DAFH         LINE#         20
  -------         ENDPROC       _SETSDA6
  -------         PROC          GETSCL6
  C:2E6AH         LINE#         21
  C:2E6AH         LINE#         22
  C:2E6FH         LINE#         23
  -------         ENDPROC       GETSCL6
  -------         PROC          GETSDA6
  C:2E70H         LINE#         24
  C:2E70H         LINE#         25
  C:2E75H         LINE#         26
  -------         ENDPROC       GETSDA6
  -------         PROC          IIC6START
  C:2B5DH         LINE#         27
  C:2B5DH         LINE#         28
  C:2B62H         LINE#         29
  C:2B65H         LINE#         30
  C:2B68H         LINE#         31
  C:2B6CH         LINE#         32
  C:2B70H         LINE#         33
  -------         ENDPROC       IIC6START
  -------         PROC          IIC6STOP
  C:2D2BH         LINE#         35
  C:2D2BH         LINE#         36
  C:2D2BH         LINE#         37
  C:2D2EH         LINE#         38
  C:2D32H         LINE#         39
  C:2D35H         LINE#         40
  C:2D38H         LINE#         41
  -------         ENDPROC       IIC6STOP
  -------         PROC          IIC6WAITACK
BL51 BANKED LINKER/LOCATER V6.22                                                      12/04/2018  17:15:41  PAGE 26


  -------         DO            
  D:0006H         SYMBOL        ucErrTime
  -------         ENDDO         
  C:299BH         LINE#         44
  C:299BH         LINE#         48
  C:299DH         LINE#         49
  C:29A2H         LINE#         50
  C:29A5H         LINE#         51
  C:29A8H         LINE#         52
  C:29ABH         LINE#         53
  C:29B1H         LINE#         54
  C:29B2H         LINE#         55
  C:29B8H         LINE#         56
  C:29BBH         LINE#         57
  C:29BEH         LINE#         58
  C:29BEH         LINE#         59
  C:29BEH         LINE#         60
  C:29C3H         LINE#         61
  C:29C3H         LINE#         62
  -------         ENDPROC       IIC6WAITACK
  -------         PROC          IIC6ACK
  C:2C9AH         LINE#         63
  C:2C9AH         LINE#         64
  C:2C9AH         LINE#         65
  C:2C9DH         LINE#         66
  C:2CA1H         LINE#         67
  C:2CA4H         LINE#         68
  C:2CA7H         LINE#         69
  -------         ENDPROC       IIC6ACK
  -------         PROC          IIC6NACK
  C:2BF8H         LINE#         72
  C:2BF8H         LINE#         73
  C:2BFDH         LINE#         74
  C:2C01H         LINE#         75
  C:2C04H         LINE#         76
  C:2C07H         LINE#         77
  C:2C0AH         LINE#         78
  -------         ENDPROC       IIC6NACK
  -------         PROC          _IIC6SENDBYTE
  D:0006H         SYMBOL        txd
  -------         DO            
  D:0005H         SYMBOL        t
  -------         ENDDO         
  C:24C9H         LINE#         80
  C:24CBH         LINE#         85
  C:24D0H         LINE#         86
  C:24D2H         LINE#         87
  C:24D2H         LINE#         89
  C:24DDH         LINE#         90
  C:24E1H         LINE#         92
  C:24E6H         LINE#         93
  C:24EAH         LINE#         94
  C:24EFH         LINE#         95
  C:24F2H         LINE#         96
  C:24F5H         LINE#         97
  C:24F9H         LINE#         98
  C:24FDH         LINE#         99
BL51 BANKED LINKER/LOCATER V6.22                                                      12/04/2018  17:15:41  PAGE 27


  C:2502H         LINE#         100
  -------         ENDPROC       _IIC6SENDBYTE
  -------         PROC          _IIC6READBYTE
  D:0006H         SYMBOL        ack
  -------         DO            
  D:0004H         SYMBOL        i
  D:0005H         SYMBOL        receive
  -------         ENDDO         
  C:26E4H         LINE#         102
  C:26E6H         LINE#         103
  C:26E8H         LINE#         104
  C:26E9H         LINE#         105
  C:26EEH         LINE#         106
  C:26F2H         LINE#         107
  C:26F5H         LINE#         108
  C:26F9H         LINE#         109
  C:26FFH         LINE#         110
  C:2700H         LINE#         111
  C:2705H         LINE#         112
  C:270AH         LINE#         113
  C:270DH         LINE#         114
  C:2712H         LINE#         116
  C:2715H         LINE#         117
  C:2717H         LINE#         118
  -------         ENDPROC       _IIC6READBYTE
  -------         ENDMOD        I2C6

  -------         MODULE        EPROM
  C:0000H         SYMBOL        _ICE_DUMMY_
  C:2E90H         PUBLIC        epromInit
  C:253DH         PUBLIC        _epromReadOneByte
  C:2816H         PUBLIC        _epromWriteOneByte
  C:2133H         PUBLIC        _epromWriteLenByte
  C:19CAH         PUBLIC        _epromReadLenByte
  C:2181H         PUBLIC        _epromRead
  C:20E1H         PUBLIC        _epromWrite
  C:1386H         PUBLIC        epromTest
  -------         PROC          EPROMINIT
  C:2E90H         LINE#         5
  C:2E90H         LINE#         6
  -------         ENDPROC       EPROMINIT
  -------         PROC          _EPROMREADONEBYTE
  D:0002H         SYMBOL        ReadAddr
  -------         DO            
  D:0006H         SYMBOL        temp
  -------         ENDDO         
  C:253DH         LINE#         9
  C:2541H         LINE#         12
  C:2543H         LINE#         13
  C:2546H         LINE#         16
  C:254BH         LINE#         17
  C:254EH         LINE#         18
  C:2553H         LINE#         22
  C:2556H         LINE#         23
  C:255BH         LINE#         24
  C:255EH         LINE#         25
  C:2561H         LINE#         26
BL51 BANKED LINKER/LOCATER V6.22                                                      12/04/2018  17:15:41  PAGE 28


  C:2566H         LINE#         27
  C:2569H         LINE#         28
  C:2570H         LINE#         29
  C:2573H         LINE#         30
  C:2575H         LINE#         31
  -------         ENDPROC       _EPROMREADONEBYTE
  -------         PROC          _EPROMWRITEONEBYTE
  D:0002H         SYMBOL        WriteAddr
  D:0004H         SYMBOL        DataToWrite
  C:2816H         LINE#         33
  C:281CH         LINE#         36
  C:281FH         LINE#         38
  C:2824H         LINE#         39
  C:2827H         LINE#         40
  C:282CH         LINE#         44
  C:282FH         LINE#         45
  C:2834H         LINE#         46
  C:2837H         LINE#         47
  C:283CH         LINE#         48
  C:283FH         LINE#         49
  C:2842H         LINE#         51
  -------         ENDPROC       _EPROMWRITEONEBYTE
  -------         PROC          _EPROMWRITELENBYTE
  X:000DH         SYMBOL        WriteAddr
  X:000FH         SYMBOL        DataToWrite
  X:0013H         SYMBOL        Len
  -------         DO            
  X:0014H         SYMBOL        t
  -------         ENDDO         
  C:2133H         LINE#         55
  C:213AH         LINE#         61
  C:2149H         LINE#         62
  C:2179H         LINE#         63
  C:2180H         LINE#         64
  -------         ENDPROC       _EPROMWRITELENBYTE
  -------         PROC          _EPROMREADLENBYTE
  X:0015H         SYMBOL        ReadAddr
  X:0017H         SYMBOL        Len
  -------         DO            
  X:0018H         SYMBOL        t
  X:0019H         SYMBOL        temp
  -------         ENDDO         
  C:19CAH         LINE#         65
  C:19D4H         LINE#         66
  C:19D4H         LINE#         72
  C:19DDH         LINE#         73
  C:19EBH         LINE#         74
  C:1A01H         LINE#         75
  C:1A52H         LINE#         76
  C:1A59H         LINE#         77
  C:1A66H         LINE#         78
  -------         ENDPROC       _EPROMREADLENBYTE
  -------         PROC          _EPROMREAD
  X:001DH         SYMBOL        ReadAddr
  X:001FH         SYMBOL        pBuffer
  X:0022H         SYMBOL        NumToRead
  C:2181H         LINE#         80
BL51 BANKED LINKER/LOCATER V6.22                                                      12/04/2018  17:15:41  PAGE 29


  C:2191H         LINE#         84
  C:219AH         LINE#         85
  C:219AH         LINE#         86
  C:21C0H         LINE#         87
  C:21CBH         LINE#         88
  C:21CDH         LINE#         89
  -------         ENDPROC       _EPROMREAD
  -------         PROC          _EPROMWRITE
  X:0024H         SYMBOL        WriteAddr
  X:0026H         SYMBOL        pBuffer
  X:0029H         SYMBOL        NumToWrite
  C:20E1H         LINE#         90
  C:20F1H         LINE#         94
  C:2103H         LINE#         95
  C:2103H         LINE#         96
  C:211AH         LINE#         97
  C:2125H         LINE#         98
  C:2130H         LINE#         99
  C:2132H         LINE#         100
  -------         ENDPROC       _EPROMWRITE
  -------         PROC          EPROMTEST
  -------         DO            
  X:002BH         SYMBOL        temp
  X:002CH         SYMBOL        i
  X:0030H         SYMBOL        j
  X:0034H         SYMBOL        crc32Src
  X:0038H         SYMBOL        crc32Dist
  -------         ENDDO         
  C:1386H         LINE#         101
  C:1386H         LINE#         105
  C:1389H         LINE#         106
  C:13ACH         LINE#         107
  C:13BCH         LINE#         108
  C:13C4H         LINE#         109
  C:13D4H         LINE#         110
  C:13F3H         LINE#         111
  C:13F6H         LINE#         112
  C:1419H         LINE#         113
  C:1429H         LINE#         114
  C:1431H         LINE#         115
  C:1450H         LINE#         116
  C:1473H         LINE#         117
  C:1479H         LINE#         119
  C:1492H         LINE#         121
  -------         ENDPROC       EPROMTEST
  -------         ENDMOD        EPROM

  -------         MODULE        OUTPCA9554
  C:0000H         SYMBOL        _ICE_DUMMY_
  C:2A51H         PUBLIC        outPca9554Init
  C:2847H         PUBLIC        outPca9554Read
  C:2A12H         PUBLIC        _outPca9554Write
  -------         PROC          OUTPCA9554INIT
  C:2A51H         LINE#         10
  C:2A51H         LINE#         12
  C:2A54H         LINE#         13
  C:2A59H         LINE#         14
BL51 BANKED LINKER/LOCATER V6.22                                                      12/04/2018  17:15:41  PAGE 30


  C:2A5CH         LINE#         15
  C:2A61H         LINE#         16
  C:2A64H         LINE#         17
  C:2A69H         LINE#         18
  C:2A6CH         LINE#         19
  -------         ENDPROC       OUTPCA9554INIT
  -------         PROC          OUTPCA9554READ
  -------         DO            
  X:003CH         SYMBOL        temp
  -------         ENDDO         
  C:2847H         LINE#         21
  C:2847H         LINE#         23
  C:284AH         LINE#         24
  C:284FH         LINE#         25
  C:2852H         LINE#         26
  C:2857H         LINE#         27
  C:285AH         LINE#         28
  C:285DH         LINE#         29
  C:2862H         LINE#         30
  C:2865H         LINE#         31
  C:286EH         LINE#         32
  C:2871H         LINE#         33
  C:2874H         LINE#         34
  C:2876H         LINE#         35
  -------         ENDPROC       OUTPCA9554READ
  -------         PROC          _OUTPCA9554WRITE
  D:0004H         SYMBOL        wdata
  C:2A12H         LINE#         36
  C:2A14H         LINE#         37
  C:2A17H         LINE#         38
  C:2A1CH         LINE#         39
  C:2A1FH         LINE#         40
  C:2A24H         LINE#         41
  C:2A27H         LINE#         42
  C:2A2CH         LINE#         43
  C:2A2FH         LINE#         44
  -------         ENDPROC       _OUTPCA9554WRITE
  -------         ENDMOD        OUTPCA9554

  -------         MODULE        INPCA9554
  C:0000H         SYMBOL        _ICE_DUMMY_
  C:2331H         PUBLIC        inPca9554Init
  C:2877H         PUBLIC        inPca9554Read
  -------         PROC          INPCA9554INIT
  C:2331H         LINE#         10
  C:2331H         LINE#         12
  C:2334H         LINE#         13
  C:2339H         LINE#         14
  C:233CH         LINE#         15
  C:2341H         LINE#         16
  C:2344H         LINE#         17
  C:2349H         LINE#         18
  C:234CH         LINE#         19
  C:234FH         LINE#         21
  C:2352H         LINE#         22
  C:2357H         LINE#         23
  C:235AH         LINE#         24
BL51 BANKED LINKER/LOCATER V6.22                                                      12/04/2018  17:15:41  PAGE 31


  C:235FH         LINE#         25
  C:2362H         LINE#         26
  C:2367H         LINE#         27
  C:236AH         LINE#         28
  -------         ENDPROC       INPCA9554INIT
  -------         PROC          INPCA9554READ
  -------         DO            
  D:0005H         SYMBOL        temp
  -------         ENDDO         
  C:2877H         LINE#         31
  C:2877H         LINE#         33
  C:287AH         LINE#         34
  C:287FH         LINE#         35
  C:2882H         LINE#         36
  C:2887H         LINE#         37
  C:288AH         LINE#         38
  C:288DH         LINE#         39
  C:2892H         LINE#         40
  C:2895H         LINE#         41
  C:289CH         LINE#         42
  C:289FH         LINE#         43
  C:28A2H         LINE#         44
  C:28A4H         LINE#         45
  -------         ENDPROC       INPCA9554READ
  -------         ENDMOD        INPCA9554

  -------         MODULE        MCP47X6
  C:0000H         SYMBOL        _ICE_DUMMY_
  C:177CH         PUBLIC        mcp47x6Init
  C:2E98H         PUBLIC        _mcp47x6_read
  X:003EH         SYMBOL        Mcp47x6Data
  C:1493H         PUBLIC        _mcp47x6_write
  -------         PROC          MCP47X6INIT
  -------         DO            
  D:0004H         SYMBOL        temp
  D:0006H         SYMBOL        flag
  -------         ENDDO         
  C:177CH         LINE#         22
  C:177CH         LINE#         23
  C:177CH         LINE#         26
  C:1782H         LINE#         27
  C:1786H         LINE#         28
  C:178AH         LINE#         29
  C:178EH         LINE#         30
  C:1790H         LINE#         35
  C:1793H         LINE#         37
  C:1798H         LINE#         38
  C:179DH         LINE#         40
  C:17A2H         LINE#         41
  C:17A7H         LINE#         43
  C:17ACH         LINE#         44
  C:17B1H         LINE#         46
  C:17B6H         LINE#         47
  C:17BBH         LINE#         49
  C:17BEH         LINE#         51
  C:17C1H         LINE#         53
  C:17C6H         LINE#         54
BL51 BANKED LINKER/LOCATER V6.22                                                      12/04/2018  17:15:41  PAGE 32


  C:17CBH         LINE#         56
  C:17D0H         LINE#         57
  C:17D5H         LINE#         59
  C:17DAH         LINE#         60
  C:17DFH         LINE#         62
  C:17E4H         LINE#         63
  C:17E9H         LINE#         65
  C:17ECH         LINE#         67
  C:17EFH         LINE#         69
  C:17F4H         LINE#         70
  C:17F9H         LINE#         72
  C:17FEH         LINE#         73
  C:1803H         LINE#         75
  C:1808H         LINE#         76
  C:180DH         LINE#         78
  C:1812H         LINE#         79
  C:1817H         LINE#         81
  C:181AH         LINE#         83
  C:181DH         LINE#         85
  C:1822H         LINE#         86
  C:1827H         LINE#         88
  C:182CH         LINE#         89
  C:1831H         LINE#         91
  C:1836H         LINE#         92
  C:183BH         LINE#         94
  C:1840H         LINE#         95
  C:1845H         LINE#         97
  C:1848H         LINE#         98
  C:184AH         LINE#         99
  -------         ENDPROC       MCP47X6INIT
  -------         PROC          _MCP47X6_WRITE
  D:0007H         SYMBOL        channel
  D:0002H         SYMBOL        dat
  -------         DO            
  X:003DH         SYMBOL        temp
  D:0001H         SYMBOL        flag
  -------         ENDDO         
  C:1493H         LINE#         100
  C:1497H         LINE#         101
  C:1497H         LINE#         103
  C:149BH         LINE#         104
  C:14B3H         LINE#         105
  C:14B3H         LINE#         106
  C:14C1H         LINE#         107
  C:14C1H         LINE#         108
  C:14C4H         LINE#         110
  C:14C9H         LINE#         111
  C:14CEH         LINE#         113
  C:14D5H         LINE#         114
  C:14DAH         LINE#         116
  C:14DFH         LINE#         117
  C:14E4H         LINE#         119
  C:14E7H         LINE#         120
  C:14E9H         LINE#         121
  C:14E9H         LINE#         122
  C:14EBH         LINE#         123
  C:14EBH         LINE#         124
BL51 BANKED LINKER/LOCATER V6.22                                                      12/04/2018  17:15:41  PAGE 33


  C:14EBH         LINE#         125
  C:14F9H         LINE#         126
  C:14F9H         LINE#         127
  C:14FCH         LINE#         129
  C:1501H         LINE#         130
  C:1506H         LINE#         132
  C:150DH         LINE#         133
  C:1512H         LINE#         135
  C:1517H         LINE#         136
  C:151CH         LINE#         138
  C:151FH         LINE#         139
  C:1521H         LINE#         140
  C:1521H         LINE#         141
  C:1523H         LINE#         142
  C:1523H         LINE#         143
  C:1523H         LINE#         144
  C:152EH         LINE#         145
  C:152EH         LINE#         146
  C:1531H         LINE#         148
  C:1536H         LINE#         149
  C:153BH         LINE#         151
  C:1542H         LINE#         152
  C:1547H         LINE#         154
  C:154CH         LINE#         155
  C:1551H         LINE#         157
  C:1554H         LINE#         158
  C:155BH         LINE#         159
  C:155BH         LINE#         160
  C:155CH         LINE#         161
  C:155CH         LINE#         162
  C:155CH         LINE#         163
  C:1567H         LINE#         164
  C:1567H         LINE#         165
  C:156AH         LINE#         167
  C:156FH         LINE#         168
[...]
  C:1153H         LINE#         220
BL51 BANKED LINKER/LOCATER V6.22                                                      12/04/2018  17:15:41  PAGE 50


  C:1160H         LINE#         222
  C:1168H         LINE#         223
  C:118EH         LINE#         224
  C:11C3H         LINE#         225
  C:11C5H         LINE#         226
  C:11C5H         LINE#         227
  C:1208H         LINE#         228
  C:1208H         LINE#         229
  C:1209H         LINE#         230
  C:1209H         LINE#         231
  C:124DH         LINE#         232
  C:1262H         LINE#         233
  C:1262H         LINE#         234
  -------         ENDPROC       _T10MS
  -------         PROC          _T100MS
  X:006BH         SYMBOL        A
  X:006CH         SYMBOL        start
  X:006DH         SYMBOL        value
  C:1263H         LINE#         235
  C:1271H         LINE#         237
  C:1276H         LINE#         238
  C:1283H         LINE#         240
  C:128BH         LINE#         241
  C:12B1H         LINE#         242
  C:12E6H         LINE#         243
  C:12E8H         LINE#         244
  C:12E8H         LINE#         245
  C:132BH         LINE#         246
  C:132BH         LINE#         247
  C:132CH         LINE#         248
  C:132CH         LINE#         249
  C:1370H         LINE#         250
  C:1385H         LINE#         251
  C:1385H         LINE#         252
  -------         ENDPROC       _T100MS
  -------         PROC          TIMER0INIT
  -------         DO            
  D:0006H         SYMBOL        temp
  -------         ENDDO         
  C:29C4H         LINE#         254
  C:29C4H         LINE#         255
  C:29C4H         LINE#         257
  C:29C7H         LINE#         258
  C:29C9H         LINE#         259
  C:29CBH         LINE#         260
  C:29CDH         LINE#         261
  C:29D1H         LINE#         262
  C:29D3H         LINE#         263
  C:29D7H         LINE#         264
  C:29DAH         LINE#         265
  C:29DDH         LINE#         266
  C:29E0H         LINE#         267
  C:29E3H         LINE#         268
  C:29E6H         LINE#         269
  C:29E8H         LINE#         270
  C:29EAH         LINE#         271
  -------         ENDPROC       TIMER0INIT
BL51 BANKED LINKER/LOCATER V6.22                                                      12/04/2018  17:15:41  PAGE 51


  -------         PROC          TIMER0ISR
  -------         DO            
  D:0022H         SYMBOL        i
  -------         ENDDO         
  C:0D72H         LINE#         272
  C:0D87H         LINE#         275
  C:0D89H         LINE#         276
  C:0D91H         LINE#         278
  C:0D97H         LINE#         279
  C:0DB8H         LINE#         280
  C:0DC9H         LINE#         281
  C:0DC9H         LINE#         282
  C:0DD9H         LINE#         284
  C:0DE0H         LINE#         285
  C:0DE6H         LINE#         286
  C:0E07H         LINE#         287
  C:0E18H         LINE#         288
  C:0E18H         LINE#         289
  C:0E28H         LINE#         290
  C:0E2AH         LINE#         291
  C:0E2DH         LINE#         292
  C:0E2DH         LINE#         294
  C:0E34H         LINE#         295
  C:0E3AH         LINE#         296
  C:0E5BH         LINE#         297
  C:0E6CH         LINE#         298
  C:0E6CH         LINE#         299
  C:0E7CH         LINE#         300
  C:0E7EH         LINE#         301
  C:0E81H         LINE#         302
  C:0E81H         LINE#         304
  C:0E88H         LINE#         305
  C:0E8EH         LINE#         306
  C:0EAFH         LINE#         307
  C:0EC0H         LINE#         308
  C:0EC0H         LINE#         309
  C:0ED0H         LINE#         310
  C:0ED3H         LINE#         311
  C:0ED5H         LINE#         312
  C:0ED5H         LINE#         313
  C:0EDCH         LINE#         314
  C:0EDFH         LINE#         315
  C:0EDFH         LINE#         316
  C:0EE1H         LINE#         317
  C:0EE4H         LINE#         318
  C:0EE7H         LINE#         319
  -------         ENDPROC       TIMER0ISR
  -------         PROC          GETINPUT
  -------         DO            
  D:001BH         SYMBOL        i
  D:001CH         SYMBOL        temp0
  D:001DH         SYMBOL        temp1
  -------         ENDDO         
  C:1CCFH         LINE#         321
  C:1CCFH         LINE#         323
  C:1CD9H         LINE#         324
  C:1CE1H         LINE#         325
BL51 BANKED LINKER/LOCATER V6.22                                                      12/04/2018  17:15:41  PAGE 52


  C:1CE7H         LINE#         326
  C:1CEAH         LINE#         327
  C:1CFEH         LINE#         328
  C:1D12H         LINE#         329
  C:1D16H         LINE#         330
  C:1D1AH         LINE#         331
  C:1D37H         LINE#         333
  C:1D56H         LINE#         334
  C:1D56H         LINE#         335
  C:1D5EH         LINE#         336
  C:1D61H         LINE#         337
  C:1D61H         LINE#         338
  C:1D63H         LINE#         339
  -------         ENDPROC       GETINPUT
  -------         PROC          SETOUTPUT
  C:2E9CH         LINE#         340
  C:2E9CH         LINE#         342
  -------         ENDPROC       SETOUTPUT
  -------         ENDMOD        SPLC

  -------         MODULE        ?C?COPY
  C:00F6H         PUBLIC        ?C?COPY
  -------         ENDMOD        ?C?COPY

  -------         MODULE        ?C?CLDPTR
  C:011CH         PUBLIC        ?C?CLDPTR
  -------         ENDMOD        ?C?CLDPTR

  -------         MODULE        ?C?CLDOPTR
  C:0135H         PUBLIC        ?C?CLDOPTR
  -------         ENDMOD        ?C?CLDOPTR

  -------         MODULE        ?C?CSTPTR
  C:0162H         PUBLIC        ?C?CSTPTR
  -------         ENDMOD        ?C?CSTPTR

  -------         MODULE        ?C?CSTOPTR
  C:0174H         PUBLIC        ?C?CSTOPTR
  -------         ENDMOD        ?C?CSTOPTR

  -------         MODULE        ?C?SIDIV
  C:0196H         PUBLIC        ?C?SIDIV
  -------         ENDMOD        ?C?SIDIV

  -------         MODULE        ?C?IILDX
  C:01CCH         PUBLIC        ?C?IILDX
  -------         ENDMOD        ?C?IILDX

  -------         MODULE        ?C?ILDPTR
  C:01E2H         PUBLIC        ?C?ILDPTR
  -------         ENDMOD        ?C?ILDPTR

  -------         MODULE        ?C?SLDIV
  C:22AEH         PUBLIC        ?C?SLDIV
  -------         ENDMOD        ?C?SLDIV

  -------         MODULE        ?C?SLCMP
BL51 BANKED LINKER/LOCATER V6.22                                                      12/04/2018  17:15:41  PAGE 53


  C:020DH         PUBLIC        ?C?SLCMP
  -------         ENDMOD        ?C?SLCMP

  -------         MODULE        ?C?ULCMP
  C:0223H         PUBLIC        ?C?ULCMP
  -------         ENDMOD        ?C?ULCMP

  -------         MODULE        ?C?ULSHR
  C:0234H         PUBLIC        ?C?ULSHR
  -------         ENDMOD        ?C?ULSHR

  -------         MODULE        ?C?LSHL
  C:0247H         PUBLIC        ?C?LSHL
  -------         ENDMOD        ?C?LSHL

  -------         MODULE        ?C?LLDCODE0
  C:025AH         PUBLIC        ?C?LLDCODE0
  -------         ENDMOD        ?C?LLDCODE0

  -------         MODULE        ?C?LSTPDATA
  C:026AH         PUBLIC        ?C?LSTPDATA
  -------         ENDMOD        ?C?LSTPDATA

  -------         MODULE        ?C?LSTKPDATA
  C:0276H         PUBLIC        ?C?LSTKPDATA
  -------         ENDMOD        ?C?LSTKPDATA

  -------         MODULE        ?C?OFFXADD
  C:028FH         PUBLIC        ?C?OFFXADD
  -------         ENDMOD        ?C?OFFXADD

  -------         MODULE        ?C_PBP
  D:0055H         PUBLIC        ?C_PBP
  -------         ENDMOD        ?C_PBP

  -------         MODULE        PRINTF
  X:006FH         PUBLIC        ?_PRINTF517?BYTE
  X:006FH         PUBLIC        ?_PRINTF?BYTE
  X:006FH         PUBLIC        ?_SPRINTF517?BYTE
  X:006FH         PUBLIC        ?_SPRINTF?BYTE
  C:0897H         PUBLIC        _PRINTF
  C:0897H         PUBLIC        _PRINTF517
  C:0891H         PUBLIC        _SPRINTF
  C:0891H         PUBLIC        _SPRINTF517
  -------         ENDMOD        PRINTF

  -------         MODULE        RAND
  X:007EH         PUBLIC        ?SRAND?BYTE
  C:221BH         PUBLIC        RAND
  C:2257H         PUBLIC        _SRAND
  -------         ENDMOD        RAND

  -------         MODULE        ?C?MEMSET
  C:029BH         PUBLIC        ?C?MEMSET
  -------         ENDMOD        ?C?MEMSET

  -------         MODULE        ?C?UIDIV
BL51 BANKED LINKER/LOCATER V6.22                                                      12/04/2018  17:15:41  PAGE 54


  C:02C7H         PUBLIC        ?C?UIDIV
  -------         ENDMOD        ?C?UIDIV

  -------         MODULE        ?C?ULDIV
  C:0358H         PUBLIC        ?C?ULDIV
  -------         ENDMOD        ?C?ULDIV

  -------         MODULE        ?C?LLDPDATA
  C:03EAH         PUBLIC        ?C?LLDPDATA
  -------         ENDMOD        ?C?LLDPDATA

  -------         MODULE        ?C?PLDIPDATA
  C:03F6H         PUBLIC        ?C?PLDIPDATA
  -------         ENDMOD        ?C?PLDIPDATA

  -------         MODULE        ?C?PSTPDATA
  C:0406H         PUBLIC        ?C?PSTPDATA
  -------         ENDMOD        ?C?PSTPDATA

  -------         MODULE        ?C?CCASE
  C:040FH         PUBLIC        ?C?CCASE
  -------         ENDMOD        ?C?CCASE

  -------         MODULE        PUTCHAR
  C:29EBH         PUBLIC        _PUTCHAR
  -------         ENDMOD        PUTCHAR



FUNCTION REGISTER MASKS


FUNCTION . . . . . . . . . . . REG MASK
---------------------------------------

CLEARC . . . . . . . . . . . . @0xf30f
CLEARDM. . . . . . . . . . . . @0xf30f
CLEAREM. . . . . . . . . . . . @0xf30f
CLEARMR. . . . . . . . . . . . @0xf30f
CLEARR . . . . . . . . . . . . @0xf30f
CLEART . . . . . . . . . . . . @0xf30f
CLEARTD. . . . . . . . . . . . @0xf30f
CRC32CLEAR . . . . . . . . . . @0xbf8f
DAC_INIT . . . . . . . . . . . @0x8000
EPROMINIT. . . . . . . . . . . @0x8000
GETINPUT . . . . . . . . . . . @0xf38f
IIC0ACK. . . . . . . . . . . . @0xe081
IIC0INIT . . . . . . . . . . . @0x8000
IIC0NACK . . . . . . . . . . . @0xe081
IIC0START. . . . . . . . . . . @0xe081
IIC0STOP . . . . . . . . . . . @0xe081
IIC0WAITACK. . . . . . . . . . @0xf083
IIC1ACK. . . . . . . . . . . . @0xe081
IIC1INIT . . . . . . . . . . . @0x8000
IIC1NACK . . . . . . . . . . . @0xe081
IIC1START. . . . . . . . . . . @0xe081
IIC1STOP . . . . . . . . . . . @0xe081
BL51 BANKED LINKER/LOCATER V6.22                                                      12/04/2018  17:15:41  PAGE 55


IIC1WAITACK. . . . . . . . . . @0xf083
IIC2ACK. . . . . . . . . . . . @0xe081
IIC2INIT . . . . . . . . . . . @0x8000
IIC2NACK . . . . . . . . . . . @0xe081
IIC2START. . . . . . . . . . . @0xe081
IIC2STOP . . . . . . . . . . . @0xe081
IIC2WAITACK. . . . . . . . . . @0xf083
IIC3ACK. . . . . . . . . . . . @0xe081
IIC3INIT . . . . . . . . . . . @0x8000
IIC3NACK . . . . . . . . . . . @0xe081
IIC3START. . . . . . . . . . . @0xe081
IIC3STOP . . . . . . . . . . . @0xe081
IIC3WAITACK. . . . . . . . . . @0xf083
IIC4ACK. . . . . . . . . . . . @0xe081
IIC4INIT . . . . . . . . . . . @0x8000
IIC4NACK . . . . . . . . . . . @0xe081
IIC4START. . . . . . . . . . . @0xe081
IIC4STOP . . . . . . . . . . . @0xe081
IIC4WAITACK. . . . . . . . . . @0xf083
IIC5ACK. . . . . . . . . . . . @0xe081
IIC5INIT . . . . . . . . . . . @0x8000
IIC5NACK . . . . . . . . . . . @0xe081
IIC5START. . . . . . . . . . . @0xe081
IIC5STOP . . . . . . . . . . . @0xe081
IIC5WAITACK. . . . . . . . . . @0xf083
IIC6ACK. . . . . . . . . . . . @0xe081
IIC6INIT . . . . . . . . . . . @0x8000
IIC6NACK . . . . . . . . . . . @0xe081
IIC6START. . . . . . . . . . . @0xe081
IIC6STOP . . . . . . . . . . . @0xe081
IIC6WAITACK. . . . . . . . . . @0xf083
INIT_DEVICE. . . . . . . . . . @0xf003
INPCA9554INIT. . . . . . . . . @0xf087
INPCA9554READ. . . . . . . . . @0xf08f
INTERRUPTS_INIT. . . . . . . . @0x8000
MCP47X6INIT. . . . . . . . . . @0xf08f
MODBUSSLAVESERIALISR . . . . . @0xf370
NVRAMSAVE. . . . . . . . . . . @0xc000
OSCILLATOR_INIT. . . . . . . . @0xf003
OUTPCA9554INIT . . . . . . . . @0xf087
OUTPCA9554READ . . . . . . . . @0xf08f
PORT_IO_INIT . . . . . . . . . @0x8000
READNVRAM. . . . . . . . . . . @0x8000
RESET_SOURCES_INIT . . . . . . @0x8000
SETOUTPUT. . . . . . . . . . . @0x8000
TIMER0INIT . . . . . . . . . . @0xe003
TIMER0ISR. . . . . . . . . . . @0xf78b
TIMER_INIT . . . . . . . . . . @0x8000
UART_INIT. . . . . . . . . . . @0x8000
UPDATENVRAM. . . . . . . . . . @0x8000
VOLTAGE_REFERENCE_INIT . . . . @0x8000
WRITENVRAM . . . . . . . . . . @0x8000
_?DELAYMS. . . . . . . . . . . @0xe081
_?DELAYUS. . . . . . . . . . . @0xe080
_ASSERTCOILADDRESS . . . . . . @0xf000
_ASSERTREGISTERADDRESS . . . . @0xf000
_CRC32SETCRCOLD. . . . . . . . @0xbf8f
BL51 BANKED LINKER/LOCATER V6.22                                                      12/04/2018  17:15:41  PAGE 56


_EPROMREAD . . . . . . . . . . @0xf3ff
_EPROMREADONEBYTE. . . . . . . @0xf0bf
_EPROMWRITE. . . . . . . . . . @0xf3ff
_EPROMWRITELENBYTE . . . . . . @0xf4ff
_EPROMWRITEONEBYTE . . . . . . @0xf0bf
_FLIP. . . . . . . . . . . . . @0xf3ff
_HWDELAY . . . . . . . . . . . @0xf001
_HWDELAYINIT . . . . . . . . . @0xc001
_IIC0READBYTE. . . . . . . . . @0xf08f
_IIC0SENDBYTE. . . . . . . . . @0xf087
_IIC1READBYTE. . . . . . . . . @0xf08f
_IIC1SENDBYTE. . . . . . . . . @0xf087
_IIC2READBYTE. . . . . . . . . @0xf08f
_IIC2SENDBYTE. . . . . . . . . @0xf087
_IIC3READBYTE. . . . . . . . . @0xf08f
_IIC3SENDBYTE. . . . . . . . . @0xf087
_IIC4READBYTE. . . . . . . . . @0xf08f
_IIC4SENDBYTE. . . . . . . . . @0xf087
_IIC5READBYTE. . . . . . . . . @0xf08f
_IIC5SENDBYTE. . . . . . . . . @0xf087
_IIC6READBYTE. . . . . . . . . @0xf08f
_IIC6SENDBYTE. . . . . . . . . @0xf087
_LD. . . . . . . . . . . . . . @0xf39f
_LDN . . . . . . . . . . . . . @0xf39f
_LDP . . . . . . . . . . . . . @0xf39f
_MCP47X6_READ. . . . . . . . . @0x8000
_MCP47X6_WRITE . . . . . . . . @0xf0f7
_OUTPCA9554WRITE . . . . . . . @0xf08f
_RESET . . . . . . . . . . . . @0xf3cf
_SET . . . . . . . . . . . . . @0xf3cf

*** WARNING L16: UNCALLED SEGMENT, IGNORED FOR OVERLAY PROCESS
    SEGMENT: ?PR?_HWDELAYINIT?DELAY

*** WARNING L16: UNCALLED SEGMENT, IGNORED FOR OVERLAY PROCESS
    SEGMENT: ?PR?_HWDELAY?DELAY

*** WARNING L16: UNCALLED SEGMENT, IGNORED FOR OVERLAY PROCESS
    SEGMENT: ?PR?_CRC32CALCULATE?CRC32

*** WARNING L16: UNCALLED SEGMENT, IGNORED FOR OVERLAY PROCESS
    SEGMENT: ?PR?_CRC32SETCRCOLD?CRC32

*** WARNING L16: UNCALLED SEGMENT, IGNORED FOR OVERLAY PROCESS
    SEGMENT: ?PR?GETSCL0?I2C0

*** WARNING L16: UNCALLED SEGMENT, IGNORED FOR OVERLAY PROCESS
    SEGMENT: ?PR?IIC1INIT?I2C1

*** WARNING L16: UNCALLED SEGMENT, IGNORED FOR OVERLAY PROCESS
    SEGMENT: ?PR?GETSCL1?I2C1

*** WARNING L16: UNCALLED SEGMENT, IGNORED FOR OVERLAY PROCESS
    SEGMENT: ?PR?_IIC1READBYTE?I2C1

*** WARNING L16: UNCALLED SEGMENT, IGNORED FOR OVERLAY PROCESS
    SEGMENT: ?PR?IIC2INIT?I2C2
BL51 BANKED LINKER/LOCATER V6.22                                                      12/04/2018  17:15:41  PAGE 57



*** WARNING L16: UNCALLED SEGMENT, IGNORED FOR OVERLAY PROCESS
    SEGMENT: ?PR?GETSCL2?I2C2

*** WARNING L16: UNCALLED SEGMENT, IGNORED FOR OVERLAY PROCESS
    SEGMENT: ?PR?_IIC2READBYTE?I2C2

*** WARNING L16: UNCALLED SEGMENT, IGNORED FOR OVERLAY PROCESS
    SEGMENT: ?PR?IIC3INIT?I2C3

*** WARNING L16: UNCALLED SEGMENT, IGNORED FOR OVERLAY PROCESS
    SEGMENT: ?PR?GETSCL3?I2C3

*** WARNING L16: UNCALLED SEGMENT, IGNORED FOR OVERLAY PROCESS
    SEGMENT: ?PR?_IIC3READBYTE?I2C3

*** WARNING L16: UNCALLED SEGMENT, IGNORED FOR OVERLAY PROCESS
    SEGMENT: ?PR?IIC4INIT?I2C4

*** WARNING L16: UNCALLED SEGMENT, IGNORED FOR OVERLAY PROCESS
    SEGMENT: ?PR?GETSCL?I2C4

*** WARNING L16: UNCALLED SEGMENT, IGNORED FOR OVERLAY PROCESS
    SEGMENT: ?PR?_IIC4READBYTE?I2C4

*** WARNING L16: UNCALLED SEGMENT, IGNORED FOR OVERLAY PROCESS
    SEGMENT: ?PR?IIC5INIT?I2C5

*** WARNING L16: UNCALLED SEGMENT, IGNORED FOR OVERLAY PROCESS
    SEGMENT: ?PR?GETSCL5?I2C5

*** WARNING L16: UNCALLED SEGMENT, IGNORED FOR OVERLAY PROCESS
    SEGMENT: ?PR?IIC6INIT?I2C6

*** WARNING L16: UNCALLED SEGMENT, IGNORED FOR OVERLAY PROCESS
    SEGMENT: ?PR?GETSCL6?I2C6

*** WARNING L16: UNCALLED SEGMENT, IGNORED FOR OVERLAY PROCESS
    SEGMENT: ?PR?EPROMINIT?EPROM

*** WARNING L16: UNCALLED SEGMENT, IGNORED FOR OVERLAY PROCESS
    SEGMENT: ?PR?_EPROMWRITELENBYTE?EPROM

*** WARNING L16: UNCALLED SEGMENT, IGNORED FOR OVERLAY PROCESS
    SEGMENT: ?PR?_EPROMREADLENBYTE?EPROM

*** WARNING L16: UNCALLED SEGMENT, IGNORED FOR OVERLAY PROCESS
    SEGMENT: ?PR?_EPROMREAD?EPROM

*** WARNING L16: UNCALLED SEGMENT, IGNORED FOR OVERLAY PROCESS
    SEGMENT: ?PR?_EPROMWRITE?EPROM

*** WARNING L16: UNCALLED SEGMENT, IGNORED FOR OVERLAY PROCESS
    SEGMENT: ?PR?EPROMTEST?EPROM

*** WARNING L16: UNCALLED SEGMENT, IGNORED FOR OVERLAY PROCESS
    SEGMENT: ?PR?OUTPCA9554INIT?OUTPCA9554
BL51 BANKED LINKER/LOCATER V6.22                                                      12/04/2018  17:15:41  PAGE 58



*** WARNING L16: UNCALLED SEGMENT, IGNORED FOR OVERLAY PROCESS
    SEGMENT: ?PR?OUTPCA9554READ?OUTPCA9554

*** WARNING L16: UNCALLED SEGMENT, IGNORED FOR OVERLAY PROCESS
    SEGMENT: ?PR?_OUTPCA9554WRITE?OUTPCA9554

*** WARNING L16: UNCALLED SEGMENT, IGNORED FOR OVERLAY PROCESS
    SEGMENT: ?PR?INPCA9554INIT?INPCA9554

*** WARNING L16: UNCALLED SEGMENT, IGNORED FOR OVERLAY PROCESS
    SEGMENT: ?PR?MCP47X6INIT?MCP47X6

*** WARNING L16: UNCALLED SEGMENT, IGNORED FOR OVERLAY PROCESS
    SEGMENT: ?PR?_MCP47X6_WRITE?MCP47X6

*** WARNING L16: UNCALLED SEGMENT, IGNORED FOR OVERLAY PROCESS
    SEGMENT: ?PR?_MCP47X6_READ?MCP47X6

*** WARNING L16: UNCALLED SEGMENT, IGNORED FOR OVERLAY PROCESS
    SEGMENT: ?PR?_UINT16TOASCII?MODBUSSLAVEASCII

*** WARNING L16: UNCALLED SEGMENT, IGNORED FOR OVERLAY PROCESS
    SEGMENT: ?PR?_UINT8TOASCII?MODBUSSLAVEASCII

*** WARNING L16: UNCALLED SEGMENT, IGNORED FOR OVERLAY PROCESS
    SEGMENT: ?PR?_MODBUSSERIALINIT?MODBUSSLAVEASCII

*** WARNING L16: UNCALLED SEGMENT, IGNORED FOR OVERLAY PROCESS
    SEGMENT: ?PR?READNVRAM?MAINAPP

*** WARNING L16: UNCALLED SEGMENT, IGNORED FOR OVERLAY PROCESS
    SEGMENT: ?PR?WRITENVRAM?MAINAPP

*** WARNING L16: UNCALLED SEGMENT, IGNORED FOR OVERLAY PROCESS
    SEGMENT: ?PR?UPDATENVRAM?MAINAPP

*** WARNING L16: UNCALLED SEGMENT, IGNORED FOR OVERLAY PROCESS
    SEGMENT: ?PR?CLEARDM?SPLC

*** WARNING L16: UNCALLED SEGMENT, IGNORED FOR OVERLAY PROCESS
    SEGMENT: ?PR?CLEARMR?SPLC

*** WARNING L16: UNCALLED SEGMENT, IGNORED FOR OVERLAY PROCESS
    SEGMENT: ?PR?NVRAMLOAD?SPLC

*** WARNING L16: UNCALLED SEGMENT, IGNORED FOR OVERLAY PROCESS
    SEGMENT: ?PR?NVRAMSAVE?SPLC

*** WARNING L16: UNCALLED SEGMENT, IGNORED FOR OVERLAY PROCESS
    SEGMENT: ?PR?NVRAMUPDATA?SPLC

*** WARNING L16: UNCALLED SEGMENT, IGNORED FOR OVERLAY PROCESS
    SEGMENT: ?PR?_FLIP?SPLC

*** WARNING L16: UNCALLED SEGMENT, IGNORED FOR OVERLAY PROCESS
    SEGMENT: ?PR?_LD?SPLC
BL51 BANKED LINKER/LOCATER V6.22                                                      12/04/2018  17:15:41  PAGE 59



*** WARNING L16: UNCALLED SEGMENT, IGNORED FOR OVERLAY PROCESS
    SEGMENT: ?PR?_LDP?SPLC

*** WARNING L16: UNCALLED SEGMENT, IGNORED FOR OVERLAY PROCESS
    SEGMENT: ?PR?_LDN?SPLC

*** WARNING L16: UNCALLED SEGMENT, IGNORED FOR OVERLAY PROCESS
    SEGMENT: ?PR?_T100US?SPLC

*** WARNING L16: UNCALLED SEGMENT, IGNORED FOR OVERLAY PROCESS
    SEGMENT: ?PR?_T1MS?SPLC

*** WARNING L16: UNCALLED SEGMENT, IGNORED FOR OVERLAY PROCESS
    SEGMENT: ?PR?_T10MS?SPLC

*** WARNING L16: UNCALLED SEGMENT, IGNORED FOR OVERLAY PROCESS
    SEGMENT: ?PR?_T100MS?SPLC

*** WARNING L16: UNCALLED SEGMENT, IGNORED FOR OVERLAY PROCESS
    SEGMENT: ?PR?TIMER0INIT?SPLC

*** WARNING L16: UNCALLED SEGMENT, IGNORED FOR OVERLAY PROCESS
    SEGMENT: ?PR?GETINPUT?SPLC

*** WARNING L16: UNCALLED SEGMENT, IGNORED FOR OVERLAY PROCESS
    SEGMENT: ?PR?SETOUTPUT?SPLC

Program Size: data=86.1 xdata=3552 code=11933
LINK/LOCATE RUN COMPLETE.  56 WARNING(S),  0 ERROR(S)
