BL51 BANKED LINKER/LOCATER V6.22.2.0                                                    12/03/2018  23:06:33  PAGE 1


BL51 BANKED LINKER/LOCATER V6.22.2.0, INVOKED BY:
C:\KEIL_V5\C51\BIN\BL51.EXE .\Objects\delay.obj, .\Objects\crc32.obj, .\Objects\i2c0.obj, .\Objects\i2c1.obj, .\Objects\
>> i2c2.obj, .\Objects\i2c3.obj, .\Objects\i2c4.obj, .\Objects\i2c5.obj, .\Objects\i2c6.obj, .\Objects\eprom.obj, .\Obje
>> cts\outPca9554.obj, .\Objects\inPca9554.obj, .\Objects\mcp47x6.obj, .\Objects\modbusApp.obj, .\Objects\modbusSlaveAsc
>> ii.obj, .\Objects\MainApp.obj, .\Objects\InitConfig.obj, .\Objects\sPlc.obj TO .\Objects\dwLaser_F020 REGFILE (.\Obje
>> cts\dwLaser_F020.ORC) PRINT (.\Listings\dwLaser_F020.m51) RAMSIZE (256) CODE (0X0000-0XFFFF) XDATA (0X0000-0X0FFF)


MEMORY MODEL: COMPACT


INPUT MODULES INCLUDED:
  .\Objects\delay.obj (DELAY)
  .\Objects\crc32.obj (CRC32)
  .\Objects\i2c0.obj (I2C0)
  .\Objects\i2c1.obj (I2C1)
  .\Objects\i2c2.obj (I2C2)
  .\Objects\i2c3.obj (I2C3)
  .\Objects\i2c4.obj (I2C4)
  .\Objects\i2c5.obj (I2C5)
  .\Objects\i2c6.obj (I2C6)
  .\Objects\eprom.obj (EPROM)
  .\Objects\outPca9554.obj (OUTPCA9554)
  .\Objects\inPca9554.obj (INPCA9554)
  .\Objects\mcp47x6.obj (MCP47X6)
  .\Objects\modbusApp.obj (MODBUSAPP)
  .\Objects\modbusSlaveAscii.obj (MODBUSSLAVEASCII)
  .\Objects\MainApp.obj (MAINAPP)
  .\Objects\InitConfig.obj (INITCONFIG)
  .\Objects\sPlc.obj (SPLC)
  C:\KEIL_V5\C51\LIB\C51C.LIB (?C_STARTUP)
  C:\KEIL_V5\C51\LIB\C51C.LIB (?C?COPY)
  C:\KEIL_V5\C51\LIB\C51C.LIB (?C?CLDPTR)
  C:\KEIL_V5\C51\LIB\C51C.LIB (?C?CLDOPTR)
  C:\KEIL_V5\C51\LIB\C51C.LIB (?C?CSTPTR)
  C:\KEIL_V5\C51\LIB\C51C.LIB (?C?SIDIV)
  C:\KEIL_V5\C51\LIB\C51C.LIB (?C?IILDX)
  C:\KEIL_V5\C51\LIB\C51C.LIB (?C?ISTPTR)
  C:\KEIL_V5\C51\LIB\C51C.LIB (?C?SLDIV)
  C:\KEIL_V5\C51\LIB\C51C.LIB (?C?SLCMP)
  C:\KEIL_V5\C51\LIB\C51C.LIB (?C?ULCMP)
  C:\KEIL_V5\C51\LIB\C51C.LIB (?C?ULSHR)
  C:\KEIL_V5\C51\LIB\C51C.LIB (?C?LSHL)
  C:\KEIL_V5\C51\LIB\C51C.LIB (?C?LLDCODE0)
  C:\KEIL_V5\C51\LIB\C51C.LIB (?C?LSTPDATA)
  C:\KEIL_V5\C51\LIB\C51C.LIB (?C?LSTKPDATA)
  C:\KEIL_V5\C51\LIB\C51C.LIB (?C?OFFXADD)
  C:\KEIL_V5\C51\LIB\C51C.LIB (?C_PBP)
  C:\KEIL_V5\C51\LIB\C51C.LIB (PRINTF)
  C:\KEIL_V5\C51\LIB\C51C.LIB (RAND)
  C:\KEIL_V5\C51\LIB\C51C.LIB (?C?MEMSET)
  C:\KEIL_V5\C51\LIB\C51C.LIB (?C_INIT)
  C:\KEIL_V5\C51\LIB\C51C.LIB (?C?UIDIV)
  C:\KEIL_V5\C51\LIB\C51C.LIB (?C?ULDIV)
  C:\KEIL_V5\C51\LIB\C51C.LIB (?C?LLDPDATA)
  C:\KEIL_V5\C51\LIB\C51C.LIB (?C?PLDIPDATA)
  C:\KEIL_V5\C51\LIB\C51C.LIB (?C?PSTPDATA)
  C:\KEIL_V5\C51\LIB\C51C.LIB (?C?CCASE)
BL51 BANKED LINKER/LOCATER V6.22.2.0                                                  12/03/2018  23:06:33  PAGE 2


  C:\KEIL_V5\C51\LIB\C51C.LIB (PUTCHAR)


LINK MAP OF MODULE:  .\Objects\dwLaser_F020 (DELAY)


            TYPE    BASE      LENGTH    RELOCATION   SEGMENT NAME
            -----------------------------------------------------

            * * * * * * *   D A T A   M E M O R Y   * * * * * * *
            REG     0000H     0008H     ABSOLUTE     "REG BANK 0"
            DATA    0008H     000EH     UNIT         ?DT?SPLC
            DATA    0016H     000AH     UNIT         _DATA_GROUP_
            BIT     0020H.0   0001H.1   UNIT         _BIT_GROUP_
                    0021H.1   0000H.7                *** GAP ***
            DATA    0022H     000DH     UNIT         ?DT?MODBUSSLAVEASCII
            DATA    002FH     0003H     UNIT         ?DT?GETINPUT?SPLC
            DATA    0032H     0002H     UNIT         ?DT?_FLIP?SPLC
            DATA    0034H     0002H     UNIT         ?DT?_LDP?SPLC
            DATA    0036H     0002H     UNIT         ?DT?_LDN?SPLC
            DATA    0038H     0001H     UNIT         ?C?LIB_DATA
            IDATA   0039H     0001H     UNIT         ?STACK

            * * * * * * *  X D A T A   M E M O R Y  * * * * * * *
            XDATA   0000H     0009H     INPAGE       ?PD?_CRC32CALCULATE?CRC32
            XDATA   0009H     0004H     INPAGE       ?PD?CRC32
            XDATA   000DH     0008H     INPAGE       ?PD?_EPROMWRITELENBYTE?EPROM
            XDATA   0015H     0008H     INPAGE       ?PD?_EPROMREADLENBYTE?EPROM
            XDATA   001DH     0001H     INPAGE       ?PD?OUTPCA9554READ?OUTPCA9554
            XDATA   001EH     0001H     INPAGE       ?PD?_MCP47X6_WRITE?MCP47X6
            XDATA   001FH     0008H     INPAGE       ?PD?MCP47X6
            XDATA   0027H     0007H     INPAGE       ?PD?_HEX2ASCII?MODBUSSLAVEASCII
            XDATA   002EH     0004H     INPAGE       ?PD?_MODBUSSERIALINIT?MODBUSSLAVEASCII
            XDATA   0032H     0001H     INPAGE       ?PD?NVRAMSAVE?SPLC
            XDATA   0033H     0002H     INPAGE       ?PD?_SET?SPLC
            XDATA   0035H     0002H     INPAGE       ?PD?_RESET?SPLC
            XDATA   0037H     0004H     INPAGE       ?PD?_T100US?SPLC
            XDATA   003BH     0004H     INPAGE       ?PD?_T1MS?SPLC
            XDATA   003FH     0004H     INPAGE       ?PD?_T10MS?SPLC
            XDATA   0043H     0004H     INPAGE       ?PD?_T100MS?SPLC
            XDATA   0047H     0004H     INPAGE       ?PD?RAND?RAND
            XDATA   004BH     0030H     INPAGE       _PDATA_GROUP_
            XDATA   007BH     0C44H     UNIT         ?XD?SPLC
            XDATA   0CBFH     0100H     UNIT         ?XD?MODBUSSLAVEASCII

            * * * * * * *   C O D E   M E M O R Y   * * * * * * *
            CODE    0000H     0003H     ABSOLUTE     
            CODE    0003H     0008H     UNIT         ?PR?GETSDA3?I2C3
            CODE    000BH     0003H     ABSOLUTE     
            CODE    000EH     0013H     UNIT         ?PR?_?DELAYUS?DELAY
            CODE    0021H     0001H     UNIT         ?PR?IIC0INIT?I2C0
            CODE    0022H     0001H     UNIT         ?PR?IIC1INIT?I2C1
            CODE    0023H     0003H     ABSOLUTE     
            CODE    0026H     0400H     UNIT         ?CO?CRC32
            CODE    0426H     03E1H     UNIT         ?C?LIB_CODE
            CODE    0807H     035BH     UNIT         ?PR?PRINTF?PRINTF
            CODE    0B62H     0198H     UNIT         ?PR?TIMER0ISR?SPLC
BL51 BANKED LINKER/LOCATER V6.22.2.0                                                  12/03/2018  23:06:33  PAGE 3


            CODE    0CFAH     0127H     UNIT         ?PR?_T100US?SPLC
            CODE    0E21H     0127H     UNIT         ?PR?_T1MS?SPLC
            CODE    0F48H     0127H     UNIT         ?PR?_T10MS?SPLC
            CODE    106FH     0127H     UNIT         ?PR?_T100MS?SPLC
            CODE    1196H     0113H     UNIT         ?PR?MODBUSSLAVESERIALISR?MODBUSSLAVEASCII
            CODE    12A9H     010DH     UNIT         ?PR?EPROMTEST?EPROM
            CODE    13B6H     0104H     UNIT         ?PR?_MCP47X6_WRITE?MCP47X6
            CODE    14BAH     00CFH     UNIT         ?PR?MCP47X6INIT?MCP47X6
            CODE    1589H     00C4H     UNIT         ?PR?_CRC32CALCULATE?CRC32
            CODE    164DH     009EH     UNIT         ?PR?_LDP?SPLC
            CODE    16EBH     009EH     UNIT         ?PR?_LDN?SPLC
            CODE    1789H     009DH     UNIT         ?PR?_EPROMREADLENBYTE?EPROM
            CODE    1826H     009CH     UNIT         ?PR?GETINPUT?SPLC
            CODE    18C2H     009BH     UNIT         ?PR?MODBUSSLAVEASCIIPOLL?MODBUSSLAVEASCII
            CODE    195DH     0097H     UNIT         ?PR?CLEART?SPLC
            CODE    19F4H     0097H     UNIT         ?PR?CLEARTD?SPLC
            CODE    1A8BH     008CH     UNIT         ?C_C51STARTUP
            CODE    1B17H     006CH     UNIT         ?PR?_CRC32CALCULATEADD?CRC32
            CODE    1B83H     0066H     UNIT         ?PR?_LRC?MODBUSSLAVEASCII
            CODE    1BE9H     0061H     UNIT         ?PR?_ASCII2HEX?MODBUSSLAVEASCII
            CODE    1C4AH     0059H     UNIT         ?PR?_MODBUSSERIALINIT?MODBUSSLAVEASCII
            CODE    1CA3H     0059H     UNIT         ?PR?_RESET?SPLC
            CODE    1CFCH     0057H     UNIT         ?PR?_SET?SPLC
            CODE    1D53H     0056H     UNIT         ?PR?_HEX2ASCII?MODBUSSLAVEASCII
            CODE    1DA9H     0056H     UNIT         ?PR?_FLIP?SPLC
            CODE    1DFFH     0052H     UNIT         ?PR?_EPROMWRITE?EPROM
            CODE    1E51H     004EH     UNIT         ?PR?_EPROMWRITELENBYTE?EPROM
            CODE    1E9FH     004DH     UNIT         ?PR?_EPROMREAD?EPROM
            CODE    1EECH     004DH     UNIT         ?CO?SPLC
            CODE    1F39H     004CH     UNIT         ?PR?MAIN?MAINAPP
            CODE    1F85H     004AH     UNIT         ?PR?_LD?SPLC
            CODE    1FCFH     004AH     UNIT         ?PR?RAND?RAND
            CODE    2019H     0044H     UNIT         ?C?LDIV
            CODE    205DH     0042H     UNIT         ?PR?_IIC0SENDBYTE?I2C0
            CODE    209FH     0042H     UNIT         ?PR?_IIC1SENDBYTE?I2C1
            CODE    20E1H     0042H     UNIT         ?PR?_IIC2SENDBYTE?I2C2
            CODE    2123H     0042H     UNIT         ?PR?_IIC3SENDBYTE?I2C3
            CODE    2165H     0042H     UNIT         ?PR?_IIC4SENDBYTE?I2C4
            CODE    21A7H     0042H     UNIT         ?PR?_IIC5SENDBYTE?I2C5
            CODE    21E9H     0042H     UNIT         ?PR?_IIC6SENDBYTE?I2C6
            CODE    222BH     003FH     UNIT         ?PR?NVRAMUPDATA?SPLC
            CODE    226AH     003CH     UNIT         ?PR?_IIC0READBYTE?I2C0
            CODE    22A6H     003CH     UNIT         ?PR?_IIC1READBYTE?I2C1
            CODE    22E2H     003CH     UNIT         ?PR?_IIC2READBYTE?I2C2
            CODE    231EH     003CH     UNIT         ?PR?_IIC3READBYTE?I2C3
            CODE    235AH     003CH     UNIT         ?PR?_IIC4READBYTE?I2C4
            CODE    2396H     003CH     UNIT         ?PR?_IIC5READBYTE?I2C5
            CODE    23D2H     003CH     UNIT         ?PR?_IIC6READBYTE?I2C6
            CODE    240EH     003CH     UNIT         ?PR?INPCA9554INIT?INPCA9554
            CODE    244AH     003AH     UNIT         ?CO?EPROM
            CODE    2484H     0039H     UNIT         ?PR?_EPROMREADONEBYTE?EPROM
            CODE    24BDH     0036H     UNIT         ?PR?NVRAMLOAD?SPLC
            CODE    24F3H     0033H     UNIT         ?PR?CLEARMR?SPLC
            CODE    2526H     0033H     UNIT         ?PR?CLEAREM?SPLC
            CODE    2559H     0033H     UNIT         ?PR?CLEARR?SPLC
            CODE    258CH     0033H     UNIT         ?PR?CLEARC?SPLC
            CODE    25BFH     0032H     UNIT         ?PR?CLEARDM?SPLC
BL51 BANKED LINKER/LOCATER V6.22.2.0                                                  12/03/2018  23:06:33  PAGE 4


            CODE    25F1H     0031H     UNIT         ?PR?_EPROMWRITEONEBYTE?EPROM
            CODE    2622H     0030H     UNIT         ?PR?OUTPCA9554READ?OUTPCA9554
            CODE    2652H     002EH     UNIT         ?PR?INPCA9554READ?INPCA9554
            CODE    2680H     002DH     UNIT         ?PR?IIC0WAITACK?I2C0
            CODE    26ADH     002DH     UNIT         ?PR?IIC1WAITACK?I2C1
            CODE    26DAH     002DH     UNIT         ?PR?IIC2WAITACK?I2C2
            CODE    2707H     002DH     UNIT         ?PR?IIC3WAITACK?I2C3
            CODE    2734H     002DH     UNIT         ?PR?IIC4WAITACK?I2C4
            CODE    2761H     002DH     UNIT         ?PR?IIC5WAITACK?I2C5
            CODE    278EH     002DH     UNIT         ?PR?IIC6WAITACK?I2C6
            CODE    27BBH     0027H     UNIT         ?PR?TIMER0INIT?SPLC
            CODE    27E2H     0027H     UNIT         ?PR?PUTCHAR?PUTCHAR
            CODE    2809H     0020H     UNIT         ?PR?_OUTPCA9554WRITE?OUTPCA9554
            CODE    2829H     001EH     UNIT         ?PR?OUTPCA9554INIT?OUTPCA9554
            CODE    2847H     001AH     UNIT         ?PR?_HWDELAY?DELAY
            CODE    2861H     0019H     UNIT         ?PR?_?DELAYMS?DELAY
            CODE    287AH     0017H     UNIT         ?PR?IIC0START?I2C0
            CODE    2891H     0017H     UNIT         ?PR?IIC1START?I2C1
            CODE    28A8H     0017H     UNIT         ?PR?IIC2START?I2C2
            CODE    28BFH     0017H     UNIT         ?PR?IIC3START?I2C3
            CODE    28D6H     0017H     UNIT         ?PR?IIC4START?I2C4
            CODE    28EDH     0017H     UNIT         ?PR?IIC5START?I2C5
            CODE    2904H     0017H     UNIT         ?PR?IIC6START?I2C6
            CODE    291BH     0016H     UNIT         ?PR?IIC0NACK?I2C0
            CODE    2931H     0016H     UNIT         ?PR?IIC1NACK?I2C1
            CODE    2947H     0016H     UNIT         ?PR?IIC2NACK?I2C2
            CODE    295DH     0016H     UNIT         ?PR?IIC3NACK?I2C3
            CODE    2973H     0016H     UNIT         ?PR?IIC4NACK?I2C4
            CODE    2989H     0016H     UNIT         ?PR?IIC5NACK?I2C5
            CODE    299FH     0016H     UNIT         ?PR?IIC6NACK?I2C6
            CODE    29B5H     0013H     UNIT         ?PR?_HWDELAYINIT?DELAY
            CODE    29C8H     0011H     UNIT         ?PR?IIC0ACK?I2C0
            CODE    29D9H     0011H     UNIT         ?PR?IIC1ACK?I2C1
            CODE    29EAH     0011H     UNIT         ?PR?IIC2ACK?I2C2
            CODE    29FBH     0011H     UNIT         ?PR?IIC3ACK?I2C3
            CODE    2A0CH     0011H     UNIT         ?PR?IIC4ACK?I2C4
            CODE    2A1DH     0011H     UNIT         ?PR?IIC5ACK?I2C5
            CODE    2A2EH     0011H     UNIT         ?PR?IIC6ACK?I2C6
            CODE    2A3FH     0010H     UNIT         ?PR?IIC0STOP?I2C0
            CODE    2A4FH     0010H     UNIT         ?PR?IIC1STOP?I2C1
            CODE    2A5FH     0010H     UNIT         ?PR?IIC2STOP?I2C2
            CODE    2A6FH     0010H     UNIT         ?PR?_SETSDA3?I2C3
            CODE    2A7FH     0010H     UNIT         ?PR?IIC3STOP?I2C3
            CODE    2A8FH     0010H     UNIT         ?PR?_SETSDA?I2C4
            CODE    2A9FH     0010H     UNIT         ?PR?IIC4STOP?I2C4
            CODE    2AAFH     0010H     UNIT         ?PR?IIC5STOP?I2C5
            CODE    2ABFH     0010H     UNIT         ?PR?IIC6STOP?I2C6
            CODE    2ACFH     0010H     UNIT         ?C_INITSEG
            CODE    2ADFH     000EH     UNIT         ?PR?_SETSDA0?I2C0
            CODE    2AEDH     000EH     UNIT         ?PR?_SETSDA1?I2C1
            CODE    2AFBH     000EH     UNIT         ?PR?_SETSDA2?I2C2
            CODE    2B09H     000EH     UNIT         ?PR?_SETSDA5?I2C5
            CODE    2B17H     000EH     UNIT         ?PR?_SETSDA6?I2C6
            CODE    2B25H     000CH     UNIT         ?PR?INITDEVICE?INITCONFIG
            CODE    2B31H     000BH     UNIT         ?PR?_SETSCL3?I2C3
            CODE    2B3CH     000BH     UNIT         ?PR?_SETSCL?I2C4
            CODE    2B47H     000AH     UNIT         ?PR?CRC32CLEAR?CRC32
BL51 BANKED LINKER/LOCATER V6.22.2.0                                                  12/03/2018  23:06:33  PAGE 5


            CODE    2B51H     0009H     UNIT         ?PR?_SETSCL0?I2C0
            CODE    2B5AH     0009H     UNIT         ?PR?_SETSCL1?I2C1
            CODE    2B63H     0009H     UNIT         ?PR?_SETSCL2?I2C2
            CODE    2B6CH     0009H     UNIT         ?PR?GETSCL3?I2C3
            CODE    2B75H     0009H     UNIT         ?PR?_SETSCL5?I2C5
            CODE    2B7EH     0009H     UNIT         ?PR?_SETSCL6?I2C6
            CODE    2B87H     0008H     UNIT         ?PR?GETSCL?I2C4
            CODE    2B8FH     0008H     UNIT         ?CO?MAINAPP
            CODE    2B97H     0007H     UNIT         ?PR?GETSDA?I2C4
            CODE    2B9EH     0007H     UNIT         ?PR?PORT_IO_INIT?INITCONFIG
            CODE    2BA5H     0007H     UNIT         ?PR?RESET_SOURCES_INIT?INITCONFIG
            CODE    2BACH     0006H     UNIT         ?PR?GETSCL0?I2C0
            CODE    2BB2H     0006H     UNIT         ?PR?GETSDA0?I2C0
            CODE    2BB8H     0006H     UNIT         ?PR?GETSCL1?I2C1
            CODE    2BBEH     0006H     UNIT         ?PR?GETSDA1?I2C1
            CODE    2BC4H     0006H     UNIT         ?PR?GETSCL2?I2C2
            CODE    2BCAH     0006H     UNIT         ?PR?GETSDA2?I2C2
            CODE    2BD0H     0006H     UNIT         ?PR?GETSCL5?I2C5
            CODE    2BD6H     0006H     UNIT         ?PR?GETSDA5?I2C5
            CODE    2BDCH     0006H     UNIT         ?PR?GETSCL6?I2C6
            CODE    2BE2H     0006H     UNIT         ?PR?GETSDA6?I2C6
            CODE    2BE8H     0006H     UNIT         ?PR?_GETCOILVAL?MODBUSAPP
            CODE    2BEEH     0006H     UNIT         ?PR?_GETREGISTERVAL?MODBUSAPP
            CODE    2BF4H     0005H     UNIT         ?PR?_CRC32SETCRCOLD?CRC32
            CODE    2BF9H     0005H     UNIT         ?PR?NVRAMSAVE?SPLC
            CODE    2BFEH     0004H     UNIT         ?PR?VOLTAGE_REFERENCE_INIT?INITCONFIG
            CODE    2C02H     0004H     UNIT         ?PR?OSCILLATOR_INIT?INITCONFIG
            CODE    2C06H     0003H     UNIT         ?PR?EPROMINIT?EPROM
            CODE    2C09H     0001H     UNIT         ?PR?IIC2INIT?I2C2
            CODE    2C0AH     0001H     UNIT         ?PR?IIC3INIT?I2C3
            CODE    2C0BH     0001H     UNIT         ?PR?IIC4INIT?I2C4
            CODE    2C0CH     0001H     UNIT         ?PR?IIC5INIT?I2C5
            CODE    2C0DH     0001H     UNIT         ?PR?IIC6INIT?I2C6
            CODE    2C0EH     0001H     UNIT         ?PR?_MCP47X6_READ?MCP47X6
            CODE    2C0FH     0001H     UNIT         ?PR?_SETCOILVAL?MODBUSAPP
            CODE    2C10H     0001H     UNIT         ?PR?_SETREGISTERVAL?MODBUSAPP
            CODE    2C11H     0001H     UNIT         ?PR?READNVRAM?MAINAPP
            CODE    2C12H     0001H     UNIT         ?PR?WRITENVRAM?MAINAPP
            CODE    2C13H     0001H     UNIT         ?PR?UPDATENVRAM?MAINAPP
            CODE    2C14H     0001H     UNIT         ?PR?SETOUTPUT?SPLC



OVERLAY MAP OF MODULE:   .\Objects\dwLaser_F020 (DELAY)


SEGMENT                                             BIT_GROUP          DATA_GROUP          PDATA_GROUP
  +--> CALLED SEGMENT                            START    LENGTH     START    LENGTH     START    LENGTH
--------------------------------------------------------------------------------------------------------
?PR?TIMER0ISR?SPLC                               -----    -----      0016H    0002H      -----    -----

*** NEW ROOT ***************************************************

?C_C51STARTUP                                    -----    -----      -----    -----      -----    -----
  +--> ?PR?MAIN?MAINAPP
  +--> ?C_INITSEG

BL51 BANKED LINKER/LOCATER V6.22.2.0                                                  12/03/2018  23:06:33  PAGE 6


?PR?MAIN?MAINAPP                                 -----    -----      -----    -----      004BH    0010H
  +--> ?CO?MAINAPP
  +--> ?PR?INITDEVICE?INITCONFIG
  +--> ?PR?_EPROMWRITE?EPROM
  +--> ?PR?_EPROMREAD?EPROM
  +--> ?PR?EPROMTEST?EPROM
  +--> ?PR?NVRAMLOAD?SPLC
  +--> ?PR?MODBUSSLAVEASCIIPOLL?MODBUSSLAVEA...
  +--> ?PR?NVRAMUPDATA?SPLC

?PR?INITDEVICE?INITCONFIG                        -----    -----      -----    -----      -----    -----
  +--> ?PR?RESET_SOURCES_INIT?INITCONFIG
  +--> ?PR?VOLTAGE_REFERENCE_INIT?INITCONFIG
  +--> ?PR?OSCILLATOR_INIT?INITCONFIG
  +--> ?PR?PORT_IO_INIT?INITCONFIG

?PR?_EPROMWRITE?EPROM                            -----    -----      -----    -----      005BH    0007H
  +--> ?PR?_EPROMWRITEONEBYTE?EPROM

?PR?_EPROMWRITEONEBYTE?EPROM                     -----    -----      -----    -----      -----    -----
  +--> ?PR?IIC0START?I2C0
  +--> ?PR?_IIC0SENDBYTE?I2C0
  +--> ?PR?IIC0WAITACK?I2C0
  +--> ?PR?IIC0STOP?I2C0
  +--> ?PR?_?DELAYMS?DELAY

?PR?IIC0START?I2C0                               -----    -----      -----    -----      -----    -----
  +--> ?PR?_SETSDA0?I2C0
  +--> ?PR?_SETSCL0?I2C0
  +--> ?PR?_?DELAYUS?DELAY

?PR?_SETSDA0?I2C0                                -----    -----      -----    -----      -----    -----
  +--> ?PR?_SETSCL0?I2C0

?PR?_IIC0SENDBYTE?I2C0                           -----    -----      -----    -----      -----    -----
  +--> ?PR?_SETSCL0?I2C0
  +--> ?PR?_SETSDA0?I2C0
  +--> ?PR?_?DELAYUS?DELAY

?PR?IIC0WAITACK?I2C0                             -----    -----      -----    -----      -----    -----
  +--> ?PR?_SETSDA0?I2C0
  +--> ?PR?_?DELAYUS?DELAY
  +--> ?PR?_SETSCL0?I2C0
  +--> ?PR?GETSDA0?I2C0
  +--> ?PR?IIC0STOP?I2C0

?PR?IIC0STOP?I2C0                                -----    -----      -----    -----      -----    -----
  +--> ?PR?_SETSDA0?I2C0
  +--> ?PR?_?DELAYUS?DELAY
  +--> ?PR?_SETSCL0?I2C0

?PR?_?DELAYMS?DELAY                              -----    -----      -----    -----      -----    -----
  +--> ?PR?_?DELAYUS?DELAY

?PR?_EPROMREAD?EPROM                             -----    -----      -----    -----      005BH    0007H
  +--> ?PR?_EPROMREADONEBYTE?EPROM

BL51 BANKED LINKER/LOCATER V6.22.2.0                                                  12/03/2018  23:06:33  PAGE 7


?PR?_EPROMREADONEBYTE?EPROM                      -----    -----      -----    -----      -----    -----
  +--> ?PR?IIC0START?I2C0
  +--> ?PR?_IIC0SENDBYTE?I2C0
  +--> ?PR?IIC0WAITACK?I2C0
  +--> ?PR?_IIC0READBYTE?I2C0
  +--> ?PR?IIC0STOP?I2C0

?PR?_IIC0READBYTE?I2C0                           -----    -----      -----    -----      -----    -----
  +--> ?PR?_SETSCL0?I2C0
  +--> ?PR?_?DELAYUS?DELAY
  +--> ?PR?GETSDA0?I2C0
  +--> ?PR?IIC0NACK?I2C0
  +--> ?PR?IIC0ACK?I2C0

?PR?IIC0NACK?I2C0                                -----    -----      -----    -----      -----    -----
  +--> ?PR?_SETSCL0?I2C0
  +--> ?PR?_SETSDA0?I2C0
  +--> ?PR?_?DELAYUS?DELAY

?PR?IIC0ACK?I2C0                                 -----    -----      -----    -----      -----    -----
  +--> ?PR?_SETSDA0?I2C0
  +--> ?PR?_?DELAYUS?DELAY
  +--> ?PR?_SETSCL0?I2C0

?PR?EPROMTEST?EPROM                              -----    -----      -----    -----      005BH    0011H
  +--> ?PR?CRC32CLEAR?CRC32
  +--> ?PR?RAND?RAND
  +--> ?PR?_CRC32CALCULATEADD?CRC32
  +--> ?PR?_EPROMWRITEONEBYTE?EPROM
  +--> ?PR?_EPROMREADONEBYTE?EPROM
  +--> ?CO?EPROM
  +--> ?PR?PRINTF?PRINTF

?PR?_CRC32CALCULATEADD?CRC32                     -----    -----      -----    -----      -----    -----
  +--> ?CO?CRC32

?PR?PRINTF?PRINTF                                0020H.0  0001H.1    0018H    0005H      006CH    000FH
  +--> ?PR?PUTCHAR?PUTCHAR

?PR?NVRAMLOAD?SPLC                               -----    -----      -----    -----      005BH    0001H
  +--> ?PR?CLEAREM?SPLC
  +--> ?PR?CLEARR?SPLC
  +--> ?PR?CLEART?SPLC
  +--> ?PR?CLEARTD?SPLC
  +--> ?PR?CLEARC?SPLC

?PR?MODBUSSLAVEASCIIPOLL?MODBUSSLAVEA...         -----    -----      0018H    0008H      -----    -----
  +--> ?PR?_LRC?MODBUSSLAVEASCII
  +--> ?PR?_ASCII2HEX?MODBUSSLAVEASCII

?PR?_LRC?MODBUSSLAVEASCII                        -----    -----      -----    -----      005BH    000AH

?PR?_ASCII2HEX?MODBUSSLAVEASCII                  -----    -----      -----    -----      005BH    0006H

?PR?NVRAMUPDATA?SPLC                             -----    -----      -----    -----      005BH    0007H


BL51 BANKED LINKER/LOCATER V6.22.2.0                                                  12/03/2018  23:06:33  PAGE 8



SYMBOL TABLE OF MODULE:  .\Objects\dwLaser_F020 (DELAY)

  VALUE           TYPE          NAME
  ----------------------------------

  -------         MODULE        DELAY
  C:0000H         SYMBOL        _ICE_DUMMY_
  D:0089H         PUBLIC        TMOD
  D:008BH         PUBLIC        TL1
  D:008DH         PUBLIC        TH1
  B:0088H.7       PUBLIC        TF1
  B:0088H.6       PUBLIC        TR1
  B:00A8H.3       PUBLIC        ET1
  C:2861H         PUBLIC        _?delayMs
  C:000EH         PUBLIC        _?delayUs
  C:29B5H         PUBLIC        _hwDelayInit
  C:2847H         PUBLIC        _hwDelay
  -------         PROC          _?DELAYUS
  p:0000H         SYMBOL        us
  C:000EH         LINE#         5
  C:0014H         LINE#         7
  C:0019H         LINE#         8
  C:0019H         LINE#         9
  C:001CH         LINE#         10
  C:001EH         LINE#         11
  -------         ENDPROC       _?DELAYUS
  -------         PROC          _?DELAYMS
  p:0000H         SYMBOL        ms
  C:2861H         LINE#         12
  C:2867H         LINE#         14
  C:2870H         LINE#         15
  C:2870H         LINE#         16
  C:2875H         LINE#         17
  C:2877H         LINE#         18
  -------         ENDPROC       _?DELAYMS
  -------         PROC          _HWDELAYINIT
  D:0007H         SYMBOL        reload_h
  D:0005H         SYMBOL        reload_l
  C:29B5H         LINE#         19
  C:29B5H         LINE#         20
  C:29B5H         LINE#         21
  C:29B8H         LINE#         22
  C:29BBH         LINE#         23
  C:29BDH         LINE#         24
  C:29BFH         LINE#         25
  C:29C3H         LINE#         26
  C:29C5H         LINE#         27
  C:29C7H         LINE#         28
  -------         ENDPROC       _HWDELAYINIT
  -------         PROC          _HWDELAY
  D:0007H         SYMBOL        control
  D:0005H         SYMBOL        reload_h
  D:0003H         SYMBOL        reload_l
  C:2847H         LINE#         29
  C:2847H         LINE#         30
  C:2847H         LINE#         32
BL51 BANKED LINKER/LOCATER V6.22.2.0                                                  12/03/2018  23:06:33  PAGE 9


  C:284AH         LINE#         33
  C:284AH         LINE#         34
  C:284DH         LINE#         35
  C:284DH         LINE#         36
  C:284FH         LINE#         37
  C:2854H         LINE#         38
  C:2854H         LINE#         39
  C:2858H         LINE#         40
  C:285CH         LINE#         41
  C:285EH         LINE#         42
  C:2860H         LINE#         43
  C:2860H         LINE#         44
  -------         ENDPROC       _HWDELAY
  -------         ENDMOD        DELAY

  -------         MODULE        CRC32
  C:0000H         SYMBOL        _ICE_DUMMY_
  C:1589H         PUBLIC        _crc32Calculate
  C:1B17H         PUBLIC        _crc32CalculateAdd
  C:2B47H         PUBLIC        crc32Clear
  C:2BF4H         PUBLIC        _crc32SetCrcOld
  C:0026H         PUBLIC        crc32Tab
  X:0009H         SYMBOL        oldcrc32
  -------         PROC          _CRC32CALCULATE
  X:0000H         SYMBOL        buf
  X:0003H         SYMBOL        len
  -------         DO            
  X:0007H         SYMBOL        i
  -------         ENDDO         
  C:1589H         LINE#         111
  C:1597H         LINE#         113
  C:15BBH         LINE#         114
  C:15BBH         LINE#         115
  C:1627H         LINE#         116
  C:1635H         LINE#         117
  C:164CH         LINE#         118
  -------         ENDPROC       _CRC32CALCULATE
  -------         PROC          _CRC32CALCULATEADD
  D:0007H         SYMBOL        dat
  C:1B17H         LINE#         120
  C:1B17H         LINE#         121
  C:1B6BH         LINE#         122
  C:1B82H         LINE#         123
  -------         ENDPROC       _CRC32CALCULATEADD
  -------         PROC          CRC32CLEAR
  C:2B47H         LINE#         124
  C:2B47H         LINE#         125
  C:2B50H         LINE#         126
  -------         ENDPROC       CRC32CLEAR
  -------         PROC          _CRC32SETCRCOLD
  D:0004H         SYMBOL        old
  C:2BF4H         LINE#         127
  C:2BF4H         LINE#         128
  -------         ENDPROC       _CRC32SETCRCOLD
  -------         ENDMOD        CRC32

  -------         MODULE        I2C0
BL51 BANKED LINKER/LOCATER V6.22.2.0                                                  12/03/2018  23:06:33  PAGE 10


  C:0000H         SYMBOL        _ICE_DUMMY_
  D:00B0H         PUBLIC        P3
  C:0021H         PUBLIC        iic0Init
  C:287AH         PUBLIC        iic0Start
  C:2A3FH         PUBLIC        iic0Stop
  C:2680H         PUBLIC        iic0WaitAck
  C:29C8H         PUBLIC        iic0Ack
  C:291BH         PUBLIC        iic0NAck
  C:205DH         PUBLIC        _iic0SendByte
  C:226AH         PUBLIC        _iic0ReadByte
  B:00B0H.5       PUBLIC        SDA0
  B:00B0H.6       PUBLIC        SCL0
  C:2B51H         SYMBOL        _setSCL0
  C:2AE4H         SYMBOL        _setSDA0
  C:2BACH         SYMBOL        getSCL0
  C:2BB2H         SYMBOL        getSDA0
  -------         PROC          IIC0INIT
  C:0021H         LINE#         6
  C:0021H         LINE#         8
  -------         ENDPROC       IIC0INIT
  -------         PROC          _SETSCL0
  D:0007H         SYMBOL        s
  C:2B51H         LINE#         9
  C:2B51H         LINE#         10
  C:2B54H         LINE#         11
  C:2B57H         LINE#         13
  C:2B59H         LINE#         14
  -------         ENDPROC       _SETSCL0
  -------         PROC          L?0032
  -------         ENDPROC       L?0032
  -------         PROC          _SETSDA0
  D:0007H         SYMBOL        s
  C:2AE4H         LINE#         15
  C:2AE4H         LINE#         16
  C:2AE7H         LINE#         17
  C:2AEAH         LINE#         19
  C:2AECH         LINE#         20
  -------         ENDPROC       _SETSDA0
  -------         PROC          GETSCL0
  C:2BACH         LINE#         21
  C:2BACH         LINE#         22
  C:2BB1H         LINE#         23
  -------         ENDPROC       GETSCL0
  -------         PROC          GETSDA0
  C:2BB2H         LINE#         24
  C:2BB2H         LINE#         25
  C:2BB7H         LINE#         26
  -------         ENDPROC       GETSDA0
  -------         PROC          IIC0START
  C:287AH         LINE#         27
  C:287AH         LINE#         28
  C:287FH         LINE#         29
  C:2882H         LINE#         30
  C:2885H         LINE#         31
  C:2889H         LINE#         32
  C:288DH         LINE#         33
  -------         ENDPROC       IIC0START
BL51 BANKED LINKER/LOCATER V6.22.2.0                                                  12/03/2018  23:06:33  PAGE 11


  -------         PROC          IIC0STOP
  C:2A3FH         LINE#         35
  C:2A3FH         LINE#         36
  C:2A3FH         LINE#         37
  C:2A42H         LINE#         38
  C:2A46H         LINE#         39
  C:2A49H         LINE#         40
  C:2A4CH         LINE#         41
  -------         ENDPROC       IIC0STOP
  -------         PROC          IIC0WAITACK
  -------         DO            
  D:0006H         SYMBOL        ucErrTime
  -------         ENDDO         
  C:2680H         LINE#         44
  C:2680H         LINE#         48
  C:2682H         LINE#         49
  C:2687H         LINE#         50
  C:268AH         LINE#         51
  C:268DH         LINE#         52
  C:2690H         LINE#         53
  C:2696H         LINE#         54
  C:2697H         LINE#         55
  C:26A1H         LINE#         56
  C:26A4H         LINE#         57
  C:26A7H         LINE#         58
  C:26A7H         LINE#         59
  C:26A7H         LINE#         60
  C:26ACH         LINE#         61
  C:26ACH         LINE#         62
  -------         ENDPROC       IIC0WAITACK
  -------         PROC          IIC0ACK
  C:29C8H         LINE#         63
  C:29C8H         LINE#         64
  C:29C8H         LINE#         65
  C:29CBH         LINE#         66
  C:29CFH         LINE#         67
  C:29D2H         LINE#         68
  C:29D5H         LINE#         69
  -------         ENDPROC       IIC0ACK
  -------         PROC          IIC0NACK
  C:291BH         LINE#         72
  C:291BH         LINE#         73
  C:2920H         LINE#         74
  C:2924H         LINE#         75
  C:2927H         LINE#         76
  C:292AH         LINE#         77
  C:292DH         LINE#         78
  -------         ENDPROC       IIC0NACK
  -------         PROC          _IIC0SENDBYTE
  D:0006H         SYMBOL        txd
  -------         DO            
  D:0005H         SYMBOL        t
  -------         ENDDO         
  C:205DH         LINE#         80
  C:205FH         LINE#         85
  C:2064H         LINE#         86
  C:2070H         LINE#         87
BL51 BANKED LINKER/LOCATER V6.22.2.0                                                  12/03/2018  23:06:33  PAGE 12


  C:2070H         LINE#         89
  C:207BH         LINE#         90
  C:207FH         LINE#         92
  C:2084H         LINE#         93
  C:2088H         LINE#         94
  C:208DH         LINE#         95
  C:2090H         LINE#         96
  C:2093H         LINE#         97
  C:2097H         LINE#         98
  C:209BH         LINE#         99
  C:209EH         LINE#         100
  -------         ENDPROC       _IIC0SENDBYTE
  -------         PROC          _IIC0READBYTE
  D:0006H         SYMBOL        ack
  -------         DO            
  D:0004H         SYMBOL        i
  D:0005H         SYMBOL        receive
  -------         ENDDO         
  C:226AH         LINE#         102
  C:226CH         LINE#         103
  C:226EH         LINE#         104
  C:2279H         LINE#         105
  C:227EH         LINE#         106
  C:2282H         LINE#         107
  C:2285H         LINE#         108
  C:2289H         LINE#         109
  C:228FH         LINE#         110
  C:2290H         LINE#         111
  C:2295H         LINE#         112
  C:2298H         LINE#         113
  C:229BH         LINE#         114
  C:22A0H         LINE#         116
  C:22A3H         LINE#         117
  C:22A5H         LINE#         118
  -------         ENDPROC       _IIC0READBYTE
  -------         ENDMOD        I2C0

  -------         MODULE        I2C1
  C:0000H         SYMBOL        _ICE_DUMMY_
  D:00B0H         PUBLIC        P3
  C:0022H         PUBLIC        iic1Init
  C:2891H         PUBLIC        iic1Start
  C:2A4FH         PUBLIC        iic1Stop
  C:26ADH         PUBLIC        iic1WaitAck
  C:29D9H         PUBLIC        iic1Ack
  C:2931H         PUBLIC        iic1NAck
  C:209FH         PUBLIC        _iic1SendByte
  C:22A6H         PUBLIC        _iic1ReadByte
  B:00B0H.1       PUBLIC        SDA1
  B:00B0H.2       PUBLIC        SCL1
  C:2B5AH         SYMBOL        _setSCL1
  C:2AF2H         SYMBOL        _setSDA1
  C:2BB8H         SYMBOL        getSCL1
  C:2BBEH         SYMBOL        getSDA1
  -------         PROC          IIC1INIT
  C:0022H         LINE#         6
  C:0022H         LINE#         8
BL51 BANKED LINKER/LOCATER V6.22.2.0                                                  12/03/2018  23:06:33  PAGE 13


  -------         ENDPROC       IIC1INIT
  -------         PROC          _SETSCL1
  D:0007H         SYMBOL        s
  C:2B5AH         LINE#         9
  C:2B5AH         LINE#         10
  C:2B5DH         LINE#         11
  C:2B60H         LINE#         13
  C:2B62H         LINE#         14
  -------         ENDPROC       _SETSCL1
  -------         PROC          L?0032
  -------         ENDPROC       L?0032
  -------         PROC          _SETSDA1
  D:0007H         SYMBOL        s
  C:2AF2H         LINE#         15
  C:2AF2H         LINE#         16
  C:2AF5H         LINE#         17
  C:2AF8H         LINE#         19
  C:2AFAH         LINE#         20
  -------         ENDPROC       _SETSDA1
  -------         PROC          GETSCL1
  C:2BB8H         LINE#         21
  C:2BB8H         LINE#         22
  C:2BBDH         LINE#         23
  -------         ENDPROC       GETSCL1
  -------         PROC          GETSDA1
  C:2BBEH         LINE#         24
  C:2BBEH         LINE#         25
  C:2BC3H         LINE#         26
  -------         ENDPROC       GETSDA1
  -------         PROC          IIC1START
  C:2891H         LINE#         27
  C:2891H         LINE#         28
  C:2896H         LINE#         29
  C:2899H         LINE#         30
  C:289CH         LINE#         31
  C:28A0H         LINE#         32
  C:28A4H         LINE#         33
  -------         ENDPROC       IIC1START
  -------         PROC          IIC1STOP
  C:2A4FH         LINE#         35
  C:2A4FH         LINE#         36
  C:2A4FH         LINE#         37
  C:2A52H         LINE#         38
  C:2A56H         LINE#         39
  C:2A59H         LINE#         40
  C:2A5CH         LINE#         41
  -------         ENDPROC       IIC1STOP
  -------         PROC          IIC1WAITACK
  -------         DO            
  D:0006H         SYMBOL        ucErrTime
  -------         ENDDO         
  C:26ADH         LINE#         44
  C:26ADH         LINE#         48
  C:26AFH         LINE#         49
  C:26B4H         LINE#         50
  C:26B7H         LINE#         51
  C:26BAH         LINE#         52
BL51 BANKED LINKER/LOCATER V6.22.2.0                                                  12/03/2018  23:06:33  PAGE 14


  C:26BDH         LINE#         53
  C:26C3H         LINE#         54
  C:26C4H         LINE#         55
  C:26CEH         LINE#         56
  C:26D1H         LINE#         57
  C:26D4H         LINE#         58
  C:26D4H         LINE#         59
  C:26D4H         LINE#         60
  C:26D9H         LINE#         61
  C:26D9H         LINE#         62
  -------         ENDPROC       IIC1WAITACK
  -------         PROC          IIC1ACK
  C:29D9H         LINE#         63
  C:29D9H         LINE#         64
  C:29D9H         LINE#         65
  C:29DCH         LINE#         66
  C:29E0H         LINE#         67
  C:29E3H         LINE#         68
  C:29E6H         LINE#         69
  -------         ENDPROC       IIC1ACK
  -------         PROC          IIC1NACK
  C:2931H         LINE#         72
  C:2931H         LINE#         73
  C:2936H         LINE#         74
  C:293AH         LINE#         75
  C:293DH         LINE#         76
  C:2940H         LINE#         77
  C:2943H         LINE#         78
  -------         ENDPROC       IIC1NACK
  -------         PROC          _IIC1SENDBYTE
  D:0006H         SYMBOL        txd
  -------         DO            
  D:0005H         SYMBOL        t
  -------         ENDDO         
  C:209FH         LINE#         80
  C:20A1H         LINE#         85
  C:20A6H         LINE#         86
  C:20B2H         LINE#         87
  C:20B2H         LINE#         89
  C:20BDH         LINE#         90
  C:20C1H         LINE#         92
  C:20C6H         LINE#         93
  C:20CAH         LINE#         94
  C:20CFH         LINE#         95
  C:20D2H         LINE#         96
  C:20D5H         LINE#         97
  C:20D9H         LINE#         98
  C:20DDH         LINE#         99
  C:20E0H         LINE#         100
  -------         ENDPROC       _IIC1SENDBYTE
  -------         PROC          _IIC1READBYTE
  D:0006H         SYMBOL        ack
  -------         DO            
  D:0004H         SYMBOL        i
  D:0005H         SYMBOL        receive
  -------         ENDDO         
  C:22A6H         LINE#         102
BL51 BANKED LINKER/LOCATER V6.22.2.0                                                  12/03/2018  23:06:33  PAGE 15


  C:22A8H         LINE#         103
  C:22AAH         LINE#         104
  C:22B5H         LINE#         105
  C:22BAH         LINE#         106
  C:22BEH         LINE#         107
  C:22C1H         LINE#         108
  C:22C5H         LINE#         109
  C:22CBH         LINE#         110
  C:22CCH         LINE#         111
  C:22D1H         LINE#         112
  C:22D4H         LINE#         113
  C:22D7H         LINE#         114
  C:22DCH         LINE#         116
  C:22DFH         LINE#         117
  C:22E1H         LINE#         118
  -------         ENDPROC       _IIC1READBYTE
  -------         ENDMOD        I2C1

  -------         MODULE        I2C2
  C:0000H         SYMBOL        _ICE_DUMMY_
  D:00B0H         PUBLIC        P3
  C:2C09H         PUBLIC        iic2Init
  C:28A8H         PUBLIC        iic2Start
  C:2A5FH         PUBLIC        iic2Stop
  C:26DAH         PUBLIC        iic2WaitAck
  C:29EAH         PUBLIC        iic2Ack
  C:2947H         PUBLIC        iic2NAck
  C:20E1H         PUBLIC        _iic2SendByte
  C:22E2H         PUBLIC        _iic2ReadByte
  B:00B0H.3       PUBLIC        SDA2
  B:00B0H.4       PUBLIC        SCL2
  C:2B63H         SYMBOL        _setSCL2
  C:2B00H         SYMBOL        _setSDA2
  C:2BC4H         SYMBOL        getSCL2
  C:2BCAH         SYMBOL        getSDA2
  -------         PROC          IIC2INIT
  C:2C09H         LINE#         6
  C:2C09H         LINE#         7
  -------         ENDPROC       IIC2INIT
  -------         PROC          _SETSCL2
  D:0007H         SYMBOL        s
  C:2B63H         LINE#         8
  C:2B63H         LINE#         9
  C:2B66H         LINE#         10
  C:2B69H         LINE#         12
  C:2B6BH         LINE#         13
  -------         ENDPROC       _SETSCL2
  -------         PROC          L?0032
  -------         ENDPROC       L?0032
  -------         PROC          _SETSDA2
  D:0007H         SYMBOL        s
  C:2B00H         LINE#         14
  C:2B00H         LINE#         15
  C:2B03H         LINE#         16
  C:2B06H         LINE#         18
  C:2B08H         LINE#         19
  -------         ENDPROC       _SETSDA2
BL51 BANKED LINKER/LOCATER V6.22.2.0                                                  12/03/2018  23:06:33  PAGE 16


  -------         PROC          GETSCL2
  C:2BC4H         LINE#         20
  C:2BC4H         LINE#         21
  C:2BC9H         LINE#         22
  -------         ENDPROC       GETSCL2
  -------         PROC          GETSDA2
  C:2BCAH         LINE#         23
  C:2BCAH         LINE#         24
  C:2BCFH         LINE#         25
  -------         ENDPROC       GETSDA2
  -------         PROC          IIC2START
  C:28A8H         LINE#         26
  C:28A8H         LINE#         27
  C:28ADH         LINE#         28
  C:28B0H         LINE#         29
  C:28B3H         LINE#         30
  C:28B7H         LINE#         31
  C:28BBH         LINE#         32
  -------         ENDPROC       IIC2START
  -------         PROC          IIC2STOP
  C:2A5FH         LINE#         34
  C:2A5FH         LINE#         35
  C:2A5FH         LINE#         36
  C:2A62H         LINE#         37
  C:2A66H         LINE#         38
  C:2A69H         LINE#         39
  C:2A6CH         LINE#         40
  -------         ENDPROC       IIC2STOP
  -------         PROC          IIC2WAITACK
  -------         DO            
  D:0006H         SYMBOL        ucErrTime
  -------         ENDDO         
  C:26DAH         LINE#         43
  C:26DAH         LINE#         47
  C:26DCH         LINE#         48
  C:26E1H         LINE#         49
  C:26E4H         LINE#         50
  C:26E7H         LINE#         51
  C:26EAH         LINE#         52
  C:26F0H         LINE#         53
  C:26F1H         LINE#         54
  C:26FBH         LINE#         55
  C:26FEH         LINE#         56
  C:2701H         LINE#         57
  C:2701H         LINE#         58
  C:2701H         LINE#         59
  C:2706H         LINE#         60
  C:2706H         LINE#         61
  -------         ENDPROC       IIC2WAITACK
  -------         PROC          IIC2ACK
  C:29EAH         LINE#         62
  C:29EAH         LINE#         63
  C:29EAH         LINE#         64
  C:29EDH         LINE#         65
  C:29F1H         LINE#         66
  C:29F4H         LINE#         67
  C:29F7H         LINE#         68
BL51 BANKED LINKER/LOCATER V6.22.2.0                                                  12/03/2018  23:06:33  PAGE 17


  -------         ENDPROC       IIC2ACK
  -------         PROC          IIC2NACK
  C:2947H         LINE#         71
  C:2947H         LINE#         72
  C:294CH         LINE#         73
  C:2950H         LINE#         74
  C:2953H         LINE#         75
  C:2956H         LINE#         76
  C:2959H         LINE#         77
  -------         ENDPROC       IIC2NACK
  -------         PROC          _IIC2SENDBYTE
  D:0006H         SYMBOL        txd
  -------         DO            
  D:0005H         SYMBOL        t
  -------         ENDDO         
  C:20E1H         LINE#         79
  C:20E3H         LINE#         84
  C:20E8H         LINE#         85
  C:20F4H         LINE#         86
  C:20F4H         LINE#         88
  C:20FFH         LINE#         89
  C:2103H         LINE#         91
  C:2108H         LINE#         92
  C:210CH         LINE#         93
  C:2111H         LINE#         94
  C:2114H         LINE#         95
  C:2117H         LINE#         96
  C:211BH         LINE#         97
  C:211FH         LINE#         98
  C:2122H         LINE#         99
  -------         ENDPROC       _IIC2SENDBYTE
  -------         PROC          _IIC2READBYTE
  D:0006H         SYMBOL        ack
  -------         DO            
  D:0004H         SYMBOL        i
  D:0005H         SYMBOL        receive
  -------         ENDDO         
  C:22E2H         LINE#         101
  C:22E4H         LINE#         102
  C:22E6H         LINE#         103
  C:22F1H         LINE#         104
  C:22F6H         LINE#         105
  C:22FAH         LINE#         106
  C:22FDH         LINE#         107
  C:2301H         LINE#         108
  C:2307H         LINE#         109
  C:2308H         LINE#         110
  C:230DH         LINE#         111
  C:2310H         LINE#         112
  C:2313H         LINE#         113
  C:2318H         LINE#         115
  C:231BH         LINE#         116
  C:231DH         LINE#         117
  -------         ENDPROC       _IIC2READBYTE
  -------         ENDMOD        I2C2

  -------         MODULE        I2C3
BL51 BANKED LINKER/LOCATER V6.22.2.0                                                  12/03/2018  23:06:33  PAGE 18


  C:0000H         SYMBOL        _ICE_DUMMY_
  D:0084H         PUBLIC        P4
  C:2C0AH         PUBLIC        iic3Init
  C:28BFH         PUBLIC        iic3Start
  C:2A7FH         PUBLIC        iic3Stop
  C:2707H         PUBLIC        iic3WaitAck
  C:29FBH         PUBLIC        iic3Ack
  C:295DH         PUBLIC        iic3NAck
  C:2123H         PUBLIC        _iic3SendByte
  C:231EH         PUBLIC        _iic3ReadByte
  C:2B31H         SYMBOL        _setSCL3
  C:2A74H         SYMBOL        _setSDA3
  C:2B6CH         SYMBOL        getSCL3
  C:0003H         SYMBOL        getSDA3
  -------         PROC          IIC3INIT
  C:2C0AH         LINE#         5
  C:2C0AH         LINE#         7
  -------         ENDPROC       IIC3INIT
  -------         PROC          _SETSCL3
  D:0007H         SYMBOL        s
  C:2B31H         LINE#         8
  C:2B31H         LINE#         9
  C:2B34H         LINE#         10
  C:2B38H         LINE#         12
  C:2B3BH         LINE#         13
  -------         ENDPROC       _SETSCL3
  -------         PROC          L?0032
  -------         ENDPROC       L?0032
  -------         PROC          _SETSDA3
  D:0007H         SYMBOL        s
  C:2A74H         LINE#         14
  C:2A74H         LINE#         15
  C:2A77H         LINE#         16
  C:2A7BH         LINE#         18
  C:2A7EH         LINE#         19
  -------         ENDPROC       _SETSDA3
  -------         PROC          GETSCL3
  C:2B6CH         LINE#         20
  C:2B6CH         LINE#         21
  C:2B74H         LINE#         22
  -------         ENDPROC       GETSCL3
  -------         PROC          GETSDA3
  C:0003H         LINE#         23
  C:0003H         LINE#         24
  C:000AH         LINE#         25
  -------         ENDPROC       GETSDA3
  -------         PROC          IIC3START
  C:28BFH         LINE#         26
  C:28BFH         LINE#         27
  C:28C4H         LINE#         28
  C:28C7H         LINE#         29
  C:28CAH         LINE#         30
  C:28CEH         LINE#         31
  C:28D2H         LINE#         32
  -------         ENDPROC       IIC3START
  -------         PROC          IIC3STOP
  C:2A7FH         LINE#         34
BL51 BANKED LINKER/LOCATER V6.22.2.0                                                  12/03/2018  23:06:33  PAGE 19


  C:2A7FH         LINE#         35
  C:2A7FH         LINE#         36
  C:2A82H         LINE#         37
  C:2A86H         LINE#         38
  C:2A89H         LINE#         39
  C:2A8CH         LINE#         40
  -------         ENDPROC       IIC3STOP
  -------         PROC          IIC3WAITACK
  -------         DO            
  D:0006H         SYMBOL        ucErrTime
  -------         ENDDO         
  C:2707H         LINE#         43
  C:2707H         LINE#         47
  C:2709H         LINE#         48
  C:270EH         LINE#         49
  C:2711H         LINE#         50
  C:2714H         LINE#         51
  C:2717H         LINE#         52
  C:271DH         LINE#         53
  C:271EH         LINE#         54
  C:2728H         LINE#         55
  C:272BH         LINE#         56
  C:272EH         LINE#         57
  C:272EH         LINE#         58
  C:272EH         LINE#         59
  C:2733H         LINE#         60
  C:2733H         LINE#         61
  -------         ENDPROC       IIC3WAITACK
  -------         PROC          IIC3ACK
  C:29FBH         LINE#         62
  C:29FBH         LINE#         63
  C:29FBH         LINE#         64
  C:29FEH         LINE#         65
  C:2A02H         LINE#         66
  C:2A05H         LINE#         67
  C:2A08H         LINE#         68
  -------         ENDPROC       IIC3ACK
  -------         PROC          IIC3NACK
  C:295DH         LINE#         71
  C:295DH         LINE#         72
  C:2962H         LINE#         73
  C:2966H         LINE#         74
  C:2969H         LINE#         75
  C:296CH         LINE#         76
  C:296FH         LINE#         77
  -------         ENDPROC       IIC3NACK
  -------         PROC          _IIC3SENDBYTE
  D:0006H         SYMBOL        txd
  -------         DO            
  D:0005H         SYMBOL        t
  -------         ENDDO         
  C:2123H         LINE#         79
  C:2125H         LINE#         84
  C:212AH         LINE#         85
  C:2136H         LINE#         86
  C:2136H         LINE#         88
  C:2141H         LINE#         89
BL51 BANKED LINKER/LOCATER V6.22.2.0                                                  12/03/2018  23:06:33  PAGE 20


  C:2145H         LINE#         91
  C:214AH         LINE#         92
  C:214EH         LINE#         93
  C:2153H         LINE#         94
  C:2156H         LINE#         95
  C:2159H         LINE#         96
  C:215DH         LINE#         97
  C:2161H         LINE#         98
  C:2164H         LINE#         99
  -------         ENDPROC       _IIC3SENDBYTE
  -------         PROC          _IIC3READBYTE
  D:0006H         SYMBOL        ack
  -------         DO            
  D:0004H         SYMBOL        i
  D:0005H         SYMBOL        receive
  -------         ENDDO         
  C:231EH         LINE#         101
  C:2320H         LINE#         102
  C:2322H         LINE#         103
  C:232DH         LINE#         104
  C:2332H         LINE#         105
  C:2336H         LINE#         106
  C:2339H         LINE#         107
  C:233DH         LINE#         108
  C:2343H         LINE#         109
  C:2344H         LINE#         110
  C:2349H         LINE#         111
  C:234CH         LINE#         112
  C:234FH         LINE#         113
  C:2354H         LINE#         115
  C:2357H         LINE#         116
  C:2359H         LINE#         117
  -------         ENDPROC       _IIC3READBYTE
  -------         ENDMOD        I2C3

  -------         MODULE        I2C4
  C:0000H         SYMBOL        _ICE_DUMMY_
  D:0084H         PUBLIC        P4
  C:2C0BH         PUBLIC        iic4Init
  C:28D6H         PUBLIC        iic4Start
  C:2A9FH         PUBLIC        iic4Stop
  C:2734H         PUBLIC        iic4WaitAck
  C:2A0CH         PUBLIC        iic4Ack
  C:2973H         PUBLIC        iic4NAck
  C:2165H         PUBLIC        _iic4SendByte
  C:235AH         PUBLIC        _iic4ReadByte
  C:2B3CH         SYMBOL        _setSCL
  C:2A94H         SYMBOL        _setSDA
  C:2B87H         SYMBOL        getSCL
  C:2B97H         SYMBOL        getSDA
  -------         PROC          IIC4INIT
  C:2C0BH         LINE#         4
  C:2C0BH         LINE#         6
  -------         ENDPROC       IIC4INIT
  -------         PROC          _SETSCL
  D:0007H         SYMBOL        s
  C:2B3CH         LINE#         7
BL51 BANKED LINKER/LOCATER V6.22.2.0                                                  12/03/2018  23:06:33  PAGE 21


  C:2B3CH         LINE#         8
  C:2B3FH         LINE#         9
  C:2B43H         LINE#         11
  C:2B46H         LINE#         12
  -------         ENDPROC       _SETSCL
  -------         PROC          L?0032
  -------         ENDPROC       L?0032
  -------         PROC          _SETSDA
  D:0007H         SYMBOL        s
  C:2A94H         LINE#         13
  C:2A94H         LINE#         14
  C:2A97H         LINE#         15
  C:2A9BH         LINE#         17
  C:2A9EH         LINE#         18
  -------         ENDPROC       _SETSDA
  -------         PROC          GETSCL
  C:2B87H         LINE#         19
  C:2B87H         LINE#         20
  C:2B8EH         LINE#         21
  -------         ENDPROC       GETSCL
  -------         PROC          GETSDA
  C:2B97H         LINE#         22
  C:2B97H         LINE#         23
  C:2B9DH         LINE#         24
  -------         ENDPROC       GETSDA
  -------         PROC          IIC4START
  C:28D6H         LINE#         25
  C:28D6H         LINE#         26
  C:28DBH         LINE#         27
  C:28DEH         LINE#         28
  C:28E1H         LINE#         29
  C:28E5H         LINE#         30
  C:28E9H         LINE#         31
  -------         ENDPROC       IIC4START
  -------         PROC          IIC4STOP
  C:2A9FH         LINE#         33
  C:2A9FH         LINE#         34
  C:2A9FH         LINE#         35
  C:2AA2H         LINE#         36
  C:2AA6H         LINE#         37
  C:2AA9H         LINE#         38
  C:2AACH         LINE#         39
  -------         ENDPROC       IIC4STOP
  -------         PROC          IIC4WAITACK
  -------         DO            
  D:0006H         SYMBOL        ucErrTime
  -------         ENDDO         
  C:2734H         LINE#         42
  C:2734H         LINE#         46
  C:2736H         LINE#         47
  C:273BH         LINE#         48
  C:273EH         LINE#         49
  C:2741H         LINE#         50
  C:2744H         LINE#         51
  C:274AH         LINE#         52
  C:274BH         LINE#         53
  C:2755H         LINE#         54
BL51 BANKED LINKER/LOCATER V6.22.2.0                                                  12/03/2018  23:06:33  PAGE 22


  C:2758H         LINE#         55
  C:275BH         LINE#         56
  C:275BH         LINE#         57
  C:275BH         LINE#         58
  C:2760H         LINE#         59
  C:2760H         LINE#         60
  -------         ENDPROC       IIC4WAITACK
  -------         PROC          IIC4ACK
  C:2A0CH         LINE#         61
  C:2A0CH         LINE#         62
  C:2A0CH         LINE#         63
  C:2A0FH         LINE#         64
  C:2A13H         LINE#         65
  C:2A16H         LINE#         66
  C:2A19H         LINE#         67
  -------         ENDPROC       IIC4ACK
  -------         PROC          IIC4NACK
  C:2973H         LINE#         70
  C:2973H         LINE#         71
  C:2978H         LINE#         72
  C:297CH         LINE#         73
  C:297FH         LINE#         74
  C:2982H         LINE#         75
  C:2985H         LINE#         76
  -------         ENDPROC       IIC4NACK
  -------         PROC          _IIC4SENDBYTE
  D:0006H         SYMBOL        txd
  -------         DO            
  D:0005H         SYMBOL        t
  -------         ENDDO         
  C:2165H         LINE#         78
  C:2167H         LINE#         83
  C:216CH         LINE#         84
  C:2178H         LINE#         85
  C:2178H         LINE#         87
  C:2183H         LINE#         88
  C:2187H         LINE#         90
  C:218CH         LINE#         91
  C:2190H         LINE#         92
  C:2195H         LINE#         93
  C:2198H         LINE#         94
  C:219BH         LINE#         95
  C:219FH         LINE#         96
  C:21A3H         LINE#         97
  C:21A6H         LINE#         98
  -------         ENDPROC       _IIC4SENDBYTE
  -------         PROC          _IIC4READBYTE
  D:0006H         SYMBOL        ack
  -------         DO            
  D:0004H         SYMBOL        i
  D:0005H         SYMBOL        receive
  -------         ENDDO         
  C:235AH         LINE#         100
  C:235CH         LINE#         101
  C:235EH         LINE#         102
  C:2369H         LINE#         103
  C:236EH         LINE#         104
BL51 BANKED LINKER/LOCATER V6.22.2.0                                                  12/03/2018  23:06:33  PAGE 23


  C:2372H         LINE#         105
  C:2375H         LINE#         106
  C:2379H         LINE#         107
  C:237FH         LINE#         108
  C:2380H         LINE#         109
  C:2385H         LINE#         110
  C:2388H         LINE#         111
  C:238BH         LINE#         112
  C:2390H         LINE#         114
  C:2393H         LINE#         115
  C:2395H         LINE#         116
  -------         ENDPROC       _IIC4READBYTE
  -------         ENDMOD        I2C4

  -------         MODULE        I2C5
  C:0000H         SYMBOL        _ICE_DUMMY_
  D:00A0H         PUBLIC        P2
  D:00B0H         PUBLIC        P3
  C:2C0CH         PUBLIC        iic5Init
  C:28EDH         PUBLIC        iic5Start
  C:2AAFH         PUBLIC        iic5Stop
  C:2761H         PUBLIC        iic5WaitAck
  C:2A1DH         PUBLIC        iic5Ack
  C:2989H         PUBLIC        iic5NAck
  C:21A7H         PUBLIC        _iic5SendByte
  C:2396H         PUBLIC        _iic5ReadByte
  B:00A0H.6       PUBLIC        SDA5
  B:00B0H.6       PUBLIC        SCL5
  C:2B75H         SYMBOL        _setSCL5
  C:2B0EH         SYMBOL        _setSDA5
  C:2BD0H         SYMBOL        getSCL5
  C:2BD6H         SYMBOL        getSDA5
  -------         PROC          IIC5INIT
  C:2C0CH         LINE#         6
  C:2C0CH         LINE#         8
  -------         ENDPROC       IIC5INIT
  -------         PROC          _SETSCL5
  D:0007H         SYMBOL        s
  C:2B75H         LINE#         9
  C:2B75H         LINE#         10
  C:2B78H         LINE#         11
  C:2B7BH         LINE#         13
  C:2B7DH         LINE#         14
  -------         ENDPROC       _SETSCL5
  -------         PROC          L?0032
  -------         ENDPROC       L?0032
  -------         PROC          _SETSDA5
  D:0007H         SYMBOL        s
  C:2B0EH         LINE#         15
  C:2B0EH         LINE#         16
  C:2B11H         LINE#         17
  C:2B14H         LINE#         19
  C:2B16H         LINE#         20
  -------         ENDPROC       _SETSDA5
  -------         PROC          GETSCL5
  C:2BD0H         LINE#         21
  C:2BD0H         LINE#         22
BL51 BANKED LINKER/LOCATER V6.22.2.0                                                  12/03/2018  23:06:33  PAGE 24


  C:2BD5H         LINE#         23
  -------         ENDPROC       GETSCL5
  -------         PROC          GETSDA5
  C:2BD6H         LINE#         24
  C:2BD6H         LINE#         25
  C:2BDBH         LINE#         26
  -------         ENDPROC       GETSDA5
  -------         PROC          IIC5START
  C:28EDH         LINE#         27
  C:28EDH         LINE#         28
  C:28F2H         LINE#         29
  C:28F5H         LINE#         30
  C:28F8H         LINE#         31
  C:28FCH         LINE#         32
  C:2900H         LINE#         33
  -------         ENDPROC       IIC5START
  -------         PROC          IIC5STOP
  C:2AAFH         LINE#         35
  C:2AAFH         LINE#         36
  C:2AAFH         LINE#         37
  C:2AB2H         LINE#         38
  C:2AB6H         LINE#         39
  C:2AB9H         LINE#         40
  C:2ABCH         LINE#         41
  -------         ENDPROC       IIC5STOP
  -------         PROC          IIC5WAITACK
  -------         DO            
  D:0006H         SYMBOL        ucErrTime
  -------         ENDDO         
  C:2761H         LINE#         44
  C:2761H         LINE#         48
  C:2763H         LINE#         49
  C:2768H         LINE#         50
  C:276BH         LINE#         51
  C:276EH         LINE#         52
  C:2771H         LINE#         53
  C:2777H         LINE#         54
  C:2778H         LINE#         55
  C:2782H         LINE#         56
  C:2785H         LINE#         57
  C:2788H         LINE#         58
  C:2788H         LINE#         59
  C:2788H         LINE#         60
  C:278DH         LINE#         61
  C:278DH         LINE#         62
  -------         ENDPROC       IIC5WAITACK
  -------         PROC          IIC5ACK
  C:2A1DH         LINE#         63
  C:2A1DH         LINE#         64
  C:2A1DH         LINE#         65
  C:2A20H         LINE#         66
  C:2A24H         LINE#         67
  C:2A27H         LINE#         68
  C:2A2AH         LINE#         69
  -------         ENDPROC       IIC5ACK
  -------         PROC          IIC5NACK
  C:2989H         LINE#         72
BL51 BANKED LINKER/LOCATER V6.22.2.0                                                  12/03/2018  23:06:33  PAGE 25


  C:2989H         LINE#         73
  C:298EH         LINE#         74
  C:2992H         LINE#         75
  C:2995H         LINE#         76
  C:2998H         LINE#         77
  C:299BH         LINE#         78
  -------         ENDPROC       IIC5NACK
  -------         PROC          _IIC5SENDBYTE
  D:0006H         SYMBOL        txd
  -------         DO            
  D:0005H         SYMBOL        t
  -------         ENDDO         
  C:21A7H         LINE#         80
  C:21A9H         LINE#         85
  C:21AEH         LINE#         86
  C:21BAH         LINE#         87
  C:21BAH         LINE#         89
  C:21C5H         LINE#         90
  C:21C9H         LINE#         92
  C:21CEH         LINE#         93
  C:21D2H         LINE#         94
  C:21D7H         LINE#         95
  C:21DAH         LINE#         96
  C:21DDH         LINE#         97
  C:21E1H         LINE#         98
  C:21E5H         LINE#         99
  C:21E8H         LINE#         100
  -------         ENDPROC       _IIC5SENDBYTE
  -------         PROC          _IIC5READBYTE
  D:0006H         SYMBOL        ack
  -------         DO            
  D:0004H         SYMBOL        i
  D:0005H         SYMBOL        receive
  -------         ENDDO         
  C:2396H         LINE#         102
  C:2398H         LINE#         103
  C:239AH         LINE#         104
  C:23A5H         LINE#         105
  C:23AAH         LINE#         106
  C:23AEH         LINE#         107
  C:23B1H         LINE#         108
  C:23B5H         LINE#         109
  C:23BBH         LINE#         110
  C:23BCH         LINE#         111
  C:23C1H         LINE#         112
  C:23C4H         LINE#         113
  C:23C7H         LINE#         114
  C:23CCH         LINE#         116
  C:23CFH         LINE#         117
  C:23D1H         LINE#         118
  -------         ENDPROC       _IIC5READBYTE
  -------         ENDMOD        I2C5

  -------         MODULE        I2C6
  C:0000H         SYMBOL        _ICE_DUMMY_
  D:00A0H         PUBLIC        P2
  C:2C0DH         PUBLIC        iic6Init
BL51 BANKED LINKER/LOCATER V6.22.2.0                                                  12/03/2018  23:06:33  PAGE 26


  C:2904H         PUBLIC        iic6Start
  C:2ABFH         PUBLIC        iic6Stop
  C:278EH         PUBLIC        iic6WaitAck
  C:2A2EH         PUBLIC        iic6Ack
  C:299FH         PUBLIC        iic6NAck
  C:21E9H         PUBLIC        _iic6SendByte
  C:23D2H         PUBLIC        _iic6ReadByte
  B:00A0H.2       PUBLIC        SDA6
  B:00A0H.3       PUBLIC        SCL6
  C:2B7EH         SYMBOL        _setSCL6
  C:2B1CH         SYMBOL        _setSDA6
  C:2BDCH         SYMBOL        getSCL6
  C:2BE2H         SYMBOL        getSDA6
  -------         PROC          IIC6INIT
  C:2C0DH         LINE#         6
  C:2C0DH         LINE#         8
  -------         ENDPROC       IIC6INIT
  -------         PROC          _SETSCL6
  D:0007H         SYMBOL        s
  C:2B7EH         LINE#         9
  C:2B7EH         LINE#         10
  C:2B81H         LINE#         11
  C:2B84H         LINE#         13
  C:2B86H         LINE#         14
  -------         ENDPROC       _SETSCL6
  -------         PROC          L?0032
  -------         ENDPROC       L?0032
  -------         PROC          _SETSDA6
  D:0007H         SYMBOL        s
  C:2B1CH         LINE#         15
  C:2B1CH         LINE#         16
  C:2B1FH         LINE#         17
  C:2B22H         LINE#         19
  C:2B24H         LINE#         20
  -------         ENDPROC       _SETSDA6
  -------         PROC          GETSCL6
  C:2BDCH         LINE#         21
  C:2BDCH         LINE#         22
  C:2BE1H         LINE#         23
  -------         ENDPROC       GETSCL6
  -------         PROC          GETSDA6
  C:2BE2H         LINE#         24
  C:2BE2H         LINE#         25
  C:2BE7H         LINE#         26
  -------         ENDPROC       GETSDA6
  -------         PROC          IIC6START
  C:2904H         LINE#         27
  C:2904H         LINE#         28
  C:2909H         LINE#         29
  C:290CH         LINE#         30
  C:290FH         LINE#         31
  C:2913H         LINE#         32
  C:2917H         LINE#         33
  -------         ENDPROC       IIC6START
  -------         PROC          IIC6STOP
  C:2ABFH         LINE#         35
  C:2ABFH         LINE#         36
BL51 BANKED LINKER/LOCATER V6.22.2.0                                                  12/03/2018  23:06:33  PAGE 27


  C:2ABFH         LINE#         37
  C:2AC2H         LINE#         38
  C:2AC6H         LINE#         39
  C:2AC9H         LINE#         40
  C:2ACCH         LINE#         41
  -------         ENDPROC       IIC6STOP
  -------         PROC          IIC6WAITACK
  -------         DO            
  D:0006H         SYMBOL        ucErrTime
  -------         ENDDO         
  C:278EH         LINE#         44
  C:278EH         LINE#         48
  C:2790H         LINE#         49
  C:2795H         LINE#         50
  C:2798H         LINE#         51
  C:279BH         LINE#         52
  C:279EH         LINE#         53
  C:27A4H         LINE#         54
  C:27A5H         LINE#         55
  C:27AFH         LINE#         56
  C:27B2H         LINE#         57
  C:27B5H         LINE#         58
  C:27B5H         LINE#         59
  C:27B5H         LINE#         60
  C:27BAH         LINE#         61
  C:27BAH         LINE#         62
  -------         ENDPROC       IIC6WAITACK
  -------         PROC          IIC6ACK
  C:2A2EH         LINE#         63
  C:2A2EH         LINE#         64
  C:2A2EH         LINE#         65
  C:2A31H         LINE#         66
  C:2A35H         LINE#         67
  C:2A38H         LINE#         68
  C:2A3BH         LINE#         69
  -------         ENDPROC       IIC6ACK
  -------         PROC          IIC6NACK
  C:299FH         LINE#         72
  C:299FH         LINE#         73
  C:29A4H         LINE#         74
  C:29A8H         LINE#         75
  C:29ABH         LINE#         76
  C:29AEH         LINE#         77
  C:29B1H         LINE#         78
  -------         ENDPROC       IIC6NACK
  -------         PROC          _IIC6SENDBYTE
  D:0006H         SYMBOL        txd
  -------         DO            
  D:0005H         SYMBOL        t
  -------         ENDDO         
  C:21E9H         LINE#         80
  C:21EBH         LINE#         85
  C:21F0H         LINE#         86
  C:21FCH         LINE#         87
  C:21FCH         LINE#         89
  C:2207H         LINE#         90
  C:220BH         LINE#         92
BL51 BANKED LINKER/LOCATER V6.22.2.0                                                  12/03/2018  23:06:33  PAGE 28


  C:2210H         LINE#         93
  C:2214H         LINE#         94
  C:2219H         LINE#         95
  C:221CH         LINE#         96
  C:221FH         LINE#         97
  C:2223H         LINE#         98
  C:2227H         LINE#         99
  C:222AH         LINE#         100
  -------         ENDPROC       _IIC6SENDBYTE
  -------         PROC          _IIC6READBYTE
  D:0006H         SYMBOL        ack
  -------         DO            
  D:0004H         SYMBOL        i
  D:0005H         SYMBOL        receive
  -------         ENDDO         
  C:23D2H         LINE#         102
  C:23D4H         LINE#         103
  C:23D6H         LINE#         104
  C:23E1H         LINE#         105
  C:23E6H         LINE#         106
  C:23EAH         LINE#         107
  C:23EDH         LINE#         108
  C:23F1H         LINE#         109
  C:23F7H         LINE#         110
  C:23F8H         LINE#         111
  C:23FDH         LINE#         112
  C:2400H         LINE#         113
  C:2403H         LINE#         114
  C:2408H         LINE#         116
  C:240BH         LINE#         117
  C:240DH         LINE#         118
  -------         ENDPROC       _IIC6READBYTE
  -------         ENDMOD        I2C6

  -------         MODULE        EPROM
  C:0000H         SYMBOL        _ICE_DUMMY_
  C:2C06H         PUBLIC        epromInit
  C:2484H         PUBLIC        _epromReadOneByte
  C:25F1H         PUBLIC        _epromWriteOneByte
  C:1E51H         PUBLIC        _epromWriteLenByte
  C:1789H         PUBLIC        _epromReadLenByte
  C:1E9FH         PUBLIC        _epromRead
  C:1DFFH         PUBLIC        _epromWrite
  C:12A9H         PUBLIC        epromTest
  -------         PROC          EPROMINIT
  C:2C06H         LINE#         5
  C:2C06H         LINE#         6
  -------         ENDPROC       EPROMINIT
  -------         PROC          _EPROMREADONEBYTE
  D:0002H         SYMBOL        ReadAddr
  -------         DO            
  D:0006H         SYMBOL        temp
  -------         ENDDO         
  C:2484H         LINE#         9
  C:2488H         LINE#         12
  C:248AH         LINE#         13
  C:248DH         LINE#         16
BL51 BANKED LINKER/LOCATER V6.22.2.0                                                  12/03/2018  23:06:33  PAGE 29


  C:2492H         LINE#         17
  C:2495H         LINE#         18
  C:249AH         LINE#         22
  C:249DH         LINE#         23
  C:24A2H         LINE#         24
  C:24A5H         LINE#         25
  C:24A8H         LINE#         26
  C:24ADH         LINE#         27
  C:24B0H         LINE#         28
  C:24B7H         LINE#         29
  C:24BAH         LINE#         30
  C:24BCH         LINE#         31
  -------         ENDPROC       _EPROMREADONEBYTE
  -------         PROC          _EPROMWRITEONEBYTE
  D:0002H         SYMBOL        WriteAddr
  D:0004H         SYMBOL        DataToWrite
  C:25F1H         LINE#         33
  C:25F7H         LINE#         36
  C:25FAH         LINE#         38
  C:25FFH         LINE#         39
  C:2602H         LINE#         40
  C:2607H         LINE#         44
  C:260AH         LINE#         45
  C:260FH         LINE#         46
  C:2612H         LINE#         47
  C:2617H         LINE#         48
  C:261AH         LINE#         49
  C:261DH         LINE#         51
  -------         ENDPROC       _EPROMWRITEONEBYTE
  -------         PROC          _EPROMWRITELENBYTE
  X:000DH         SYMBOL        WriteAddr
  X:000FH         SYMBOL        DataToWrite
  X:0013H         SYMBOL        Len
  -------         DO            
  X:0014H         SYMBOL        t
  -------         ENDDO         
  C:1E51H         LINE#         55
  C:1E58H         LINE#         61
  C:1E67H         LINE#         62
  C:1E97H         LINE#         63
  C:1E9EH         LINE#         64
  -------         ENDPROC       _EPROMWRITELENBYTE
  -------         PROC          _EPROMREADLENBYTE
  X:0015H         SYMBOL        ReadAddr
  X:0017H         SYMBOL        Len
  -------         DO            
  X:0018H         SYMBOL        t
  X:0019H         SYMBOL        temp
  -------         ENDDO         
  C:1789H         LINE#         65
  C:1793H         LINE#         66
  C:1793H         LINE#         72
  C:179CH         LINE#         73
  C:17AAH         LINE#         74
  C:17C0H         LINE#         75
  C:1811H         LINE#         76
  C:1818H         LINE#         77
BL51 BANKED LINKER/LOCATER V6.22.2.0                                                  12/03/2018  23:06:33  PAGE 30


  C:1825H         LINE#         78
  -------         ENDPROC       _EPROMREADLENBYTE
  -------         PROC          _EPROMREAD
  X:005BH         SYMBOL        ReadAddr
  X:005DH         SYMBOL        pBuffer
  X:0060H         SYMBOL        NumToRead
  C:1E9FH         LINE#         80
  C:1EAFH         LINE#         84
  C:1EB8H         LINE#         85
  C:1EB8H         LINE#         86
  C:1EDEH         LINE#         87
  C:1EE9H         LINE#         88
  C:1EEBH         LINE#         89
  -------         ENDPROC       _EPROMREAD
  -------         PROC          _EPROMWRITE
  X:005BH         SYMBOL        WriteAddr
  X:005DH         SYMBOL        pBuffer
  X:0060H         SYMBOL        NumToWrite
  C:1DFFH         LINE#         90
  C:1E0FH         LINE#         94
  C:1E21H         LINE#         95
  C:1E21H         LINE#         96
  C:1E38H         LINE#         97
  C:1E43H         LINE#         98
  C:1E4EH         LINE#         99
  C:1E50H         LINE#         100
  -------         ENDPROC       _EPROMWRITE
  -------         PROC          EPROMTEST
  -------         DO            
  X:005BH         SYMBOL        temp
  X:005CH         SYMBOL        i
  X:0060H         SYMBOL        j
  X:0064H         SYMBOL        crc32Src
  X:0068H         SYMBOL        crc32Dist
  -------         ENDDO         
  C:12A9H         LINE#         101
  C:12A9H         LINE#         105
  C:12ACH         LINE#         106
  C:12CFH         LINE#         107
  C:12DFH         LINE#         108
  C:12E7H         LINE#         109
  C:12F7H         LINE#         110
  C:1316H         LINE#         111
  C:1319H         LINE#         112
  C:133CH         LINE#         113
  C:134CH         LINE#         114
  C:1354H         LINE#         115
  C:1373H         LINE#         116
  C:1396H         LINE#         117
  C:139CH         LINE#         119
  C:13B5H         LINE#         121
  -------         ENDPROC       EPROMTEST
  -------         ENDMOD        EPROM

  -------         MODULE        OUTPCA9554
  C:0000H         SYMBOL        _ICE_DUMMY_
  C:2829H         PUBLIC        outPca9554Init
BL51 BANKED LINKER/LOCATER V6.22.2.0                                                  12/03/2018  23:06:33  PAGE 31


  C:2622H         PUBLIC        outPca9554Read
  C:2809H         PUBLIC        _outPca9554Write
  -------         PROC          OUTPCA9554INIT
  C:2829H         LINE#         10
  C:2829H         LINE#         12
  C:282CH         LINE#         13
  C:2831H         LINE#         14
  C:2834H         LINE#         15
  C:2839H         LINE#         16
  C:283CH         LINE#         17
  C:2841H         LINE#         18
  C:2844H         LINE#         19
  -------         ENDPROC       OUTPCA9554INIT
  -------         PROC          OUTPCA9554READ
  -------         DO            
  X:001DH         SYMBOL        temp
  -------         ENDDO         
  C:2622H         LINE#         21
  C:2622H         LINE#         23
  C:2625H         LINE#         24
  C:262AH         LINE#         25
  C:262DH         LINE#         26
  C:2632H         LINE#         27
  C:2635H         LINE#         28
  C:2638H         LINE#         29
  C:263DH         LINE#         30
  C:2640H         LINE#         31
  C:2649H         LINE#         32
  C:264CH         LINE#         33
  C:264FH         LINE#         34
  C:2651H         LINE#         35
  -------         ENDPROC       OUTPCA9554READ
  -------         PROC          _OUTPCA9554WRITE
  D:0004H         SYMBOL        wdata
  C:2809H         LINE#         36
  C:280BH         LINE#         37
  C:280EH         LINE#         38
  C:2813H         LINE#         39
  C:2816H         LINE#         40
  C:281BH         LINE#         41
  C:281EH         LINE#         42
  C:2823H         LINE#         43
  C:2826H         LINE#         44
  -------         ENDPROC       _OUTPCA9554WRITE
  -------         ENDMOD        OUTPCA9554

  -------         MODULE        INPCA9554
  C:0000H         SYMBOL        _ICE_DUMMY_
  C:240EH         PUBLIC        inPca9554Init
  C:2652H         PUBLIC        inPca9554Read
  -------         PROC          INPCA9554INIT
  C:240EH         LINE#         10
  C:240EH         LINE#         12
  C:2411H         LINE#         13
  C:2416H         LINE#         14
  C:2419H         LINE#         15
  C:241EH         LINE#         16
BL51 BANKED LINKER/LOCATER V6.22.2.0                                                  12/03/2018  23:06:33  PAGE 32


  C:2421H         LINE#         17
  C:2426H         LINE#         18
  C:2429H         LINE#         19
  C:242CH         LINE#         21
  C:242FH         LINE#         22
  C:2434H         LINE#         23
  C:2437H         LINE#         24
  C:243CH         LINE#         25
  C:243FH         LINE#         26
  C:2444H         LINE#         27
  C:2447H         LINE#         28
  -------         ENDPROC       INPCA9554INIT
  -------         PROC          INPCA9554READ
  -------         DO            
  D:0005H         SYMBOL        temp
  -------         ENDDO         
  C:2652H         LINE#         31
  C:2652H         LINE#         33
  C:2655H         LINE#         34
  C:265AH         LINE#         35
  C:265DH         LINE#         36
  C:2662H         LINE#         37
  C:2665H         LINE#         38
  C:2668H         LINE#         39
  C:266DH         LINE#         40
  C:2670H         LINE#         41
  C:2677H         LINE#         42
  C:267AH         LINE#         43
  C:267DH         LINE#         44
  C:267FH         LINE#         45
  -------         ENDPROC       INPCA9554READ
  -------         ENDMOD        INPCA9554

  -------         MODULE        MCP47X6
  C:0000H         SYMBOL        _ICE_DUMMY_
  C:14BAH         PUBLIC        mcp47x6Init
  C:2C0EH         PUBLIC        _mcp47x6_read
  X:001FH         SYMBOL        Mcp47x6Data
  C:13B6H         PUBLIC        _mcp47x6_write
  -------         PROC          MCP47X6INIT
  -------         DO            
  D:0004H         SYMBOL        temp
  D:0006H         SYMBOL        flag
  -------         ENDDO         
  C:14BAH         LINE#         22
  C:14BAH         LINE#         23
  C:14BAH         LINE#         26
  C:14C0H         LINE#         27
  C:14C4H         LINE#         28
  C:14C8H         LINE#         29
  C:14CCH         LINE#         30
  C:14CEH         LINE#         35
  C:14D1H         LINE#         37
  C:14D6H         LINE#         38
  C:14DBH         LINE#         40
  C:14E0H         LINE#         41
  C:14E5H         LINE#         43
BL51 BANKED LINKER/LOCATER V6.22.2.0                                                  12/03/2018  23:06:33  PAGE 33


  C:14EAH         LINE#         44
  C:14EFH         LINE#         46
  C:14F4H         LINE#         47
  C:14F9H         LINE#         49
  C:14FCH         LINE#         51
  C:14FFH         LINE#         53
  C:1504H         LINE#         54
  C:1509H         LINE#         56
  C:150EH         LINE#         57
  C:1513H         LINE#         59
  C:1518H         LINE#         60
  C:151DH         LINE#         62
  C:1522H         LINE#         63
  C:1527H         LINE#         65
  C:152AH         LINE#         67
  C:152DH         LINE#         69
  C:1532H         LINE#         70
  C:1537H         LINE#         72
  C:153CH         LINE#         73
  C:1541H         LINE#         75
  C:1546H         LINE#         76
  C:154BH         LINE#         78
  C:1550H         LINE#         79
  C:1555H         LINE#         81
  C:1558H         LINE#         83
  C:155BH         LINE#         85
  C:1560H         LINE#         86
  C:1565H         LINE#         88
  C:156AH         LINE#         89
  C:156FH         LINE#         91
  C:1574H         LINE#         92
  C:1579H         LINE#         94
  C:157EH         LINE#         95
  C:1583H         LINE#         97
  C:1586H         LINE#         98
  C:1588H         LINE#         99
  -------         ENDPROC       MCP47X6INIT
  -------         PROC          _MCP47X6_WRITE
  D:0007H         SYMBOL        channel
  D:0002H         SYMBOL        dat
  -------         DO            
  X:001EH         SYMBOL        temp
  D:0001H         SYMBOL        flag
[...]
  C:0EEDH         LINE#         194
  C:0EEDH         LINE#         196
  C:0EEEH         LINE#         197
  C:0EEEH         LINE#         198
  C:0F32H         LINE#         199
  C:0F47H         LINE#         200
  C:0F47H         LINE#         201
  -------         ENDPROC       _T1MS
  -------         PROC          _T10MS
  X:003FH         SYMBOL        A
  X:0040H         SYMBOL        start
  X:0041H         SYMBOL        value
  C:0F48H         LINE#         202
  C:0F56H         LINE#         204
  C:0F5FH         LINE#         205
  C:0F6CH         LINE#         207
  C:0F74H         LINE#         208
  C:0F9AH         LINE#         209
  C:0FCFH         LINE#         210
  C:0FD1H         LINE#         211
  C:0FD1H         LINE#         212
  C:1014H         LINE#         213
  C:1014H         LINE#         215
  C:1015H         LINE#         216
  C:1015H         LINE#         217
  C:1059H         LINE#         218
  C:106EH         LINE#         219
  C:106EH         LINE#         220
  -------         ENDPROC       _T10MS
  -------         PROC          _T100MS
  X:0043H         SYMBOL        A
  X:0044H         SYMBOL        start
  X:0045H         SYMBOL        value
  C:106FH         LINE#         221
  C:107DH         LINE#         223
  C:1086H         LINE#         224
  C:1093H         LINE#         226
  C:109BH         LINE#         227
  C:10C1H         LINE#         228
  C:10F6H         LINE#         229
  C:10F8H         LINE#         230
BL51 BANKED LINKER/LOCATER V6.22.2.0                                                  12/03/2018  23:06:33  PAGE 47


  C:10F8H         LINE#         231
  C:113BH         LINE#         232
  C:113BH         LINE#         233
  C:113CH         LINE#         234
  C:113CH         LINE#         235
  C:1180H         LINE#         236
  C:1195H         LINE#         237
  C:1195H         LINE#         238
  -------         ENDPROC       _T100MS
  -------         PROC          TIMER0INIT
  -------         DO            
  D:0006H         SYMBOL        temp
  -------         ENDDO         
  C:27BBH         LINE#         240
  C:27BBH         LINE#         241
  C:27BBH         LINE#         243
  C:27BEH         LINE#         244
  C:27C0H         LINE#         245
  C:27C2H         LINE#         246
  C:27C4H         LINE#         247
  C:27C8H         LINE#         248
  C:27CAH         LINE#         249
  C:27CEH         LINE#         250
  C:27D1H         LINE#         251
  C:27D4H         LINE#         252
  C:27D7H         LINE#         253
  C:27DAH         LINE#         254
  C:27DDH         LINE#         255
  C:27DFH         LINE#         256
  C:27E1H         LINE#         257
  -------         ENDPROC       TIMER0INIT
  -------         PROC          TIMER0ISR
  -------         DO            
  D:0016H         SYMBOL        i
  -------         ENDDO         
  C:0B62H         LINE#         258
  C:0B77H         LINE#         261
  C:0B79H         LINE#         262
  C:0B81H         LINE#         264
  C:0B87H         LINE#         265
  C:0BA8H         LINE#         266
  C:0BB9H         LINE#         267
  C:0BB9H         LINE#         268
  C:0BC9H         LINE#         270
  C:0BD4H         LINE#         271
  C:0BDAH         LINE#         272
  C:0BFBH         LINE#         273
  C:0C0CH         LINE#         274
  C:0C0CH         LINE#         275
  C:0C1CH         LINE#         276
  C:0C1EH         LINE#         277
  C:0C21H         LINE#         278
  C:0C21H         LINE#         280
  C:0C2CH         LINE#         281
  C:0C32H         LINE#         282
  C:0C53H         LINE#         283
  C:0C64H         LINE#         284
BL51 BANKED LINKER/LOCATER V6.22.2.0                                                  12/03/2018  23:06:33  PAGE 48


  C:0C64H         LINE#         285
  C:0C74H         LINE#         286
  C:0C76H         LINE#         287
  C:0C79H         LINE#         288
  C:0C79H         LINE#         290
  C:0C84H         LINE#         291
  C:0C8AH         LINE#         292
  C:0CABH         LINE#         293
  C:0CBCH         LINE#         294
  C:0CBCH         LINE#         295
  C:0CCCH         LINE#         296
  C:0CCFH         LINE#         297
  C:0CD1H         LINE#         298
  C:0CD1H         LINE#         299
  C:0CDCH         LINE#         300
  C:0CDFH         LINE#         301
  C:0CDFH         LINE#         302
  C:0CE1H         LINE#         303
  C:0CE4H         LINE#         304
  C:0CE7H         LINE#         305
  -------         ENDPROC       TIMER0ISR
  -------         PROC          GETINPUT
  -------         DO            
  D:002FH         SYMBOL        i
  D:0030H         SYMBOL        temp0
  D:0031H         SYMBOL        temp1
  -------         ENDDO         
  C:1826H         LINE#         307
  C:1826H         LINE#         309
  C:1830H         LINE#         310
  C:1838H         LINE#         311
  C:183EH         LINE#         312
  C:184CH         LINE#         313
  C:1860H         LINE#         314
  C:1874H         LINE#         315
  C:1878H         LINE#         316
  C:187CH         LINE#         317
  C:1899H         LINE#         319
  C:18B8H         LINE#         320
  C:18B8H         LINE#         321
  C:18BCH         LINE#         322
  C:18BFH         LINE#         323
  C:18BFH         LINE#         324
  C:18C1H         LINE#         325
  -------         ENDPROC       GETINPUT
  -------         PROC          SETOUTPUT
  C:2C14H         LINE#         326
  C:2C14H         LINE#         328
  -------         ENDPROC       SETOUTPUT
  -------         ENDMOD        SPLC

  -------         MODULE        ?C?COPY
  C:04F6H         PUBLIC        ?C?COPY
  -------         ENDMOD        ?C?COPY

  -------         MODULE        ?C?CLDPTR
  C:051CH         PUBLIC        ?C?CLDPTR
BL51 BANKED LINKER/LOCATER V6.22.2.0                                                  12/03/2018  23:06:33  PAGE 49


  -------         ENDMOD        ?C?CLDPTR

  -------         MODULE        ?C?CLDOPTR
  C:0535H         PUBLIC        ?C?CLDOPTR
  -------         ENDMOD        ?C?CLDOPTR

  -------         MODULE        ?C?CSTPTR
  C:0562H         PUBLIC        ?C?CSTPTR
  -------         ENDMOD        ?C?CSTPTR

  -------         MODULE        ?C?SIDIV
  C:0574H         PUBLIC        ?C?SIDIV
  -------         ENDMOD        ?C?SIDIV

  -------         MODULE        ?C?IILDX
  C:05AAH         PUBLIC        ?C?IILDX
  -------         ENDMOD        ?C?IILDX

  -------         MODULE        ?C?ISTPTR
  C:05C0H         PUBLIC        ?C?ISTPTR
  -------         ENDMOD        ?C?ISTPTR

  -------         MODULE        ?C?SLDIV
  C:2019H         PUBLIC        ?C?SLDIV
  -------         ENDMOD        ?C?SLDIV

  -------         MODULE        ?C?SLCMP
  C:05DFH         PUBLIC        ?C?SLCMP
  -------         ENDMOD        ?C?SLCMP

  -------         MODULE        ?C?ULCMP
  C:05F5H         PUBLIC        ?C?ULCMP
  -------         ENDMOD        ?C?ULCMP

  -------         MODULE        ?C?ULSHR
  C:0606H         PUBLIC        ?C?ULSHR
  -------         ENDMOD        ?C?ULSHR

  -------         MODULE        ?C?LSHL
  C:0619H         PUBLIC        ?C?LSHL
  -------         ENDMOD        ?C?LSHL

  -------         MODULE        ?C?LLDCODE0
  C:062CH         PUBLIC        ?C?LLDCODE0
  -------         ENDMOD        ?C?LLDCODE0

  -------         MODULE        ?C?LSTPDATA
  C:063CH         PUBLIC        ?C?LSTPDATA
  -------         ENDMOD        ?C?LSTPDATA

  -------         MODULE        ?C?LSTKPDATA
  C:0648H         PUBLIC        ?C?LSTKPDATA
  -------         ENDMOD        ?C?LSTKPDATA

  -------         MODULE        ?C?OFFXADD
  C:0661H         PUBLIC        ?C?OFFXADD
  -------         ENDMOD        ?C?OFFXADD
BL51 BANKED LINKER/LOCATER V6.22.2.0                                                  12/03/2018  23:06:33  PAGE 50



  -------         MODULE        ?C_PBP
  D:0038H         PUBLIC        ?C_PBP
  -------         ENDMOD        ?C_PBP

  -------         MODULE        PRINTF
  X:006CH         PUBLIC        ?_PRINTF517?BYTE
  X:006CH         PUBLIC        ?_PRINTF?BYTE
  X:006CH         PUBLIC        ?_SPRINTF517?BYTE
  X:006CH         PUBLIC        ?_SPRINTF?BYTE
  C:0869H         PUBLIC        _PRINTF
  C:0869H         PUBLIC        _PRINTF517
  C:0863H         PUBLIC        _SPRINTF
  C:0863H         PUBLIC        _SPRINTF517
  -------         ENDMOD        PRINTF

  -------         MODULE        RAND
  X:0047H         PUBLIC        ?SRAND?BYTE
  C:1FCFH         PUBLIC        RAND
  C:200BH         PUBLIC        _SRAND
  -------         ENDMOD        RAND

  -------         MODULE        ?C?MEMSET
  C:066DH         PUBLIC        ?C?MEMSET
  -------         ENDMOD        ?C?MEMSET

  -------         MODULE        ?C?UIDIV
  C:0699H         PUBLIC        ?C?UIDIV
  -------         ENDMOD        ?C?UIDIV

  -------         MODULE        ?C?ULDIV
  C:072AH         PUBLIC        ?C?ULDIV
  -------         ENDMOD        ?C?ULDIV

  -------         MODULE        ?C?LLDPDATA
  C:07BCH         PUBLIC        ?C?LLDPDATA
  -------         ENDMOD        ?C?LLDPDATA

  -------         MODULE        ?C?PLDIPDATA
  C:07C8H         PUBLIC        ?C?PLDIPDATA
  -------         ENDMOD        ?C?PLDIPDATA

  -------         MODULE        ?C?PSTPDATA
  C:07D8H         PUBLIC        ?C?PSTPDATA
  -------         ENDMOD        ?C?PSTPDATA

  -------         MODULE        ?C?CCASE
  C:07E1H         PUBLIC        ?C?CCASE
  -------         ENDMOD        ?C?CCASE

  -------         MODULE        PUTCHAR
  C:27E2H         PUBLIC        _PUTCHAR
  -------         ENDMOD        PUTCHAR



FUNCTION REGISTER MASKS
BL51 BANKED LINKER/LOCATER V6.22.2.0                                                  12/03/2018  23:06:33  PAGE 51




FUNCTION . . . . . . . . . . . REG MASK
---------------------------------------

CLEARC . . . . . . . . . . . . @0xf30f
CLEARDM. . . . . . . . . . . . @0xf30f
CLEAREM. . . . . . . . . . . . @0xf30f
CLEARMR. . . . . . . . . . . . @0xf30f
CLEARR . . . . . . . . . . . . @0xf30f
CLEART . . . . . . . . . . . . @0xf30f
CLEARTD. . . . . . . . . . . . @0xf30f
CRC32CLEAR . . . . . . . . . . @0xbf8f
EPROMINIT. . . . . . . . . . . @0x8000
GETINPUT . . . . . . . . . . . @0xf38f
IIC0ACK. . . . . . . . . . . . @0xe081
IIC0INIT . . . . . . . . . . . @0x8000
IIC0NACK . . . . . . . . . . . @0xe081
IIC0START. . . . . . . . . . . @0xe081
IIC0STOP . . . . . . . . . . . @0xe081
IIC0WAITACK. . . . . . . . . . @0xf083
IIC1ACK. . . . . . . . . . . . @0xe081
IIC1INIT . . . . . . . . . . . @0x8000
IIC1NACK . . . . . . . . . . . @0xe081
IIC1START. . . . . . . . . . . @0xe081
IIC1STOP . . . . . . . . . . . @0xe081
IIC1WAITACK. . . . . . . . . . @0xf083
IIC2ACK. . . . . . . . . . . . @0xe081
IIC2INIT . . . . . . . . . . . @0x8000
IIC2NACK . . . . . . . . . . . @0xe081
IIC2START. . . . . . . . . . . @0xe081
IIC2STOP . . . . . . . . . . . @0xe081
IIC2WAITACK. . . . . . . . . . @0xf083
IIC3ACK. . . . . . . . . . . . @0xe081
IIC3INIT . . . . . . . . . . . @0x8000
IIC3NACK . . . . . . . . . . . @0xe081
IIC3START. . . . . . . . . . . @0xe081
IIC3STOP . . . . . . . . . . . @0xe081
IIC3WAITACK. . . . . . . . . . @0xf083
IIC4ACK. . . . . . . . . . . . @0xe081
IIC4INIT . . . . . . . . . . . @0x8000
IIC4NACK . . . . . . . . . . . @0xe081
IIC4START. . . . . . . . . . . @0xe081
IIC4STOP . . . . . . . . . . . @0xe081
IIC4WAITACK. . . . . . . . . . @0xf083
IIC5ACK. . . . . . . . . . . . @0xe081
IIC5INIT . . . . . . . . . . . @0x8000
IIC5NACK . . . . . . . . . . . @0xe081
IIC5START. . . . . . . . . . . @0xe081
IIC5STOP . . . . . . . . . . . @0xe081
IIC5WAITACK. . . . . . . . . . @0xf083
IIC6ACK. . . . . . . . . . . . @0xe081
IIC6INIT . . . . . . . . . . . @0x8000
IIC6NACK . . . . . . . . . . . @0xe081
IIC6START. . . . . . . . . . . @0xe081
IIC6STOP . . . . . . . . . . . @0xe081
IIC6WAITACK. . . . . . . . . . @0xf083
BL51 BANKED LINKER/LOCATER V6.22.2.0                                                  12/03/2018  23:06:33  PAGE 52


INITDEVICE . . . . . . . . . . @0x8000
INPCA9554INIT. . . . . . . . . @0xf087
INPCA9554READ. . . . . . . . . @0xf08f
MCP47X6INIT. . . . . . . . . . @0xf08f
MODBUSSLAVESERIALISR . . . . . @0xf373
NVRAMSAVE. . . . . . . . . . . @0xc000
OSCILLATOR_INIT. . . . . . . . @0x8000
OUTPCA9554INIT . . . . . . . . @0xf087
OUTPCA9554READ . . . . . . . . @0xf08f
PORT_IO_INIT . . . . . . . . . @0x8000
READNVRAM. . . . . . . . . . . @0x8000
RESET_SOURCES_INIT . . . . . . @0x8000
SETOUTPUT. . . . . . . . . . . @0x8000
TIMER0INIT . . . . . . . . . . @0xe003
TIMER0ISR. . . . . . . . . . . @0xf78b
UPDATENVRAM. . . . . . . . . . @0x8000
VOLTAGE_REFERENCE_INIT . . . . @0x8000
WRITENVRAM . . . . . . . . . . @0x8000
_?DELAYMS. . . . . . . . . . . @0xe081
_?DELAYUS. . . . . . . . . . . @0xe080
_CRC32SETCRCOLD. . . . . . . . @0xbf8f
_EPROMREAD . . . . . . . . . . @0xf3ff
_EPROMREADONEBYTE. . . . . . . @0xf0bf
_EPROMWRITE. . . . . . . . . . @0xf3ff
_EPROMWRITELENBYTE . . . . . . @0xf4ff
_EPROMWRITEONEBYTE . . . . . . @0xf0bf
_FLIP. . . . . . . . . . . . . @0xf3ff
_GETCOILVAL. . . . . . . . . . @0xf703
_GETREGISTERVAL. . . . . . . . @0xf703
_HWDELAY . . . . . . . . . . . @0xe001
_HWDELAYINIT . . . . . . . . . @0xc001
_IIC0READBYTE. . . . . . . . . @0xf08f
_IIC0SENDBYTE. . . . . . . . . @0xf087
_IIC1READBYTE. . . . . . . . . @0xf08f
_IIC1SENDBYTE. . . . . . . . . @0xf087
_IIC2READBYTE. . . . . . . . . @0xf08f
_IIC2SENDBYTE. . . . . . . . . @0xf087
_IIC3READBYTE. . . . . . . . . @0xf08f
_IIC3SENDBYTE. . . . . . . . . @0xf087
_IIC4READBYTE. . . . . . . . . @0xf08f
_IIC4SENDBYTE. . . . . . . . . @0xf087
_IIC5READBYTE. . . . . . . . . @0xf08f
_IIC5SENDBYTE. . . . . . . . . @0xf087
_IIC6READBYTE. . . . . . . . . @0xf08f
_IIC6SENDBYTE. . . . . . . . . @0xf087
_LD. . . . . . . . . . . . . . @0xf39f
_LDN . . . . . . . . . . . . . @0xf39f
_LDP . . . . . . . . . . . . . @0xf39f
_MCP47X6_READ. . . . . . . . . @0x8000
_MCP47X6_WRITE . . . . . . . . @0xf0f7
_OUTPCA9554WRITE . . . . . . . @0xf08f
_RESET . . . . . . . . . . . . @0xf3cf
_SET . . . . . . . . . . . . . @0xf3cf
_SETCOILVAL. . . . . . . . . . @0xe00f
_SETREGISTERVAL. . . . . . . . @0xe00f

*** WARNING L16: UNCALLED SEGMENT, IGNORED FOR OVERLAY PROCESS
BL51 BANKED LINKER/LOCATER V6.22.2.0                                                  12/03/2018  23:06:33  PAGE 53


    SEGMENT: ?PR?_HWDELAYINIT?DELAY

*** WARNING L16: UNCALLED SEGMENT, IGNORED FOR OVERLAY PROCESS
    SEGMENT: ?PR?_HWDELAY?DELAY

*** WARNING L16: UNCALLED SEGMENT, IGNORED FOR OVERLAY PROCESS
    SEGMENT: ?PR?_CRC32CALCULATE?CRC32

*** WARNING L16: UNCALLED SEGMENT, IGNORED FOR OVERLAY PROCESS
    SEGMENT: ?PR?_CRC32SETCRCOLD?CRC32

*** WARNING L16: UNCALLED SEGMENT, IGNORED FOR OVERLAY PROCESS
    SEGMENT: ?PR?GETSCL0?I2C0

*** WARNING L16: UNCALLED SEGMENT, IGNORED FOR OVERLAY PROCESS
    SEGMENT: ?PR?IIC1INIT?I2C1

*** WARNING L16: UNCALLED SEGMENT, IGNORED FOR OVERLAY PROCESS
    SEGMENT: ?PR?GETSCL1?I2C1

*** WARNING L16: UNCALLED SEGMENT, IGNORED FOR OVERLAY PROCESS
    SEGMENT: ?PR?_IIC1READBYTE?I2C1

*** WARNING L16: UNCALLED SEGMENT, IGNORED FOR OVERLAY PROCESS
    SEGMENT: ?PR?IIC2INIT?I2C2

*** WARNING L16: UNCALLED SEGMENT, IGNORED FOR OVERLAY PROCESS
    SEGMENT: ?PR?GETSCL2?I2C2

*** WARNING L16: UNCALLED SEGMENT, IGNORED FOR OVERLAY PROCESS
    SEGMENT: ?PR?_IIC2READBYTE?I2C2

*** WARNING L16: UNCALLED SEGMENT, IGNORED FOR OVERLAY PROCESS
    SEGMENT: ?PR?IIC3INIT?I2C3

*** WARNING L16: UNCALLED SEGMENT, IGNORED FOR OVERLAY PROCESS
    SEGMENT: ?PR?GETSCL3?I2C3

*** WARNING L16: UNCALLED SEGMENT, IGNORED FOR OVERLAY PROCESS
    SEGMENT: ?PR?_IIC3READBYTE?I2C3

*** WARNING L16: UNCALLED SEGMENT, IGNORED FOR OVERLAY PROCESS
    SEGMENT: ?PR?IIC4INIT?I2C4

*** WARNING L16: UNCALLED SEGMENT, IGNORED FOR OVERLAY PROCESS
    SEGMENT: ?PR?GETSCL?I2C4

*** WARNING L16: UNCALLED SEGMENT, IGNORED FOR OVERLAY PROCESS
    SEGMENT: ?PR?_IIC4READBYTE?I2C4

*** WARNING L16: UNCALLED SEGMENT, IGNORED FOR OVERLAY PROCESS
    SEGMENT: ?PR?IIC5INIT?I2C5

*** WARNING L16: UNCALLED SEGMENT, IGNORED FOR OVERLAY PROCESS
    SEGMENT: ?PR?GETSCL5?I2C5

*** WARNING L16: UNCALLED SEGMENT, IGNORED FOR OVERLAY PROCESS
BL51 BANKED LINKER/LOCATER V6.22.2.0                                                  12/03/2018  23:06:33  PAGE 54


    SEGMENT: ?PR?IIC6INIT?I2C6

*** WARNING L16: UNCALLED SEGMENT, IGNORED FOR OVERLAY PROCESS
    SEGMENT: ?PR?GETSCL6?I2C6

*** WARNING L16: UNCALLED SEGMENT, IGNORED FOR OVERLAY PROCESS
    SEGMENT: ?PR?EPROMINIT?EPROM

*** WARNING L16: UNCALLED SEGMENT, IGNORED FOR OVERLAY PROCESS
    SEGMENT: ?PR?_EPROMWRITELENBYTE?EPROM

*** WARNING L16: UNCALLED SEGMENT, IGNORED FOR OVERLAY PROCESS
    SEGMENT: ?PR?_EPROMREADLENBYTE?EPROM

*** WARNING L16: UNCALLED SEGMENT, IGNORED FOR OVERLAY PROCESS
    SEGMENT: ?PR?OUTPCA9554INIT?OUTPCA9554

*** WARNING L16: UNCALLED SEGMENT, IGNORED FOR OVERLAY PROCESS
    SEGMENT: ?PR?OUTPCA9554READ?OUTPCA9554

*** WARNING L16: UNCALLED SEGMENT, IGNORED FOR OVERLAY PROCESS
    SEGMENT: ?PR?_OUTPCA9554WRITE?OUTPCA9554

*** WARNING L16: UNCALLED SEGMENT, IGNORED FOR OVERLAY PROCESS
    SEGMENT: ?PR?INPCA9554INIT?INPCA9554

*** WARNING L16: UNCALLED SEGMENT, IGNORED FOR OVERLAY PROCESS
    SEGMENT: ?PR?MCP47X6INIT?MCP47X6

*** WARNING L16: UNCALLED SEGMENT, IGNORED FOR OVERLAY PROCESS
    SEGMENT: ?PR?_MCP47X6_WRITE?MCP47X6

*** WARNING L16: UNCALLED SEGMENT, IGNORED FOR OVERLAY PROCESS
    SEGMENT: ?PR?_MCP47X6_READ?MCP47X6

*** WARNING L16: UNCALLED SEGMENT, IGNORED FOR OVERLAY PROCESS
    SEGMENT: ?PR?_GETCOILVAL?MODBUSAPP

*** WARNING L16: UNCALLED SEGMENT, IGNORED FOR OVERLAY PROCESS
    SEGMENT: ?PR?_SETCOILVAL?MODBUSAPP

*** WARNING L16: UNCALLED SEGMENT, IGNORED FOR OVERLAY PROCESS
    SEGMENT: ?PR?_GETREGISTERVAL?MODBUSAPP

*** WARNING L16: UNCALLED SEGMENT, IGNORED FOR OVERLAY PROCESS
    SEGMENT: ?PR?_SETREGISTERVAL?MODBUSAPP

*** WARNING L16: UNCALLED SEGMENT, IGNORED FOR OVERLAY PROCESS
    SEGMENT: ?PR?_HEX2ASCII?MODBUSSLAVEASCII

*** WARNING L16: UNCALLED SEGMENT, IGNORED FOR OVERLAY PROCESS
    SEGMENT: ?PR?_MODBUSSERIALINIT?MODBUSSLAVEASCII

*** WARNING L16: UNCALLED SEGMENT, IGNORED FOR OVERLAY PROCESS
    SEGMENT: ?PR?READNVRAM?MAINAPP

*** WARNING L16: UNCALLED SEGMENT, IGNORED FOR OVERLAY PROCESS
BL51 BANKED LINKER/LOCATER V6.22.2.0                                                  12/03/2018  23:06:33  PAGE 55


    SEGMENT: ?PR?WRITENVRAM?MAINAPP

*** WARNING L16: UNCALLED SEGMENT, IGNORED FOR OVERLAY PROCESS
    SEGMENT: ?PR?UPDATENVRAM?MAINAPP

*** WARNING L16: UNCALLED SEGMENT, IGNORED FOR OVERLAY PROCESS
    SEGMENT: ?PR?CLEARDM?SPLC

*** WARNING L16: UNCALLED SEGMENT, IGNORED FOR OVERLAY PROCESS
    SEGMENT: ?PR?CLEARMR?SPLC

*** WARNING L16: UNCALLED SEGMENT, IGNORED FOR OVERLAY PROCESS
    SEGMENT: ?PR?NVRAMSAVE?SPLC

*** WARNING L16: UNCALLED SEGMENT, IGNORED FOR OVERLAY PROCESS
    SEGMENT: ?PR?_FLIP?SPLC

*** WARNING L16: UNCALLED SEGMENT, IGNORED FOR OVERLAY PROCESS
    SEGMENT: ?PR?_LD?SPLC

*** WARNING L16: UNCALLED SEGMENT, IGNORED FOR OVERLAY PROCESS
    SEGMENT: ?PR?_LDP?SPLC

*** WARNING L16: UNCALLED SEGMENT, IGNORED FOR OVERLAY PROCESS
    SEGMENT: ?PR?_LDN?SPLC

*** WARNING L16: UNCALLED SEGMENT, IGNORED FOR OVERLAY PROCESS
    SEGMENT: ?PR?_T100US?SPLC

*** WARNING L16: UNCALLED SEGMENT, IGNORED FOR OVERLAY PROCESS
    SEGMENT: ?PR?_T1MS?SPLC

*** WARNING L16: UNCALLED SEGMENT, IGNORED FOR OVERLAY PROCESS
    SEGMENT: ?PR?_T10MS?SPLC

*** WARNING L16: UNCALLED SEGMENT, IGNORED FOR OVERLAY PROCESS
    SEGMENT: ?PR?_T100MS?SPLC

*** WARNING L16: UNCALLED SEGMENT, IGNORED FOR OVERLAY PROCESS
    SEGMENT: ?PR?TIMER0INIT?SPLC

*** WARNING L16: UNCALLED SEGMENT, IGNORED FOR OVERLAY PROCESS
    SEGMENT: ?PR?GETINPUT?SPLC

*** WARNING L16: UNCALLED SEGMENT, IGNORED FOR OVERLAY PROCESS
    SEGMENT: ?PR?SETOUTPUT?SPLC

Program Size: data=57.1 xdata=3519 code=11285
LINK/LOCATE RUN COMPLETE.  54 WARNING(S),  0 ERROR(S)
