BL51 BANKED LINKER/LOCATER V6.22.2.0                                                    12/02/2018  23:04:59  PAGE 1


BL51 BANKED LINKER/LOCATER V6.22.2.0, INVOKED BY:
C:\KEIL_V5\C51\BIN\BL51.EXE .\Objects\delay.obj, .\Objects\crc32.obj, .\Objects\F580_FlashPrimitives.obj, .\Objects\F580
>> _FlashUtils.obj, .\Objects\i2c0.obj, .\Objects\i2c1.obj, .\Objects\i2c2.obj, .\Objects\i2c3.obj, .\Objects\i2c4.obj, 
>> .\Objects\i2c5.obj, .\Objects\i2c6.obj, .\Objects\eprom.obj, .\Objects\outPca9554.obj, .\Objects\inPca9554.obj, .\Obj
>> ects\mcp47x6.obj, .\Objects\modbusApp.obj, .\Objects\modbusPort.obj, .\Objects\slaveModbus.obj, .\Objects\MainApp.obj
>> , .\Objects\InitConfig.obj, .\Objects\sPlc.obj TO .\Objects\dwLaser_F020 REGFILE (.\Objects\dwLaser_F020.ORC) PRINT (
>> .\Listings\dwLaser_F020.m51) RAMSIZE (256) CODE (0X0000-0X1FFFF) XDATA (0X0000-0X1FFF)


MEMORY MODEL: LARGE


INPUT MODULES INCLUDED:
  .\Objects\delay.obj (DELAY)
  .\Objects\crc32.obj (CRC32)
  .\Objects\F580_FlashPrimitives.obj (F580_FLASHPRIMITIVES)
  .\Objects\F580_FlashUtils.obj (F580_FLASHUTILS)
  .\Objects\i2c0.obj (I2C0)
  .\Objects\i2c1.obj (I2C1)
  .\Objects\i2c2.obj (I2C2)
  .\Objects\i2c3.obj (I2C3)
  .\Objects\i2c4.obj (I2C4)
  .\Objects\i2c5.obj (I2C5)
  .\Objects\i2c6.obj (I2C6)
  .\Objects\eprom.obj (EPROM)
  .\Objects\outPca9554.obj (OUTPCA9554)
  .\Objects\inPca9554.obj (INPCA9554)
  .\Objects\mcp47x6.obj (MCP47X6)
  .\Objects\modbusApp.obj (MODBUSAPP)
  .\Objects\modbusPort.obj (MODBUSPORT)
  .\Objects\slaveModbus.obj (SLAVEMODBUS)
  .\Objects\MainApp.obj (MAINAPP)
  .\Objects\InitConfig.obj (INITCONFIG)
  .\Objects\sPlc.obj (SPLC)
  C:\KEIL_V5\C51\LIB\C51L.LIB (?C_STARTUP)
  C:\KEIL_V5\C51\LIB\C51L.LIB (?C?COPY)
  C:\KEIL_V5\C51\LIB\C51L.LIB (?C?CLDPTR)
  C:\KEIL_V5\C51\LIB\C51L.LIB (?C?CLDOPTR)
  C:\KEIL_V5\C51\LIB\C51L.LIB (?C?CSTPTR)
  C:\KEIL_V5\C51\LIB\C51L.LIB (?C?SIDIV)
  C:\KEIL_V5\C51\LIB\C51L.LIB (?C?IILDX)
  C:\KEIL_V5\C51\LIB\C51L.LIB (?C?ILDIX)
  C:\KEIL_V5\C51\LIB\C51L.LIB (?C?ISTPTR)
  C:\KEIL_V5\C51\LIB\C51L.LIB (?C?SLDIV)
  C:\KEIL_V5\C51\LIB\C51L.LIB (?C?ULCMP)
  C:\KEIL_V5\C51\LIB\C51L.LIB (?C?ULSHR)
  C:\KEIL_V5\C51\LIB\C51L.LIB (?C?LSHL)
  C:\KEIL_V5\C51\LIB\C51L.LIB (?C?LLDCODE0)
  C:\KEIL_V5\C51\LIB\C51L.LIB (?C?LLDIXDATA)
  C:\KEIL_V5\C51\LIB\C51L.LIB (?C?LSTXDATA)
  C:\KEIL_V5\C51\LIB\C51L.LIB (?C?LSTKXDATA)
  C:\KEIL_V5\C51\LIB\C51L.LIB (?C?OFFXADD)
  C:\KEIL_V5\C51\LIB\C51L.LIB (?C_XBP)
  C:\KEIL_V5\C51\LIB\C51L.LIB (?C?ADDXBP)
  C:\KEIL_V5\C51\LIB\C51L.LIB (PRINTF)
  C:\KEIL_V5\C51\LIB\C51L.LIB (RAND)
  C:\KEIL_V5\C51\LIB\C51L.LIB (?C?MEMSET)
  C:\KEIL_V5\C51\LIB\C51L.LIB (?C_INIT)
BL51 BANKED LINKER/LOCATER V6.22.2.0                                                  12/02/2018  23:04:59  PAGE 2


  C:\KEIL_V5\C51\LIB\C51L.LIB (?C?UIDIV)
  C:\KEIL_V5\C51\LIB\C51L.LIB (?C?ULDIV)
  C:\KEIL_V5\C51\LIB\C51L.LIB (?C?LLDXDATA)
  C:\KEIL_V5\C51\LIB\C51L.LIB (?C?PLDIXDATA)
  C:\KEIL_V5\C51\LIB\C51L.LIB (?C?PSTXDATA)
  C:\KEIL_V5\C51\LIB\C51L.LIB (?C?CCASE)
  C:\KEIL_V5\C51\LIB\C51L.LIB (PUTCHAR)


LINK MAP OF MODULE:  .\Objects\dwLaser_F020 (DELAY)


            TYPE    BASE      LENGTH    RELOCATION   SEGMENT NAME
            -----------------------------------------------------

            * * * * * * *   D A T A   M E M O R Y   * * * * * * *
            REG     0000H     0008H     ABSOLUTE     "REG BANK 0"
            DATA    0008H     000CH     UNIT         ?DT?SPLC
            DATA    0014H     0007H     UNIT         _DATA_GROUP_
            DATA    001BH     0005H     UNIT         ?DT?SLAVEMODBUS
            BIT     0020H.0   0001H.1   UNIT         _BIT_GROUP_
            BIT     0021H.1   0000H.2   UNIT         ?BI?_FLASH_BYTEWRITE?F580_FLASHPRIMITIVES
            BIT     0021H.3   0000H.2   UNIT         ?BI?_FLASH_BYTEREAD?F580_FLASHPRIMITIVES
            BIT     0021H.5   0000H.2   UNIT         ?BI?_FLASH_PAGEERASE?F580_FLASHPRIMITIVES
            BIT     0021H.7   0000H.2   UNIT         ?BI?_FLASH_COPY?F580_FLASHUTILS
            BIT     0022H.1   0000H.1   UNIT         ?BI?_FLASH_CLEAR?F580_FLASHUTILS
            BIT     0022H.2   0000H.1   UNIT         ?BI?_FLASH_UPDATE?F580_FLASHUTILS
            BIT     0022H.3   0000H.1   UNIT         ?BI?_FLASH_WRITE?F580_FLASHUTILS
            BIT     0022H.4   0000H.1   UNIT         ?BI?_FLASH_READ?F580_FLASHUTILS
            BIT     0022H.5   0000H.1   UNIT         ?BI?_FLASH_FILL?F580_FLASHUTILS
                    0022H.6   0000H.2                *** GAP ***
            DATA    0023H     0004H     UNIT         ?DT?_CRC16?SLAVEMODBUS
            DATA    0027H     0002H     UNIT         ?DT?_FLASH_BYTEWRITE?F580_FLASHPRIMITIVES
            DATA    0029H     0002H     UNIT         ?DT?_FLASH_BYTEREAD?F580_FLASHPRIMITIVES
            DATA    002BH     0002H     UNIT         ?DT?_FLASH_PAGEERASE?F580_FLASHPRIMITIVES
            DATA    002DH     0002H     UNIT         ?DT?_LDP?SPLC
            DATA    002FH     0002H     UNIT         ?DT?_LDN?SPLC
            DATA    0031H     0002H     UNIT         ?C?LIB_DATA
            IDATA   0033H     0001H     UNIT         ?STACK

            * * * * * * *  X D A T A   M E M O R Y  * * * * * * *
            XDATA   0000H     0C44H     UNIT         ?XD?SPLC
            XDATA   0C44H     0080H     UNIT         ?XD?SLAVEMODBUS
            XDATA   0CC4H     002CH     UNIT         _XDATA_GROUP_
            XDATA   0CF0H     0020H     UNIT         ?XD?_FLASH_CLEAR?F580_FLASHUTILS
            XDATA   0D10H     0011H     UNIT         ?XD?EPROMTEST?EPROM
            XDATA   0D21H     0011H     UNIT         ?XD?READCOILS?SLAVEMODBUS
            XDATA   0D32H     0011H     UNIT         ?XD?READINPUTCOILS?SLAVEMODBUS
            XDATA   0D43H     000EH     UNIT         ?XD?_FLASH_COPY?F580_FLASHUTILS
            XDATA   0D51H     000DH     UNIT         ?XD?_FLASH_WRITE?F580_FLASHUTILS
            XDATA   0D5EH     000DH     UNIT         ?XD?_FLASH_READ?F580_FLASHUTILS
            XDATA   0D6BH     000DH     UNIT         ?XD?_FLASH_FILL?F580_FLASHUTILS
            XDATA   0D78H     000AH     UNIT         ?XD?FORCEMULTIPLECOILS?SLAVEMODBUS
            XDATA   0D82H     0009H     UNIT         ?XD?_CRC32CALCULATE?CRC32
            XDATA   0D8BH     0009H     UNIT         ?XD?_FLASH_UPDATE?F580_FLASHUTILS
            XDATA   0D94H     0008H     UNIT         ?XD?_EPROMWRITELENBYTE?EPROM
            XDATA   0D9CH     0008H     UNIT         ?XD?_EPROMREADLENBYTE?EPROM
BL51 BANKED LINKER/LOCATER V6.22.2.0                                                  12/02/2018  23:04:59  PAGE 3


            XDATA   0DA4H     0008H     UNIT         ?XD?MCP47X6
            XDATA   0DACH     0007H     UNIT         ?XD?_FLASH_BYTEWRITE?F580_FLASHPRIMITIVES
            XDATA   0DB3H     0007H     UNIT         ?XD?_EPROMREAD?EPROM
            XDATA   0DBAH     0007H     UNIT         ?XD?_EPROMWRITE?EPROM
            XDATA   0DC1H     0006H     UNIT         ?XD?_FLASH_BYTEREAD?F580_FLASHPRIMITIVES
            XDATA   0DC7H     0006H     UNIT         ?XD?_FLASH_PAGEERASE?F580_FLASHPRIMITIVES
            XDATA   0DCDH     0006H     UNIT         ?XD?READREGISTERS?SLAVEMODBUS
            XDATA   0DD3H     0006H     UNIT         ?XD?READINPUTREGISTERS?SLAVEMODBUS
            XDATA   0DD9H     0006H     UNIT         ?XD?CHECKCOMM0MODBUS?SLAVEMODBUS
            XDATA   0DDFH     0004H     UNIT         ?XD?CRC32
            XDATA   0DE3H     0004H     UNIT         ?XD?_MCP47X6_WRITE?MCP47X6
            XDATA   0DE7H     0004H     UNIT         ?XD?_INITMODBUSSERIAL?MODBUSPORT
            XDATA   0DEBH     0004H     UNIT         ?XD?_INITMODBUSHARDWARE?SLAVEMODBUS
            XDATA   0DEFH     0004H     UNIT         ?XD?PRESETMULTIPLEREGISTERS?SLAVEMODBUS
            XDATA   0DF3H     0004H     UNIT         ?XD?_T100US?SPLC
            XDATA   0DF7H     0004H     UNIT         ?XD?_T1MS?SPLC
            XDATA   0DFBH     0004H     UNIT         ?XD?_T10MS?SPLC
            XDATA   0DFFH     0004H     UNIT         ?XD?RAND?RAND
            XDATA   0E03H     0003H     UNIT         ?XD?_IIC0READBYTE?I2C0
            XDATA   0E06H     0003H     UNIT         ?XD?_IIC1READBYTE?I2C1
            XDATA   0E09H     0003H     UNIT         ?XD?_IIC2READBYTE?I2C2
            XDATA   0E0CH     0003H     UNIT         ?XD?_IIC3READBYTE?I2C3
            XDATA   0E0FH     0003H     UNIT         ?XD?_IIC4READBYTE?I2C4
            XDATA   0E12H     0003H     UNIT         ?XD?_IIC6READBYTE?I2C6
            XDATA   0E15H     0003H     UNIT         ?XD?_EPROMREADONEBYTE?EPROM
            XDATA   0E18H     0003H     UNIT         ?XD?_EPROMWRITEONEBYTE?EPROM
            XDATA   0E1BH     0003H     UNIT         ?XD?_MODBUSSERIALSENDBUFFER?MODBUSPORT
            XDATA   0E1EH     0003H     UNIT         ?XD?_CRC16?SLAVEMODBUS
            XDATA   0E21H     0002H     UNIT         ?XD?_IIC0SENDBYTE?I2C0
            XDATA   0E23H     0002H     UNIT         ?XD?FORCESINGLECOIL?SLAVEMODBUS
            XDATA   0E25H     0002H     UNIT         ?XD?PRESETSINGLEREGISTER?SLAVEMODBUS
            XDATA   0E27H     0001H     UNIT         ?XD?IIC0WAITACK?I2C0
            XDATA   0E28H     0001H     UNIT         ?XD?OUTPCA9554READ?OUTPCA9554
            XDATA   0E29H     0001H     UNIT         ?XD?_OUTPCA9554WRITE?OUTPCA9554
            XDATA   0E2AH     0001H     UNIT         ?XD?NVRAMSAVE?SPLC

            * * * * * * *   C O D E   M E M O R Y   * * * * * * *
            CODE    0000H     0003H     ABSOLUTE     
            CODE    0003H     0008H     UNIT         ?PR?GETSDA3?I2C3
            CODE    000BH     0003H     ABSOLUTE     
            CODE    000EH     0015H     UNIT         ?PR?IIC0STOP?I2C0
            CODE    0023H     0003H     ABSOLUTE     
            CODE    0026H     0005H     UNIT         ?PR?NVRAMSAVE?SPLC
            CODE    002BH     0003H     ABSOLUTE     
            CODE    002EH     0459H     UNIT         ?C?LIB_CODE
            CODE    0487H     0400H     UNIT         ?CO?CRC32
            CODE    0887H     03BCH     UNIT         ?PR?CHECKCOMM0MODBUS?SLAVEMODBUS
            CODE    0C43H     0372H     UNIT         ?PR?_FLASH_CLEAR?F580_FLASHUTILS
            CODE    0FB5H     0365H     UNIT         ?PR?PRINTF?PRINTF
            CODE    131AH     0200H     UNIT         ?CO?SLAVEMODBUS
            CODE    151AH     01CDH     UNIT         ?PR?READINPUTCOILS?SLAVEMODBUS
            CODE    16E7H     01C8H     UNIT         ?PR?READCOILS?SLAVEMODBUS
            CODE    18AFH     0190H     UNIT         ?PR?TIMER0ISR?SPLC
            CODE    1A3FH     018AH     UNIT         ?PR?_MCP47X6_WRITE?MCP47X6
            CODE    1BC9H     013FH     UNIT         ?PR?_T100US?SPLC
            CODE    1D08H     013FH     UNIT         ?PR?_T1MS?SPLC
            CODE    1E47H     013FH     UNIT         ?PR?_T10MS?SPLC
BL51 BANKED LINKER/LOCATER V6.22.2.0                                                  12/02/2018  23:04:59  PAGE 4


            CODE    1F86H     013FH     UNIT         ?PR?_T100MS?SPLC
            CODE    20C5H     0138H     UNIT         ?PR?EPROMTEST?EPROM
            CODE    21FDH     0130H     UNIT         ?PR?FORCEMULTIPLECOILS?SLAVEMODBUS
            CODE    232DH     011EH     UNIT         ?PR?_FLASH_COPY?F580_FLASHUTILS
            CODE    244BH     0113H     UNIT         ?PR?MCP47X6INIT?MCP47X6
            CODE    255EH     0101H     UNIT         ?PR?READREGISTERS?SLAVEMODBUS
            CODE    265FH     0101H     UNIT         ?PR?READINPUTREGISTERS?SLAVEMODBUS
            CODE    2760H     00FFH     UNIT         ?PR?_FLASH_BYTEWRITE?F580_FLASHPRIMITIVES
            CODE    285FH     00FBH     UNIT         ?PR?_FLASH_PAGEERASE?F580_FLASHPRIMITIVES
            CODE    295AH     00CAH     UNIT         ?PR?_CRC32CALCULATE?CRC32
            CODE    2A24H     00C1H     UNIT         ?PR?_FLASH_BYTEREAD?F580_FLASHPRIMITIVES
            CODE    2AE5H     00B0H     UNIT         ?PR?_EPROMREADLENBYTE?EPROM
            CODE    2B95H     00AEH     UNIT         ?PR?PRESETMULTIPLEREGISTERS?SLAVEMODBUS
            CODE    2C43H     00A7H     UNIT         ?PR?_FLASH_WRITE?F580_FLASHUTILS
            CODE    2CEAH     00A4H     UNIT         ?PR?_FLASH_READ?F580_FLASHUTILS
            CODE    2D8EH     009EH     UNIT         ?PR?_LDP?SPLC
            CODE    2E2CH     009EH     UNIT         ?PR?_LDN?SPLC
            CODE    2ECAH     009CH     UNIT         ?PR?GETINPUT?SPLC
            CODE    2F66H     0097H     UNIT         ?PR?CLEART?SPLC
            CODE    2FFDH     0097H     UNIT         ?PR?CLEARTD?SPLC
            CODE    3094H     008CH     UNIT         ?C_C51STARTUP
            CODE    3120H     0089H     UNIT         ?PR?_FLASH_FILL?F580_FLASHUTILS
            CODE    31A9H     0086H     UNIT         ?PR?MAIN?MAINAPP
            CODE    322FH     0075H     UNIT         ?PR?_CRC16?SLAVEMODBUS
            CODE    32A4H     0072H     UNIT         ?PR?FORCESINGLECOIL?SLAVEMODBUS
            CODE    3316H     006FH     UNIT         ?PR?PRESETSINGLEREGISTER?SLAVEMODBUS
            CODE    3385H     0067H     UNIT         ?PR?_CRC32CALCULATEADD?CRC32
            CODE    33ECH     0062H     UNIT         ?PR?_FLASH_UPDATE?F580_FLASHUTILS
            CODE    344EH     005CH     UNIT         ?PR?_IIC0READBYTE?I2C0
            CODE    34AAH     005CH     UNIT         ?PR?_IIC1READBYTE?I2C1
            CODE    3506H     005CH     UNIT         ?PR?_IIC2READBYTE?I2C2
            CODE    3562H     005CH     UNIT         ?PR?_IIC3READBYTE?I2C3
            CODE    35BEH     005CH     UNIT         ?PR?_IIC4READBYTE?I2C4
            CODE    361AH     005CH     UNIT         ?PR?_IIC5READBYTE?I2C5
            CODE    3676H     005CH     UNIT         ?PR?_IIC6READBYTE?I2C6
            CODE    36D2H     005CH     UNIT         ?PR?_INITMODBUSSERIAL?MODBUSPORT
            CODE    372EH     005CH     UNIT         ?PR?_RESET?SPLC
            CODE    378AH     005AH     UNIT         ?PR?_IIC0SENDBYTE?I2C0
            CODE    37E4H     005AH     UNIT         ?PR?_IIC1SENDBYTE?I2C1
            CODE    383EH     005AH     UNIT         ?PR?_IIC2SENDBYTE?I2C2
            CODE    3898H     005AH     UNIT         ?PR?_IIC3SENDBYTE?I2C3
            CODE    38F2H     005AH     UNIT         ?PR?_IIC4SENDBYTE?I2C4
            CODE    394CH     005AH     UNIT         ?PR?_IIC5SENDBYTE?I2C5
            CODE    39A6H     005AH     UNIT         ?PR?_IIC6SENDBYTE?I2C6
            CODE    3A00H     005AH     UNIT         ?PR?_SET?SPLC
            CODE    3A5AH     0056H     UNIT         ?PR?_EPROMWRITELENBYTE?EPROM
            CODE    3AB0H     0056H     UNIT         ?PR?_FLIP?SPLC
            CODE    3B06H     0052H     UNIT         ?PR?_EPROMWRITE?EPROM
            CODE    3B58H     0050H     UNIT         ?PR?_EPROMREAD?EPROM
            CODE    3BA8H     004DH     UNIT         ?CO?SPLC
            CODE    3BF5H     004DH     UNIT         ?PR?RAND?RAND
            CODE    3C42H     004AH     UNIT         ?PR?_LD?SPLC
            CODE    3C8CH     0048H     UNIT         ?PR?_EPROMREADONEBYTE?EPROM
            CODE    3CD4H     0044H     UNIT         ?C?LDIV
            CODE    3D18H     0040H     UNIT         ?PR?NVRAMUPDATA?SPLC
            CODE    3D58H     003CH     UNIT         ?PR?INPCA9554INIT?INPCA9554
            CODE    3D94H     003AH     UNIT         ?CO?EPROM
BL51 BANKED LINKER/LOCATER V6.22.2.0                                                  12/02/2018  23:04:59  PAGE 5


            CODE    3DCEH     0038H     UNIT         ?PR?_EPROMWRITEONEBYTE?EPROM
            CODE    3E06H     0038H     UNIT         ?PR?_INITMODBUSHARDWARE?SLAVEMODBUS
            CODE    3E3EH     0037H     UNIT         ?PR?IIC0WAITACK?I2C0
            CODE    3E75H     0037H     UNIT         ?PR?IIC1WAITACK?I2C1
            CODE    3EACH     0037H     UNIT         ?PR?IIC2WAITACK?I2C2
            CODE    3EE3H     0037H     UNIT         ?PR?IIC3WAITACK?I2C3
            CODE    3F1AH     0037H     UNIT         ?PR?IIC4WAITACK?I2C4
            CODE    3F51H     0037H     UNIT         ?PR?IIC5WAITACK?I2C5
            CODE    3F88H     0037H     UNIT         ?PR?IIC6WAITACK?I2C6
            CODE    3FBFH     0036H     UNIT         ?PR?NVRAMLOAD?SPLC
            CODE    3FF5H     0034H     UNIT         ?PR?INPCA9554READ?INPCA9554
            CODE    4029H     0034H     UNIT         ?PR?TIMEPROC?SLAVEMODBUS
            CODE    405DH     0033H     UNIT         ?PR?CLEARMR?SPLC
            CODE    4090H     0033H     UNIT         ?PR?CLEAREM?SPLC
            CODE    40C3H     0033H     UNIT         ?PR?CLEARR?SPLC
            CODE    40F6H     0033H     UNIT         ?PR?CLEARC?SPLC
            CODE    4129H     0032H     UNIT         ?PR?_MODBUSSERIALSENDBUFFER?MODBUSPORT
            CODE    415BH     0032H     UNIT         ?PR?CLEARDM?SPLC
            CODE    418DH     0031H     UNIT         ?PR?OUTPCA9554READ?OUTPCA9554
            CODE    41BEH     0027H     UNIT         ?PR?PUTCHAR?PUTCHAR
            CODE    41E5H     0026H     UNIT         ?PR?_OUTPCA9554WRITE?OUTPCA9554
            CODE    420BH     0023H     UNIT         ?PR?TIMER0INIT?SPLC
            CODE    422EH     0022H     UNIT         ?PR?_?DELAYMS?DELAY
            CODE    4250H     0021H     UNIT         ?PR?SERIALHANDLE?MODBUSPORT
            CODE    4271H     001EH     UNIT         ?PR?OUTPCA9554INIT?OUTPCA9554
            CODE    428FH     001DH     UNIT         ?PR?IIC0NACK?I2C0
            CODE    42ACH     001DH     UNIT         ?PR?IIC1NACK?I2C1
            CODE    42C9H     001DH     UNIT         ?PR?IIC2NACK?I2C2
            CODE    42E6H     001DH     UNIT         ?PR?IIC3NACK?I2C3
            CODE    4303H     001DH     UNIT         ?PR?IIC4NACK?I2C4
            CODE    4320H     001DH     UNIT         ?PR?IIC5NACK?I2C5
            CODE    433DH     001DH     UNIT         ?PR?IIC6NACK?I2C6
            CODE    435AH     001CH     UNIT         ?PR?_?DELAYUS?DELAY
            CODE    4376H     001CH     UNIT         ?PR?IIC0START?I2C0
            CODE    4392H     001CH     UNIT         ?PR?IIC1START?I2C1
            CODE    43AEH     001CH     UNIT         ?PR?IIC2START?I2C2
            CODE    43CAH     001CH     UNIT         ?PR?IIC3START?I2C3
            CODE    43E6H     001CH     UNIT         ?PR?IIC4START?I2C4
            CODE    4402H     001CH     UNIT         ?PR?IIC5START?I2C5
            CODE    441EH     001CH     UNIT         ?PR?IIC6START?I2C6
            CODE    443AH     001AH     UNIT         ?PR?_HWDELAY?DELAY
            CODE    4454H     0017H     UNIT         ?PR?IIC0ACK?I2C0
            CODE    446BH     0017H     UNIT         ?PR?IIC1ACK?I2C1
            CODE    4482H     0017H     UNIT         ?PR?IIC2ACK?I2C2
            CODE    4499H     0017H     UNIT         ?PR?IIC3ACK?I2C3
            CODE    44B0H     0017H     UNIT         ?PR?IIC4ACK?I2C4
            CODE    44C7H     0017H     UNIT         ?PR?IIC5ACK?I2C5
            CODE    44DEH     0017H     UNIT         ?PR?IIC6ACK?I2C6
            CODE    44F5H     0015H     UNIT         ?PR?IIC1STOP?I2C1
            CODE    450AH     0015H     UNIT         ?PR?IIC2STOP?I2C2
            CODE    451FH     0015H     UNIT         ?PR?IIC3STOP?I2C3
            CODE    4534H     0015H     UNIT         ?PR?IIC4STOP?I2C4
            CODE    4549H     0015H     UNIT         ?PR?IIC5STOP?I2C5
            CODE    455EH     0015H     UNIT         ?PR?IIC6STOP?I2C6
            CODE    4573H     0014H     UNIT         ?PR?MODBUSSERIALRXHANDLE?SLAVEMODBUS
            CODE    4587H     0013H     UNIT         ?PR?_HWDELAYINIT?DELAY
            CODE    459AH     0013H     UNIT         ?PR?INITMODBUSTIMER?MODBUSPORT
BL51 BANKED LINKER/LOCATER V6.22.2.0                                                  12/02/2018  23:04:59  PAGE 6


            CODE    45ADH     0011H     UNIT         ?PR?_MODBUSSERIALSENDBYTE?MODBUSPORT
            CODE    45BEH     0010H     UNIT         ?PR?_SETSDA3?I2C3
            CODE    45CEH     0010H     UNIT         ?PR?_SETSDA?I2C4
            CODE    45DEH     0010H     UNIT         ?C_INITSEG
            CODE    45EEH     000FH     UNIT         ?PR?BEGINSEND?SLAVEMODBUS
            CODE    45FDH     000EH     UNIT         ?PR?_SETSDA0?I2C0
            CODE    460BH     000EH     UNIT         ?PR?_SETSDA1?I2C1
            CODE    4619H     000EH     UNIT         ?PR?_SETSDA2?I2C2
            CODE    4627H     000EH     UNIT         ?PR?_SETSDA5?I2C5
            CODE    4635H     000EH     UNIT         ?PR?_SETSDA6?I2C6
            CODE    4643H     000CH     UNIT         ?PR?INITDEVICE?INITCONFIG
            CODE    464FH     000BH     UNIT         ?PR?CRC32CLEAR?CRC32
            CODE    465AH     000BH     UNIT         ?PR?_SETSCL3?I2C3
            CODE    4665H     000BH     UNIT         ?PR?_SETSCL?I2C4
            CODE    4670H     0009H     UNIT         ?PR?_SETSCL0?I2C0
            CODE    4679H     0009H     UNIT         ?PR?_SETSCL1?I2C1
            CODE    4682H     0009H     UNIT         ?PR?_SETSCL2?I2C2
            CODE    468BH     0009H     UNIT         ?PR?GETSCL3?I2C3
            CODE    4694H     0009H     UNIT         ?PR?_SETSCL5?I2C5
            CODE    469DH     0009H     UNIT         ?PR?_SETSCL6?I2C6
            CODE    46A6H     0008H     UNIT         ?PR?GETSCL?I2C4
            CODE    46AEH     0007H     UNIT         ?PR?GETSDA?I2C4
            CODE    46B5H     0007H     UNIT         ?PR?PORT_IO_INIT?INITCONFIG
            CODE    46BCH     0007H     UNIT         ?PR?RESET_SOURCES_INIT?INITCONFIG
            CODE    46C3H     0006H     UNIT         ?PR?_CRC32SETCRCOLD?CRC32
            CODE    46C9H     0006H     UNIT         ?PR?GETSCL0?I2C0
            CODE    46CFH     0006H     UNIT         ?PR?GETSDA0?I2C0
            CODE    46D5H     0006H     UNIT         ?PR?GETSCL1?I2C1
            CODE    46DBH     0006H     UNIT         ?PR?GETSDA1?I2C1
            CODE    46E1H     0006H     UNIT         ?PR?GETSCL2?I2C2
            CODE    46E7H     0006H     UNIT         ?PR?GETSDA2?I2C2
            CODE    46EDH     0006H     UNIT         ?PR?GETSCL5?I2C5
            CODE    46F3H     0006H     UNIT         ?PR?GETSDA5?I2C5
            CODE    46F9H     0006H     UNIT         ?PR?GETSCL6?I2C6
            CODE    46FFH     0006H     UNIT         ?PR?GETSDA6?I2C6
            CODE    4705H     0006H     UNIT         ?PR?_GETCOILVAL?MODBUSAPP
            CODE    470BH     0006H     UNIT         ?PR?_GETREGISTERVAL?MODBUSAPP
            CODE    4711H     0006H     UNIT         ?PR?MODBUSHANDLE?MODBUSPORT
            CODE    4717H     0006H     UNIT         ?PR?MODBUSPOLL?SLAVEMODBUS
            CODE    471DH     0004H     UNIT         ?PR?MODBUSTIMERHANDLE?SLAVEMODBUS
            CODE    4721H     0004H     UNIT         ?PR?VOLTAGE_REFERENCE_INIT?INITCONFIG
            CODE    4725H     0004H     UNIT         ?PR?OSCILLATOR_INIT?INITCONFIG
            CODE    4729H     0003H     UNIT         ?PR?EPROMINIT?EPROM
            CODE    472CH     0003H     UNIT         ?PR?_SETMODBUSSLAVEADDR?SLAVEMODBUS
            CODE    472FH     0001H     UNIT         ?PR?IIC0INIT?I2C0
            CODE    4730H     0001H     UNIT         ?PR?IIC1INIT?I2C1
            CODE    4731H     0001H     UNIT         ?PR?IIC2INIT?I2C2
            CODE    4732H     0001H     UNIT         ?PR?IIC3INIT?I2C3
            CODE    4733H     0001H     UNIT         ?PR?IIC4INIT?I2C4
            CODE    4734H     0001H     UNIT         ?PR?IIC5INIT?I2C5
            CODE    4735H     0001H     UNIT         ?PR?IIC6INIT?I2C6
            CODE    4736H     0001H     UNIT         ?PR?_MCP47X6_READ?MCP47X6
            CODE    4737H     0001H     UNIT         ?PR?_SETCOILVAL?MODBUSAPP
            CODE    4738H     0001H     UNIT         ?PR?_SETREGISTERVAL?MODBUSAPP
            CODE    4739H     0001H     UNIT         ?PR?MODBUSSERIALTXHANDLE?SLAVEMODBUS
            CODE    473AH     0001H     UNIT         ?PR?READNVRAM?MAINAPP
            CODE    473BH     0001H     UNIT         ?PR?WRITENVRAM?MAINAPP
BL51 BANKED LINKER/LOCATER V6.22.2.0                                                  12/02/2018  23:04:59  PAGE 7


            CODE    473CH     0001H     UNIT         ?PR?UPDATENVRAM?MAINAPP
            CODE    473DH     0001H     UNIT         ?PR?SETOUTPUT?SPLC



OVERLAY MAP OF MODULE:   .\Objects\dwLaser_F020 (DELAY)


SEGMENT                                             BIT_GROUP          DATA_GROUP          XDATA_GROUP
  +--> CALLED SEGMENT                            START    LENGTH     START    LENGTH     START    LENGTH
--------------------------------------------------------------------------------------------------------
?PR?MODBUSHANDLE?MODBUSPORT                      -----    -----      -----    -----      -----    -----
  +--> ?PR?MODBUSTIMERHANDLE?SLAVEMODBUS

*** NEW ROOT ***************************************************

?PR?SERIALHANDLE?MODBUSPORT                      -----    -----      -----    -----      -----    -----
  +--> ?PR?MODBUSSERIALRXHANDLE?SLAVEMODBUS
  +--> ?PR?MODBUSSERIALTXHANDLE?SLAVEMODBUS

*** NEW ROOT ***************************************************

?PR?TIMER0ISR?SPLC                               -----    -----      0014H    0002H      -----    -----

*** NEW ROOT ***************************************************

?C_C51STARTUP                                    -----    -----      -----    -----      -----    -----
  +--> ?PR?MAIN?MAINAPP
  +--> ?C_INITSEG

?PR?MAIN?MAINAPP                                 -----    -----      -----    -----      -----    -----
  +--> ?PR?INITDEVICE?INITCONFIG
  +--> ?PR?TIMER0INIT?SPLC
  +--> ?PR?INPCA9554INIT?INPCA9554
  +--> ?PR?OUTPCA9554INIT?OUTPCA9554
  +--> ?PR?MCP47X6INIT?MCP47X6
  +--> ?PR?NVRAMLOAD?SPLC
  +--> ?PR?GETINPUT?SPLC
  +--> ?PR?_SET?SPLC
  +--> ?PR?_RESET?SPLC
  +--> ?PR?_FLIP?SPLC
  +--> ?PR?_T100MS?SPLC
  +--> ?PR?_LD?SPLC
  +--> ?PR?NVRAMUPDATA?SPLC

?PR?INITDEVICE?INITCONFIG                        -----    -----      -----    -----      -----    -----
  +--> ?PR?RESET_SOURCES_INIT?INITCONFIG
  +--> ?PR?VOLTAGE_REFERENCE_INIT?INITCONFIG
  +--> ?PR?OSCILLATOR_INIT?INITCONFIG
  +--> ?PR?PORT_IO_INIT?INITCONFIG

?PR?INPCA9554INIT?INPCA9554                      -----    -----      -----    -----      -----    -----
  +--> ?PR?IIC5START?I2C5
  +--> ?PR?_IIC5SENDBYTE?I2C5
  +--> ?PR?IIC5WAITACK?I2C5
  +--> ?PR?IIC5STOP?I2C5

BL51 BANKED LINKER/LOCATER V6.22.2.0                                                  12/02/2018  23:04:59  PAGE 8


?PR?IIC5START?I2C5                               -----    -----      -----    -----      -----    -----
  +--> ?PR?_SETSDA5?I2C5
  +--> ?PR?_SETSCL5?I2C5
  +--> ?PR?_?DELAYUS?DELAY

?PR?_SETSDA5?I2C5                                -----    -----      -----    -----      -----    -----
  +--> ?PR?_SETSCL5?I2C5

?PR?_IIC5SENDBYTE?I2C5                           -----    -----      -----    -----      0CC5H    0002H
  +--> ?PR?_SETSCL5?I2C5
  +--> ?PR?_SETSDA5?I2C5
  +--> ?PR?_?DELAYUS?DELAY

?PR?IIC5WAITACK?I2C5                             -----    -----      -----    -----      0CC5H    0001H
  +--> ?PR?_SETSDA5?I2C5
  +--> ?PR?_?DELAYUS?DELAY
  +--> ?PR?_SETSCL5?I2C5
  +--> ?PR?GETSDA5?I2C5
  +--> ?PR?IIC5STOP?I2C5

?PR?IIC5STOP?I2C5                                -----    -----      -----    -----      -----    -----
  +--> ?PR?_SETSDA5?I2C5
  +--> ?PR?_?DELAYUS?DELAY
  +--> ?PR?_SETSCL5?I2C5

?PR?OUTPCA9554INIT?OUTPCA9554                    -----    -----      -----    -----      -----    -----
  +--> ?PR?IIC6START?I2C6
  +--> ?PR?_IIC6SENDBYTE?I2C6
  +--> ?PR?IIC6WAITACK?I2C6
  +--> ?PR?IIC6STOP?I2C6

?PR?IIC6START?I2C6                               -----    -----      -----    -----      -----    -----
  +--> ?PR?_SETSDA6?I2C6
  +--> ?PR?_SETSCL6?I2C6
  +--> ?PR?_?DELAYUS?DELAY

?PR?_SETSDA6?I2C6                                -----    -----      -----    -----      -----    -----
  +--> ?PR?_SETSCL6?I2C6

?PR?_IIC6SENDBYTE?I2C6                           -----    -----      -----    -----      0CC4H    0002H
  +--> ?PR?_SETSCL6?I2C6
  +--> ?PR?_SETSDA6?I2C6
  +--> ?PR?_?DELAYUS?DELAY

?PR?IIC6WAITACK?I2C6                             -----    -----      -----    -----      0CC4H    0001H
  +--> ?PR?_SETSDA6?I2C6
  +--> ?PR?_?DELAYUS?DELAY
  +--> ?PR?_SETSCL6?I2C6
  +--> ?PR?GETSDA6?I2C6
  +--> ?PR?IIC6STOP?I2C6

?PR?IIC6STOP?I2C6                                -----    -----      -----    -----      -----    -----
  +--> ?PR?_SETSDA6?I2C6
  +--> ?PR?_?DELAYUS?DELAY
  +--> ?PR?_SETSCL6?I2C6

?PR?MCP47X6INIT?MCP47X6                          -----    -----      -----    -----      0CC4H    0002H
BL51 BANKED LINKER/LOCATER V6.22.2.0                                                  12/02/2018  23:04:59  PAGE 9


  +--> ?PR?IIC4START?I2C4
  +--> ?PR?_IIC4SENDBYTE?I2C4
  +--> ?PR?IIC4WAITACK?I2C4
  +--> ?PR?IIC4STOP?I2C4
  +--> ?PR?IIC3START?I2C3
  +--> ?PR?_IIC3SENDBYTE?I2C3
  +--> ?PR?IIC3WAITACK?I2C3
  +--> ?PR?IIC3STOP?I2C3
  +--> ?PR?IIC1START?I2C1
  +--> ?PR?_IIC1SENDBYTE?I2C1
  +--> ?PR?IIC1WAITACK?I2C1
  +--> ?PR?IIC1STOP?I2C1
  +--> ?PR?IIC2START?I2C2
  +--> ?PR?_IIC2SENDBYTE?I2C2
  +--> ?PR?IIC2WAITACK?I2C2
  +--> ?PR?IIC2STOP?I2C2

?PR?IIC4START?I2C4                               -----    -----      -----    -----      -----    -----
  +--> ?PR?_SETSDA?I2C4
  +--> ?PR?_SETSCL?I2C4
  +--> ?PR?_?DELAYUS?DELAY

?PR?_SETSDA?I2C4                                 -----    -----      -----    -----      -----    -----
  +--> ?PR?_SETSCL?I2C4

?PR?_IIC4SENDBYTE?I2C4                           -----    -----      -----    -----      0CC6H    0002H
  +--> ?PR?_SETSCL?I2C4
  +--> ?PR?_SETSDA?I2C4
  +--> ?PR?_?DELAYUS?DELAY

?PR?IIC4WAITACK?I2C4                             -----    -----      -----    -----      0CC6H    0001H
  +--> ?PR?_SETSDA?I2C4
  +--> ?PR?_?DELAYUS?DELAY
  +--> ?PR?_SETSCL?I2C4
  +--> ?PR?GETSDA?I2C4
  +--> ?PR?IIC4STOP?I2C4

?PR?IIC4STOP?I2C4                                -----    -----      -----    -----      -----    -----
  +--> ?PR?_SETSDA?I2C4
  +--> ?PR?_?DELAYUS?DELAY
  +--> ?PR?_SETSCL?I2C4

?PR?IIC3START?I2C3                               -----    -----      -----    -----      -----    -----
  +--> ?PR?_SETSDA3?I2C3
  +--> ?PR?_SETSCL3?I2C3
  +--> ?PR?_?DELAYUS?DELAY

?PR?_SETSDA3?I2C3                                -----    -----      -----    -----      -----    -----
  +--> ?PR?_SETSCL3?I2C3

?PR?_IIC3SENDBYTE?I2C3                           -----    -----      -----    -----      0CC6H    0002H
  +--> ?PR?_SETSCL3?I2C3
  +--> ?PR?_SETSDA3?I2C3
  +--> ?PR?_?DELAYUS?DELAY

?PR?IIC3WAITACK?I2C3                             -----    -----      -----    -----      0CC6H    0001H
  +--> ?PR?_SETSDA3?I2C3
BL51 BANKED LINKER/LOCATER V6.22.2.0                                                  12/02/2018  23:04:59  PAGE 10


  +--> ?PR?_?DELAYUS?DELAY
  +--> ?PR?_SETSCL3?I2C3
  +--> ?PR?GETSDA3?I2C3
  +--> ?PR?IIC3STOP?I2C3

?PR?IIC3STOP?I2C3                                -----    -----      -----    -----      -----    -----
  +--> ?PR?_SETSDA3?I2C3
  +--> ?PR?_?DELAYUS?DELAY
  +--> ?PR?_SETSCL3?I2C3

?PR?IIC1START?I2C1                               -----    -----      -----    -----      -----    -----
  +--> ?PR?_SETSDA1?I2C1
  +--> ?PR?_SETSCL1?I2C1
  +--> ?PR?_?DELAYUS?DELAY

?PR?_SETSDA1?I2C1                                -----    -----      -----    -----      -----    -----
  +--> ?PR?_SETSCL1?I2C1

?PR?_IIC1SENDBYTE?I2C1                           -----    -----      -----    -----      0CC6H    0002H
  +--> ?PR?_SETSCL1?I2C1
  +--> ?PR?_SETSDA1?I2C1
  +--> ?PR?_?DELAYUS?DELAY

?PR?IIC1WAITACK?I2C1                             -----    -----      -----    -----      0CC6H    0001H
  +--> ?PR?_SETSDA1?I2C1
  +--> ?PR?_?DELAYUS?DELAY
  +--> ?PR?_SETSCL1?I2C1
  +--> ?PR?GETSDA1?I2C1
  +--> ?PR?IIC1STOP?I2C1

?PR?IIC1STOP?I2C1                                -----    -----      -----    -----      -----    -----
  +--> ?PR?_SETSDA1?I2C1
  +--> ?PR?_?DELAYUS?DELAY
  +--> ?PR?_SETSCL1?I2C1

?PR?IIC2START?I2C2                               -----    -----      -----    -----      -----    -----
  +--> ?PR?_SETSDA2?I2C2
  +--> ?PR?_SETSCL2?I2C2
  +--> ?PR?_?DELAYUS?DELAY

?PR?_SETSDA2?I2C2                                -----    -----      -----    -----      -----    -----
  +--> ?PR?_SETSCL2?I2C2

?PR?_IIC2SENDBYTE?I2C2                           -----    -----      -----    -----      0CC6H    0002H
  +--> ?PR?_SETSCL2?I2C2
  +--> ?PR?_SETSDA2?I2C2
  +--> ?PR?_?DELAYUS?DELAY

?PR?IIC2WAITACK?I2C2                             -----    -----      -----    -----      0CC6H    0001H
  +--> ?PR?_SETSDA2?I2C2
  +--> ?PR?_?DELAYUS?DELAY
  +--> ?PR?_SETSCL2?I2C2
  +--> ?PR?GETSDA2?I2C2
  +--> ?PR?IIC2STOP?I2C2

?PR?IIC2STOP?I2C2                                -----    -----      -----    -----      -----    -----
  +--> ?PR?_SETSDA2?I2C2
BL51 BANKED LINKER/LOCATER V6.22.2.0                                                  12/02/2018  23:04:59  PAGE 11


  +--> ?PR?_?DELAYUS?DELAY
  +--> ?PR?_SETSCL2?I2C2

?PR?NVRAMLOAD?SPLC                               -----    -----      -----    -----      0CC4H    0001H
  +--> ?PR?CLEAREM?SPLC
  +--> ?PR?CLEARR?SPLC
  +--> ?PR?CLEART?SPLC
  +--> ?PR?CLEARTD?SPLC
  +--> ?PR?CLEARC?SPLC

?PR?GETINPUT?SPLC                                -----    -----      0016H    0003H      -----    -----
  +--> ?PR?INPCA9554READ?INPCA9554

?PR?INPCA9554READ?INPCA9554                      -----    -----      -----    -----      0CC4H    0001H
  +--> ?PR?IIC5START?I2C5
  +--> ?PR?_IIC5SENDBYTE?I2C5
  +--> ?PR?IIC5WAITACK?I2C5
  +--> ?PR?_IIC5READBYTE?I2C5
  +--> ?PR?IIC5STOP?I2C5

?PR?_IIC5READBYTE?I2C5                           -----    -----      -----    -----      0CC5H    0003H
  +--> ?PR?_SETSCL5?I2C5
  +--> ?PR?_?DELAYUS?DELAY
  +--> ?PR?GETSDA5?I2C5
  +--> ?PR?IIC5NACK?I2C5
  +--> ?PR?IIC5ACK?I2C5

?PR?IIC5NACK?I2C5                                -----    -----      -----    -----      -----    -----
  +--> ?PR?_SETSCL5?I2C5
  +--> ?PR?_SETSDA5?I2C5
  +--> ?PR?_?DELAYUS?DELAY

?PR?IIC5ACK?I2C5                                 -----    -----      -----    -----      -----    -----
  +--> ?PR?_SETSDA5?I2C5
  +--> ?PR?_?DELAYUS?DELAY
  +--> ?PR?_SETSCL5?I2C5

?PR?_SET?SPLC                                    -----    -----      -----    -----      0CC4H    0002H

?PR?_RESET?SPLC                                  -----    -----      -----    -----      0CC4H    0002H

?PR?_FLIP?SPLC                                   -----    -----      0016H    0002H      -----    -----
  +--> ?PR?_RESET?SPLC
  +--> ?PR?_SET?SPLC

?PR?_T100MS?SPLC                                 -----    -----      -----    -----      0CC4H    0004H
  +--> ?CO?SPLC
  +--> ?PR?PRINTF?PRINTF

?PR?PRINTF?PRINTF                                0020H.0  0001H.1    0016H    0005H      0CC8H    0028H
  +--> ?PR?PUTCHAR?PUTCHAR

?PR?NVRAMUPDATA?SPLC                             -----    -----      -----    -----      0CC4H    0007H



SYMBOL TABLE OF MODULE:  .\Objects\dwLaser_F020 (DELAY)
BL51 BANKED LINKER/LOCATER V6.22.2.0                                                  12/02/2018  23:04:59  PAGE 12



  VALUE           TYPE          NAME
  ----------------------------------

  -------         MODULE        DELAY
  C:0000H         SYMBOL        _ICE_DUMMY_
  D:0089H         PUBLIC        TMOD
  D:008BH         PUBLIC        TL1
  D:008DH         PUBLIC        TH1
  B:0088H.7       PUBLIC        TF1
  B:0088H.6       PUBLIC        TR1
  B:00A8H.3       PUBLIC        ET1
  C:422EH         PUBLIC        _?delayMs
  C:435AH         PUBLIC        _?delayUs
  C:4587H         PUBLIC        _hwDelayInit
  C:443AH         PUBLIC        _hwDelay
  -------         PROC          _?DELAYUS
  x:0000H         SYMBOL        us
  C:435AH         LINE#         5
  C:4362H         LINE#         7
  C:436BH         LINE#         8
  C:436BH         LINE#         9
  C:436EH         LINE#         10
  C:4370H         LINE#         11
  -------         ENDPROC       _?DELAYUS
  -------         PROC          _?DELAYMS
  x:0000H         SYMBOL        ms
  C:422EH         LINE#         12
  C:4236H         LINE#         14
  C:4243H         LINE#         15
  C:4243H         LINE#         16
  C:4248H         LINE#         17
  C:424AH         LINE#         18
  -------         ENDPROC       _?DELAYMS
  -------         PROC          _HWDELAYINIT
  D:0007H         SYMBOL        reload_h
  D:0005H         SYMBOL        reload_l
  C:4587H         LINE#         19
  C:4587H         LINE#         20
  C:4587H         LINE#         21
  C:458AH         LINE#         22
  C:458DH         LINE#         23
  C:458FH         LINE#         24
  C:4591H         LINE#         25
  C:4595H         LINE#         26
  C:4597H         LINE#         27
  C:4599H         LINE#         28
  -------         ENDPROC       _HWDELAYINIT
  -------         PROC          _HWDELAY
  D:0007H         SYMBOL        control
  D:0005H         SYMBOL        reload_h
  D:0003H         SYMBOL        reload_l
  C:443AH         LINE#         29
  C:443AH         LINE#         30
  C:443AH         LINE#         32
  C:443DH         LINE#         33
  C:443DH         LINE#         34
BL51 BANKED LINKER/LOCATER V6.22.2.0                                                  12/02/2018  23:04:59  PAGE 13


  C:4440H         LINE#         35
  C:4440H         LINE#         36
  C:4442H         LINE#         37
  C:4447H         LINE#         38
  C:4447H         LINE#         39
  C:444BH         LINE#         40
  C:444FH         LINE#         41
  C:4451H         LINE#         42
  C:4453H         LINE#         43
  C:4453H         LINE#         44
  -------         ENDPROC       _HWDELAY
  -------         ENDMOD        DELAY

  -------         MODULE        CRC32
  C:0000H         SYMBOL        _ICE_DUMMY_
  C:295AH         PUBLIC        _crc32Calculate
  C:3385H         PUBLIC        _crc32CalculateAdd
  C:464FH         PUBLIC        crc32Clear
  C:46C3H         PUBLIC        _crc32SetCrcOld
  C:0487H         PUBLIC        crc32Tab
  X:0DDFH         SYMBOL        oldcrc32
  -------         PROC          _CRC32CALCULATE
  X:0D82H         SYMBOL        buf
  X:0D85H         SYMBOL        len
  -------         DO            
  X:0D89H         SYMBOL        i
  -------         ENDDO         
  C:295AH         LINE#         111
  C:2969H         LINE#         113
  C:298FH         LINE#         114
  C:298FH         LINE#         115
  C:29F7H         LINE#         116
  C:2A0BH         LINE#         117
  C:2A23H         LINE#         118
  -------         ENDPROC       _CRC32CALCULATE
  -------         PROC          _CRC32CALCULATEADD
  D:0007H         SYMBOL        dat
  C:3385H         LINE#         120
  C:3385H         LINE#         121
  C:33D3H         LINE#         122
  C:33EBH         LINE#         123
  -------         ENDPROC       _CRC32CALCULATEADD
  -------         PROC          CRC32CLEAR
  C:464FH         LINE#         124
  C:464FH         LINE#         125
  C:4659H         LINE#         126
  -------         ENDPROC       CRC32CLEAR
  -------         PROC          _CRC32SETCRCOLD
  D:0004H         SYMBOL        old
  C:46C3H         LINE#         127
  C:46C3H         LINE#         128
  -------         ENDPROC       _CRC32SETCRCOLD
  -------         ENDMOD        CRC32

  -------         MODULE        F580_FLASHPRIMITIVES
  C:0000H         SYMBOL        _ICE_DUMMY_
  D:008FH         PUBLIC        PSCTL
BL51 BANKED LINKER/LOCATER V6.22.2.0                                                  12/02/2018  23:04:59  PAGE 14


  D:00A7H         PUBLIC        SFRPAGE
  D:00B7H         PUBLIC        FLKEY
  D:00EFH         PUBLIC        RSTSRC
  D:00F5H         PUBLIC        PSBANK
  D:00FFH         PUBLIC        VDM0CN
  B:00A8H.7       PUBLIC        EA
  C:2760H         PUBLIC        _FLASH_ByteWrite
  C:2A24H         PUBLIC        _FLASH_ByteRead
  C:285FH         PUBLIC        _FLASH_PageErase
  -------         PROC          _FLASH_BYTEWRITE
  X:0DACH         SYMBOL        addr
  X:0DB0H         SYMBOL        byte
  B:0021H.1       SYMBOL        SFLE
  -------         DO            
  X:0DB1H         SYMBOL        SFRPAGE_SAVE
  B:0021H.2       SYMBOL        EA_SAVE
  X:0DB2H         SYMBOL        PSBANK_SAVE
  D:0027H         SYMBOL        pwrite
  D:0007H         SYMBOL        i
  -------         ENDDO         
  C:2760H         LINE#         76
  C:2766H         LINE#         77
  C:2766H         LINE#         78
  C:276CH         LINE#         79
  C:2770H         LINE#         80
  C:2774H         LINE#         84
  C:2776H         LINE#         86
  C:2779H         LINE#         88
  C:2792H         LINE#         89
  C:279FH         LINE#         90
  C:27C0H         LINE#         91
  C:27D6H         LINE#         92
  C:27E3H         LINE#         93
  C:27E6H         LINE#         94
  C:27E9H         LINE#         95
  C:27EBH         LINE#         96
  C:27F5H         LINE#         97
  C:27F8H         LINE#         98
  C:27FBH         LINE#         99
  C:27FBH         LINE#         101
  C:27FEH         LINE#         103
  C:2801H         LINE#         105
  C:280FH         LINE#         107
  C:2814H         LINE#         108
  C:2817H         LINE#         110
  C:281AH         LINE#         115
  C:281DH         LINE#         116
  C:2820H         LINE#         117
  C:2823H         LINE#         119
  C:2826H         LINE#         120
  C:2829H         LINE#         121
  C:2829H         LINE#         123
  C:282CH         LINE#         125
  C:282FH         LINE#         127
  C:283AH         LINE#         129
  C:283DH         LINE#         131
  C:2840H         LINE#         132
BL51 BANKED LINKER/LOCATER V6.22.2.0                                                  12/02/2018  23:04:59  PAGE 15


  C:2843H         LINE#         134
  C:2846H         LINE#         135
  C:2849H         LINE#         136
  C:2849H         LINE#         137
  C:284CH         LINE#         139
  C:2852H         LINE#         140
  C:2858H         LINE#         141
  C:285CH         LINE#         143
  C:285EH         LINE#         144
  -------         ENDPROC       _FLASH_BYTEWRITE
  -------         PROC          _FLASH_BYTEREAD
  X:0DC1H         SYMBOL        addr
  B:0021H.3       SYMBOL        SFLE
  -------         DO            
  X:0DC5H         SYMBOL        SFRPAGE_SAVE
  B:0021H.4       SYMBOL        EA_SAVE
  X:0DC6H         SYMBOL        PSBANK_SAVE
  D:0029H         SYMBOL        pread
  D:0007H         SYMBOL        byte
  -------         ENDDO         
  C:2A24H         LINE#         153
  C:2A2AH         LINE#         154
  C:2A2AH         LINE#         155
  C:2A30H         LINE#         156
  C:2A34H         LINE#         157
  C:2A38H         LINE#         161
  C:2A3AH         LINE#         163
  C:2A3DH         LINE#         165
  C:2A56H         LINE#         166
  C:2A63H         LINE#         167
  C:2A84H         LINE#         168
  C:2A9AH         LINE#         169
  C:2AA7H         LINE#         170
  C:2AAAH         LINE#         171
  C:2AADH         LINE#         172
  C:2AAFH         LINE#         173
  C:2AB9H         LINE#         174
  C:2ABCH         LINE#         175
  C:2ABFH         LINE#         176
  C:2ABFH         LINE#         178
  C:2AC2H         LINE#         179
  C:2AC5H         LINE#         180
  C:2AC5H         LINE#         182
  C:2ACEH         LINE#         184
  C:2AD1H         LINE#         185
  C:2AD4H         LINE#         186
  C:2AD4H         LINE#         188
  C:2ADAH         LINE#         189
  C:2AE0H         LINE#         190
  C:2AE4H         LINE#         192
  C:2AE4H         LINE#         193
  -------         ENDPROC       _FLASH_BYTEREAD
  -------         PROC          _FLASH_PAGEERASE
  X:0DC7H         SYMBOL        addr
  B:0021H.5       SYMBOL        SFLE
  -------         DO            
  X:0DCBH         SYMBOL        SFRPAGE_SAVE
BL51 BANKED LINKER/LOCATER V6.22.2.0                                                  12/02/2018  23:04:59  PAGE 16


  B:0021H.6       SYMBOL        EA_SAVE
  X:0DCCH         SYMBOL        PSBANK_SAVE
  D:002BH         SYMBOL        pwrite
  D:0007H         SYMBOL        i
  -------         ENDDO         
  C:285FH         LINE#         211
  C:2865H         LINE#         212
  C:2865H         LINE#         213
  C:286BH         LINE#         214
  C:286FH         LINE#         215
  C:2873H         LINE#         219
  C:2875H         LINE#         221
  C:2878H         LINE#         223
  C:2891H         LINE#         224
  C:289EH         LINE#         225
  C:28BFH         LINE#         226
  C:28D5H         LINE#         227
  C:28E2H         LINE#         228
  C:28E5H         LINE#         229
  C:28E8H         LINE#         230
  C:28EAH         LINE#         231
  C:28F4H         LINE#         232
  C:28F7H         LINE#         233
  C:28FAH         LINE#         234
  C:28FAH         LINE#         236
  C:28FDH         LINE#         238
  C:2900H         LINE#         240
  C:290EH         LINE#         242
  C:2913H         LINE#         243
  C:2916H         LINE#         245
  C:2919H         LINE#         250
  C:291CH         LINE#         251
  C:291FH         LINE#         252
  C:2922H         LINE#         254
  C:2925H         LINE#         255
  C:2928H         LINE#         256
  C:2928H         LINE#         258
  C:292BH         LINE#         260
  C:292EH         LINE#         262
  C:2936H         LINE#         264
  C:2938H         LINE#         266
  C:293BH         LINE#         267
  C:293EH         LINE#         269
  C:2941H         LINE#         270
  C:2944H         LINE#         271
  C:2944H         LINE#         273
  C:2947H         LINE#         275
  C:294DH         LINE#         276
  C:2953H         LINE#         277
  C:2957H         LINE#         279
  C:2959H         LINE#         280
  -------         ENDPROC       _FLASH_PAGEERASE
  -------         ENDMOD        F580_FLASHPRIMITIVES

  -------         MODULE        F580_FLASHUTILS
  C:0000H         SYMBOL        _ICE_DUMMY_
  C:2C43H         PUBLIC        _FLASH_Write
BL51 BANKED LINKER/LOCATER V6.22.2.0                                                  12/02/2018  23:04:59  PAGE 17


  C:2CEAH         PUBLIC        _FLASH_Read
  C:0C43H         PUBLIC        _FLASH_Clear
  C:33ECH         PUBLIC        _FLASH_Update
  C:2399H         PUBLIC        _FLASH_Copy
  C:3120H         PUBLIC        _FLASH_Fill
  -------         PROC          _FLASH_CLEAR
  X:0CF0H         SYMBOL        dest
  X:0CF4H         SYMBOL        numbytes
  B:0022H.1       SYMBOL        SFLE
  -------         DO            
  X:0CF6H         SYMBOL        dest_1_page_start
  X:0CFAH         SYMBOL        dest_1_page_end
  X:0CFEH         SYMBOL        dest_2_page_start
  D:0004H         SYMBOL        dest_2_page_end
  X:0D02H         SYMBOL        numbytes_remainder
  X:0D04H         SYMBOL        FLASH_pagesize
  X:0D06H         SYMBOL        wptr
  X:0D0AH         SYMBOL        rptr
  X:0D0EH         SYMBOL        length
  -------         ENDDO         
  C:0C43H         LINE#         71
  C:0C49H         LINE#         72
  C:0C49H         LINE#         90
  C:0C4FH         LINE#         91
  C:0C51H         LINE#         92
  C:0C53H         LINE#         93
  C:0C59H         LINE#         94
  C:0C59H         LINE#         96
  C:0C8CH         LINE#         97
  C:0CC3H         LINE#         98
  C:0D1DH         LINE#         99
  C:0D50H         LINE#         101
  C:0D67H         LINE#         104
  C:0D72H         LINE#         108
  C:0D7CH         LINE#         109
  C:0D7CH         LINE#         110
  C:0D7CH         LINE#         111
  C:0D7FH         LINE#         115
  C:0DD2H         LINE#         116
  C:0DFBH         LINE#         117
  C:0E2AH         LINE#         118
  C:0E2DH         LINE#         121
  C:0E42H         LINE#         124
  C:0E45H         LINE#         125
  C:0E45H         LINE#         126
  C:0E45H         LINE#         127
  C:0E45H         LINE#         129
  C:0E48H         LINE#         131
  C:0E55H         LINE#         135
  C:0E5FH         LINE#         136
  C:0E5FH         LINE#         137
  C:0E5FH         LINE#         138
  C:0E62H         LINE#         141
  C:0E77H         LINE#         144
  C:0E8BH         LINE#         145
  C:0E95H         LINE#         146
  C:0EA4H         LINE#         147
BL51 BANKED LINKER/LOCATER V6.22.2.0                                                  12/02/2018  23:04:59  PAGE 18


  C:0EC1H         LINE#         152
  C:0ECEH         LINE#         156
  C:0F05H         LINE#         157
  C:0F19H         LINE#         158
  C:0F3EH         LINE#         159
  C:0F52H         LINE#         160
  C:0F55H         LINE#         163
  C:0F6AH         LINE#         166
  C:0F7EH         LINE#         167
  C:0F88H         LINE#         168
  C:0F97H         LINE#         169
  C:0FB4H         LINE#         170
  C:0FB4H         LINE#         171
  -------         ENDPROC       _FLASH_CLEAR
  -------         PROC          _FLASH_UPDATE
  X:0D8BH         SYMBOL        dest
  X:0D8FH         SYMBOL        src
  X:0D92H         SYMBOL        numbytes
  B:0022H.2       SYMBOL        SFLE
  C:33ECH         LINE#         185
  C:33FDH         LINE#         186
  C:33FDH         LINE#         188
  C:3421H         LINE#         191
  -------         ENDPROC       _FLASH_UPDATE
  -------         PROC          _FLASH_WRITE
  X:0D51H         SYMBOL        dest
  X:0D55H         SYMBOL        src
  X:0D58H         SYMBOL        numbytes
  B:0022H.3       SYMBOL        SFLE
  -------         DO            
  X:0D5AH         SYMBOL        i
  -------         ENDDO         
  C:2C43H         LINE#         204
  C:2C54H         LINE#         205
  C:2C54H         LINE#         208
  C:2C9BH         LINE#         209
  C:2CC7H         LINE#         210
  C:2CE9H         LINE#         211
  -------         ENDPROC       _FLASH_WRITE
  -------         PROC          _FLASH_READ
  X:0D5EH         SYMBOL        dest
  X:0D61H         SYMBOL        src
  X:0D65H         SYMBOL        numbytes
  B:0022H.4       SYMBOL        SFLE
  -------         DO            
  X:0D67H         SYMBOL        i
  -------         ENDDO         
  C:2CEAH         LINE#         221
  C:2CF9H         LINE#         222
  C:2CF9H         LINE#         225
  C:2D20H         LINE#         226
  C:2D61H         LINE#         227
  C:2D82H         LINE#         228
  C:2D8DH         LINE#         229
  -------         ENDPROC       _FLASH_READ
  C:235BH         SYMBOL        L?0027
  C:237CH         SYMBOL        L?0028
BL51 BANKED LINKER/LOCATER V6.22.2.0                                                  12/02/2018  23:04:59  PAGE 19


  -------         PROC          L?0026
  -------         ENDPROC       L?0026
  C:235BH         SYMBOL        L?0027
  C:237CH         SYMBOL        L?0028
  -------         PROC          _FLASH_COPY
  X:0D43H         SYMBOL        dest
  B:0021H.7       SYMBOL        destSFLE
  X:0D47H         SYMBOL        src
  B:0022H.0       SYMBOL        srcSFLE
  X:0D4BH         SYMBOL        numbytes
  -------         DO            
  X:0D4DH         SYMBOL        i
  -------         ENDDO         
  C:2399H         LINE#         239
  C:239FH         LINE#         241
  C:239FH         LINE#         244
  C:23C9H         LINE#         247
  C:2428H         LINE#         249
  C:244AH         LINE#         250
  -------         ENDPROC       _FLASH_COPY
  -------         PROC          _FLASH_FILL
  X:0D6BH         SYMBOL        addr
  X:0D6FH         SYMBOL        length
  X:0D73H         SYMBOL        fill
  B:0022H.5       SYMBOL        SFLE
  -------         DO            
  X:0D74H         SYMBOL        i
  -------         ENDDO         
  C:3120H         LINE#         260
  C:3126H         LINE#         261
  C:3126H         LINE#         264
  C:3152H         LINE#         265
  C:3187H         LINE#         266
  C:31A8H         LINE#         267
  -------         ENDPROC       _FLASH_FILL
  -------         ENDMOD        F580_FLASHUTILS

  -------         MODULE        I2C0
  C:0000H         SYMBOL        _ICE_DUMMY_
  D:00B0H         PUBLIC        P3
  C:472FH         PUBLIC        iic0Init
  C:4376H         PUBLIC        iic0Start
  C:000EH         PUBLIC        iic0Stop
  C:3E3EH         PUBLIC        iic0WaitAck
  C:4454H         PUBLIC        iic0Ack
  C:428FH         PUBLIC        iic0NAck
  C:378AH         PUBLIC        _iic0SendByte
  C:344EH         PUBLIC        _iic0ReadByte
  B:00B0H.5       PUBLIC        SDA0
  B:00B0H.6       PUBLIC        SCL0
  C:4670H         SYMBOL        _setSCL0
  C:4602H         SYMBOL        _setSDA0
  C:46C9H         SYMBOL        getSCL0
  C:46CFH         SYMBOL        getSDA0
  -------         PROC          IIC0INIT
  C:472FH         LINE#         6
  C:472FH         LINE#         8
BL51 BANKED LINKER/LOCATER V6.22.2.0                                                  12/02/2018  23:04:59  PAGE 20


  -------         ENDPROC       IIC0INIT
  -------         PROC          _SETSCL0
  D:0007H         SYMBOL        s
  C:4670H         LINE#         9
  C:4670H         LINE#         10
  C:4673H         LINE#         11
  C:4676H         LINE#         13
  C:4678H         LINE#         14
  -------         ENDPROC       _SETSCL0
  -------         PROC          L?0032
  -------         ENDPROC       L?0032
  -------         PROC          _SETSDA0
  D:0007H         SYMBOL        s
  C:4602H         LINE#         15
  C:4602H         LINE#         16
  C:4605H         LINE#         17
  C:4608H         LINE#         19
  C:460AH         LINE#         20
  -------         ENDPROC       _SETSDA0
  -------         PROC          GETSCL0
  C:46C9H         LINE#         21
  C:46C9H         LINE#         22
  C:46CEH         LINE#         23
  -------         ENDPROC       GETSCL0
  -------         PROC          GETSDA0
  C:46CFH         LINE#         24
  C:46CFH         LINE#         25
  C:46D4H         LINE#         26
  -------         ENDPROC       GETSDA0
  -------         PROC          IIC0START
  C:4376H         LINE#         27
  C:4376H         LINE#         28
  C:437BH         LINE#         29
  C:437EH         LINE#         30
  C:4383H         LINE#         31
  C:4388H         LINE#         32
  C:438DH         LINE#         33
  -------         ENDPROC       IIC0START
  -------         PROC          IIC0STOP
  C:000EH         LINE#         35
  C:000EH         LINE#         36
  C:000EH         LINE#         37
  C:0011H         LINE#         38
  C:0016H         LINE#         39
  C:001BH         LINE#         40
  C:001EH         LINE#         41
  -------         ENDPROC       IIC0STOP
  -------         PROC          IIC0WAITACK
  -------         DO            
  X:0E27H         SYMBOL        ucErrTime
  -------         ENDDO         
  C:3E3EH         LINE#         44
  C:3E3EH         LINE#         48
  C:3E43H         LINE#         49
  C:3E48H         LINE#         50
  C:3E4BH         LINE#         51
  C:3E50H         LINE#         52
BL51 BANKED LINKER/LOCATER V6.22.2.0                                                  12/02/2018  23:04:59  PAGE 21


  C:3E53H         LINE#         53
  C:3E59H         LINE#         54
  C:3E5FH         LINE#         55
  C:3E69H         LINE#         56
  C:3E6CH         LINE#         57
  C:3E6FH         LINE#         58
  C:3E6FH         LINE#         59
  C:3E6FH         LINE#         60
  C:3E74H         LINE#         61
  C:3E74H         LINE#         62
  -------         ENDPROC       IIC0WAITACK
  -------         PROC          IIC0ACK
  C:4454H         LINE#         63
  C:4454H         LINE#         64
  C:4454H         LINE#         65
  C:4457H         LINE#         66
  C:445CH         LINE#         67
  C:4461H         LINE#         68
  C:4466H         LINE#         69
  -------         ENDPROC       IIC0ACK
  -------         PROC          IIC0NACK
  C:428FH         LINE#         72
  C:428FH         LINE#         73
  C:4294H         LINE#         74
  C:4298H         LINE#         75
  C:429DH         LINE#         76
  C:42A2H         LINE#         77
  C:42A7H         LINE#         78
  -------         ENDPROC       IIC0NACK
  -------         PROC          _IIC0SENDBYTE
  X:0E21H         SYMBOL        txd
  -------         DO            
  X:0E22H         SYMBOL        t
  -------         ENDDO         
  C:378AH         LINE#         80
  C:378FH         LINE#         85
  C:3794H         LINE#         86
  C:37A4H         LINE#         87
  C:37A4H         LINE#         89
  C:37B2H         LINE#         90
  C:37B6H         LINE#         92
  C:37BBH         LINE#         93
  C:37C2H         LINE#         94
  C:37C7H         LINE#         95
  C:37CCH         LINE#         96
  C:37D1H         LINE#         97
  C:37D6H         LINE#         98
  C:37DBH         LINE#         99
  C:37E3H         LINE#         100
  -------         ENDPROC       _IIC0SENDBYTE
  -------         PROC          _IIC0READBYTE
  X:0E03H         SYMBOL        ack
  -------         DO            
  X:0E04H         SYMBOL        i
  X:0E05H         SYMBOL        receive
  -------         ENDDO         
  C:344EH         LINE#         102
BL51 BANKED LINKER/LOCATER V6.22.2.0                                                  12/02/2018  23:04:59  PAGE 22


  C:3453H         LINE#         103
  C:3458H         LINE#         104
  C:3469H         LINE#         105
  C:346EH         LINE#         106
  C:3473H         LINE#         107
  C:3478H         LINE#         108
  C:3480H         LINE#         109
  C:3486H         LINE#         110
  C:3489H         LINE#         111
  C:348EH         LINE#         112
  C:3496H         LINE#         113
  C:349CH         LINE#         114
  C:34A1H         LINE#         116
  C:34A4H         LINE#         117
  C:34A9H         LINE#         118
  -------         ENDPROC       _IIC0READBYTE
  -------         ENDMOD        I2C0

  -------         MODULE        I2C1
  C:0000H         SYMBOL        _ICE_DUMMY_
  D:00B0H         PUBLIC        P3
  C:4730H         PUBLIC        iic1Init
  C:4392H         PUBLIC        iic1Start
  C:44F5H         PUBLIC        iic1Stop
  C:3E75H         PUBLIC        iic1WaitAck
  C:446BH         PUBLIC        iic1Ack
  C:42ACH         PUBLIC        iic1NAck
  C:37E4H         PUBLIC        _iic1SendByte
  C:34AAH         PUBLIC        _iic1ReadByte
  B:00B0H.1       PUBLIC        SDA1
  B:00B0H.2       PUBLIC        SCL1
  C:4679H         SYMBOL        _setSCL1
  C:4610H         SYMBOL        _setSDA1
  C:46D5H         SYMBOL        getSCL1
  C:46DBH         SYMBOL        getSDA1
  -------         PROC          IIC1INIT
  C:4730H         LINE#         6
  C:4730H         LINE#         8
  -------         ENDPROC       IIC1INIT
  -------         PROC          _SETSCL1
  D:0007H         SYMBOL        s
  C:4679H         LINE#         9
  C:4679H         LINE#         10
  C:467CH         LINE#         11
  C:467FH         LINE#         13
  C:4681H         LINE#         14
  -------         ENDPROC       _SETSCL1
  -------         PROC          L?0032
  -------         ENDPROC       L?0032
  -------         PROC          _SETSDA1
  D:0007H         SYMBOL        s
  C:4610H         LINE#         15
  C:4610H         LINE#         16
  C:4613H         LINE#         17
  C:4616H         LINE#         19
  C:4618H         LINE#         20
  -------         ENDPROC       _SETSDA1
BL51 BANKED LINKER/LOCATER V6.22.2.0                                                  12/02/2018  23:04:59  PAGE 23


  -------         PROC          GETSCL1
  C:46D5H         LINE#         21
  C:46D5H         LINE#         22
  C:46DAH         LINE#         23
  -------         ENDPROC       GETSCL1
  -------         PROC          GETSDA1
  C:46DBH         LINE#         24
  C:46DBH         LINE#         25
  C:46E0H         LINE#         26
  -------         ENDPROC       GETSDA1
  -------         PROC          IIC1START
  C:4392H         LINE#         27
  C:4392H         LINE#         28
  C:4397H         LINE#         29
  C:439AH         LINE#         30
  C:439FH         LINE#         31
  C:43A4H         LINE#         32
  C:43A9H         LINE#         33
  -------         ENDPROC       IIC1START
  -------         PROC          IIC1STOP
  C:44F5H         LINE#         35
  C:44F5H         LINE#         36
  C:44F5H         LINE#         37
  C:44F8H         LINE#         38
  C:44FDH         LINE#         39
  C:4502H         LINE#         40
  C:4505H         LINE#         41
  -------         ENDPROC       IIC1STOP
  -------         PROC          IIC1WAITACK
  -------         DO            
  X:0CC6H         SYMBOL        ucErrTime
  -------         ENDDO         
  C:3E75H         LINE#         44
  C:3E75H         LINE#         48
  C:3E7AH         LINE#         49
  C:3E7FH         LINE#         50
  C:3E82H         LINE#         51
  C:3E87H         LINE#         52
  C:3E8AH         LINE#         53
  C:3E90H         LINE#         54
  C:3E96H         LINE#         55
  C:3EA0H         LINE#         56
  C:3EA3H         LINE#         57
  C:3EA6H         LINE#         58
  C:3EA6H         LINE#         59
  C:3EA6H         LINE#         60
  C:3EABH         LINE#         61
  C:3EABH         LINE#         62
  -------         ENDPROC       IIC1WAITACK
  -------         PROC          IIC1ACK
  C:446BH         LINE#         63
  C:446BH         LINE#         64
  C:446BH         LINE#         65
  C:446EH         LINE#         66
  C:4473H         LINE#         67
  C:4478H         LINE#         68
  C:447DH         LINE#         69
BL51 BANKED LINKER/LOCATER V6.22.2.0                                                  12/02/2018  23:04:59  PAGE 24


  -------         ENDPROC       IIC1ACK
  -------         PROC          IIC1NACK
  C:42ACH         LINE#         72
  C:42ACH         LINE#         73
  C:42B1H         LINE#         74
  C:42B5H         LINE#         75
  C:42BAH         LINE#         76
  C:42BFH         LINE#         77
  C:42C4H         LINE#         78
  -------         ENDPROC       IIC1NACK
  -------         PROC          _IIC1SENDBYTE
  X:0CC6H         SYMBOL        txd
  -------         DO            
  X:0CC7H         SYMBOL        t
  -------         ENDDO         
  C:37E4H         LINE#         80
  C:37E9H         LINE#         85
  C:37EEH         LINE#         86
  C:37FEH         LINE#         87
  C:37FEH         LINE#         89
  C:380CH         LINE#         90
  C:3810H         LINE#         92
  C:3815H         LINE#         93
  C:381CH         LINE#         94
  C:3821H         LINE#         95
  C:3826H         LINE#         96
  C:382BH         LINE#         97
  C:3830H         LINE#         98
  C:3835H         LINE#         99
  C:383DH         LINE#         100
  -------         ENDPROC       _IIC1SENDBYTE
  -------         PROC          _IIC1READBYTE
  X:0E06H         SYMBOL        ack
  -------         DO            
  X:0E07H         SYMBOL        i
  X:0E08H         SYMBOL        receive
  -------         ENDDO         
  C:34AAH         LINE#         102
  C:34AFH         LINE#         103
  C:34B4H         LINE#         104
  C:34C5H         LINE#         105
  C:34CAH         LINE#         106
  C:34CFH         LINE#         107
  C:34D4H         LINE#         108
  C:34DCH         LINE#         109
  C:34E2H         LINE#         110
  C:34E5H         LINE#         111
  C:34EAH         LINE#         112
  C:34F2H         LINE#         113
  C:34F8H         LINE#         114
  C:34FDH         LINE#         116
  C:3500H         LINE#         117
  C:3505H         LINE#         118
  -------         ENDPROC       _IIC1READBYTE
  -------         ENDMOD        I2C1

  -------         MODULE        I2C2
BL51 BANKED LINKER/LOCATER V6.22.2.0                                                  12/02/2018  23:04:59  PAGE 25


  C:0000H         SYMBOL        _ICE_DUMMY_
  D:00B0H         PUBLIC        P3
  C:4731H         PUBLIC        iic2Init
  C:43AEH         PUBLIC        iic2Start
  C:450AH         PUBLIC        iic2Stop
  C:3EACH         PUBLIC        iic2WaitAck
  C:4482H         PUBLIC        iic2Ack
  C:42C9H         PUBLIC        iic2NAck
  C:383EH         PUBLIC        _iic2SendByte
  C:3506H         PUBLIC        _iic2ReadByte
  B:00B0H.3       PUBLIC        SDA2
  B:00B0H.4       PUBLIC        SCL2
  C:4682H         SYMBOL        _setSCL2
  C:461EH         SYMBOL        _setSDA2
  C:46E1H         SYMBOL        getSCL2
  C:46E7H         SYMBOL        getSDA2
  -------         PROC          IIC2INIT
  C:4731H         LINE#         6
  C:4731H         LINE#         7
  -------         ENDPROC       IIC2INIT
  -------         PROC          _SETSCL2
  D:0007H         SYMBOL        s
  C:4682H         LINE#         8
  C:4682H         LINE#         9
  C:4685H         LINE#         10
  C:4688H         LINE#         12
  C:468AH         LINE#         13
  -------         ENDPROC       _SETSCL2
  -------         PROC          L?0032
  -------         ENDPROC       L?0032
  -------         PROC          _SETSDA2
  D:0007H         SYMBOL        s
  C:461EH         LINE#         14
  C:461EH         LINE#         15
  C:4621H         LINE#         16
  C:4624H         LINE#         18
  C:4626H         LINE#         19
  -------         ENDPROC       _SETSDA2
  -------         PROC          GETSCL2
  C:46E1H         LINE#         20
  C:46E1H         LINE#         21
  C:46E6H         LINE#         22
  -------         ENDPROC       GETSCL2
  -------         PROC          GETSDA2
  C:46E7H         LINE#         23
  C:46E7H         LINE#         24
  C:46ECH         LINE#         25
  -------         ENDPROC       GETSDA2
  -------         PROC          IIC2START
  C:43AEH         LINE#         26
  C:43AEH         LINE#         27
  C:43B3H         LINE#         28
  C:43B6H         LINE#         29
  C:43BBH         LINE#         30
  C:43C0H         LINE#         31
  C:43C5H         LINE#         32
  -------         ENDPROC       IIC2START
BL51 BANKED LINKER/LOCATER V6.22.2.0                                                  12/02/2018  23:04:59  PAGE 26


  -------         PROC          IIC2STOP
  C:450AH         LINE#         34
  C:450AH         LINE#         35
  C:450AH         LINE#         36
  C:450DH         LINE#         37
  C:4512H         LINE#         38
  C:4517H         LINE#         39
  C:451AH         LINE#         40
  -------         ENDPROC       IIC2STOP
  -------         PROC          IIC2WAITACK
  -------         DO            
  X:0CC6H         SYMBOL        ucErrTime
  -------         ENDDO         
  C:3EACH         LINE#         43
  C:3EACH         LINE#         47
  C:3EB1H         LINE#         48
  C:3EB6H         LINE#         49
  C:3EB9H         LINE#         50
  C:3EBEH         LINE#         51
  C:3EC1H         LINE#         52
  C:3EC7H         LINE#         53
  C:3ECDH         LINE#         54
  C:3ED7H         LINE#         55
  C:3EDAH         LINE#         56
  C:3EDDH         LINE#         57
  C:3EDDH         LINE#         58
  C:3EDDH         LINE#         59
  C:3EE2H         LINE#         60
  C:3EE2H         LINE#         61
  -------         ENDPROC       IIC2WAITACK
  -------         PROC          IIC2ACK
  C:4482H         LINE#         62
  C:4482H         LINE#         63
  C:4482H         LINE#         64
  C:4485H         LINE#         65
  C:448AH         LINE#         66
  C:448FH         LINE#         67
  C:4494H         LINE#         68
  -------         ENDPROC       IIC2ACK
  -------         PROC          IIC2NACK
  C:42C9H         LINE#         71
  C:42C9H         LINE#         72
  C:42CEH         LINE#         73
  C:42D2H         LINE#         74
  C:42D7H         LINE#         75
  C:42DCH         LINE#         76
  C:42E1H         LINE#         77
  -------         ENDPROC       IIC2NACK
  -------         PROC          _IIC2SENDBYTE
  X:0CC6H         SYMBOL        txd
  -------         DO            
  X:0CC7H         SYMBOL        t
  -------         ENDDO         
  C:383EH         LINE#         79
  C:3843H         LINE#         84
  C:3848H         LINE#         85
  C:3858H         LINE#         86
BL51 BANKED LINKER/LOCATER V6.22.2.0                                                  12/02/2018  23:04:59  PAGE 27


  C:3858H         LINE#         88
  C:3866H         LINE#         89
  C:386AH         LINE#         91
  C:386FH         LINE#         92
  C:3876H         LINE#         93
  C:387BH         LINE#         94
  C:3880H         LINE#         95
  C:3885H         LINE#         96
  C:388AH         LINE#         97
  C:388FH         LINE#         98
  C:3897H         LINE#         99
  -------         ENDPROC       _IIC2SENDBYTE
  -------         PROC          _IIC2READBYTE
  X:0E09H         SYMBOL        ack
  -------         DO            
  X:0E0AH         SYMBOL        i
  X:0E0BH         SYMBOL        receive
  -------         ENDDO         
  C:3506H         LINE#         101
  C:350BH         LINE#         102
  C:3510H         LINE#         103
  C:3521H         LINE#         104
  C:3526H         LINE#         105
  C:352BH         LINE#         106
  C:3530H         LINE#         107
  C:3538H         LINE#         108
  C:353EH         LINE#         109
  C:3541H         LINE#         110
  C:3546H         LINE#         111
  C:354EH         LINE#         112
  C:3554H         LINE#         113
  C:3559H         LINE#         115
  C:355CH         LINE#         116
  C:3561H         LINE#         117
  -------         ENDPROC       _IIC2READBYTE
  -------         ENDMOD        I2C2

  -------         MODULE        I2C3
  C:0000H         SYMBOL        _ICE_DUMMY_
  D:0084H         PUBLIC        P4
  C:4732H         PUBLIC        iic3Init
  C:43CAH         PUBLIC        iic3Start
  C:451FH         PUBLIC        iic3Stop
  C:3EE3H         PUBLIC        iic3WaitAck
  C:4499H         PUBLIC        iic3Ack
  C:42E6H         PUBLIC        iic3NAck
  C:3898H         PUBLIC        _iic3SendByte
  C:3562H         PUBLIC        _iic3ReadByte
  C:465AH         SYMBOL        _setSCL3
  C:45C3H         SYMBOL        _setSDA3
  C:468BH         SYMBOL        getSCL3
  C:0003H         SYMBOL        getSDA3
  -------         PROC          IIC3INIT
  C:4732H         LINE#         5
  C:4732H         LINE#         7
  -------         ENDPROC       IIC3INIT
  -------         PROC          _SETSCL3
BL51 BANKED LINKER/LOCATER V6.22.2.0                                                  12/02/2018  23:04:59  PAGE 28


  D:0007H         SYMBOL        s
  C:465AH         LINE#         8
  C:465AH         LINE#         9
  C:465DH         LINE#         10
  C:4661H         LINE#         12
  C:4664H         LINE#         13
  -------         ENDPROC       _SETSCL3
  -------         PROC          L?0032
  -------         ENDPROC       L?0032
  -------         PROC          _SETSDA3
  D:0007H         SYMBOL        s
  C:45C3H         LINE#         14
  C:45C3H         LINE#         15
  C:45C6H         LINE#         16
  C:45CAH         LINE#         18
  C:45CDH         LINE#         19
  -------         ENDPROC       _SETSDA3
  -------         PROC          GETSCL3
  C:468BH         LINE#         20
  C:468BH         LINE#         21
  C:4693H         LINE#         22
  -------         ENDPROC       GETSCL3
  -------         PROC          GETSDA3
  C:0003H         LINE#         23
  C:0003H         LINE#         24
  C:000AH         LINE#         25
  -------         ENDPROC       GETSDA3
  -------         PROC          IIC3START
  C:43CAH         LINE#         26
  C:43CAH         LINE#         27
  C:43CFH         LINE#         28
  C:43D2H         LINE#         29
  C:43D7H         LINE#         30
  C:43DCH         LINE#         31
  C:43E1H         LINE#         32
  -------         ENDPROC       IIC3START
  -------         PROC          IIC3STOP
  C:451FH         LINE#         34
  C:451FH         LINE#         35
  C:451FH         LINE#         36
  C:4522H         LINE#         37
  C:4527H         LINE#         38
  C:452CH         LINE#         39
  C:452FH         LINE#         40
  -------         ENDPROC       IIC3STOP
  -------         PROC          IIC3WAITACK
  -------         DO            
  X:0CC6H         SYMBOL        ucErrTime
  -------         ENDDO         
  C:3EE3H         LINE#         43
  C:3EE3H         LINE#         47
  C:3EE8H         LINE#         48
  C:3EEDH         LINE#         49
  C:3EF0H         LINE#         50
  C:3EF5H         LINE#         51
  C:3EF8H         LINE#         52
  C:3EFEH         LINE#         53
BL51 BANKED LINKER/LOCATER V6.22.2.0                                                  12/02/2018  23:04:59  PAGE 29


  C:3F04H         LINE#         54
  C:3F0EH         LINE#         55
  C:3F11H         LINE#         56
  C:3F14H         LINE#         57
  C:3F14H         LINE#         58
  C:3F14H         LINE#         59
  C:3F19H         LINE#         60
  C:3F19H         LINE#         61
  -------         ENDPROC       IIC3WAITACK
  -------         PROC          IIC3ACK
  C:4499H         LINE#         62
  C:4499H         LINE#         63
  C:4499H         LINE#         64
  C:449CH         LINE#         65
  C:44A1H         LINE#         66
  C:44A6H         LINE#         67
  C:44ABH         LINE#         68
  -------         ENDPROC       IIC3ACK
  -------         PROC          IIC3NACK
  C:42E6H         LINE#         71
  C:42E6H         LINE#         72
  C:42EBH         LINE#         73
  C:42EFH         LINE#         74
  C:42F4H         LINE#         75
  C:42F9H         LINE#         76
  C:42FEH         LINE#         77
  -------         ENDPROC       IIC3NACK
  -------         PROC          _IIC3SENDBYTE
  X:0CC6H         SYMBOL        txd
  -------         DO            
  X:0CC7H         SYMBOL        t
  -------         ENDDO         
  C:3898H         LINE#         79
  C:389DH         LINE#         84
  C:38A2H         LINE#         85
  C:38B2H         LINE#         86
  C:38B2H         LINE#         88
  C:38C0H         LINE#         89
  C:38C4H         LINE#         91
  C:38C9H         LINE#         92
  C:38D0H         LINE#         93
  C:38D5H         LINE#         94
  C:38DAH         LINE#         95
  C:38DFH         LINE#         96
  C:38E4H         LINE#         97
  C:38E9H         LINE#         98
  C:38F1H         LINE#         99
  -------         ENDPROC       _IIC3SENDBYTE
  -------         PROC          _IIC3READBYTE
  X:0E0CH         SYMBOL        ack
  -------         DO            
  X:0E0DH         SYMBOL        i
  X:0E0EH         SYMBOL        receive
  -------         ENDDO         
  C:3562H         LINE#         101
  C:3567H         LINE#         102
  C:356CH         LINE#         103
BL51 BANKED LINKER/LOCATER V6.22.2.0                                                  12/02/2018  23:04:59  PAGE 30


  C:357DH         LINE#         104
  C:3582H         LINE#         105
  C:3587H         LINE#         106
  C:358CH         LINE#         107
  C:3594H         LINE#         108
  C:359AH         LINE#         109
  C:359DH         LINE#         110
  C:35A2H         LINE#         111
  C:35AAH         LINE#         112
  C:35B0H         LINE#         113
  C:35B5H         LINE#         115
  C:35B8H         LINE#         116
  C:35BDH         LINE#         117
  -------         ENDPROC       _IIC3READBYTE
  -------         ENDMOD        I2C3

  -------         MODULE        I2C4
  C:0000H         SYMBOL        _ICE_DUMMY_
  D:0084H         PUBLIC        P4
  C:4733H         PUBLIC        iic4Init
  C:43E6H         PUBLIC        iic4Start
  C:4534H         PUBLIC        iic4Stop
  C:3F1AH         PUBLIC        iic4WaitAck
  C:44B0H         PUBLIC        iic4Ack
  C:4303H         PUBLIC        iic4NAck
  C:38F2H         PUBLIC        _iic4SendByte
  C:35BEH         PUBLIC        _iic4ReadByte
  C:4665H         SYMBOL        _setSCL
  C:45D3H         SYMBOL        _setSDA
  C:46A6H         SYMBOL        getSCL
  C:46AEH         SYMBOL        getSDA
  -------         PROC          IIC4INIT
  C:4733H         LINE#         4
  C:4733H         LINE#         6
  -------         ENDPROC       IIC4INIT
  -------         PROC          _SETSCL
  D:0007H         SYMBOL        s
  C:4665H         LINE#         7
  C:4665H         LINE#         8
  C:4668H         LINE#         9
  C:466CH         LINE#         11
  C:466FH         LINE#         12
  -------         ENDPROC       _SETSCL
  -------         PROC          L?0032
  -------         ENDPROC       L?0032
  -------         PROC          _SETSDA
  D:0007H         SYMBOL        s
  C:45D3H         LINE#         13
  C:45D3H         LINE#         14
  C:45D6H         LINE#         15
  C:45DAH         LINE#         17
  C:45DDH         LINE#         18
  -------         ENDPROC       _SETSDA
  -------         PROC          GETSCL
  C:46A6H         LINE#         19
  C:46A6H         LINE#         20
  C:46ADH         LINE#         21
BL51 BANKED LINKER/LOCATER V6.22.2.0                                                  12/02/2018  23:04:59  PAGE 31


  -------         ENDPROC       GETSCL
  -------         PROC          GETSDA
  C:46AEH         LINE#         22
  C:46AEH         LINE#         23
  C:46B4H         LINE#         24
  -------         ENDPROC       GETSDA
  -------         PROC          IIC4START
  C:43E6H         LINE#         25
  C:43E6H         LINE#         26
  C:43EBH         LINE#         27
  C:43EEH         LINE#         28
  C:43F3H         LINE#         29
  C:43F8H         LINE#         30
  C:43FDH         LINE#         31
  -------         ENDPROC       IIC4START
  -------         PROC          IIC4STOP
  C:4534H         LINE#         33
  C:4534H         LINE#         34
  C:4534H         LINE#         35
  C:4537H         LINE#         36
  C:453CH         LINE#         37
  C:4541H         LINE#         38
  C:4544H         LINE#         39
  -------         ENDPROC       IIC4STOP
  -------         PROC          IIC4WAITACK
  -------         DO            
  X:0CC6H         SYMBOL        ucErrTime
  -------         ENDDO         
  C:3F1AH         LINE#         42
  C:3F1AH         LINE#         46
  C:3F1FH         LINE#         47
  C:3F24H         LINE#         48
  C:3F27H         LINE#         49
  C:3F2CH         LINE#         50
  C:3F2FH         LINE#         51
  C:3F35H         LINE#         52
  C:3F3BH         LINE#         53
  C:3F45H         LINE#         54
  C:3F48H         LINE#         55
  C:3F4BH         LINE#         56
  C:3F4BH         LINE#         57
  C:3F4BH         LINE#         58
  C:3F50H         LINE#         59
  C:3F50H         LINE#         60
  -------         ENDPROC       IIC4WAITACK
  -------         PROC          IIC4ACK
  C:44B0H         LINE#         61
  C:44B0H         LINE#         62
  C:44B0H         LINE#         63
  C:44B3H         LINE#         64
  C:44B8H         LINE#         65
  C:44BDH         LINE#         66
  C:44C2H         LINE#         67
  -------         ENDPROC       IIC4ACK
  -------         PROC          IIC4NACK
  C:4303H         LINE#         70
  C:4303H         LINE#         71
BL51 BANKED LINKER/LOCATER V6.22.2.0                                                  12/02/2018  23:04:59  PAGE 32


  C:4308H         LINE#         72
  C:430CH         LINE#         73
  C:4311H         LINE#         74
  C:4316H         LINE#         75
  C:431BH         LINE#         76
  -------         ENDPROC       IIC4NACK
  -------         PROC          _IIC4SENDBYTE
  X:0CC6H         SYMBOL        txd
  -------         DO            
[...]
  C:3C42H         LINE#         142
  C:3C46H         LINE#         143
  C:3C8BH         LINE#         144
  -------         ENDPROC       _LD
  -------         PROC          _LDP
  D:0004H         SYMBOL        A
  -------         DO            
  D:002DH         SYMBOL        temp0
  D:002EH         SYMBOL        temp1
  -------         ENDDO         
  C:2D8EH         LINE#         145
  C:2D92H         LINE#         147
  C:2DD8H         LINE#         148
  C:2E1EH         LINE#         149
BL51 BANKED LINKER/LOCATER V6.22.2.0                                                  12/02/2018  23:04:59  PAGE 64


  C:2E26H         LINE#         150
  C:2E29H         LINE#         152
  C:2E2BH         LINE#         153
  -------         ENDPROC       _LDP
  -------         PROC          _LDN
  D:0004H         SYMBOL        A
  -------         DO            
  D:002FH         SYMBOL        temp0
  D:0030H         SYMBOL        temp1
  -------         ENDDO         
  C:2E2CH         LINE#         154
  C:2E30H         LINE#         156
  C:2E76H         LINE#         157
  C:2EBCH         LINE#         158
  C:2EC4H         LINE#         159
  C:2EC7H         LINE#         161
  C:2EC9H         LINE#         162
  -------         ENDPROC       _LDN
  -------         PROC          _T100US
  X:0DF3H         SYMBOL        A
  X:0DF4H         SYMBOL        start
  X:0DF5H         SYMBOL        value
  C:1BC9H         LINE#         163
  C:1BD9H         LINE#         165
  C:1BE2H         LINE#         166
  C:1BF0H         LINE#         168
  C:1BF9H         LINE#         169
  C:1C22H         LINE#         170
  C:1C5CH         LINE#         171
  C:1C5EH         LINE#         172
  C:1C5EH         LINE#         173
  C:1CA7H         LINE#         174
  C:1CA7H         LINE#         176
  C:1CA8H         LINE#         177
  C:1CA8H         LINE#         178
  C:1CF2H         LINE#         179
  C:1D07H         LINE#         180
  C:1D07H         LINE#         181
  -------         ENDPROC       _T100US
  -------         PROC          _T1MS
  X:0DF7H         SYMBOL        A
  X:0DF8H         SYMBOL        start
  X:0DF9H         SYMBOL        value
  C:1D08H         LINE#         182
  C:1D18H         LINE#         184
  C:1D21H         LINE#         185
  C:1D2FH         LINE#         187
  C:1D38H         LINE#         188
  C:1D61H         LINE#         189
  C:1D9BH         LINE#         190
  C:1D9DH         LINE#         191
  C:1D9DH         LINE#         192
  C:1DE6H         LINE#         193
  C:1DE6H         LINE#         195
  C:1DE7H         LINE#         196
  C:1DE7H         LINE#         197
  C:1E31H         LINE#         198
BL51 BANKED LINKER/LOCATER V6.22.2.0                                                  12/02/2018  23:04:59  PAGE 65


  C:1E46H         LINE#         199
  C:1E46H         LINE#         200
  -------         ENDPROC       _T1MS
  -------         PROC          _T10MS
  X:0DFBH         SYMBOL        A
  X:0DFCH         SYMBOL        start
  X:0DFDH         SYMBOL        value
  C:1E47H         LINE#         201
  C:1E57H         LINE#         203
  C:1E60H         LINE#         204
  C:1E6EH         LINE#         206
  C:1E77H         LINE#         207
  C:1EA0H         LINE#         208
  C:1EDAH         LINE#         209
  C:1EDCH         LINE#         210
  C:1EDCH         LINE#         211
  C:1F25H         LINE#         212
  C:1F25H         LINE#         214
  C:1F26H         LINE#         215
  C:1F26H         LINE#         216
  C:1F70H         LINE#         217
  C:1F85H         LINE#         218
  C:1F85H         LINE#         219
  -------         ENDPROC       _T10MS
  -------         PROC          _T100MS
  X:0CC4H         SYMBOL        A
  X:0CC5H         SYMBOL        start
  X:0CC6H         SYMBOL        value
  C:1F86H         LINE#         220
  C:1F96H         LINE#         222
  C:1F9FH         LINE#         223
  C:1FADH         LINE#         225
  C:1FB6H         LINE#         226
  C:1FDFH         LINE#         227
  C:2019H         LINE#         228
  C:201BH         LINE#         229
  C:201BH         LINE#         230
  C:2064H         LINE#         231
  C:2064H         LINE#         232
  C:2065H         LINE#         233
  C:2065H         LINE#         234
  C:20AFH         LINE#         235
  C:20C4H         LINE#         236
  C:20C4H         LINE#         237
  -------         ENDPROC       _T100MS
  -------         PROC          TIMER0INIT
  -------         DO            
  D:0006H         SYMBOL        temp
  -------         ENDDO         
  C:420BH         LINE#         239
  C:420BH         LINE#         240
  C:420BH         LINE#         242
  C:420EH         LINE#         243
  C:4210H         LINE#         244
  C:4212H         LINE#         245
  C:4214H         LINE#         246
  C:4216H         LINE#         247
BL51 BANKED LINKER/LOCATER V6.22.2.0                                                  12/02/2018  23:04:59  PAGE 66


  C:421AH         LINE#         248
  C:421DH         LINE#         249
  C:4220H         LINE#         250
  C:4223H         LINE#         251
  C:4226H         LINE#         252
  C:4229H         LINE#         253
  C:422BH         LINE#         254
  C:422DH         LINE#         255
  -------         ENDPROC       TIMER0INIT
  -------         PROC          TIMER0ISR
  -------         DO            
  D:0014H         SYMBOL        i
  -------         ENDDO         
  C:18AFH         LINE#         256
  C:18C4H         LINE#         259
  C:18C6H         LINE#         261
  C:18CCH         LINE#         262
  C:18EDH         LINE#         263
  C:18FEH         LINE#         264
  C:18FEH         LINE#         265
  C:190EH         LINE#         267
  C:1919H         LINE#         268
  C:191FH         LINE#         269
  C:1940H         LINE#         270
  C:1951H         LINE#         271
  C:1951H         LINE#         272
  C:1961H         LINE#         273
  C:1963H         LINE#         274
  C:1966H         LINE#         275
  C:1966H         LINE#         277
  C:1971H         LINE#         278
  C:1977H         LINE#         279
  C:1998H         LINE#         280
  C:19A9H         LINE#         281
  C:19A9H         LINE#         282
  C:19B9H         LINE#         283
  C:19BBH         LINE#         284
  C:19BEH         LINE#         285
  C:19BEH         LINE#         287
  C:19C9H         LINE#         288
  C:19CFH         LINE#         289
  C:19F0H         LINE#         290
  C:1A01H         LINE#         291
  C:1A01H         LINE#         292
  C:1A11H         LINE#         293
  C:1A14H         LINE#         294
  C:1A16H         LINE#         295
  C:1A16H         LINE#         296
  C:1A21H         LINE#         297
  C:1A24H         LINE#         298
  C:1A24H         LINE#         299
  C:1A26H         LINE#         300
  C:1A29H         LINE#         301
  C:1A2CH         LINE#         302
  -------         ENDPROC       TIMER0ISR
  -------         PROC          GETINPUT
  -------         DO            
BL51 BANKED LINKER/LOCATER V6.22.2.0                                                  12/02/2018  23:04:59  PAGE 67


  D:0016H         SYMBOL        i
  D:0017H         SYMBOL        temp0
  D:0018H         SYMBOL        temp1
  -------         ENDDO         
  C:2ECAH         LINE#         304
  C:2ECAH         LINE#         306
  C:2ED4H         LINE#         307
  C:2EDCH         LINE#         308
  C:2EE2H         LINE#         309
  C:2EF0H         LINE#         310
  C:2F04H         LINE#         311
  C:2F18H         LINE#         312
  C:2F1CH         LINE#         313
  C:2F20H         LINE#         314
  C:2F3DH         LINE#         316
  C:2F5CH         LINE#         317
  C:2F5CH         LINE#         318
  C:2F60H         LINE#         319
  C:2F63H         LINE#         320
  C:2F63H         LINE#         321
  C:2F65H         LINE#         322
  -------         ENDPROC       GETINPUT
  -------         PROC          SETOUTPUT
  C:473DH         LINE#         323
  C:473DH         LINE#         325
  -------         ENDPROC       SETOUTPUT
  -------         ENDMOD        SPLC

  -------         MODULE        ?C?COPY
  C:00FEH         PUBLIC        ?C?COPY
  -------         ENDMOD        ?C?COPY

  -------         MODULE        ?C?CLDPTR
  C:0124H         PUBLIC        ?C?CLDPTR
  -------         ENDMOD        ?C?CLDPTR

  -------         MODULE        ?C?CLDOPTR
  C:013DH         PUBLIC        ?C?CLDOPTR
  -------         ENDMOD        ?C?CLDOPTR

  -------         MODULE        ?C?CSTPTR
  C:016AH         PUBLIC        ?C?CSTPTR
  -------         ENDMOD        ?C?CSTPTR

  -------         MODULE        ?C?SIDIV
  C:017CH         PUBLIC        ?C?SIDIV
  -------         ENDMOD        ?C?SIDIV

  -------         MODULE        ?C?IILDX
  C:01B2H         PUBLIC        ?C?IILDX
  -------         ENDMOD        ?C?IILDX

  -------         MODULE        ?C?ILDIX
  C:01C8H         PUBLIC        ?C?ILDIX
  -------         ENDMOD        ?C?ILDIX

  -------         MODULE        ?C?ISTPTR
BL51 BANKED LINKER/LOCATER V6.22.2.0                                                  12/02/2018  23:04:59  PAGE 68


  C:01DEH         PUBLIC        ?C?ISTPTR
  -------         ENDMOD        ?C?ISTPTR

  -------         MODULE        ?C?SLDIV
  C:3CD4H         PUBLIC        ?C?SLDIV
  -------         ENDMOD        ?C?SLDIV

  -------         MODULE        ?C?ULCMP
  C:01FDH         PUBLIC        ?C?ULCMP
  -------         ENDMOD        ?C?ULCMP

  -------         MODULE        ?C?ULSHR
  C:020EH         PUBLIC        ?C?ULSHR
  -------         ENDMOD        ?C?ULSHR

  -------         MODULE        ?C?LSHL
  C:0221H         PUBLIC        ?C?LSHL
  -------         ENDMOD        ?C?LSHL

  -------         MODULE        ?C?LLDCODE0
  C:0234H         PUBLIC        ?C?LLDCODE0
  -------         ENDMOD        ?C?LLDCODE0

  -------         MODULE        ?C?LLDIXDATA
  C:024DH         PUBLIC        ?C?LLDIXDATA
  C:0244H         PUBLIC        ?C?LLDIXDATA1
  C:0246H         PUBLIC        ?C?LLDIXDATA8
  -------         ENDMOD        ?C?LLDIXDATA

  -------         MODULE        ?C?LSTXDATA
  C:0279H         PUBLIC        ?C?LSTXDATA
  -------         ENDMOD        ?C?LSTXDATA

  -------         MODULE        ?C?LSTKXDATA
  C:0285H         PUBLIC        ?C?LSTKXDATA
  -------         ENDMOD        ?C?LSTKXDATA

  -------         MODULE        ?C?OFFXADD
  C:02B6H         PUBLIC        ?C?OFFXADD
  -------         ENDMOD        ?C?OFFXADD

  -------         MODULE        ?C_XBP
  D:0031H         PUBLIC        ?C_XBP
  -------         ENDMOD        ?C_XBP

  -------         MODULE        ?C?ADDXBP
  C:02C2H         PUBLIC        ?C?ADDXBP
  -------         ENDMOD        ?C?ADDXBP

  -------         MODULE        PRINTF
  X:0CC8H         PUBLIC        ?_PRINTF517?BYTE
  X:0CC8H         PUBLIC        ?_PRINTF?BYTE
  X:0CC8H         PUBLIC        ?_SPRINTF517?BYTE
  X:0CC8H         PUBLIC        ?_SPRINTF?BYTE
  C:1020H         PUBLIC        _PRINTF
  C:1020H         PUBLIC        _PRINTF517
  C:101AH         PUBLIC        _SPRINTF
BL51 BANKED LINKER/LOCATER V6.22.2.0                                                  12/02/2018  23:04:59  PAGE 69


  C:101AH         PUBLIC        _SPRINTF517
  -------         ENDMOD        PRINTF

  -------         MODULE        RAND
  X:0DFFH         PUBLIC        ?SRAND?BYTE
  C:3BF5H         PUBLIC        RAND
  C:3C33H         PUBLIC        _SRAND
  -------         ENDMOD        RAND

  -------         MODULE        ?C?MEMSET
  C:02E6H         PUBLIC        ?C?MEMSET
  -------         ENDMOD        ?C?MEMSET

  -------         MODULE        ?C?UIDIV
  C:0312H         PUBLIC        ?C?UIDIV
  -------         ENDMOD        ?C?UIDIV

  -------         MODULE        ?C?ULDIV
  C:03A3H         PUBLIC        ?C?ULDIV
  -------         ENDMOD        ?C?ULDIV

  -------         MODULE        ?C?LLDXDATA
  C:0435H         PUBLIC        ?C?LLDXDATA
  -------         ENDMOD        ?C?LLDXDATA

  -------         MODULE        ?C?PLDIXDATA
  C:0441H         PUBLIC        ?C?PLDIXDATA
  -------         ENDMOD        ?C?PLDIXDATA

  -------         MODULE        ?C?PSTXDATA
  C:0458H         PUBLIC        ?C?PSTXDATA
  -------         ENDMOD        ?C?PSTXDATA

  -------         MODULE        ?C?CCASE
  C:0461H         PUBLIC        ?C?CCASE
  -------         ENDMOD        ?C?CCASE

  -------         MODULE        PUTCHAR
  C:41BEH         PUBLIC        _PUTCHAR
  -------         ENDMOD        PUTCHAR



FUNCTION REGISTER MASKS


FUNCTION . . . . . . . . . . REG MASK
-------------------------------------

CLEARC . . . . . . . . . . . @0xf30f
CLEARDM. . . . . . . . . . . @0xf30f
CLEAREM. . . . . . . . . . . @0xf30f
CLEARMR. . . . . . . . . . . @0xf30f
CLEARR . . . . . . . . . . . @0xf30f
CLEART . . . . . . . . . . . @0xf30f
CLEARTD. . . . . . . . . . . @0xf30f
CRC32CLEAR . . . . . . . . . @0xbf8f
BL51 BANKED LINKER/LOCATER V6.22.2.0                                                  12/02/2018  23:04:59  PAGE 70


EPROMINIT. . . . . . . . . . @0x8000
IIC0INIT . . . . . . . . . . @0x8000
IIC1INIT . . . . . . . . . . @0x8000
IIC2INIT . . . . . . . . . . @0x8000
IIC3INIT . . . . . . . . . . @0x8000
IIC4INIT . . . . . . . . . . @0x8000
IIC5INIT . . . . . . . . . . @0x8000
IIC6INIT . . . . . . . . . . @0x8000
INITDEVICE . . . . . . . . . @0x8000
INITMODBUSTIMER. . . . . . . @0xe003
MODBUSSERIALRXHANDLE . . . . @0xf300
MODBUSSERIALTXHANDLE . . . . @0x8000
MODBUSTIMERHANDLE. . . . . . @0x8000
NVRAMSAVE. . . . . . . . . . @0xc000
OSCILLATOR_INIT. . . . . . . @0x8000
PORT_IO_INIT . . . . . . . . @0x8000
READNVRAM. . . . . . . . . . @0x8000
RESET_SOURCES_INIT . . . . . @0x8000
SETOUTPUT. . . . . . . . . . @0x8000
TIMER0INIT . . . . . . . . . @0xe003
TIMER0ISR. . . . . . . . . . @0xf78b
UPDATENVRAM. . . . . . . . . @0x8000
VOLTAGE_REFERENCE_INIT . . . @0x8000
WRITENVRAM . . . . . . . . . @0x8000
_CRC32SETCRCOLD. . . . . . . @0xbf8f
_FLIP. . . . . . . . . . . . @0xf3bf
_GETCOILVAL. . . . . . . . . @0xf703
_GETREGISTERVAL. . . . . . . @0xf703
_HWDELAY . . . . . . . . . . @0xe001
_HWDELAYINIT . . . . . . . . @0xc001
_LD. . . . . . . . . . . . . @0xf39f
_LDN . . . . . . . . . . . . @0xf39f
_LDP . . . . . . . . . . . . @0xf39f
_MCP47X6_READ. . . . . . . . @0x8000
_MODBUSSERIALSENDBUFFER. . . @0xf371
_RESET . . . . . . . . . . . @0xf38f
_SET . . . . . . . . . . . . @0xf38f
_SETCOILVAL. . . . . . . . . @0xe00f
_SETMODBUSSLAVEADDR. . . . . @0x8000
_SETREGISTERVAL. . . . . . . @0xe00f

*** WARNING L16: UNCALLED SEGMENT, IGNORED FOR OVERLAY PROCESS
    SEGMENT: ?PR?_?DELAYMS?DELAY

*** WARNING L16: UNCALLED SEGMENT, IGNORED FOR OVERLAY PROCESS
    SEGMENT: ?PR?_HWDELAYINIT?DELAY

*** WARNING L16: UNCALLED SEGMENT, IGNORED FOR OVERLAY PROCESS
    SEGMENT: ?PR?_HWDELAY?DELAY

*** WARNING L16: UNCALLED SEGMENT, IGNORED FOR OVERLAY PROCESS
    SEGMENT: ?PR?_CRC32CALCULATE?CRC32

*** WARNING L16: UNCALLED SEGMENT, IGNORED FOR OVERLAY PROCESS
    SEGMENT: ?PR?_CRC32SETCRCOLD?CRC32

*** WARNING L16: UNCALLED SEGMENT, IGNORED FOR OVERLAY PROCESS
BL51 BANKED LINKER/LOCATER V6.22.2.0                                                  12/02/2018  23:04:59  PAGE 71


    SEGMENT: ?PR?_FLASH_UPDATE?F580_FLASHUTILS

*** WARNING L16: UNCALLED SEGMENT, IGNORED FOR OVERLAY PROCESS
    SEGMENT: ?PR?_FLASH_READ?F580_FLASHUTILS

*** WARNING L16: UNCALLED SEGMENT, IGNORED FOR OVERLAY PROCESS
    SEGMENT: ?PR?_FLASH_FILL?F580_FLASHUTILS

*** WARNING L16: UNCALLED SEGMENT, IGNORED FOR OVERLAY PROCESS
    SEGMENT: ?PR?GETSCL0?I2C0

*** WARNING L16: UNCALLED SEGMENT, IGNORED FOR OVERLAY PROCESS
    SEGMENT: ?PR?IIC1INIT?I2C1

*** WARNING L16: UNCALLED SEGMENT, IGNORED FOR OVERLAY PROCESS
    SEGMENT: ?PR?GETSCL1?I2C1

*** WARNING L16: UNCALLED SEGMENT, IGNORED FOR OVERLAY PROCESS
    SEGMENT: ?PR?_IIC1READBYTE?I2C1

*** WARNING L16: UNCALLED SEGMENT, IGNORED FOR OVERLAY PROCESS
    SEGMENT: ?PR?IIC2INIT?I2C2

*** WARNING L16: UNCALLED SEGMENT, IGNORED FOR OVERLAY PROCESS
    SEGMENT: ?PR?GETSCL2?I2C2

*** WARNING L16: UNCALLED SEGMENT, IGNORED FOR OVERLAY PROCESS
    SEGMENT: ?PR?_IIC2READBYTE?I2C2

*** WARNING L16: UNCALLED SEGMENT, IGNORED FOR OVERLAY PROCESS
    SEGMENT: ?PR?IIC3INIT?I2C3

*** WARNING L16: UNCALLED SEGMENT, IGNORED FOR OVERLAY PROCESS
    SEGMENT: ?PR?GETSCL3?I2C3

*** WARNING L16: UNCALLED SEGMENT, IGNORED FOR OVERLAY PROCESS
    SEGMENT: ?PR?_IIC3READBYTE?I2C3

*** WARNING L16: UNCALLED SEGMENT, IGNORED FOR OVERLAY PROCESS
    SEGMENT: ?PR?IIC4INIT?I2C4

*** WARNING L16: UNCALLED SEGMENT, IGNORED FOR OVERLAY PROCESS
    SEGMENT: ?PR?GETSCL?I2C4

*** WARNING L16: UNCALLED SEGMENT, IGNORED FOR OVERLAY PROCESS
    SEGMENT: ?PR?_IIC4READBYTE?I2C4

*** WARNING L16: UNCALLED SEGMENT, IGNORED FOR OVERLAY PROCESS
    SEGMENT: ?PR?IIC5INIT?I2C5

*** WARNING L16: UNCALLED SEGMENT, IGNORED FOR OVERLAY PROCESS
    SEGMENT: ?PR?GETSCL5?I2C5

*** WARNING L16: UNCALLED SEGMENT, IGNORED FOR OVERLAY PROCESS
    SEGMENT: ?PR?IIC6INIT?I2C6

*** WARNING L16: UNCALLED SEGMENT, IGNORED FOR OVERLAY PROCESS
BL51 BANKED LINKER/LOCATER V6.22.2.0                                                  12/02/2018  23:04:59  PAGE 72


    SEGMENT: ?PR?GETSCL6?I2C6

*** WARNING L16: UNCALLED SEGMENT, IGNORED FOR OVERLAY PROCESS
    SEGMENT: ?PR?EPROMINIT?EPROM

*** WARNING L16: UNCALLED SEGMENT, IGNORED FOR OVERLAY PROCESS
    SEGMENT: ?PR?_EPROMWRITELENBYTE?EPROM

*** WARNING L16: UNCALLED SEGMENT, IGNORED FOR OVERLAY PROCESS
    SEGMENT: ?PR?_EPROMREADLENBYTE?EPROM

*** WARNING L16: UNCALLED SEGMENT, IGNORED FOR OVERLAY PROCESS
    SEGMENT: ?PR?_EPROMREAD?EPROM

*** WARNING L16: UNCALLED SEGMENT, IGNORED FOR OVERLAY PROCESS
    SEGMENT: ?PR?_EPROMWRITE?EPROM

*** WARNING L16: UNCALLED SEGMENT, IGNORED FOR OVERLAY PROCESS
    SEGMENT: ?PR?EPROMTEST?EPROM

*** WARNING L16: UNCALLED SEGMENT, IGNORED FOR OVERLAY PROCESS
    SEGMENT: ?PR?OUTPCA9554READ?OUTPCA9554

*** WARNING L16: UNCALLED SEGMENT, IGNORED FOR OVERLAY PROCESS
    SEGMENT: ?PR?_OUTPCA9554WRITE?OUTPCA9554

*** WARNING L16: UNCALLED SEGMENT, IGNORED FOR OVERLAY PROCESS
    SEGMENT: ?PR?_MCP47X6_WRITE?MCP47X6

*** WARNING L16: UNCALLED SEGMENT, IGNORED FOR OVERLAY PROCESS
    SEGMENT: ?PR?_MCP47X6_READ?MCP47X6

*** WARNING L16: UNCALLED SEGMENT, IGNORED FOR OVERLAY PROCESS
    SEGMENT: ?PR?_INITMODBUSHARDWARE?SLAVEMODBUS

*** WARNING L16: UNCALLED SEGMENT, IGNORED FOR OVERLAY PROCESS
    SEGMENT: ?PR?MODBUSPOLL?SLAVEMODBUS

*** WARNING L16: UNCALLED SEGMENT, IGNORED FOR OVERLAY PROCESS
    SEGMENT: ?PR?_SETMODBUSSLAVEADDR?SLAVEMODBUS

*** WARNING L16: UNCALLED SEGMENT, IGNORED FOR OVERLAY PROCESS
    SEGMENT: ?PR?READNVRAM?MAINAPP

*** WARNING L16: UNCALLED SEGMENT, IGNORED FOR OVERLAY PROCESS
    SEGMENT: ?PR?WRITENVRAM?MAINAPP

*** WARNING L16: UNCALLED SEGMENT, IGNORED FOR OVERLAY PROCESS
    SEGMENT: ?PR?UPDATENVRAM?MAINAPP

*** WARNING L16: UNCALLED SEGMENT, IGNORED FOR OVERLAY PROCESS
    SEGMENT: ?PR?CLEARDM?SPLC

*** WARNING L16: UNCALLED SEGMENT, IGNORED FOR OVERLAY PROCESS
    SEGMENT: ?PR?CLEARMR?SPLC

*** WARNING L16: UNCALLED SEGMENT, IGNORED FOR OVERLAY PROCESS
BL51 BANKED LINKER/LOCATER V6.22.2.0                                                  12/02/2018  23:04:59  PAGE 73


    SEGMENT: ?PR?NVRAMSAVE?SPLC

*** WARNING L16: UNCALLED SEGMENT, IGNORED FOR OVERLAY PROCESS
    SEGMENT: ?PR?_LDP?SPLC

*** WARNING L16: UNCALLED SEGMENT, IGNORED FOR OVERLAY PROCESS
    SEGMENT: ?PR?_LDN?SPLC

*** WARNING L16: UNCALLED SEGMENT, IGNORED FOR OVERLAY PROCESS
    SEGMENT: ?PR?_T100US?SPLC

*** WARNING L16: UNCALLED SEGMENT, IGNORED FOR OVERLAY PROCESS
    SEGMENT: ?PR?_T1MS?SPLC

*** WARNING L16: UNCALLED SEGMENT, IGNORED FOR OVERLAY PROCESS
    SEGMENT: ?PR?_T10MS?SPLC

*** WARNING L16: UNCALLED SEGMENT, IGNORED FOR OVERLAY PROCESS
    SEGMENT: ?PR?SETOUTPUT?SPLC

Program Size: data=51.6 xdata=3627 code=18238
LINK/LOCATE RUN COMPLETE.  50 WARNING(S),  0 ERROR(S)
