BL51 BANKED LINKER/LOCATER V6.22.2.0                                                    03/30/2018  13:36:05  PAGE 1


BL51 BANKED LINKER/LOCATER V6.22.2.0, INVOKED BY:
C:\KEIL_V5\C51\BIN\BL51.EXE .\Objects\STARTUP.obj, .\Objects\OS_CPU_A.obj, .\Objects\OS_CPU_C.obj, .\Objects\UCOS_II.obj
>> , .\Objects\modbusApp.obj, .\Objects\modbusPort.obj, .\Objects\slaveModbus.obj, .\Objects\MainApp.obj, .\Objects\Init
>> Config.obj TO .\Objects\LD_C8051 REGFILE (.\Objects\LD_C8051.ORC) PRINT (.\Listings\LD_C8051.m51) RAMSIZE (256) DISAB
>> LEWARNING (16) CODE (0X0000-0XFFFF) XDATA (0X0000-0X0FFF)


MEMORY MODEL: LARGE


INPUT MODULES INCLUDED:
  .\Objects\STARTUP.obj (?C_STARTUP)
  .\Objects\OS_CPU_A.obj (OS_CPU_A)
  .\Objects\OS_CPU_C.obj (OS_CPU_C)
  .\Objects\UCOS_II.obj (UCOS_II)
  .\Objects\modbusApp.obj (MODBUSAPP)
  .\Objects\modbusPort.obj (MODBUSPORT)
  .\Objects\slaveModbus.obj (SLAVEMODBUS)
  .\Objects\MainApp.obj (MAINAPP)
  .\Objects\InitConfig.obj (INITCONFIG)
  C:\KEIL_V5\C51\LIB\C51L.LIB (?C_INIT)
  C:\KEIL_V5\C51\LIB\C51L.LIB (?C?COPY)
  C:\KEIL_V5\C51\LIB\C51L.LIB (?C?CLDPTR)
  C:\KEIL_V5\C51\LIB\C51L.LIB (?C?CLDOPTR)
  C:\KEIL_V5\C51\LIB\C51L.LIB (?C?CSTPTR)
  C:\KEIL_V5\C51\LIB\C51L.LIB (?C?CSTOPTR)
  C:\KEIL_V5\C51\LIB\C51L.LIB (?C?IMUL)
  C:\KEIL_V5\C51\LIB\C51L.LIB (?C?IILDX)
  C:\KEIL_V5\C51\LIB\C51L.LIB (?C?ILDIX)
  C:\KEIL_V5\C51\LIB\C51L.LIB (?C?ILDOPTR)
  C:\KEIL_V5\C51\LIB\C51L.LIB (?C?IILDOPTR)
  C:\KEIL_V5\C51\LIB\C51L.LIB (?C?ISTPTR)
  C:\KEIL_V5\C51\LIB\C51L.LIB (?C?ISTOPTR)
  C:\KEIL_V5\C51\LIB\C51L.LIB (?C?LADD)
  C:\KEIL_V5\C51\LIB\C51L.LIB (?C?LMUL)
  C:\KEIL_V5\C51\LIB\C51L.LIB (?C?ULDIV)
  C:\KEIL_V5\C51\LIB\C51L.LIB (?C?SLDIV)
  C:\KEIL_V5\C51\LIB\C51L.LIB (?C?SLCMP)
  C:\KEIL_V5\C51\LIB\C51L.LIB (?C?ULCMP)
  C:\KEIL_V5\C51\LIB\C51L.LIB (?C?ULSHR)
  C:\KEIL_V5\C51\LIB\C51L.LIB (?C?LLDXDATA)
  C:\KEIL_V5\C51\LIB\C51L.LIB (?C?LLDXDATA0)
  C:\KEIL_V5\C51\LIB\C51L.LIB (?C?LSTXDATA)
  C:\KEIL_V5\C51\LIB\C51L.LIB (?C?LSTKXDATA)
  C:\KEIL_V5\C51\LIB\C51L.LIB (?C?OFFXADD)
  C:\KEIL_V5\C51\LIB\C51L.LIB (?C?PLDIDATA)
  C:\KEIL_V5\C51\LIB\C51L.LIB (?C?PSTIDATA)
  C:\KEIL_V5\C51\LIB\C51L.LIB (?C?PLDXDATA)
  C:\KEIL_V5\C51\LIB\C51L.LIB (?C?PLDIXDATA)
  C:\KEIL_V5\C51\LIB\C51L.LIB (?C?PSTXDATA)
  C:\KEIL_V5\C51\LIB\C51L.LIB (?C?PLDPTR)
  C:\KEIL_V5\C51\LIB\C51L.LIB (?C?PSTPTR)
  C:\KEIL_V5\C51\LIB\C51L.LIB (?C?PLDOPTR)
  C:\KEIL_V5\C51\LIB\C51L.LIB (?C?PSTOPTR)
  C:\KEIL_V5\C51\LIB\C51L.LIB (?C?CCASE)
  C:\KEIL_V5\C51\LIB\C51L.LIB (?C?LIMUL)
  C:\KEIL_V5\C51\LIB\C51L.LIB (?C?MEMSET)
  C:\KEIL_V5\C51\LIB\C51L.LIB (?C?PLDPDATA)
BL51 BANKED LINKER/LOCATER V6.22.2.0                                                  03/30/2018  13:36:05  PAGE 2


  C:\KEIL_V5\C51\LIB\C51L.LIB (?C?PSTPDATA)
  C:\KEIL_V5\C51\LIB\C51L.LIB (?C?PLDCODE)


LINK MAP OF MODULE:  .\Objects\LD_C8051 (?C_STARTUP)


            TYPE    BASE      LENGTH    RELOCATION   SEGMENT NAME
            -----------------------------------------------------

            * * * * * * *   D A T A   M E M O R Y   * * * * * * *
            REG     0000H     0008H     ABSOLUTE     "REG BANK 0"
            IDATA   0008H     0009H     UNIT         ?ID?UCOS_II
            IDATA   0011H     0001H     UNIT         ?STACK

            * * * * * * *  X D A T A   M E M O R Y  * * * * * * *
            XDATA   0000H     04E1H     UNIT         ?XD?UCOS_II
            XDATA   04E1H     0309H     UNIT         ?XD?MAINAPP
            XDATA   07EAH     0205H     UNIT         ?XD?SLAVEMODBUS
            XDATA   09EFH     0023H     UNIT         _XDATA_GROUP_
            XDATA   0A12H     000CH     UNIT         ?XD?_OSEVENTTASKRDY?UCOS_II
            XDATA   0A1EH     000CH     UNIT         ?XD?_OSMBOXQUERY?UCOS_II
            XDATA   0A2AH     000CH     UNIT         ?XD?_OSSEMQUERY?UCOS_II
            XDATA   0A36H     000BH     UNIT         ?XD?_OSMBOXPEND?UCOS_II
            XDATA   0A41H     000BH     UNIT         ?XD?_OSTIMEDLYHMSM?UCOS_II
            XDATA   0A4CH     0008H     UNIT         ?XD?_OSSEMPEND?UCOS_II
            XDATA   0A54H     0006H     UNIT         ?XD?_OSMBOXACCEPT?UCOS_II
            XDATA   0A5AH     0006H     UNIT         ?XD?_OSMBOXCREATE?UCOS_II
            XDATA   0A60H     0006H     UNIT         ?XD?_OSMBOXPOST?UCOS_II
            XDATA   0A66H     0006H     UNIT         ?XD?_OSTASKQUERY?UCOS_II
            XDATA   0A6CH     0004H     UNIT         ?XD?_OSTASKSUSPEND?UCOS_II
            XDATA   0A70H     0003H     UNIT         ?XD?_OSEVENTTASKWAIT?UCOS_II
            XDATA   0A73H     0003H     UNIT         ?XD?_OSEVENTTO?UCOS_II
            XDATA   0A76H     0003H     UNIT         ?XD?_OSEVENTWAITLISTINIT?UCOS_II
            XDATA   0A79H     0003H     UNIT         ?XD?_OSSEMCREATE?UCOS_II
            XDATA   0A7CH     0003H     UNIT         ?XD?_OSSEMPOST?UCOS_II
            XDATA   0A7FH     0003H     UNIT         ?XD?_OSTASKRESUME?UCOS_II
            XDATA   0A82H     0003H     UNIT         ?XD?_OSTIMEDLYRESUME?UCOS_II
            XDATA   0A85H     0002H     UNIT         ?XD?MODBUSPORT

            * * * * * * *   C O D E   M E M O R Y   * * * * * * *
            CODE    0000H     0003H     ABSOLUTE     
            CODE    0003H     0007H     UNIT         ?PR?MODBUSTIMERHANDLE?SLAVEMODBUS
            CODE    000AH     0001H     UNIT         ?PR?_OSTASKCREATEHOOK?OS_CPU_C
            CODE    000BH     0003H     ABSOLUTE     
            CODE    000EH     000CH     UNIT         ?PR?_SETCOILVAL?MODBUSAPP
            CODE    001AH     0001H     UNIT         ?PR?OSTASKSWHOOK?OS_CPU_C
            CODE    001BH     0003H     ABSOLUTE     
            CODE    001EH     0005H     UNIT         ?PR?OSVERSION?UCOS_II
            CODE    0023H     0003H     ABSOLUTE     
            CODE    0026H     0614H     UNIT         ?C?LIB_CODE
            CODE    063AH     03D1H     UNIT         ?PR?CHECKCOMM0MODBUS?SLAVEMODBUS
            CODE    0A0BH     0200H     UNIT         ?CO?SLAVEMODBUS
            CODE    0C0BH     01E9H     UNIT         ?PR?_OSTCBINIT?UCOS_II
            CODE    0DF4H     01D1H     UNIT         ?PR?OSINIT?UCOS_II
            CODE    0FC5H     01BDH     UNIT         ?PR?READINPUTCOILS?SLAVEMODBUS
            CODE    1182H     01B8H     UNIT         ?PR?READCOILS?SLAVEMODBUS
BL51 BANKED LINKER/LOCATER V6.22.2.0                                                  03/30/2018  13:36:05  PAGE 3


            CODE    133AH     0177H     UNIT         ?PR?_OSMBOXPEND?UCOS_II
            CODE    14B1H     0136H     UNIT         ?PR?_OSTIMEDLYHMSM?UCOS_II
            CODE    15E7H     0129H     UNIT         ?PR?FORCEMULTIPLECOILS?SLAVEMODBUS
            CODE    1710H     011DH     UNIT         ?PR?_OSEVENTTASKRDY?UCOS_II
            CODE    182DH     0110H     UNIT         ?C_INITSEG
            CODE    193DH     010EH     UNIT         ?PR?_OSTASKSTKINIT?OS_CPU_C
            CODE    1A4BH     0101H     UNIT         ?PR?_OSTASKCREATE?UCOS_II
            CODE    1B4CH     00FDH     UNIT         ?PR?READREGISTERS?SLAVEMODBUS
            CODE    1C49H     00FDH     UNIT         ?PR?READINPUTREGISTERS?SLAVEMODBUS
            CODE    1D46H     00D1H     UNIT         ?PR?_OSSEMPEND?UCOS_II
            CODE    1E17H     00CDH     UNIT         ?PR?OSTIMETICK?UCOS_II
            CODE    1EE4H     00CDH     UNIT         ?PR?_OSTASKSUSPEND?UCOS_II
            CODE    1FB1H     00CCH     UNIT         ?PR?_OSEVENTTASKWAIT?UCOS_II
            CODE    207DH     00B5H     UNIT         ?PR?PRESETMULTIPLEREGISTERS?SLAVEMODBUS
            CODE    2132H     00A8H     UNIT         ?PR?_OSTASKRESUME?UCOS_II
            CODE    21DAH     00A6H     UNIT         ?PR?_OSTIMEDLYRESUME?UCOS_II
            CODE    2280H     009AH     UNIT         ?PR?_OSEVENTTO?UCOS_II
            CODE    231AH     0099H     UNIT         ?PR?_OSSEMQUERY?UCOS_II
            CODE    23B3H     0097H     UNIT         ?PR?_OSMBOXQUERY?UCOS_II
            CODE    244AH     0095H     UNIT         ?PR?_OSTASKSTAT?UCOS_II
            CODE    24DFH     008CH     UNIT         ?C_C51STARTUP
            CODE    256BH     0086H     UNIT         ?PR?_OSSEMPOST?UCOS_II
            CODE    25F1H     0083H     UNIT         ?PR?OSINTEXIT?UCOS_II
            CODE    2674H     007BH     UNIT         ?PR?_OSMBOXPOST?UCOS_II
            CODE    26EFH     007AH     UNIT         ?PR?OSSCHED?UCOS_II
            CODE    2769H     0078H     UNIT         ?PR?FORCESINGLECOIL?SLAVEMODBUS
            CODE    27E1H     0074H     UNIT         ?PR?PRESETSINGLEREGISTER?SLAVEMODBUS
            CODE    2855H     006DH     UNIT         ?PR?_OSMBOXCREATE?UCOS_II
            CODE    28C2H     0069H     UNIT         ?PR?_CRC16?SLAVEMODBUS
            CODE    292BH     0068H     UNIT         ?PR?_OSTIMEDLY?UCOS_II
            CODE    2993H     0064H     UNIT         ?PR?_OSTASKQUERY?UCOS_II
            CODE    29F7H     005EH     UNIT         ?PR?OSCTXSW?OS_CPU_A
            CODE    2A55H     005CH     UNIT         ?PR?_INITMODBUSSERIAL?MODBUSPORT
            CODE    2AB1H     0058H     UNIT         ?PR?OSTICKISR?OS_CPU_A
            CODE    2B09H     0055H     UNIT         ?PR?_OSSEMCREATE?UCOS_II
            CODE    2B5EH     0053H     UNIT         ?PR?OSSTART?UCOS_II
            CODE    2BB1H     0053H     UNIT         ?PR?_OSMBOXACCEPT?UCOS_II
            CODE    2C04H     004AH     UNIT         ?PR?OSSTARTHIGHRDY?OS_CPU_A
            CODE    2C4EH     0045H     UNIT         ?PR?MAIN?MAINAPP
            CODE    2C93H     0044H     UNIT         ?C?LDIV
            CODE    2CD7H     0033H     UNIT         ?PR?OSSTATINIT?UCOS_II
            CODE    2D0AH     0030H     UNIT         ?PR?_OSSEMACCEPT?UCOS_II
            CODE    2D3AH     0030H     UNIT         ?PR?_INITMODBUSHARDWARE?SLAVEMODBUS
            CODE    2D6AH     002EH     UNIT         ?PR?_OSEVENTWAITLISTINIT?UCOS_II
            CODE    2D98H     002CH     UNIT         ?PR?OSSCHEDUNLOCK?UCOS_II
            CODE    2DC4H     0025H     UNIT         ?PR?SERIALHANDLE?MODBUSPORT
            CODE    2DE9H     0024H     UNIT         ?PR?_MODBUSSERIALSENDBUFFER?MODBUSPORT
            CODE    2E0DH     0022H     UNIT         ?PR?INITMODBUSTIMER?MODBUSPORT
            CODE    2E2FH     0021H     UNIT         ?PR?TIMEPROC?SLAVEMODBUS
            CODE    2E50H     001FH     UNIT         ?PR?_OSTASKIDLE?UCOS_II
            CODE    2E6FH     001DH     UNIT         ?PR?MODBUSSERIALRXHANDLE?SLAVEMODBUS
            CODE    2E8CH     001CH     UNIT         ?PR?TIMER0HANDLE?MODBUSPORT
            CODE    2EA8H     001AH     UNIT         ?PR?OSCILLATOR_INIT?INITCONFIG
            CODE    2EC2H     0017H     UNIT         ?PR?INITOSTIMER?OS_CPU_C
            CODE    2ED9H     0015H     UNIT         ?PR?INIT_DEVICE?INITCONFIG
            CODE    2EEEH     0014H     UNIT         ?PR?BEGINSEND?SLAVEMODBUS
            CODE    2F02H     0013H     UNIT         ?PR?PORT_IO_INIT?INITCONFIG
BL51 BANKED LINKER/LOCATER V6.22.2.0                                                  03/30/2018  13:36:05  PAGE 4


            CODE    2F15H     0011H     UNIT         ?PR?OSSCHEDLOCK?UCOS_II
            CODE    2F26H     0011H     UNIT         ?PR?_MODBUSSERIALSENDBYTE?MODBUSPORT
            CODE    2F37H     000CH     UNIT         ?PR?_SETREGISTERVAL?MODBUSAPP
            CODE    2F43H     000CH     UNIT         ?PR?_MODBUSSLAVETASK?MAINAPP
            CODE    2F4FH     000BH     UNIT         ?PR?OSINTENTER?UCOS_II
            CODE    2F5AH     000BH     UNIT         ?PR?OSTIMEGET?UCOS_II
            CODE    2F65H     000BH     UNIT         ?PR?_OSTIMESET?UCOS_II
            CODE    2F70H     000AH     UNIT         ?PR?OSINTCTXSW?OS_CPU_A
            CODE    2F7AH     000AH     UNIT         ?PR?_GETCOILVAL?MODBUSAPP
            CODE    2F84H     000AH     UNIT         ?PR?_GETREGISTERVAL?MODBUSAPP
            CODE    2F8EH     0007H     UNIT         ?PR?RESET_SOURCES_INIT?INITCONFIG
            CODE    2F95H     0007H     UNIT         ?PR?DAC_INIT?INITCONFIG
            CODE    2F9CH     0006H     UNIT         ?PR?MODBUSPOLL?SLAVEMODBUS
            CODE    2FA2H     0006H     UNIT         ?PR?_SETMODBUSSLAVEADDR?SLAVEMODBUS
            CODE    2FA8H     0004H     UNIT         ?PR?UART_INIT?INITCONFIG
            CODE    2FACH     0004H     UNIT         ?PR?VOLTAGE_REFERENCE_INIT?INITCONFIG
            CODE    2FB0H     0001H     UNIT         ?PR?OSTASKSTATHOOK?OS_CPU_C
            CODE    2FB1H     0001H     UNIT         ?PR?OSTIMETICKHOOK?OS_CPU_C
            CODE    2FB2H     0001H     UNIT         ?PR?OSDUMMY?UCOS_II
            CODE    2FB3H     0001H     UNIT         ?PR?MODBUSSERIALTXHANDLE?SLAVEMODBUS
            CODE    2FB4H     0001H     UNIT         ?PR?TIMER_INIT?INITCONFIG



OVERLAY MAP OF MODULE:   .\Objects\LD_C8051 (?C_STARTUP)


SEGMENT                                           XDATA_GROUP
  +--> CALLED SEGMENT                           START    LENGTH
---------------------------------------------------------------
?C_C51STARTUP                                   -----    -----
  +--> ?PR?MAIN?MAINAPP
  +--> ?C_INITSEG

?PR?MAIN?MAINAPP                                -----    -----
  +--> ?PR?INIT_DEVICE?INITCONFIG
  +--> ?PR?OSINIT?UCOS_II
  +--> ?PR?INITOSTIMER?OS_CPU_C
  +--> ?PR?_SETMODBUSSLAVEADDR?SLAVEMODBUS
  +--> ?PR?_INITMODBUSHARDWARE?SLAVEMODBUS
  +--> ?PR?_MODBUSSLAVETASK?MAINAPP
  +--> ?PR?_OSTASKCREATE?UCOS_II
  +--> ?PR?OSSTART?UCOS_II
  +--> ?PR?MODBUSPOLL?SLAVEMODBUS

?PR?INIT_DEVICE?INITCONFIG                      -----    -----
  +--> ?PR?RESET_SOURCES_INIT?INITCONFIG
  +--> ?PR?TIMER_INIT?INITCONFIG
  +--> ?PR?UART_INIT?INITCONFIG
  +--> ?PR?DAC_INIT?INITCONFIG
  +--> ?PR?VOLTAGE_REFERENCE_INIT?INITCONFIG
  +--> ?PR?PORT_IO_INIT?INITCONFIG
  +--> ?PR?OSCILLATOR_INIT?INITCONFIG

?PR?OSINIT?UCOS_II                              09EFH    0002H
  +--> ?PR?_OSTASKIDLE?UCOS_II
  +--> ?PR?_OSTASKCREATE?UCOS_II
BL51 BANKED LINKER/LOCATER V6.22.2.0                                                  03/30/2018  13:36:05  PAGE 5


  +--> ?PR?_OSTASKSTAT?UCOS_II

?PR?_OSTASKCREATE?UCOS_II                       09F1H    000BH
  +--> ?PR?_OSTASKSTKINIT?OS_CPU_C
  +--> ?PR?_OSTCBINIT?UCOS_II
  +--> ?PR?_OSTASKCREATEHOOK?OS_CPU_C
  +--> ?PR?OSSCHED?UCOS_II

?PR?_OSTASKSTKINIT?OS_CPU_C                     09FCH    000EH

?PR?_OSTCBINIT?UCOS_II                          09FCH    0013H

?PR?OSSCHED?UCOS_II                             -----    -----
  +--> ?PR?OSCTXSW?OS_CPU_A

?PR?OSCTXSW?OS_CPU_A                            -----    -----
  +--> ?PR?OSTASKSWHOOK?OS_CPU_C
  +--> ?PR?OSSTARTHIGHRDY?OS_CPU_A

?PR?OSSTARTHIGHRDY?OS_CPU_A                     -----    -----
  +--> ?PR?OSTASKSWHOOK?OS_CPU_C

?PR?_OSTASKSTAT?UCOS_II                         09F1H    0004H
  +--> ?PR?_OSTIMEDLY?UCOS_II
  +--> ?PR?OSTASKSTATHOOK?OS_CPU_C

?PR?_OSTIMEDLY?UCOS_II                          -----    -----
  +--> ?PR?OSSCHED?UCOS_II

?PR?_INITMODBUSHARDWARE?SLAVEMODBUS             09EFH    0004H
  +--> ?PR?INITMODBUSTIMER?MODBUSPORT
  +--> ?PR?_INITMODBUSSERIAL?MODBUSPORT

?PR?_INITMODBUSSERIAL?MODBUSPORT                09F3H    0004H

?PR?_MODBUSSLAVETASK?MAINAPP                    -----    -----
  +--> ?PR?MODBUSPOLL?SLAVEMODBUS
  +--> ?PR?_OSTIMEDLY?UCOS_II

?PR?MODBUSPOLL?SLAVEMODBUS                      -----    -----
  +--> ?PR?TIMEPROC?SLAVEMODBUS
  +--> ?PR?CHECKCOMM0MODBUS?SLAVEMODBUS

?PR?CHECKCOMM0MODBUS?SLAVEMODBUS                09EFH    0006H
  +--> ?PR?_CRC16?SLAVEMODBUS
  +--> ?PR?READCOILS?SLAVEMODBUS
  +--> ?PR?READINPUTCOILS?SLAVEMODBUS
  +--> ?PR?READREGISTERS?SLAVEMODBUS
  +--> ?PR?READINPUTREGISTERS?SLAVEMODBUS
  +--> ?PR?FORCESINGLECOIL?SLAVEMODBUS
  +--> ?PR?PRESETSINGLEREGISTER?SLAVEMODBUS
  +--> ?PR?FORCEMULTIPLECOILS?SLAVEMODBUS
  +--> ?PR?PRESETMULTIPLEREGISTERS?SLAVEMODBUS

?PR?_CRC16?SLAVEMODBUS                          0A06H    0005H
  +--> ?CO?SLAVEMODBUS

BL51 BANKED LINKER/LOCATER V6.22.2.0                                                  03/30/2018  13:36:05  PAGE 6


?PR?READCOILS?SLAVEMODBUS                       09F5H    0011H
  +--> ?PR?_GETCOILVAL?MODBUSAPP
  +--> ?PR?_CRC16?SLAVEMODBUS
  +--> ?PR?BEGINSEND?SLAVEMODBUS

?PR?BEGINSEND?SLAVEMODBUS                       -----    -----
  +--> ?PR?_MODBUSSERIALSENDBUFFER?MODBUSPORT

?PR?_MODBUSSERIALSENDBUFFER?MODBUSPORT          0A06H    0003H
  +--> ?PR?_MODBUSSERIALSENDBYTE?MODBUSPORT

?PR?READINPUTCOILS?SLAVEMODBUS                  09F5H    0011H
  +--> ?PR?_GETCOILVAL?MODBUSAPP
  +--> ?PR?_CRC16?SLAVEMODBUS
  +--> ?PR?BEGINSEND?SLAVEMODBUS

?PR?READREGISTERS?SLAVEMODBUS                   09F5H    0006H
  +--> ?PR?_GETREGISTERVAL?MODBUSAPP
  +--> ?PR?_CRC16?SLAVEMODBUS
  +--> ?PR?BEGINSEND?SLAVEMODBUS

?PR?_GETREGISTERVAL?MODBUSAPP                   09FBH    0003H

?PR?READINPUTREGISTERS?SLAVEMODBUS              09F5H    0006H
  +--> ?PR?_GETREGISTERVAL?MODBUSAPP
  +--> ?PR?_CRC16?SLAVEMODBUS
  +--> ?PR?BEGINSEND?SLAVEMODBUS

?PR?FORCESINGLECOIL?SLAVEMODBUS                 09F5H    0002H
  +--> ?PR?_SETCOILVAL?MODBUSAPP
  +--> ?PR?BEGINSEND?SLAVEMODBUS

?PR?_SETCOILVAL?MODBUSAPP                       09FFH    0002H

?PR?PRESETSINGLEREGISTER?SLAVEMODBUS            09F5H    0002H
  +--> ?PR?_SETREGISTERVAL?MODBUSAPP
  +--> ?PR?_CRC16?SLAVEMODBUS
  +--> ?PR?BEGINSEND?SLAVEMODBUS

?PR?_SETREGISTERVAL?MODBUSAPP                   09FBH    0002H

?PR?FORCEMULTIPLECOILS?SLAVEMODBUS              09F5H    000AH
  +--> ?PR?_SETCOILVAL?MODBUSAPP
  +--> ?PR?_CRC16?SLAVEMODBUS
  +--> ?PR?BEGINSEND?SLAVEMODBUS

?PR?PRESETMULTIPLEREGISTERS?SLAVEMODBUS         09F5H    0006H
  +--> ?PR?_SETREGISTERVAL?MODBUSAPP
  +--> ?PR?_CRC16?SLAVEMODBUS
  +--> ?PR?BEGINSEND?SLAVEMODBUS

?PR?OSSTART?UCOS_II                             -----    -----
  +--> ?PR?OSSTARTHIGHRDY?OS_CPU_A

*** NEW ROOT ***************************************************

?PR?OSTICKISR?OS_CPU_A                          -----    -----
BL51 BANKED LINKER/LOCATER V6.22.2.0                                                  03/30/2018  13:36:05  PAGE 7


  +--> ?PR?OSINTENTER?UCOS_II
  +--> ?PR?OSTIMETICK?UCOS_II
  +--> ?PR?OSINTEXIT?UCOS_II

?PR?OSTIMETICK?UCOS_II                          0A0FH    0003H
  +--> ?PR?OSTIMETICKHOOK?OS_CPU_C

?PR?OSINTEXIT?UCOS_II                           -----    -----
  +--> ?PR?OSINTCTXSW?OS_CPU_A

?PR?OSINTCTXSW?OS_CPU_A                         -----    -----
  +--> ?PR?OSCTXSW?OS_CPU_A

*** NEW ROOT ***************************************************

?PR?TIMER0HANDLE?MODBUSPORT                     -----    -----
  +--> ?PR?MODBUSTIMERHANDLE?SLAVEMODBUS

*** NEW ROOT ***************************************************

?PR?SERIALHANDLE?MODBUSPORT                     -----    -----
  +--> ?PR?MODBUSSERIALRXHANDLE?SLAVEMODBUS
  +--> ?PR?MODBUSSERIALTXHANDLE?SLAVEMODBUS



SYMBOL TABLE OF MODULE:  .\Objects\LD_C8051 (?C_STARTUP)

  VALUE           TYPE          NAME
  ----------------------------------

  -------         MODULE        ?C_STARTUP
  C:24DFH         SEGMENT       ?C_C51STARTUP
  I:0011H         SEGMENT       ?STACK
  C:0000H         PUBLIC        ?C_STARTUP
  D:00E0H         SYMBOL        ACC
  D:00F0H         SYMBOL        B
  D:0083H         SYMBOL        DPH
  D:0082H         SYMBOL        DPL
  N:0000H         SYMBOL        IBPSTACK
  N:0100H         SYMBOL        IBPSTACKTOP
  N:0080H         SYMBOL        IDATALEN
  C:24E2H         SYMBOL        IDATALOOP
  N:0000H         SYMBOL        PBPSTACK
  N:0100H         SYMBOL        PBPSTACKTOP
  N:0000H         SYMBOL        PDATALEN
  N:0000H         SYMBOL        PDATASTART
  N:0000H         SYMBOL        PPAGE
  N:0000H         SYMBOL        PPAGEENABLE
  D:00A0H         SYMBOL        PPAGE_SFR
  D:0081H         SYMBOL        SP
  C:24DFH         SYMBOL        STARTUP1
  N:0000H         SYMBOL        XBPSTACK
  N:0000H         SYMBOL        XBPSTACKTOP
  N:0000H         SYMBOL        XDATALEN
  N:0000H         SYMBOL        XDATASTART
  C:0000H         LINE#         126
BL51 BANKED LINKER/LOCATER V6.22.2.0                                                  03/30/2018  13:36:05  PAGE 8


  C:24DFH         LINE#         133
  C:24E1H         LINE#         134
  C:24E2H         LINE#         135
  C:24E3H         LINE#         136
  C:24E5H         LINE#         185
  C:24E8H         LINE#         196
  -------         ENDMOD        ?C_STARTUP

  -------         MODULE        OS_CPU_A
  C:2C04H         SEGMENT       ?PR?OSSTARTHIGHRDY?OS_CPU_A
  C:29F7H         SEGMENT       ?PR?OSCTXSW?OS_CPU_A
  C:2F70H         SEGMENT       ?PR?OSINTCTXSW?OS_CPU_A
  C:2AB1H         SEGMENT       ?PR?OSTICKISR?OS_CPU_A
  I:0011H         SEGMENT       ?STACK
  C:29F7H         PUBLIC        OSCTXSW
  C:2F70H         PUBLIC        OSINTCTXSW
  C:2C04H         PUBLIC        OSSTARTHIGHRDY
  C:2AB1H         PUBLIC        OSTICKISR
  D:00E0H         SYMBOL        ACC
  D:00F0H         SYMBOL        B
  D:0083H         SYMBOL        DPH
  D:0082H         SYMBOL        DPL
  B:00A8H.7       SYMBOL        EA
  C:2C07H         SYMBOL        OSCTXSW_IN
  C:2A19H         SYMBOL        OSINTCTXSW_IN
  I:0012H         SYMBOL        OSSTACK
  I:0011H         SYMBOL        OSSTKSTART
  N:0000H         SYMBOL        OS_CPU_A
  D:00D0H         SYMBOL        PSW
  C:2C1DH         SYMBOL        RESTORE_STACK
  C:2A35H         SYMBOL        SAVE_STACK
  D:0081H         SYMBOL        SP
  D:008CH         SYMBOL        TH0
  D:008AH         SYMBOL        TL0
  B:0088H.4       SYMBOL        TR0
  C:2C04H         LINE#         131
  C:2C07H         LINE#         136
  C:2C09H         LINE#         137
  C:2C0AH         LINE#         138
  C:2C0CH         LINE#         139
  C:2C0DH         LINE#         140
  C:2C0FH         LINE#         143
  C:2C10H         LINE#         144
  C:2C11H         LINE#         145
  C:2C12H         LINE#         146
  C:2C13H         LINE#         147
  C:2C14H         LINE#         148
  C:2C15H         LINE#         149
  C:2C17H         LINE#         150
  C:2C19H         LINE#         153
  C:2C1AH         LINE#         154
  C:2C1BH         LINE#         157
  C:2C1DH         LINE#         161
  C:2C1EH         LINE#         162
  C:2C1FH         LINE#         163
  C:2C20H         LINE#         164
  C:2C21H         LINE#         165
BL51 BANKED LINKER/LOCATER V6.22.2.0                                                  03/30/2018  13:36:05  PAGE 9


  C:2C23H         LINE#         168
  C:2C25H         LINE#         179
  C:2C27H         LINE#         180
  C:2C29H         LINE#         182
  C:2C2BH         LINE#         182
  C:2C2CH         LINE#         182
  C:2C2EH         LINE#         182
  C:2C2FH         LINE#         182
  C:2C31H         LINE#         182
  C:2C32H         LINE#         182
  C:2C34H         LINE#         182
  C:2C35H         LINE#         182
  C:2C37H         LINE#         182
  C:2C38H         LINE#         182
  C:2C3AH         LINE#         182
  C:2C3BH         LINE#         182
  C:2C3DH         LINE#         182
  C:2C3EH         LINE#         182
  C:2C40H         LINE#         182
  C:2C41H         LINE#         182
  C:2C43H         LINE#         182
  C:2C45H         LINE#         182
  C:2C47H         LINE#         182
  C:2C49H         LINE#         182
  C:2C4BH         LINE#         183
  C:2C4DH         LINE#         184
  C:29F7H         LINE#         188
  C:29F9H         LINE#         188
  C:29FBH         LINE#         188
  C:29FDH         LINE#         188
  C:29FFH         LINE#         188
  C:2A01H         LINE#         188
  C:2A02H         LINE#         188
  C:2A04H         LINE#         188
  C:2A05H         LINE#         188
  C:2A07H         LINE#         188
  C:2A08H         LINE#         188
  C:2A0AH         LINE#         188
  C:2A0BH         LINE#         188
  C:2A0DH         LINE#         188
  C:2A0EH         LINE#         188
  C:2A10H         LINE#         188
  C:2A11H         LINE#         188
  C:2A13H         LINE#         188
  C:2A14H         LINE#         188
  C:2A16H         LINE#         188
  C:2A17H         LINE#         188
  C:2A19H         LINE#         193
  C:2A1BH         LINE#         194
  C:2A1CH         LINE#         195
  C:2A1EH         LINE#         196
  C:2A1FH         LINE#         199
  C:2A21H         LINE#         200
  C:2A22H         LINE#         201
  C:2A24H         LINE#         202
  C:2A25H         LINE#         203
  C:2A27H         LINE#         206
BL51 BANKED LINKER/LOCATER V6.22.2.0                                                  03/30/2018  13:36:05  PAGE 10


  C:2A28H         LINE#         207
  C:2A29H         LINE#         208
  C:2A2AH         LINE#         209
  C:2A2BH         LINE#         210
  C:2A2CH         LINE#         211
  C:2A2DH         LINE#         212
  C:2A2FH         LINE#         213
  C:2A31H         LINE#         216
  C:2A32H         LINE#         217
  C:2A33H         LINE#         219
  C:2A35H         LINE#         222
  C:2A36H         LINE#         223
  C:2A37H         LINE#         224
  C:2A38H         LINE#         225
  C:2A39H         LINE#         226
  C:2A3BH         LINE#         237
  C:2A3EH         LINE#         240
  C:2A40H         LINE#         241
  C:2A42H         LINE#         242
  C:2A43H         LINE#         243
  C:2A44H         LINE#         244
  C:2A45H         LINE#         245
  C:2A46H         LINE#         246
  C:2A47H         LINE#         247
  C:2A48H         LINE#         248
  C:2A49H         LINE#         249
  C:2A4AH         LINE#         250
  C:2A4BH         LINE#         251
  C:2A4CH         LINE#         254
  C:2A4EH         LINE#         255
  C:2A50H         LINE#         256
  C:2A51H         LINE#         257
  C:2A52H         LINE#         259
  C:2F70H         LINE#         268
  C:2F72H         LINE#         269
  C:2F73H         LINE#         270
  C:2F75H         LINE#         271
  C:2F77H         LINE#         273
  C:000BH         LINE#         276
  C:2AB1H         LINE#         282
  C:2AB3H         LINE#         282
  C:2AB5H         LINE#         282
  C:2AB7H         LINE#         282
  C:2AB9H         LINE#         282
  C:2ABBH         LINE#         282
  C:2ABCH         LINE#         282
  C:2ABEH         LINE#         282
  C:2ABFH         LINE#         282
  C:2AC1H         LINE#         282
  C:2AC2H         LINE#         282
  C:2AC4H         LINE#         282
  C:2AC5H         LINE#         282
  C:2AC7H         LINE#         282
  C:2AC8H         LINE#         282
  C:2ACAH         LINE#         282
  C:2ACBH         LINE#         282
  C:2ACDH         LINE#         282
BL51 BANKED LINKER/LOCATER V6.22.2.0                                                  03/30/2018  13:36:05  PAGE 11


  C:2ACEH         LINE#         282
  C:2AD0H         LINE#         282
  C:2AD1H         LINE#         282
  C:2AD3H         LINE#         284
  C:2AD5H         LINE#         285
  C:2AD8H         LINE#         286
  C:2ADBH         LINE#         287
  C:2ADDH         LINE#         289
  C:2AE0H         LINE#         290
  C:2AE3H         LINE#         291
  C:2AE6H         LINE#         292
  C:2AE8H         LINE#         292
  C:2AE9H         LINE#         292
  C:2AEBH         LINE#         292
  C:2AECH         LINE#         292
  C:2AEEH         LINE#         292
  C:2AEFH         LINE#         292
  C:2AF1H         LINE#         292
  C:2AF2H         LINE#         292
  C:2AF4H         LINE#         292
  C:2AF5H         LINE#         292
  C:2AF7H         LINE#         292
  C:2AF8H         LINE#         292
  C:2AFAH         LINE#         292
  C:2AFBH         LINE#         292
  C:2AFDH         LINE#         292
  C:2AFEH         LINE#         292
  C:2B00H         LINE#         292
  C:2B02H         LINE#         292
  C:2B04H         LINE#         292
  C:2B06H         LINE#         292
  C:2B08H         LINE#         293
  -------         ENDMOD        OS_CPU_A

  -------         MODULE        OS_CPU_C
  C:0000H         SYMBOL        _ICE_DUMMY_
  C:193DH         PUBLIC        _OSTaskStkInit
  C:001AH         PUBLIC        OSTaskSwHook
  C:000AH         PUBLIC        _OSTaskCreateHook
  D:0089H         PUBLIC        TMOD
  B:00A8H.1       PUBLIC        ET0
  D:008CH         PUBLIC        TH0
  D:008AH         PUBLIC        TL0
  C:2FB1H         PUBLIC        OSTimeTickHook
  B:0088H.4       PUBLIC        TR0
  C:2EC2H         PUBLIC        InitOsTimer
  C:2FB0H         PUBLIC        OSTaskStatHook
  D:008EH         PUBLIC        CKCON
  -------         PROC          _OSTASKSTKINIT
  X:09FCH         SYMBOL        task
  X:09FFH         SYMBOL        ppdata
  X:0A02H         SYMBOL        ptos
  X:0A05H         SYMBOL        opt
  -------         DO            
  X:0A07H         SYMBOL        stk
  -------         ENDDO         
  C:193DH         LINE#         73
BL51 BANKED LINKER/LOCATER V6.22.2.0                                                  03/30/2018  13:36:05  PAGE 12


  C:1943H         LINE#         74
  C:1943H         LINE#         77
  C:1943H         LINE#         78
  C:1943H         LINE#         79
  C:194FH         LINE#         80
  C:195EH         LINE#         81
  C:1974H         LINE#         82
  C:198AH         LINE#         83
  C:1998H         LINE#         84
  C:19A6H         LINE#         85
  C:19B5H         LINE#         86
  C:19C3H         LINE#         87
  C:19D0H         LINE#         88
  C:19DDH         LINE#         89
  C:19EBH         LINE#         90
  C:19FAH         LINE#         91
  C:1A09H         LINE#         92
  C:1A18H         LINE#         93
  C:1A27H         LINE#         94
  C:1A36H         LINE#         95
  C:1A45H         LINE#         102
  -------         ENDPROC       _OSTASKSTKINIT
  -------         PROC          _OSTASKCREATEHOOK
  X:0000H         SYMBOL        ptcb
  C:000AH         LINE#         117
  C:000AH         LINE#         118
  C:000AH         LINE#         119
  C:000AH         LINE#         120
  -------         ENDPROC       _OSTASKCREATEHOOK
  -------         PROC          OSTASKSWHOOK
  C:001AH         LINE#         153
  C:001AH         LINE#         154
  C:001AH         LINE#         155
  -------         ENDPROC       OSTASKSWHOOK
  -------         PROC          OSTASKSTATHOOK
  C:2FB0H         LINE#         166
  C:2FB0H         LINE#         167
  C:2FB0H         LINE#         168
  -------         ENDPROC       OSTASKSTATHOOK
  -------         PROC          OSTIMETICKHOOK
  C:2FB1H         LINE#         181
  C:2FB1H         LINE#         182
  C:2FB1H         LINE#         183
  -------         ENDPROC       OSTIMETICKHOOK
  -------         PROC          INITOSTIMER
  -------         DO            
  D:0004H         SYMBOL        temp
  -------         ENDDO         
  C:2EC2H         LINE#         187
  C:2EC2H         LINE#         188
  C:2EC2H         LINE#         190
  C:2EC4H         LINE#         191
  C:2EC7H         LINE#         192
  C:2ECAH         LINE#         193
  C:2ECDH         LINE#         194
  C:2ED0H         LINE#         195
  C:2ED4H         LINE#         196
BL51 BANKED LINKER/LOCATER V6.22.2.0                                                  03/30/2018  13:36:05  PAGE 13


  C:2ED6H         LINE#         197
  C:2ED8H         LINE#         198
  -------         ENDPROC       INITOSTIMER
  -------         ENDMOD        OS_CPU_C

  -------         MODULE        UCOS_II
  C:0000H         SYMBOL        _ICE_DUMMY_
  X:0000H         PUBLIC        OSRdyGrp
  X:0001H         PUBLIC        OSCPUUsage
  X:0002H         PUBLIC        OSIdleCtrRun
  B:00A8H.7       PUBLIC        EA
  I:0008H         PUBLIC        OSRunning
  X:0006H         SYMBOL        OSTaskStatStk
  X:0105H         PUBLIC        OSLockNesting
  C:26EFH         PUBLIC        OSSched
  C:001EH         PUBLIC        OSVersion
  C:2BB1H         PUBLIC        _OSMboxAccept
  C:1A4BH         PUBLIC        _OSTaskCreate
  C:0C0BH         PUBLIC        _OSTCBInit
  C:2855H         PUBLIC        _OSMboxCreate
  C:14B1H         PUBLIC        _OSTimeDlyHMSM
  C:2F15H         PUBLIC        OSSchedLock
  X:0106H         PUBLIC        OSTCBList
  C:2D0AH         PUBLIC        _OSSemAccept
  C:1EE4H         PUBLIC        _OSTaskSuspend
  X:0109H         SYMBOL        OSTCBTbl
  X:01EFH         PUBLIC        OSTCBFreeList
  C:2B09H         PUBLIC        _OSSemCreate
  I:0009H         PUBLIC        OSTCBCur
  X:01F2H         PUBLIC        OSUnMapTbl
  X:02F2H         PUBLIC        OSIntNesting
  C:2132H         PUBLIC        _OSTaskResume
  I:000CH         PUBLIC        OSTCBHighRdy
  C:2FB2H         SYMBOL        OSDummy
  C:2B5EH         PUBLIC        OSStart
  X:02F3H         PUBLIC        OSTime
  C:2E50H         PUBLIC        _OSTaskIdle
  C:0DF4H         PUBLIC        OSInit
  X:02F7H         PUBLIC        OSTCBPrioTbl
  C:1E17H         PUBLIC        OSTimeTick
  C:133AH         PUBLIC        _OSMboxPend
  X:0312H         SYMBOL        OSIntExitY
  X:0313H         PUBLIC        OSCtxSwCtr
  C:2280H         PUBLIC        _OSEventTO
  X:0317H         PUBLIC        OSEventTbl
  X:03CBH         PUBLIC        OSEventFreeList
  X:03CEH         PUBLIC        OSIdleCtr
  C:2F4FH         PUBLIC        OSIntEnter
  C:2993H         PUBLIC        _OSTaskQuery
  C:1D46H         PUBLIC        _OSSemPend
  C:21DAH         PUBLIC        _OSTimeDlyResume
  C:23B3H         PUBLIC        _OSMboxQuery
  C:1FB1H         PUBLIC        _OSEventTaskWait
  C:2F5AH         PUBLIC        OSTimeGet
  C:244AH         PUBLIC        _OSTaskStat
  C:2CD7H         PUBLIC        OSStatInit
  C:292BH         PUBLIC        _OSTimeDly
BL51 BANKED LINKER/LOCATER V6.22.2.0                                                  03/30/2018  13:36:05  PAGE 14


  C:2F65H         PUBLIC        _OSTimeSet
  C:231AH         PUBLIC        _OSSemQuery
  X:03D2H         PUBLIC        OSTaskCtr
  C:2674H         PUBLIC        _OSMboxPost
  X:03D3H         PUBLIC        OSMapTbl
  I:000FH         PUBLIC        OSPrioCur
  C:25F1H         PUBLIC        OSIntExit
  X:03DBH         SYMBOL        OSTaskIdleStk
  C:1710H         PUBLIC        _OSEventTaskRdy
  C:256BH         PUBLIC        _OSSemPost
  X:04DAH         PUBLIC        OSStatRdy
  I:0010H         PUBLIC        OSPrioHighRdy
  C:2D6AH         PUBLIC        _OSEventWaitListInit
  X:04DBH         PUBLIC        OSIdleCtrMax
  X:04DFH         PUBLIC        OSRdyTbl
  C:2D98H         PUBLIC        OSSchedUnlock
  -------         PROC          _OSEVENTTASKRDY
  X:0A12H         SYMBOL        pevent
  X:0A15H         SYMBOL        msg
  X:0A18H         SYMBOL        msk
  -------         DO            
  X:0A19H         SYMBOL        ptcb
  D:0007H         SYMBOL        x
  D:0005H         SYMBOL        y
  D:0006H         SYMBOL        bitx
  X:0A1CH         SYMBOL        bity
  X:0A1DH         SYMBOL        prio
  -------         ENDDO         
  C:1710H         LINE#         101
  C:1716H         LINE#         102
  C:1716H         LINE#         111
  C:172DH         LINE#         112
  C:173BH         LINE#         113
  C:1758H         LINE#         114
  C:1763H         LINE#         115
  C:176EH         LINE#         116
  C:177AH         LINE#         117
  C:1794H         LINE#         118
  C:1794H         LINE#         119
  C:17AEH         LINE#         120
  C:17B7H         LINE#         121
  C:17CFH         LINE#         123
  C:17E7H         LINE#         127
  C:1801H         LINE#         128
  C:180FH         LINE#         129
  C:181FH         LINE#         130
  C:182CH         LINE#         131
  C:182CH         LINE#         132
  -------         ENDPROC       _OSEVENTTASKRDY
  -------         PROC          _OSEVENTTASKWAIT
  X:0A70H         SYMBOL        pevent
  C:1FB1H         LINE#         150
  C:1FB7H         LINE#         151
  C:1FB7H         LINE#         152
  C:1FCEH         LINE#         153
  C:1FFEH         LINE#         154
  C:2011H         LINE#         155
BL51 BANKED LINKER/LOCATER V6.22.2.0                                                  03/30/2018  13:36:05  PAGE 15


  C:2011H         LINE#         156
  C:2051H         LINE#         157
  -------         ENDPROC       _OSEVENTTASKWAIT
  -------         PROC          _OSEVENTTO
  X:0A73H         SYMBOL        pevent
  C:2280H         LINE#         176
  C:2286H         LINE#         177
  C:2286H         LINE#         178
  C:22C9H         LINE#         179
  C:22F6H         LINE#         180
  C:22F6H         LINE#         181
  C:2302H         LINE#         182
  C:2319H         LINE#         183
  -------         ENDPROC       _OSEVENTTO
  -------         PROC          _OSEVENTWAITLISTINIT
  X:0A76H         SYMBOL        pevent
  -------         DO            
  D:0007H         SYMBOL        i
  -------         ENDDO         
  C:2D6AH         LINE#         200
  C:2D70H         LINE#         201
  C:2D70H         LINE#         205
  C:2D77H         LINE#         206
  C:2D79H         LINE#         207
  C:2D92H         LINE#         208
  C:2D97H         LINE#         209
  -------         ENDPROC       _OSEVENTWAITLISTINIT
  -------         PROC          OSINIT
  -------         DO            
  X:09EFH         SYMBOL        i
  -------         ENDDO         
  C:0DF4H         LINE#         225
  C:0DF4H         LINE#         226
  C:0DF4H         LINE#         230
  C:0DFEH         LINE#         231
  C:0E03H         LINE#         232
  C:0E07H         LINE#         234
  C:0E0BH         LINE#         236
  C:0E0EH         LINE#         237
  C:0E18H         LINE#         243
  C:0E22H         LINE#         244
  C:0E27H         LINE#         245
  C:0E3DH         LINE#         246
  C:0E49H         LINE#         247
  C:0E54H         LINE#         249
  C:0E58H         LINE#         250
  C:0E5AH         LINE#         251
  C:0E62H         LINE#         252
  C:0E67H         LINE#         253
  C:0E6DH         LINE#         254
  C:0E84H         LINE#         255
  C:0EA0H         LINE#         256
  C:0EACH         LINE#         257
  C:0EC3H         LINE#         258
  C:0EF0H         LINE#         259
  C:0EFCH         LINE#         260
  C:0F08H         LINE#         261
BL51 BANKED LINKER/LOCATER V6.22.2.0                                                  03/30/2018  13:36:05  PAGE 16


  C:0F13H         LINE#         264
  C:0F2AH         LINE#         265
  C:0F57H         LINE#         266
  C:0F63H         LINE#         267
  C:0F6FH         LINE#         268
  C:0F7AH         LINE#         305
  C:0F9FH         LINE#         340
  -------         ENDPROC       OSINIT
  -------         PROC          OSINTENTER
  C:2F4FH         LINE#         371
  C:2F4FH         LINE#         372
  C:2F4FH         LINE#         373
  C:2F51H         LINE#         374
  C:2F57H         LINE#         375
  C:2F59H         LINE#         376
  -------         ENDPROC       OSINTENTER
  -------         PROC          OSINTEXIT
  C:25F1H         LINE#         397
  C:25F1H         LINE#         398
  C:25F1H         LINE#         399
  C:25F3H         LINE#         400
  C:2603H         LINE#         401
  C:2615H         LINE#         402
  C:2639H         LINE#         403
  C:263EH         LINE#         404
  C:2655H         LINE#         405
  C:266EH         LINE#         406
  C:2671H         LINE#         407
  C:2671H         LINE#         408
  C:2671H         LINE#         409
  C:2673H         LINE#         410
  -------         ENDPROC       OSINTEXIT
  -------         PROC          OSSCHED
  -------         DO            
  D:0007H         SYMBOL        y
  -------         ENDDO         
  C:26EFH         LINE#         429
  C:26EFH         LINE#         430
  C:26EFH         LINE#         434
  C:26F1H         LINE#         435
  C:26FDH         LINE#         436
  C:270CH         LINE#         437
  C:272EH         LINE#         438
  C:2733H         LINE#         439
  C:274AH         LINE#         440
  C:2763H         LINE#         441
  C:2766H         LINE#         442
  C:2766H         LINE#         443
  C:2766H         LINE#         444
  C:2768H         LINE#         445
  -------         ENDPROC       OSSCHED
  -------         PROC          OSSCHEDLOCK
  C:2F15H         LINE#         463
  C:2F15H         LINE#         464
  C:2F15H         LINE#         465
  C:2F1BH         LINE#         466
  C:2F1DH         LINE#         467
BL51 BANKED LINKER/LOCATER V6.22.2.0                                                  03/30/2018  13:36:05  PAGE 17


  C:2F23H         LINE#         468
  C:2F25H         LINE#         469
  C:2F25H         LINE#         470
  -------         ENDPROC       OSSCHEDLOCK
  -------         PROC          OSSCHEDUNLOCK
  C:2D98H         LINE#         487
  C:2D98H         LINE#         488
  C:2D98H         LINE#         489
  C:2D9FH         LINE#         490
  C:2DA1H         LINE#         491
  C:2DAAH         LINE#         492
  C:2DADH         LINE#         493
  C:2DB9H         LINE#         494
  C:2DBBH         LINE#         495
  C:2DBEH         LINE#         496
  C:2DBEH         LINE#         497
  C:2DC0H         LINE#         498
  C:2DC0H         LINE#         499
  C:2DC1H         LINE#         500
  C:2DC3H         LINE#         501
  C:2DC3H         LINE#         502
  C:2DC3H         LINE#         503
  -------         ENDPROC       OSSCHEDUNLOCK
  -------         PROC          OSSTART
  -------         DO            
  D:0007H         SYMBOL        y
  D:0006H         SYMBOL        x
  -------         ENDDO         
  C:2B5EH         LINE#         523
  C:2B5EH         LINE#         524
  C:2B5EH         LINE#         529
  C:2B63H         LINE#         530
  C:2B72H         LINE#         531
  C:2B87H         LINE#         532
  C:2B91H         LINE#         533
  C:2B93H         LINE#         534
  C:2BA8H         LINE#         535
  C:2BADH         LINE#         536
  C:2BB0H         LINE#         537
  C:2BB0H         LINE#         538
  -------         ENDPROC       OSSTART
  -------         PROC          OSSTATINIT
  C:2CD7H         LINE#         561
  C:2CD7H         LINE#         562
  C:2CD7H         LINE#         563
  C:2CDEH         LINE#         564
  C:2CE0H         LINE#         565
  C:2CEAH         LINE#         566
  C:2CECH         LINE#         567
  C:2CF3H         LINE#         568
  C:2CF5H         LINE#         569
  C:2D01H         LINE#         570
  C:2D07H         LINE#         571
  C:2D09H         LINE#         572
  -------         ENDPROC       OSSTATINIT
  -------         PROC          _OSTASKIDLE
  X:0000H         SYMBOL        ppdata
BL51 BANKED LINKER/LOCATER V6.22.2.0                                                  03/30/2018  13:36:05  PAGE 18


  C:2E50H         LINE#         588
  C:2E50H         LINE#         589
  C:2E50H         LINE#         590
  C:2E50H         LINE#         591
  C:2E50H         LINE#         592
  C:2E52H         LINE#         593
  C:2E6BH         LINE#         594
  C:2E6DH         LINE#         595
  -------         ENDPROC       _OSTASKIDLE
  -------         PROC          _OSTASKSTAT
  X:09F1H         SYMBOL        ppdata
  -------         DO            
  X:09F1H         SYMBOL        run
  D:0007H         SYMBOL        usage
  -------         ENDDO         
  C:244AH         LINE#         625
  C:244AH         LINE#         626
  C:244AH         LINE#         631
  C:244AH         LINE#         632
  C:2450H         LINE#         633
  C:2457H         LINE#         634
  C:2459H         LINE#         635
  C:2459H         LINE#         636
  C:245BH         LINE#         637
  C:2467H         LINE#         638
  C:2473H         LINE#         639
  C:247DH         LINE#         640
  C:247FH         LINE#         641
  C:2490H         LINE#         642
  C:24ADH         LINE#         643
  C:24B4H         LINE#         644
  C:24BAH         LINE#         645
  C:24C4H         LINE#         646
  C:24C4H         LINE#         647
  C:24C6H         LINE#         648
  C:24CBH         LINE#         649
  C:24CBH         LINE#         650
  C:24CDH         LINE#         651
  C:24D2H         LINE#         652
  C:24D2H         LINE#         653
  C:24D5H         LINE#         654
  C:24DCH         LINE#         655
  -------         ENDPROC       _OSTASKSTAT
  -------         PROC          _OSTCBINIT
  D:0007H         SYMBOL        prio
  X:09FDH         SYMBOL        ptos
  X:0A00H         SYMBOL        pbos
  X:0A03H         SYMBOL        id
  X:0A05H         SYMBOL        stk_size
  X:0A07H         SYMBOL        pext
  X:0A0AH         SYMBOL        opt
  -------         DO            
  X:0A0CH         SYMBOL        ptcb
  -------         ENDDO         
  C:0C0BH         LINE#         702
  C:0C11H         LINE#         703
  C:0C11H         LINE#         707
BL51 BANKED LINKER/LOCATER V6.22.2.0                                                  03/30/2018  13:36:05  PAGE 19


  C:0C13H         LINE#         708
  C:0C1FH         LINE#         709
  C:0C2DH         LINE#         710
  C:0C3FH         LINE#         711
  C:0C41H         LINE#         712
  C:0C56H         LINE#         713
  C:0C63H         LINE#         714
  C:0C6AH         LINE#         715
  C:0C73H         LINE#         724
  C:0C7FH         LINE#         725
  C:0C8EH         LINE#         726
  C:0C9AH         LINE#         727
  C:0CA9H         LINE#         728
  C:0CB8H         LINE#         735
  C:0CCCH         LINE#         736
  C:0CE2H         LINE#         737
  C:0CEBH         LINE#         738
  C:0D01H         LINE#         741
  C:0D19H         LINE#         745
  C:0D31H         LINE#         748
  C:0D33H         LINE#         749
  C:0D4AH         LINE#         750
  C:0D62H         LINE#         751
  C:0D7AH         LINE#         752
  C:0D85H         LINE#         753
  C:0D9DH         LINE#         754
  C:0D9DH         LINE#         755
  C:0DA9H         LINE#         756
  C:0DC1H         LINE#         757
  C:0DEAH         LINE#         758
  C:0DECH         LINE#         759
  C:0DEFH         LINE#         760
  C:0DEFH         LINE#         761
  C:0DF1H         LINE#         762
  C:0DF3H         LINE#         763
  C:0DF3H         LINE#         764
  -------         ENDPROC       _OSTCBINIT
  -------         PROC          OSTIMETICK
  -------         DO            
  X:0A0FH         SYMBOL        ptcb
  -------         ENDDO         
  C:1E17H         LINE#         780
  C:1E17H         LINE#         781
  C:1E17H         LINE#         785
  C:1E1AH         LINE#         786
  C:1E26H         LINE#         787
  C:1E39H         LINE#         788
  C:1E3BH         LINE#         789
  C:1E45H         LINE#         790
  C:1E59H         LINE#         791
  C:1E62H         LINE#         792
  C:1E74H         LINE#         793
  C:1E9DH         LINE#         794
  C:1E9FH         LINE#         795
  C:1EAFH         LINE#         796
  C:1EAFH         LINE#         797
  C:1EAFH         LINE#         798
BL51 BANKED LINKER/LOCATER V6.22.2.0                                                  03/30/2018  13:36:05  PAGE 20


  C:1EAFH         LINE#         799
  C:1EC1H         LINE#         800
  C:1EC3H         LINE#         801
  C:1EC6H         LINE#         802
  C:1EC8H         LINE#         803
  C:1EE1H         LINE#         804
  C:1EE3H         LINE#         805
  -------         ENDPROC       OSTIMETICK
  -------         PROC          OSVERSION
  C:001EH         LINE#         821
  C:001EH         LINE#         822
  C:001EH         LINE#         823
  C:0022H         LINE#         824
  -------         ENDPROC       OSVERSION
  -------         PROC          _OSMBOXACCEPT
  X:0A54H         SYMBOL        pevent
  -------         DO            
  X:0A57H         SYMBOL        msg
  -------         ENDDO         
  C:2BB1H         LINE#         37
  C:2BB7H         LINE#         38
  C:2BB7H         LINE#         42
  C:2BB9H         LINE#         43
  C:2BC3H         LINE#         44
  C:2BC5H         LINE#         45
  C:2BCCH         LINE#         46
  C:2BCCH         LINE#         47
  C:2BDBH         LINE#         48
  C:2BE6H         LINE#         49
  C:2BFBH         LINE#         50
  C:2BFBH         LINE#         51
  C:2BFDH         LINE#         52
  C:2C03H         LINE#         53
  -------         ENDPROC       _OSMBOXACCEPT
  -------         PROC          _OSMBOXCREATE
  X:0A5AH         SYMBOL        msg
  -------         DO            
  X:0A5DH         SYMBOL        pevent
  -------         ENDDO         
  C:2855H         LINE#         71
  C:285BH         LINE#         72
  C:285BH         LINE#         76
  C:285DH         LINE#         77
  C:2869H         LINE#         78
  C:2874H         LINE#         79
  C:2883H         LINE#         80
  C:2883H         LINE#         81
  C:2885H         LINE#         82
  C:2890H         LINE#         83
  C:289EH         LINE#         84
  C:28B3H         LINE#         85
  C:28BCH         LINE#         86
  C:28BCH         LINE#         87
  -------         ENDPROC       _OSMBOXCREATE
  -------         PROC          _OSMBOXPEND
  X:0A36H         SYMBOL        pevent
  D:0004H         SYMBOL        timeout
BL51 BANKED LINKER/LOCATER V6.22.2.0                                                  03/30/2018  13:36:05  PAGE 21


  X:0A3BH         SYMBOL        err
  -------         DO            
  X:0A3EH         SYMBOL        msg
  -------         ENDDO         
  C:133AH         LINE#         118
  C:1340H         LINE#         119
  C:1340H         LINE#         123
  C:1342H         LINE#         124
  C:134CH         LINE#         125
  C:134EH         LINE#         126
  C:1359H         LINE#         127
  C:1360H         LINE#         128
  C:1360H         LINE#         129
  C:136FH         LINE#         130
  C:137AH         LINE#         131
  C:138FH         LINE#         132
  C:138FH         LINE#         133
  C:138FH         LINE#         134
  C:139BH         LINE#         135
  C:139DH         LINE#         136
  C:13A5H         LINE#         137
  C:13A8H         LINE#         138
  C:13BCH         LINE#         139
  C:13CCH         LINE#         140
  C:13D5H         LINE#         141
  C:13D7H         LINE#         142
  C:13DAH         LINE#         143
  C:13DCH         LINE#         144
  C:13F2H         LINE#         145
  C:1409H         LINE#         146
  C:1415H         LINE#         147
  C:142CH         LINE#         148
  C:142EH         LINE#         149
  C:1435H         LINE#         150
  C:1448H         LINE#         151
  C:144EH         LINE#         152
  C:1450H         LINE#         153
  C:145CH         LINE#         154
  C:1464H         LINE#         155
  C:1466H         LINE#         156
  C:1472H         LINE#         157
  C:1487H         LINE#         158
  C:149EH         LINE#         159
  C:14A0H         LINE#         160
  C:14AAH         LINE#         161
  C:14AAH         LINE#         162
  C:14AAH         LINE#         163
  C:14B0H         LINE#         164
  -------         ENDPROC       _OSMBOXPEND
  -------         PROC          _OSMBOXPOST
  X:0A60H         SYMBOL        pevent
  X:0A63H         SYMBOL        msg
  C:2674H         LINE#         184
  C:267AH         LINE#         185
  C:267AH         LINE#         186
  C:267CH         LINE#         187
  C:2686H         LINE#         188
BL51 BANKED LINKER/LOCATER V6.22.2.0                                                  03/30/2018  13:36:05  PAGE 22


  C:2688H         LINE#         189
  C:268BH         LINE#         190
  C:268BH         LINE#         191
  C:2699H         LINE#         192
  C:26BAH         LINE#         193
  C:26BCH         LINE#         194
  C:26BFH         LINE#         195
  C:26C2H         LINE#         196
  C:26C2H         LINE#         197
  C:26D0H         LINE#         198
  C:26D2H         LINE#         199
  C:26D5H         LINE#         200
  C:26D5H         LINE#         201
  C:26EAH         LINE#         202
  C:26ECH         LINE#         203
  C:26EEH         LINE#         204
  C:26EEH         LINE#         205
  C:26EEH         LINE#         206
  -------         ENDPROC       _OSMBOXPOST
  -------         PROC          _OSMBOXQUERY
  X:0A1EH         SYMBOL        pevent
  X:0A21H         SYMBOL        ppdata
  -------         DO            
  D:0007H         SYMBOL        i
  X:0A24H         SYMBOL        psrc
  X:0A27H         SYMBOL        pdest
  -------         ENDDO         
  C:23B3H         LINE#         224
  C:23B9H         LINE#         225
  C:23B9H         LINE#         231
  C:23BBH         LINE#         232
  C:23C5H         LINE#         233
  C:23C7H         LINE#         234
  C:23CAH         LINE#         235
  C:23CAH         LINE#         236
  C:23E4H         LINE#         237
  C:23F7H         LINE#         238
  C:240AH         LINE#         239
  C:240CH         LINE#         240
  C:2428H         LINE#         241
  C:242DH         LINE#         242
  C:2445H         LINE#         243
  C:2447H         LINE#         244
  C:2449H         LINE#         245
  -------         ENDPROC       _OSMBOXQUERY
  -------         PROC          _OSSEMACCEPT
  D:0001H         SYMBOL        pevent
  -------         DO            
  D:0006H         SYMBOL        cnt
  -------         ENDDO         
  C:2D0AH         LINE#         39
  C:2D0AH         LINE#         40
  C:2D0AH         LINE#         44
  C:2D0CH         LINE#         45
  C:2D16H         LINE#         46
  C:2D18H         LINE#         47
  C:2D1CH         LINE#         48
BL51 BANKED LINKER/LOCATER V6.22.2.0                                                  03/30/2018  13:36:05  PAGE 23


  C:2D1CH         LINE#         49
  C:2D25H         LINE#         50
  C:2D2DH         LINE#         51
  C:2D37H         LINE#         52
  C:2D37H         LINE#         53
  C:2D39H         LINE#         54
  C:2D39H         LINE#         55
  -------         ENDPROC       _OSSEMACCEPT
  -------         PROC          _OSSEMCREATE
  D:0006H         SYMBOL        cnt
  -------         DO            
  X:0A79H         SYMBOL        pevent
  -------         ENDDO         
  C:2B09H         LINE#         75
  C:2B09H         LINE#         76
  C:2B09H         LINE#         80
  C:2B0BH         LINE#         81
  C:2B17H         LINE#         82
  C:2B22H         LINE#         83
  C:2B31H         LINE#         84
  C:2B31H         LINE#         85
  C:2B33H         LINE#         86
  C:2B3EH         LINE#         87
  C:2B4CH         LINE#         88
  C:2B55H         LINE#         89
  C:2B58H         LINE#         90
  C:2B58H         LINE#         91
  -------         ENDPROC       _OSSEMCREATE
  -------         PROC          _OSSEMPEND
  X:0A4CH         SYMBOL        pevent
  D:0004H         SYMBOL        timeout
  X:0A51H         SYMBOL        err
  C:1D46H         LINE#         124
  C:1D4CH         LINE#         125
  C:1D4CH         LINE#         126
  C:1D4EH         LINE#         127
  C:1D58H         LINE#         128
  C:1D5AH         LINE#         129
  C:1D65H         LINE#         130
  C:1D65H         LINE#         131
  C:1D7AH         LINE#         132
  C:1D84H         LINE#         133
  C:1D84H         LINE#         134
  C:1D84H         LINE#         135
  C:1D90H         LINE#         136
  C:1D92H         LINE#         137
  C:1D9AH         LINE#         138
  C:1D9CH         LINE#         139
  C:1DB0H         LINE#         140
  C:1DC0H         LINE#         141
  C:1DC9H         LINE#         142
  C:1DCBH         LINE#         143
  C:1DCEH         LINE#         144
  C:1DD0H         LINE#         145
  C:1DDEH         LINE#         146
  C:1DE7H         LINE#         147
  C:1DE9H         LINE#         148
BL51 BANKED LINKER/LOCATER V6.22.2.0                                                  03/30/2018  13:36:05  PAGE 24


  C:1DF1H         LINE#         149
  C:1DF3H         LINE#         150
  C:1E0AH         LINE#         151
  C:1E0CH         LINE#         152
  C:1E16H         LINE#         153
  C:1E16H         LINE#         154
  C:1E16H         LINE#         155
  -------         ENDPROC       _OSSEMPEND
  -------         PROC          _OSSEMPOST
  X:0A7CH         SYMBOL        pevent
  C:256BH         LINE#         174
  C:2571H         LINE#         175
  C:2571H         LINE#         176
  C:2573H         LINE#         177
  C:257DH         LINE#         178
  C:257FH         LINE#         179
  C:2582H         LINE#         180
  C:2582H         LINE#         181
  C:2590H         LINE#         182
  C:25B1H         LINE#         183
  C:25B3H         LINE#         184
  C:25B6H         LINE#         185
  C:25B9H         LINE#         186
  C:25B9H         LINE#         187
  C:25D7H         LINE#         188
  C:25E7H         LINE#         189
  C:25E9H         LINE#         190
  C:25ECH         LINE#         191
  C:25ECH         LINE#         192
  C:25EEH         LINE#         193
  C:25F0H         LINE#         194
  C:25F0H         LINE#         195
  C:25F0H         LINE#         196
  -------         ENDPROC       _OSSEMPOST
  -------         PROC          _OSSEMQUERY
  X:0A2AH         SYMBOL        pevent
  X:0A2DH         SYMBOL        ppdata
  -------         DO            
  D:0007H         SYMBOL        i
  X:0A30H         SYMBOL        psrc
  X:0A33H         SYMBOL        pdest
  -------         ENDDO         
  C:231AH         LINE#         214
  C:2320H         LINE#         215
  C:2320H         LINE#         221
  C:2322H         LINE#         222
  C:232CH         LINE#         223
  C:232EH         LINE#         224
  C:2331H         LINE#         225
  C:2331H         LINE#         226
  C:234BH         LINE#         227
  C:235EH         LINE#         228
  C:2371H         LINE#         229
  C:2373H         LINE#         230
  C:238FH         LINE#         231
  C:2394H         LINE#         232
  C:23AEH         LINE#         233
BL51 BANKED LINKER/LOCATER V6.22.2.0                                                  03/30/2018  13:36:05  PAGE 25


  C:23B0H         LINE#         234
  C:23B2H         LINE#         235
  -------         ENDPROC       _OSSEMQUERY
  -------         PROC          OSDUMMY
  C:2FB2H         LINE#         43
  C:2FB2H         LINE#         44
  C:2FB2H         LINE#         45
  -------         ENDPROC       OSDUMMY
  -------         PROC          _OSTASKCREATE
  X:09F1H         SYMBOL        task
  X:09F4H         SYMBOL        ppdata
  X:09F7H         SYMBOL        ptos
  X:09FAH         SYMBOL        prio
  -------         DO            
  D:0001H         SYMBOL        psp
  X:09FBH         SYMBOL        err
  -------         ENDDO         
  C:1A4BH         LINE#         173
  C:1A51H         LINE#         174
  C:1A51H         LINE#         179
  C:1A5BH         LINE#         180
  C:1A5EH         LINE#         181
  C:1A5EH         LINE#         182
  C:1A60H         LINE#         183
  C:1A79H         LINE#         184
  C:1A91H         LINE#         186
  C:1A93H         LINE#         187
  C:1ABBH         LINE#         188
  C:1AF6H         LINE#         189
  C:1AF8H         LINE#         190
  C:1AFAH         LINE#         191
  C:1B00H         LINE#         192
  C:1B17H         LINE#         193
  C:1B19H         LINE#         194
  C:1B1EH         LINE#         195
  C:1B21H         LINE#         196
  C:1B21H         LINE#         197
  C:1B23H         LINE#         198
  C:1B25H         LINE#         199
  C:1B3FH         LINE#         200
  C:1B41H         LINE#         201
  C:1B41H         LINE#         202
  C:1B47H         LINE#         203
  C:1B47H         LINE#         204
  C:1B49H         LINE#         205
  C:1B4BH         LINE#         206
  C:1B4BH         LINE#         207
  -------         ENDPROC       _OSTASKCREATE
  -------         PROC          _OSTASKRESUME
  D:0007H         SYMBOL        prio
  -------         DO            
  X:0A7FH         SYMBOL        ptcb
  -------         ENDDO         
  C:2132H         LINE#         528
  C:2132H         LINE#         529
  C:2132H         LINE#         533
  C:2138H         LINE#         534
BL51 BANKED LINKER/LOCATER V6.22.2.0                                                  03/30/2018  13:36:05  PAGE 26


  C:213BH         LINE#         535
  C:213BH         LINE#         536
  C:213DH         LINE#         537
  C:2159H         LINE#         538
  C:215BH         LINE#         539
  C:215EH         LINE#         540
  C:215EH         LINE#         541
  C:216DH         LINE#         542
  C:218EH         LINE#         543
  C:218EH         LINE#         544
  C:21A0H         LINE#         545
  C:21C9H         LINE#         546
  C:21CBH         LINE#         547
  C:21CEH         LINE#         548
  C:21D0H         LINE#         549
  C:21D2H         LINE#         550
  C:21D2H         LINE#         551
  C:21D5H         LINE#         552
  C:21D5H         LINE#         553
  C:21D7H         LINE#         554
  C:21D9H         LINE#         555
  C:21D9H         LINE#         556
  C:21D9H         LINE#         557
  -------         ENDPROC       _OSTASKRESUME
  -------         PROC          _OSTASKSUSPEND
  D:0007H         SYMBOL        prio
  -------         DO            
  X:0A6CH         SYMBOL        self
  X:0A6DH         SYMBOL        ptcb
  -------         ENDDO         
  C:1EE4H         LINE#         647
  C:1EE4H         LINE#         648
  C:1EE4H         LINE#         653
  C:1EE8H         LINE#         654
  C:1EEBH         LINE#         655
  C:1EEBH         LINE#         656
  C:1EF5H         LINE#         657
  C:1EF8H         LINE#         658
  C:1EF8H         LINE#         659
  C:1EFAH         LINE#         660
  C:1EFEH         LINE#         661
  C:1F0AH         LINE#         662
  C:1F0AH         LINE#         663
  C:1F1AH         LINE#         664
  C:1F20H         LINE#         665
  C:1F22H         LINE#         666
  C:1F27H         LINE#         667
  C:1F27H         LINE#         668
  C:1F43H         LINE#         669
  C:1F45H         LINE#         670
  C:1F48H         LINE#         671
  C:1F48H         LINE#         672
  C:1F7AH         LINE#         673
  C:1F8DH         LINE#         674
  C:1F8DH         LINE#         675
  C:1FA2H         LINE#         676
  C:1FA4H         LINE#         677
BL51 BANKED LINKER/LOCATER V6.22.2.0                                                  03/30/2018  13:36:05  PAGE 27


  C:1FABH         LINE#         678
  C:1FAEH         LINE#         679
  C:1FAEH         LINE#         680
  C:1FB0H         LINE#         681
  C:1FB0H         LINE#         682
  -------         ENDPROC       _OSTASKSUSPEND
  -------         PROC          _OSTASKQUERY
  D:0007H         SYMBOL        prio
  X:0A66H         SYMBOL        ppdata
  -------         DO            
  X:0A69H         SYMBOL        ptcb
  -------         ENDDO         
  C:2993H         LINE#         700
  C:2999H         LINE#         701
  C:2999H         LINE#         705
  C:29A3H         LINE#         706
  C:29A6H         LINE#         707
  C:29A6H         LINE#         708
  C:29A8H         LINE#         709
  C:29ACH         LINE#         710
  C:29B8H         LINE#         711
  C:29B8H         LINE#         712
  C:29D4H         LINE#         713
  C:29D6H         LINE#         714
  C:29D9H         LINE#         715
  C:29D9H         LINE#         716
  C:29F2H         LINE#         717
  C:29F4H         LINE#         718
  C:29F6H         LINE#         719
  -------         ENDPROC       _OSTASKQUERY
  -------         PROC          _OSTIMEDLY
  D:0004H         SYMBOL        ticks
  C:292BH         LINE#         37
  C:292FH         LINE#         38
  C:292FH         LINE#         39
  C:2938H         LINE#         40
  C:293AH         LINE#         41
  C:296AH         LINE#         42
  C:297DH         LINE#         43
  C:297DH         LINE#         44
  C:298DH         LINE#         45
  C:298FH         LINE#         46
  C:2992H         LINE#         47
  C:2992H         LINE#         48
  -------         ENDPROC       _OSTIMEDLY
  -------         PROC          _OSTIMEDLYHMSM
  X:0A41H         SYMBOL        hours
  D:0005H         SYMBOL        minutes
  X:0A43H         SYMBOL        seconds
  X:0A44H         SYMBOL        milli
  -------         DO            
  X:0A46H         SYMBOL        ticks
  X:0A4AH         SYMBOL        loops
  -------         ENDDO         
  C:14B1H         LINE#         75
  C:14BBH         LINE#         76
  C:14BBH         LINE#         81
BL51 BANKED LINKER/LOCATER V6.22.2.0                                                  03/30/2018  13:36:05  PAGE 28


  C:14DEH         LINE#         82
  C:14E4H         LINE#         83
  C:14E7H         LINE#         84
  C:14E7H         LINE#         85
  C:14F0H         LINE#         86
  C:14F3H         LINE#         87
  C:14F3H         LINE#         88
  C:1502H         LINE#         89
  C:1505H         LINE#         90
  C:1505H         LINE#         94
  C:1589H         LINE#         95
  C:15A0H         LINE#         96
  C:15AFH         LINE#         97
  C:15B8H         LINE#         98
  C:15C7H         LINE#         99
  C:15CEH         LINE#         100
  C:15D5H         LINE#         101
  C:15DFH         LINE#         102
  C:15E1H         LINE#         103
  C:15E4H         LINE#         104
  C:15E4H         LINE#         105
  C:15E6H         LINE#         106
  C:15E6H         LINE#         107
  -------         ENDPROC       _OSTIMEDLYHMSM
  -------         PROC          _OSTIMEDLYRESUME
  D:0007H         SYMBOL        prio
  -------         DO            
  X:0A82H         SYMBOL        ptcb
  -------         ENDDO         
  C:21DAH         LINE#         133
  C:21DAH         LINE#         134
  C:21DAH         LINE#         138
  C:21E0H         LINE#         139
  C:21E3H         LINE#         140
  C:21E3H         LINE#         141
  C:21E5H         LINE#         142
  C:21FCH         LINE#         143
  C:2207H         LINE#         144
  C:2217H         LINE#         145
  C:2220H         LINE#         146
  C:2229H         LINE#         147
  C:2241H         LINE#         148
  C:226AH         LINE#         149
  C:226CH         LINE#         150
  C:226FH         LINE#         151
  C:2271H         LINE#         152
  C:2273H         LINE#         153
  C:2273H         LINE#         154
  C:2276H         LINE#         155
  C:2276H         LINE#         156
  C:2278H         LINE#         157
  C:227BH         LINE#         158
  C:227BH         LINE#         159
  C:227BH         LINE#         160
  C:227DH         LINE#         161
  C:227FH         LINE#         162
  C:227FH         LINE#         163
BL51 BANKED LINKER/LOCATER V6.22.2.0                                                  03/30/2018  13:36:05  PAGE 29


  -------         ENDPROC       _OSTIMEDLYRESUME
  -------         PROC          OSTIMEGET
  -------         DO            
  D:0004H         SYMBOL        ticks
  -------         ENDDO         
  C:2F5AH         LINE#         178
  C:2F5AH         LINE#         179
  C:2F5AH         LINE#         183
  C:2F5CH         LINE#         184
  C:2F62H         LINE#         185
  C:2F64H         LINE#         186
  C:2F64H         LINE#         187
  -------         ENDPROC       OSTIMEGET
  -------         PROC          _OSTIMESET
  D:0004H         SYMBOL        ticks
  C:2F65H         LINE#         201
  C:2F65H         LINE#         202
  C:2F65H         LINE#         203
  C:2F67H         LINE#         204
  C:2F6DH         LINE#         205
  C:2F6FH         LINE#         206
  -------         ENDPROC       _OSTIMESET
  -------         ENDMOD        UCOS_II

  -------         MODULE        MODBUSAPP
  C:0000H         SYMBOL        _ICE_DUMMY_
  C:2F84H         PUBLIC        _getRegisterVal
  C:2F37H         PUBLIC        _setRegisterVal
  C:2F7AH         PUBLIC        _getCoilVal
  C:000EH         PUBLIC        _setCoilVal
  -------         PROC          _GETCOILVAL
  D:0006H         SYMBOL        addr
  D:0001H         SYMBOL        tempData
  C:2F7AH         LINE#         4
  C:2F7AH         LINE#         5
  C:2F7AH         LINE#         6
  C:2F80H         LINE#         7
  C:2F80H         LINE#         8
  C:2F80H         LINE#         10
  C:2F80H         LINE#         11
  C:2F80H         LINE#         12
  C:2F83H         LINE#         13
  -------         ENDPROC       _GETCOILVAL
  -------         PROC          _SETCOILVAL
  D:0006H         SYMBOL        addr
  X:09FFH         SYMBOL        tempData
  C:000EH         LINE#         14
  C:0016H         LINE#         15
  C:0016H         LINE#         16
  C:0016H         LINE#         17
  C:0016H         LINE#         19
  C:0016H         LINE#         20
  C:0016H         LINE#         21
  C:0019H         LINE#         22
  -------         ENDPROC       _SETCOILVAL
  -------         PROC          _GETREGISTERVAL
  D:0006H         SYMBOL        addr
BL51 BANKED LINKER/LOCATER V6.22.2.0                                                  03/30/2018  13:36:05  PAGE 30


  X:09FBH         SYMBOL        tempData
  C:2F84H         LINE#         24
  C:2F8AH         LINE#         25
  C:2F8AH         LINE#         26
  C:2F8AH         LINE#         27
  C:2F8AH         LINE#         28
  C:2F8AH         LINE#         29
  C:2F8AH         LINE#         30
  C:2F8DH         LINE#         31
  -------         ENDPROC       _GETREGISTERVAL
  -------         PROC          _SETREGISTERVAL
  D:0006H         SYMBOL        addr
  X:09FBH         SYMBOL        tempData
  C:2F37H         LINE#         34
  C:2F3FH         LINE#         35
  C:2F3FH         LINE#         37
  C:2F3FH         LINE#         38
  C:2F3FH         LINE#         39
  C:2F3FH         LINE#         40
  C:2F3FH         LINE#         41
  C:2F42H         LINE#         42
  -------         ENDPROC       _SETREGISTERVAL
  -------         ENDMOD        MODBUSAPP

  -------         MODULE        MODBUSPORT
  C:0000H         SYMBOL        _ICE_DUMMY_
  C:2E8CH         PUBLIC        Timer0Handle
  B:00A8H.7       PUBLIC        EA
  C:2E0DH         PUBLIC        InitModbusTimer
  X:0A85H         SYMBOL        ModbusTH
  X:0A86H         SYMBOL        ModbusTL
  D:00CBH         PUBLIC        RCAP2H
  D:00CAH         PUBLIC        RCAP2L
  C:2DC4H         SYMBOL        SerialHandle
  D:0089H         PUBLIC        TMOD
  C:2F26H         SYMBOL        _modbusSerialSendbyte
  B:00A8H.4       PUBLIC        ES0
  B:00A8H.3       PUBLIC        ET1
  B:0098H.0       PUBLIC        RI0
  B:0088H.7       PUBLIC        TF1
  B:0098H.1       PUBLIC        TI0
  D:008DH         PUBLIC        TH1
  D:008BH         PUBLIC        TL1
  B:0088H.6       PUBLIC        TR1
  C:2DE9H         PUBLIC        _modbusSerialSendBuffer
  D:0099H         PUBLIC        SBUF0
  D:00C8H         PUBLIC        T2CON
  C:2A55H         PUBLIC        _InitModbusSerial
  D:008EH         PUBLIC        CKCON
  -------         PROC          TIMER0HANDLE
  C:2E8CH         LINE#         5
  C:2E92H         LINE#         7
  C:2E98H         LINE#         8
  C:2E9EH         LINE#         9
  C:2EA1H         LINE#         10
  -------         ENDPROC       TIMER0HANDLE
  -------         PROC          SERIALHANDLE
BL51 BANKED LINKER/LOCATER V6.22.2.0                                                  03/30/2018  13:36:05  PAGE 31


  C:2DC4H         LINE#         12
  C:2DCCH         LINE#         14
  C:2DCEH         LINE#         15
  C:2DD1H         LINE#         16
  C:2DD1H         LINE#         17
  C:2DD3H         LINE#         18
  C:2DD6H         LINE#         19
  C:2DD6H         LINE#         20
  C:2DD9H         LINE#         21
  C:2DD9H         LINE#         22
  C:2DDBH         LINE#         23
  C:2DDEH         LINE#         24
  C:2DDEH         LINE#         25
  C:2DE0H         LINE#         26
  -------         ENDPROC       SERIALHANDLE
  -------         PROC          _MODBUSSERIALSENDBYTE
  D:0001H         SYMBOL        dt
  C:2F26H         LINE#         27
  C:2F26H         LINE#         28
  C:2F26H         LINE#         29
  C:2F28H         LINE#         30
  C:2F2AH         LINE#         31
  C:2F2FH         LINE#         32
  C:2F32H         LINE#         33
  C:2F34H         LINE#         34
  C:2F36H         LINE#         35
  -------         ENDPROC       _MODBUSSERIALSENDBYTE
  -------         PROC          _MODBUSSERIALSENDBUFFER
  X:0A06H         SYMBOL        buf
  D:0005H         SYMBOL        size
  -------         DO            
  D:0007H         SYMBOL        i
  -------         ENDDO         
  C:2DE9H         LINE#         36
  C:2DEFH         LINE#         37
  C:2DEFH         LINE#         39
  C:2DF6H         LINE#         40
  C:2DF6H         LINE#         41
  C:2E09H         LINE#         42
  C:2E0CH         LINE#         43
  -------         ENDPROC       _MODBUSSERIALSENDBUFFER
  -------         PROC          _INITMODBUSSERIAL
  D:0004H         SYMBOL        baudrate
  -------         DO            
  X:09F3H         SYMBOL        temp
  -------         ENDDO         
  C:2A55H         LINE#         44
  C:2A55H         LINE#         45
  C:2A55H         LINE#         47
  C:2A58H         LINE#         48
  C:2A5BH         LINE#         49
  C:2A5EH         LINE#         50
  C:2A77H         LINE#         51
  C:2A91H         LINE#         52
  C:2A9AH         LINE#         53
  C:2AA7H         LINE#         54
  C:2AAAH         LINE#         56
BL51 BANKED LINKER/LOCATER V6.22.2.0                                                  03/30/2018  13:36:05  PAGE 32


  C:2AACH         LINE#         57
  C:2AAEH         LINE#         58
  C:2AB0H         LINE#         59
  -------         ENDPROC       _INITMODBUSSERIAL
  -------         PROC          INITMODBUSTIMER
  -------         DO            
  D:0006H         SYMBOL        temp
  -------         ENDDO         
  C:2E0DH         LINE#         60
  C:2E0DH         LINE#         61
  C:2E0DH         LINE#         63
  C:2E0FH         LINE#         64
  C:2E12H         LINE#         65
  C:2E15H         LINE#         66
  C:2E18H         LINE#         67
  C:2E1EH         LINE#         68
  C:2E23H         LINE#         69
  C:2E26H         LINE#         70
  C:2E28H         LINE#         71
  C:2E2AH         LINE#         72
  C:2E2CH         LINE#         73
  C:2E2EH         LINE#         74
  -------         ENDPROC       INITMODBUSTIMER
  -------         ENDMOD        MODBUSPORT

  -------         MODULE        SLAVEMODBUS
  C:0000H         SYMBOL        _ICE_DUMMY_
  C:2769H         PUBLIC        forceSingleCoil
  X:07EAH         PUBLIC        localAddr
  C:2E6FH         PUBLIC        modbusSerialRxHandle
  C:0FC5H         SYMBOL        readInPutCoils
  C:2FB3H         PUBLIC        modbusSerialTxHandle
  C:2EEEH         SYMBOL        beginSend
  C:1182H         SYMBOL        readCoils
  C:28D9H         SYMBOL        _crc16
  C:2F9CH         PUBLIC        modbusPoll
  C:207DH         SYMBOL        presetMultipleRegisters
  X:07EBH         SYMBOL        receCount
  C:0A0BH         PUBLIC        auchCRCHi
  C:063AH         SYMBOL        checkComm0Modbus
  C:0B0BH         PUBLIC        auchCRCLo
  X:07ECH         SYMBOL        sendCount
  C:2FA2H         PUBLIC        _setModbusSlaveAddr
  C:2D3AH         PUBLIC        _InitModbusHardware
  X:07EDH         SYMBOL        receBuf
  C:2E2FH         SYMBOL        timeProc
  B:00A8H.4       PUBLIC        ES0
  C:27E1H         SYMBOL        presetSingleRegister
  X:08EDH         SYMBOL        sendBuf
  C:1C49H         SYMBOL        readInPutRegisters
  C:1B4CH         SYMBOL        readRegisters
  D:0099H         PUBLIC        SBUF0
  C:15E7H         SYMBOL        forceMultipleCoils
  C:0003H         PUBLIC        modbusTimerHandle
  X:09EDH         SYMBOL        bt1ms
  X:09EEH         SYMBOL        receTimeOut
  -------         PROC          _INITMODBUSHARDWARE
BL51 BANKED LINKER/LOCATER V6.22.2.0                                                  03/30/2018  13:36:05  PAGE 33


  X:09EFH         SYMBOL        baudrate
  C:2D3AH         LINE#         82
  C:2D40H         LINE#         83
  C:2D40H         LINE#         85
  C:2D4FH         LINE#         86
  C:2D5EH         LINE#         87
  C:2D61H         LINE#         88
  -------         ENDPROC       _INITMODBUSHARDWARE
  -------         PROC          MODBUSTIMERHANDLE
  C:0003H         LINE#         91
  C:0003H         LINE#         92
  C:0003H         LINE#         93
  C:0009H         LINE#         94
  -------         ENDPROC       MODBUSTIMERHANDLE
  -------         PROC          MODBUSSERIALRXHANDLE
  C:2E6FH         LINE#         95
  C:2E6FH         LINE#         96
  C:2E6FH         LINE#         97
  C:2E75H         LINE#         98
  C:2E85H         LINE#         99
  C:2E8BH         LINE#         100
  -------         ENDPROC       MODBUSSERIALRXHANDLE
  -------         PROC          MODBUSSERIALTXHANDLE
  C:2FB3H         LINE#         101
  C:2FB3H         LINE#         102
  C:2FB3H         LINE#         103
  -------         ENDPROC       MODBUSSERIALTXHANDLE
  -------         PROC          MODBUSPOLL
  C:2F9CH         LINE#         104
  C:2F9CH         LINE#         105
  C:2F9CH         LINE#         106
  C:2F9FH         LINE#         107
  -------         ENDPROC       MODBUSPOLL
  -------         PROC          _SETMODBUSSLAVEADDR
  D:0007H         SYMBOL        addr
  C:2FA2H         LINE#         109
  C:2FA2H         LINE#         110
  C:2FA2H         LINE#         111
  C:2FA7H         LINE#         112
  -------         ENDPROC       _SETMODBUSSLAVEADDR
  -------         PROC          TIMEPROC
  C:2E2FH         LINE#         115
  C:2E2FH         LINE#         116
  C:2E2FH         LINE#         117
  C:2E35H         LINE#         118
  C:2E35H         LINE#         119
  C:2E37H         LINE#         120
  C:2E3EH         LINE#         121
  C:2E3EH         LINE#         122
  C:2E41H         LINE#         123
  C:2E4DH         LINE#         124
  C:2E4DH         LINE#         126
  C:2E4FH         LINE#         127
  C:2E4FH         LINE#         128
  C:2E4FH         LINE#         129
  C:2E4FH         LINE#         130
  -------         ENDPROC       TIMEPROC
BL51 BANKED LINKER/LOCATER V6.22.2.0                                                  03/30/2018  13:36:05  PAGE 34


  C:28CEH         SYMBOL        L?0122
  -------         PROC          L?0121
  -------         ENDPROC       L?0121
  C:28CEH         SYMBOL        L?0122
  -------         PROC          _CRC16
  X:0A06H         SYMBOL        puchMsg
  X:0A09H         SYMBOL        usDataLen
  -------         DO            
  D:0005H         SYMBOL        uchCRCHi
  D:0007H         SYMBOL        uchCRCLo
  D:0002H         SYMBOL        uIndex
  -------         ENDDO         
  C:28D9H         LINE#         131
  C:28E7H         LINE#         132
  C:28E7H         LINE#         133
  C:28E9H         LINE#         134
  C:28EBH         LINE#         136
  C:28F9H         LINE#         137
  C:28F9H         LINE#         138
  C:290AH         LINE#         139
  C:2917H         LINE#         140
  C:2924H         LINE#         141
  C:2926H         LINE#         142
  C:292AH         LINE#         143
  -------         ENDPROC       _CRC16
  -------         PROC          BEGINSEND
  C:2EEEH         LINE#         144
  C:2EEEH         LINE#         145
  C:2EEEH         LINE#         147
  C:2EFCH         LINE#         149
  C:2F01H         LINE#         150
  -------         ENDPROC       BEGINSEND
  -------         PROC          READCOILS
  -------         DO            
  X:09F5H         SYMBOL        addr
  X:09F7H         SYMBOL        tempAddr
  X:09F9H         SYMBOL        byteCount
  X:09FBH         SYMBOL        bitCount
[...]
  C:209CH         LINE#         416
  C:20AFH         LINE#         417
  C:20C1H         LINE#         418
  C:20C1H         LINE#         419
  C:20ECH         LINE#         420
  C:20F3H         LINE#         421
  C:20FBH         LINE#         422
  C:2103H         LINE#         423
  C:2107H         LINE#         424
  C:2114H         LINE#         425
  C:2117H         LINE#         426
  C:211AH         LINE#         427
  C:211AH         LINE#         428
  C:2121H         LINE#         429
  C:2126H         LINE#         430
  C:2129H         LINE#         431
BL51 BANKED LINKER/LOCATER V6.22.2.0                                                  03/30/2018  13:36:05  PAGE 40


  C:212FH         LINE#         432
  -------         ENDPROC       PRESETMULTIPLEREGISTERS
  -------         PROC          CHECKCOMM0MODBUS
  -------         DO            
  X:09EFH         SYMBOL        crcData
  X:09F1H         SYMBOL        tempData
  X:09F3H         SYMBOL        temp
  -------         ENDDO         
  C:063AH         LINE#         437
  C:063AH         LINE#         438
  C:063AH         LINE#         442
  C:0647H         LINE#         443
  C:0647H         LINE#         444
  C:066AH         LINE#         445
  C:066AH         LINE#         446
  C:066AH         LINE#         447
  C:066AH         LINE#         449
  C:0673H         LINE#         450
  C:0673H         LINE#         451
  C:0675H         LINE#         452
  C:0681H         LINE#         453
  C:0681H         LINE#         454
  C:0695H         LINE#         455
  C:06A2H         LINE#         456
  C:06B5H         LINE#         457
  C:06C1H         LINE#         458
  C:06C1H         LINE#         459
  C:06C4H         LINE#         460
  C:06C4H         LINE#         461
  C:06C9H         LINE#         462
  C:06C9H         LINE#         463
  C:06CBH         LINE#         464
  C:06CBH         LINE#         465
  C:06CCH         LINE#         466
  C:06CCH         LINE#         467
  C:06CCH         LINE#         468
  C:06CCH         LINE#         469
  C:06D8H         LINE#         470
  C:06D8H         LINE#         471
  C:06DAH         LINE#         472
  C:06E6H         LINE#         473
  C:06E6H         LINE#         474
  C:06FAH         LINE#         475
  C:0707H         LINE#         476
  C:071AH         LINE#         477
  C:0726H         LINE#         478
  C:0726H         LINE#         479
  C:0729H         LINE#         480
  C:0729H         LINE#         481
  C:072EH         LINE#         482
  C:072EH         LINE#         483
  C:0730H         LINE#         484
  C:0730H         LINE#         485
  C:0731H         LINE#         486
  C:0731H         LINE#         488
  C:0731H         LINE#         489
  C:0731H         LINE#         490
BL51 BANKED LINKER/LOCATER V6.22.2.0                                                  03/30/2018  13:36:05  PAGE 41


  C:073DH         LINE#         491
  C:073DH         LINE#         492
  C:073FH         LINE#         493
  C:074BH         LINE#         494
  C:074BH         LINE#         495
  C:075FH         LINE#         496
  C:076CH         LINE#         497
  C:077FH         LINE#         498
  C:078BH         LINE#         499
  C:078BH         LINE#         500
  C:078EH         LINE#         501
  C:078EH         LINE#         502
  C:0793H         LINE#         503
  C:0793H         LINE#         504
  C:0795H         LINE#         505
  C:0795H         LINE#         506
  C:0796H         LINE#         507
  C:0796H         LINE#         508
  C:0796H         LINE#         509
  C:0796H         LINE#         510
  C:07A2H         LINE#         511
  C:07A2H         LINE#         512
  C:07A4H         LINE#         513
  C:07B0H         LINE#         514
  C:07B0H         LINE#         515
  C:07C4H         LINE#         516
  C:07D1H         LINE#         517
  C:07E4H         LINE#         518
  C:07F0H         LINE#         519
  C:07F0H         LINE#         520
  C:07F3H         LINE#         521
  C:07F3H         LINE#         522
  C:07F8H         LINE#         523
  C:07F8H         LINE#         524
  C:07FAH         LINE#         525
  C:07FAH         LINE#         526
  C:07FBH         LINE#         527
  C:07FBH         LINE#         528
  C:07FBH         LINE#         529
  C:07FBH         LINE#         530
  C:0807H         LINE#         531
  C:0807H         LINE#         532
  C:0809H         LINE#         533
  C:0815H         LINE#         534
  C:0815H         LINE#         535
  C:0829H         LINE#         536
  C:0836H         LINE#         537
  C:0849H         LINE#         538
  C:0855H         LINE#         539
  C:0855H         LINE#         540
  C:0858H         LINE#         541
  C:0858H         LINE#         542
  C:085DH         LINE#         543
  C:085DH         LINE#         544
  C:085FH         LINE#         545
  C:085FH         LINE#         546
  C:0860H         LINE#         547
BL51 BANKED LINKER/LOCATER V6.22.2.0                                                  03/30/2018  13:36:05  PAGE 42


  C:0860H         LINE#         548
  C:0860H         LINE#         549
  C:0860H         LINE#         550
  C:086CH         LINE#         551
  C:086CH         LINE#         552
  C:086EH         LINE#         553
  C:087AH         LINE#         554
  C:087AH         LINE#         555
  C:088EH         LINE#         556
  C:089BH         LINE#         557
  C:08AEH         LINE#         558
  C:08BAH         LINE#         559
  C:08BAH         LINE#         560
  C:08BDH         LINE#         562
  C:08BDH         LINE#         563
  C:08C2H         LINE#         564
  C:08C2H         LINE#         565
  C:08C4H         LINE#         566
  C:08C4H         LINE#         567
  C:08C5H         LINE#         568
  C:08C5H         LINE#         569
  C:08C5H         LINE#         570
  C:08C5H         LINE#         571
  C:08C7H         LINE#         572
  C:08D4H         LINE#         573
  C:08DEH         LINE#         574
  C:08F1H         LINE#         575
  C:08F1H         LINE#         576
  C:08FDH         LINE#         577
  C:08FDH         LINE#         578
  C:091EH         LINE#         579
  C:094AH         LINE#         580
  C:094AH         LINE#         581
  C:094DH         LINE#         583
  C:094DH         LINE#         584
  C:094DH         LINE#         585
  C:0952H         LINE#         586
  C:0952H         LINE#         587
  C:0954H         LINE#         588
  C:0955H         LINE#         589
  C:0955H         LINE#         590
  C:0955H         LINE#         591
  C:0955H         LINE#         592
  C:0957H         LINE#         593
  C:096CH         LINE#         594
  C:0976H         LINE#         595
  C:097DH         LINE#         596
  C:0990H         LINE#         597
  C:0990H         LINE#         598
  C:099CH         LINE#         599
  C:099CH         LINE#         600
  C:09BBH         LINE#         601
  C:09D4H         LINE#         602
  C:09F4H         LINE#         603
  C:0A00H         LINE#         604
  C:0A00H         LINE#         605
  C:0A03H         LINE#         607
BL51 BANKED LINKER/LOCATER V6.22.2.0                                                  03/30/2018  13:36:05  PAGE 43


  C:0A03H         LINE#         608
  C:0A03H         LINE#         609
  C:0A08H         LINE#         610
  C:0A08H         LINE#         611
  C:0A0AH         LINE#         612
  C:0A0AH         LINE#         613
  C:0A0AH         LINE#         614
  C:0A0AH         LINE#         615
  C:0A0AH         LINE#         616
  C:0A0AH         LINE#         617
  -------         ENDPROC       CHECKCOMM0MODBUS
  -------         ENDMOD        SLAVEMODBUS

  -------         MODULE        MAINAPP
  C:0000H         SYMBOL        _ICE_DUMMY_
  C:2F43H         PUBLIC        _ModbusSlaveTask
  C:2C4EH         PUBLIC        main
  X:04E1H         PUBLIC        StartTimerSem
  X:04E4H         PUBLIC        TaskStk
  X:0564H         PUBLIC        StartShotSem
  X:0567H         PUBLIC        URcvOkSem
  X:056AH         PUBLIC        TestTaskStk
  X:05EAH         PUBLIC        Task1Stk
  X:066AH         PUBLIC        Task2Stk
  X:06EAH         PUBLIC        Task3Stk
  X:076AH         PUBLIC        Task4Stk
  -------         PROC          MAIN
  C:2C4EH         LINE#         22
  C:2C4EH         LINE#         23
  C:2C4EH         LINE#         24
  C:2C51H         LINE#         25
  C:2C54H         LINE#         26
  C:2C57H         LINE#         27
  C:2C5CH         LINE#         28
  C:2C67H         LINE#         29
  C:2C8DH         LINE#         35
  C:2C90H         LINE#         36
  -------         ENDPROC       MAIN
  -------         PROC          _MODBUSSLAVETASK
  X:0000H         SYMBOL        yydata
  C:2F43H         LINE#         39
  C:2F43H         LINE#         40
  C:2F43H         LINE#         41
  C:2F43H         LINE#         42
  C:2F43H         LINE#         43
  C:2F43H         LINE#         44
  C:2F46H         LINE#         45
  C:2F4DH         LINE#         46
  -------         ENDPROC       _MODBUSSLAVETASK
  -------         ENDMOD        MAINAPP

  -------         MODULE        INITCONFIG
  C:0000H         SYMBOL        _ICE_DUMMY_
  D:00FFH         PUBLIC        WDTCN
  D:00D4H         PUBLIC        DAC0CN
  D:00D7H         PUBLIC        DAC1CN
  D:00A4H         PUBLIC        P0MDOUT
BL51 BANKED LINKER/LOCATER V6.22.2.0                                                  03/30/2018  13:36:05  PAGE 44


  D:00A5H         PUBLIC        P1MDOUT
  D:00A7H         PUBLIC        P3MDOUT
  C:2F02H         PUBLIC        Port_IO_Init
  C:2EA8H         PUBLIC        Oscillator_Init
  D:00E1H         PUBLIC        XBR0
  D:00E2H         PUBLIC        XBR1
  D:00E3H         PUBLIC        XBR2
  D:00D1H         PUBLIC        REF0CN
  C:2FA8H         PUBLIC        UART_Init
  C:2F95H         PUBLIC        DAC_Init
  D:00B2H         PUBLIC        OSCICN
  C:2FACH         PUBLIC        Voltage_Reference_Init
  C:2F8EH         PUBLIC        Reset_Sources_Init
  C:2ED9H         PUBLIC        Init_Device
  D:00B1H         PUBLIC        OSCXCN
  D:0098H         PUBLIC        SCON0
  C:2FB4H         PUBLIC        Timer_Init
  -------         PROC          RESET_SOURCES_INIT
  C:2F8EH         LINE#         5
  C:2F8EH         LINE#         6
  C:2F8EH         LINE#         7
  C:2F91H         LINE#         8
  C:2F94H         LINE#         9
  -------         ENDPROC       RESET_SOURCES_INIT
  -------         PROC          TIMER_INIT
  C:2FB4H         LINE#         11
  C:2FB4H         LINE#         12
  C:2FB4H         LINE#         23
  -------         ENDPROC       TIMER_INIT
  -------         PROC          UART_INIT
  C:2FA8H         LINE#         25
  C:2FA8H         LINE#         26
  C:2FA8H         LINE#         27
  C:2FABH         LINE#         28
  -------         ENDPROC       UART_INIT
  -------         PROC          DAC_INIT
  C:2F95H         LINE#         30
  C:2F95H         LINE#         31
  C:2F95H         LINE#         32
  C:2F98H         LINE#         33
  C:2F9BH         LINE#         34
  -------         ENDPROC       DAC_INIT
  -------         PROC          VOLTAGE_REFERENCE_INIT
  C:2FACH         LINE#         36
  C:2FACH         LINE#         37
  C:2FACH         LINE#         38
  C:2FAFH         LINE#         39
  -------         ENDPROC       VOLTAGE_REFERENCE_INIT
  -------         PROC          PORT_IO_INIT
  C:2F02H         LINE#         41
  C:2F02H         LINE#         42
  C:2F02H         LINE#         43
  C:2F05H         LINE#         44
  C:2F08H         LINE#         45
  C:2F0BH         LINE#         46
  C:2F0EH         LINE#         47
  C:2F11H         LINE#         48
BL51 BANKED LINKER/LOCATER V6.22.2.0                                                  03/30/2018  13:36:05  PAGE 45


  C:2F14H         LINE#         49
  -------         ENDPROC       PORT_IO_INIT
  -------         PROC          OSCILLATOR_INIT
  -------         DO            
  D:0006H         SYMBOL        i
  -------         ENDDO         
  C:2EA8H         LINE#         51
  C:2EA8H         LINE#         52
  C:2EA8H         LINE#         53
  C:2EABH         LINE#         54
  C:2EAEH         LINE#         55
  C:2EB9H         LINE#         56
  C:2EBEH         LINE#         57
  C:2EC1H         LINE#         58
  -------         ENDPROC       OSCILLATOR_INIT
  -------         PROC          INIT_DEVICE
  C:2ED9H         LINE#         62
  C:2ED9H         LINE#         63
  C:2ED9H         LINE#         64
  C:2EDCH         LINE#         65
  C:2EDFH         LINE#         66
  C:2EE2H         LINE#         67
  C:2EE5H         LINE#         68
  C:2EE8H         LINE#         69
  C:2EEBH         LINE#         70
  -------         ENDPROC       INIT_DEVICE
  -------         ENDMOD        INITCONFIG

  -------         MODULE        ?C?COPY
  C:00F6H         PUBLIC        ?C?COPY
  -------         ENDMOD        ?C?COPY

  -------         MODULE        ?C?CLDPTR
  C:011CH         PUBLIC        ?C?CLDPTR
  -------         ENDMOD        ?C?CLDPTR

  -------         MODULE        ?C?CLDOPTR
  C:0135H         PUBLIC        ?C?CLDOPTR
  -------         ENDMOD        ?C?CLDOPTR

  -------         MODULE        ?C?CSTPTR
  C:0162H         PUBLIC        ?C?CSTPTR
  -------         ENDMOD        ?C?CSTPTR

  -------         MODULE        ?C?CSTOPTR
  C:0174H         PUBLIC        ?C?CSTOPTR
  -------         ENDMOD        ?C?CSTOPTR

  -------         MODULE        ?C?IMUL
  C:0196H         PUBLIC        ?C?IMUL
  -------         ENDMOD        ?C?IMUL

  -------         MODULE        ?C?IILDX
  C:01A8H         PUBLIC        ?C?IILDX
  -------         ENDMOD        ?C?IILDX

  -------         MODULE        ?C?ILDIX
BL51 BANKED LINKER/LOCATER V6.22.2.0                                                  03/30/2018  13:36:05  PAGE 46


  C:01BEH         PUBLIC        ?C?ILDIX
  -------         ENDMOD        ?C?ILDIX

  -------         MODULE        ?C?ILDOPTR
  C:01D4H         PUBLIC        ?C?ILDOPTR
  -------         ENDMOD        ?C?ILDOPTR

  -------         MODULE        ?C?IILDOPTR
  C:020CH         PUBLIC        ?C?IILDOPTR
  -------         ENDMOD        ?C?IILDOPTR

  -------         MODULE        ?C?ISTPTR
  C:0259H         PUBLIC        ?C?ISTPTR
  -------         ENDMOD        ?C?ISTPTR

  -------         MODULE        ?C?ISTOPTR
  C:0278H         PUBLIC        ?C?ISTOPTR
  -------         ENDMOD        ?C?ISTOPTR

  -------         MODULE        ?C?LADD
  C:02A5H         PUBLIC        ?C?LADD
  -------         ENDMOD        ?C?LADD

  -------         MODULE        ?C?LMUL
  C:02B2H         PUBLIC        ?C?LMUL
  -------         ENDMOD        ?C?LMUL

  -------         MODULE        ?C?ULDIV
  C:033DH         PUBLIC        ?C?ULDIV
  -------         ENDMOD        ?C?ULDIV

  -------         MODULE        ?C?SLDIV
  C:2C93H         PUBLIC        ?C?SLDIV
  -------         ENDMOD        ?C?SLDIV

  -------         MODULE        ?C?SLCMP
  C:03CFH         PUBLIC        ?C?SLCMP
  -------         ENDMOD        ?C?SLCMP

  -------         MODULE        ?C?ULCMP
  C:03E5H         PUBLIC        ?C?ULCMP
  -------         ENDMOD        ?C?ULCMP

  -------         MODULE        ?C?ULSHR
  C:03F6H         PUBLIC        ?C?ULSHR
  -------         ENDMOD        ?C?ULSHR

  -------         MODULE        ?C?LLDXDATA
  C:0409H         PUBLIC        ?C?LLDXDATA
  -------         ENDMOD        ?C?LLDXDATA

  -------         MODULE        ?C?LLDXDATA0
  C:0415H         PUBLIC        ?C?LLDXDATA0
  -------         ENDMOD        ?C?LLDXDATA0

  -------         MODULE        ?C?LSTXDATA
  C:0421H         PUBLIC        ?C?LSTXDATA
BL51 BANKED LINKER/LOCATER V6.22.2.0                                                  03/30/2018  13:36:05  PAGE 47


  -------         ENDMOD        ?C?LSTXDATA

  -------         MODULE        ?C?LSTKXDATA
  C:042DH         PUBLIC        ?C?LSTKXDATA
  -------         ENDMOD        ?C?LSTKXDATA

  -------         MODULE        ?C?OFFXADD
  C:045EH         PUBLIC        ?C?OFFXADD
  -------         ENDMOD        ?C?OFFXADD

  -------         MODULE        ?C?PLDIDATA
  C:046AH         PUBLIC        ?C?PLDIDATA
  -------         ENDMOD        ?C?PLDIDATA

  -------         MODULE        ?C?PSTIDATA
  C:0473H         PUBLIC        ?C?PSTIDATA
  -------         ENDMOD        ?C?PSTIDATA

  -------         MODULE        ?C?PLDXDATA
  C:047CH         PUBLIC        ?C?PLDXDATA
  -------         ENDMOD        ?C?PLDXDATA

  -------         MODULE        ?C?PLDIXDATA
  C:0485H         PUBLIC        ?C?PLDIXDATA
  -------         ENDMOD        ?C?PLDIXDATA

  -------         MODULE        ?C?PSTXDATA
  C:049CH         PUBLIC        ?C?PSTXDATA
  -------         ENDMOD        ?C?PSTXDATA

  -------         MODULE        ?C?PLDPTR
  C:04A5H         PUBLIC        ?C?PLDPTR
  -------         ENDMOD        ?C?PLDPTR

  -------         MODULE        ?C?PSTPTR
  C:04C5H         PUBLIC        ?C?PSTPTR
  -------         ENDMOD        ?C?PSTPTR

  -------         MODULE        ?C?PLDOPTR
  C:0514H         PUBLIC        ?C?PLDOPTR
  -------         ENDMOD        ?C?PLDOPTR

  -------         MODULE        ?C?PSTOPTR
  C:0544H         PUBLIC        ?C?PSTOPTR
  -------         ENDMOD        ?C?PSTOPTR

  -------         MODULE        ?C?CCASE
  C:059DH         PUBLIC        ?C?CCASE
  -------         ENDMOD        ?C?CCASE

  -------         MODULE        ?C?LIMUL
  C:05C3H         PUBLIC        ?C?LIMUL
  -------         ENDMOD        ?C?LIMUL

  -------         MODULE        ?C?MEMSET
  C:05F0H         PUBLIC        ?C?MEMSET
  -------         ENDMOD        ?C?MEMSET
BL51 BANKED LINKER/LOCATER V6.22.2.0                                                  03/30/2018  13:36:05  PAGE 48



  -------         MODULE        ?C?PLDPDATA
  C:061CH         PUBLIC        ?C?PLDPDATA
  -------         ENDMOD        ?C?PLDPDATA

  -------         MODULE        ?C?PSTPDATA
  C:0625H         PUBLIC        ?C?PSTPDATA
  -------         ENDMOD        ?C?PSTPDATA

  -------         MODULE        ?C?PLDCODE
  C:062EH         PUBLIC        ?C?PLDCODE
  -------         ENDMOD        ?C?PLDCODE



FUNCTION REGISTER MASKS


FUNCTION . . . . . . . . . REG MASK
-----------------------------------

DAC_INIT . . . . . . . . . @0x8000
INITMODBUSTIMER. . . . . . @0xe303
INITOSTIMER. . . . . . . . @0xe00c
INIT_DEVICE. . . . . . . . @0xf003
MODBUSSERIALRXHANDLE . . . @0xf300
MODBUSSERIALTXHANDLE . . . @0x8000
MODBUSTIMERHANDLE. . . . . @0xa300
OSCILLATOR_INIT. . . . . . @0xf003
OSINTENTER . . . . . . . . @0xe300
OSSCHEDLOCK. . . . . . . . @0xf380
OSTASKSTATHOOK . . . . . . @0x8000
OSTASKSWHOOK . . . . . . . @0x8000
OSTIMEGET. . . . . . . . . @0xff8f
OSTIMETICKHOOK . . . . . . @0x8000
OSVERSION. . . . . . . . . @0x8003
PORT_IO_INIT . . . . . . . @0x8000
RESET_SOURCES_INIT . . . . @0x8000
TIMER_INIT . . . . . . . . @0x8000
UART_INIT. . . . . . . . . @0x8000
VOLTAGE_REFERENCE_INIT . . @0x8000
_GETCOILVAL. . . . . . . . @0xf703
_GETREGISTERVAL. . . . . . @0xe303
_MODBUSSERIALSENDBUFFER. . @0xf371
_OSEVENTTASKRDY. . . . . . @0xf7ff
_OSEVENTTASKWAIT . . . . . @0xf7f3
_OSEVENTTO . . . . . . . . @0xf7f3
_OSEVENTWAITLISTINIT . . . @0xf3f9
_OSMBOXACCEPT. . . . . . . @0xfff0
_OSMBOXCREATE. . . . . . . @0xfff9
_OSMBOXQUERY . . . . . . . @0xfff3
_OSSEMACCEPT . . . . . . . @0xf783
_OSSEMCREATE . . . . . . . @0xfff9
_OSSEMQUERY. . . . . . . . @0xfff3
_OSTASKCREATEHOOK. . . . . @0x8000
_OSTASKIDLE. . . . . . . . @0xff8f
_OSTASKSTKINIT . . . . . . @0xfff1
BL51 BANKED LINKER/LOCATER V6.22.2.0                                                  03/30/2018  13:36:05  PAGE 49


_OSTCBINIT . . . . . . . . @0xfff7
_OSTIMESET . . . . . . . . @0xff8f
_SETCOILVAL. . . . . . . . @0xe303
_SETMODBUSSLAVEADDR. . . . @0xa300
_SETREGISTERVAL. . . . . . @0xe303

Program Size: data=18.0 xdata=2695 code=12213
LINK/LOCATE RUN COMPLETE.  0 WARNING(S),  0 ERROR(S)
