C51 COMPILER V9.57.0.0   MAINAPP                                                           05/05/2018 23:56:37 PAGE 1   


C51 COMPILER V9.57.0.0, COMPILATION OF MODULE MAINAPP
OBJECT MODULE PLACED IN .\Objects\MainApp.obj
COMPILER INVOKED BY: C:\Keil_v5\C51\BIN\C51.EXE Source\MainApp.c LARGE OPTIMIZE(8,SPEED) BROWSE INCDIR(.\Source) DEBUG O
                    -BJECTEXTEND PRINT(.\Listings\MainApp.lst) OBJECT(.\Objects\MainApp.obj)

line level    source

   1          #include "MainApp.h"
   2          /*****************************************************************************/
   3          //TIMER0 ->Laser Pulse
   4          //TIMER1 ->UART0/1 Buadrate
   5          //TIMER2 ->Modbus Slave TIMER
   6          //TIMER3 ->HW I2C
   7          //TIMER4 ->SoftPLC HWTIMER
   8          /*****************************************************************************/
   9          
  10          /*****************************************************************************/
  11          void main(void)
  12          {
  13   1              uint8_t st;
  14   1              Init_Device();//初始化MCU
  15   1              SoftPlc_Init(&softPlc);
  16   1              //setModbusSlaveAddr(CONFIG_LOCAL_ADDRESS);//设置从机地址
  17   1              //InitModbusHardware(CONFIG_UART0_BAUDRATE);//初始化MODBUS从机串口
  18   1              /**********************************************************************/
  19   1              EA = 1;
  20   1              st = 0;
  21   1              while(1)
  22   1              {
  23   2                      startTimer(&softPlc.T_1000ms[4], 10);
  24   2                      if(softPlc.T_1000ms[4].output)
  25   2                      {
  26   3                              st = 1;
  27   3                      }
  28   2              }               
  29   1      }
  30          
  31          


MODULE INFORMATION:   STATIC OVERLAYABLE
   CODE SIZE        =     46    ----
   CONSTANT SIZE    =   ----    ----
   XDATA SIZE       =   ----       1
   PDATA SIZE       =   ----    ----
   DATA SIZE        =   ----    ----
   IDATA SIZE       =   ----    ----
   BIT SIZE         =   ----    ----
END OF MODULE INFORMATION.


C51 COMPILATION COMPLETE.  0 WARNING(S),  0 ERROR(S)
