C51 COMPILER V9.57.0.0   MODBUSAPP                                                         05/07/2018 22:16:17 PAGE 1   


C51 COMPILER V9.57.0.0, COMPILATION OF MODULE MODBUSAPP
OBJECT MODULE PLACED IN .\Objects\modbusApp.obj
COMPILER INVOKED BY: C:\Keil_v5\C51\BIN\C51.EXE Source\Modbus\modbusApp.c LARGE OPTIMIZE(8,SPEED) BROWSE INCDIR(.\Source
                    -\Lib;.\Source\Driver;.\Source\Modbus;.\Source\MainApp) DEBUG OBJECTEXTEND PRINT(.\Listings\modbusApp.lst) OBJECT(.\Objec
                    -ts\modbusApp.obj)

line level    source

   1          #include "modbusApp.h"
   2          /*****************************************************************************/
   3          /*****************************************************************************/
   4          uint16_t getCoilVal(uint16_t addr, uint16_t *tempData)
   5          {//取线圈状态 返回0表示成功
   6   1              *tempData = 0;
   7   1              switch(addr)
   8   1              {
   9   2      
  10   2                      default:break;
  11   2              } 
  12   1              return  0;
  13   1      }
  14          uint16_t setCoilVal(uint16_t addr, uint16_t tempData)
  15          {//设定线圈状态 返回0表示成功
  16   1              switch(addr)
  17   1              {
  18   2      
  19   2                      default: break;  
  20   2              } 
  21   1              return 0;
  22   1      }
*** WARNING C280 IN LINE 14 OF Source\Modbus\modbusApp.c: 'tempData': unreferenced local variable
  23                  
  24          uint16_t getRegisterVal(uint16_t addr, uint16_t *tempData)
  25          {
  26   1              switch(addr)                                                             
  27   1              {
  28   2                      default: break;  
  29   2              }
  30   1              return 0;
  31   1      }
*** WARNING C280 IN LINE 24 OF Source\Modbus\modbusApp.c: 'tempData': unreferenced local variable
  32          
  33          
  34          uint16_t setRegisterVal(uint16_t addr, uint16_t tempData)
  35          {
  36   1      
  37   1              switch(addr)
  38   1              {
  39   2                      default:break;
  40   2              }
  41   1              return 0;
  42   1      }
*** WARNING C280 IN LINE 34 OF Source\Modbus\modbusApp.c: 'tempData': unreferenced local variable


MODULE INFORMATION:   STATIC OVERLAYABLE
   CODE SIZE        =     49    ----
   CONSTANT SIZE    =   ----    ----
   XDATA SIZE       =   ----       7
   PDATA SIZE       =   ----    ----
   DATA SIZE        =   ----    ----
C51 COMPILER V9.57.0.0   MODBUSAPP                                                         05/07/2018 22:16:17 PAGE 2   

   IDATA SIZE       =   ----    ----
   BIT SIZE         =   ----    ----
END OF MODULE INFORMATION.


C51 COMPILATION COMPLETE.  3 WARNING(S),  0 ERROR(S)
